Precompiling ClimaAtmos...
    ClimaAtmos Being precompiled by another machine (hostname: hpdar07c04s12, pid: 147757, pidfile: /dss/dsstbyfs02/scratch/0D/di38kez/julia-depots/terrabyte-cpu/compiled/v1.11/ClimaAtmos/4EXdy_nHqaE.ji.pidfile)
  55515.5 ms  ✓ ClimaAtmos
  1 dependency successfully precompiled in 64 seconds. 277 already precompiled.
┌ Info: Making AtmosConfig with config files: 
└    /dss/dsshome1/0D/di38kez/git/Clima/ClimaAtmosResiDyn-wedmf5c/src/config/../../config/default_configs/default_config.yml
┌ Info: numerics 
│               `energy_q_tot_upwinding`::`Val{:vanleer_limiter}`
│                     `tracer_upwinding`::`Val{:vanleer_limiter}`
│            `edmfx_mse_q_tot_upwinding`::`Val{:first_order}`
│              `edmfx_sgsflux_upwinding`::`Val{:none}`
│               `edmfx_tracer_upwinding`::`Val{:first_order}`
│              `test_dycore_consistency`::`Nothing`
│                 `reproducible_restart`::`Nothing`
│                              `limiter`::`Nothing`
│                            `diff_mode`::`ClimaAtmos.Implicit`
│                            `hyperdiff`::`ClimaAtmos.Hyperdiffusion{Float64}`
└     `vertical_water_borrowing_species`::`Nothing`
┌ Info: AtmosModel: 
│ 
│                             `water`::`ClimaAtmos.AtmosWater{ClimaAtmos.NonEquilibriumMicrophysics1M{CloudMicrophysics.Parameters.Microphysics1MOptions{CloudMicrophysics.Parameters.CloudLiquidFormation, CloudMicrophysics.Parameters.PrescribedIceNumber, CloudMicrophysics.Parameters.CloudIceMelt, CloudMicrophysics.Parameters.HomogeneousAndHeterogeneous, CloudMicrophysics.Parameters.Kessler1M, CloudMicrophysics.Parameters.NoSupersaturation, CloudMicrophysics.Parameters.RainEvaporation, CloudMicrophysics.Parameters.DepositionAndSublimation, CloudMicrophysics.Parameters.SnowMelt, CloudMicrophysics.Parameters.CloudLiquidRainAccretion, CloudMicrophysics.Parameters.CloudLiquidSnowAccretion, CloudMicrophysics.Parameters.CloudIceRainAccretion, CloudMicrophysics.Parameters.CloudIceSnowAccretion, CloudMicrophysics.Parameters.RainSnowAccretion}}, ClimaAtmos.QuadratureCloud, ClimaAtmos.Explicit, Nothing, ClimaAtmos.SGSQuadrature{3, StaticArraysCore.SVector{3, Float64}, StaticArraysCore.SVector{3, Float64}, ClimaAtmos.GaussianSGS, Float64}, ClimaAtmos.DiagnosticTerminalVelocity, ClimaAtmos.FixedTerminalVelocity, ClimaAtmos.DiagnosticTerminalVelocity, ClimaAtmos.FixedTerminalVelocity}`
│                         `scm_setup`::`ClimaAtmos.SCMSetup{ClimaAtmos.LargeScaleSubsidence{ClimaAtmos.Setups.var"#27#28"{Float64}}, Nothing, Nothing, Bool, @NamedTuple{prof_ug::Returns{Float64}, prof_vg::Returns{Float64}, coriolis_param::Float64}}`
│                         `radiation`::`ClimaAtmos.AtmosRadiation{ClimaAtmos.RadiationDYCOMS{Float64}, ClimaAtmos.IdealizedInsolation, Tuple{}, Tuple{}}`
│                          `turbconv`::`ClimaAtmos.AtmosTurbconv{ClimaAtmos.EDMFXModel{ClimaAtmos.InvZEntrainment, ClimaAtmos.BuoyancyVelocityDetrainment, Val{false}, Val{false}, ClimaAtmos.SmoothMinimumBlending}, ClimaAtmos.PrognosticEDMFX{1, true, Float64}, Nothing, Nothing, Nothing}`
│                   `prescribed_flow`::`Nothing`
│                      `gravity_wave`::`ClimaAtmos.AtmosGravityWave{Nothing, Nothing}`
│                `vertical_diffusion`::`Nothing`
│                            `sponge`::`ClimaAtmos.AtmosSponge{Nothing, Nothing}`
│                           `surface`::`ClimaAtmos.AtmosSurface{ClimaAtmos.SurfaceConditions.MoninObukhov{Float64, ClimaAtmos.SurfaceConditions.HeatFluxes{Float64, Float64}, Float64}, ClimaAtmos.SurfaceConditions.AnalyticTemperature{Returns{Float64}}, ClimaAtmos.SurfaceConditions.SurfaceBoundaryOverrides{Float64, Float64, Nothing, Nothing, Nothing, Nothing}, ClimaAtmos.ConstantAlbedo{Float64}}`
│                          `numerics`::`ClimaAtmos.AtmosNumerics{Val{:vanleer_limiter}, Val{:vanleer_limiter}, Val{:first_order}, Val{:none}, Val{:first_order}, Nothing, Nothing, Nothing, ClimaAtmos.Implicit, ClimaAtmos.Hyperdiffusion{Float64}, Nothing}`
│                         `chemistry`::`ClimaAtmos.AtmosChem{Nothing}`
│                           `tagging`::`ClimaAtmos.AtmosTagging{Nothing, ClimaAtmos.WaterTaggingModel{Tuple{ClimaAtmos.WaterTag{:tropo, ClimaAtmos.TanhAltitudeRegion{Float64}, Tuple{}}, ClimaAtmos.WaterTag{:strat, ClimaAtmos.TanhAltitudeRegion{Float64}, Tuple{}}, ClimaAtmos.WaterTag{:evap, Nothing, Tuple{Symbol}}}, false, ClimaAtmos.TracerWaterTagTransport}, Nothing, Nothing, Nothing}`
└                              `cosp`::`Nothing`
┌ Info: Microphysics settings: 
│                        `n_substeps`::`3`
│                   `n_substeps_quad`::`2`
│            `cloud_liquid_formation`::`CloudLiquidFormation`
│               `cloud_ice_formation`::`PrescribedIceNumber`
│                    `cloud_ice_melt`::`CloudIceMelt`
│             `cloud_liquid_freezing`::`HomogeneousAndHeterogeneous`
│               `rain_autoconversion`::`Kessler1M`
│               `snow_autoconversion`::`NoSupersaturation`
│     `rain_condensation_evaporation`::`RainEvaporation`
│       `snow_deposition_sublimation`::`DepositionAndSublimation`
│                         `snow_melt`::`SnowMelt`
│       `cloud_liquid_rain_accretion`::`CloudLiquidRainAccretion`
│       `cloud_liquid_snow_accretion`::`CloudLiquidSnowAccretion`
│          `cloud_ice_rain_accretion`::`CloudIceRainAccretion`
│          `cloud_ice_snow_accretion`::`CloudIceSnowAccretion`
└               `rain_snow_accretion`::`RainSnowAccretion`
[ Info: Single-process ClimaAtmos run on CPUSingleThreaded
[ Info: Using ODE config: `ClimaTimeSteppers.ARS222`
[ Info: Initialized state (89.382 μs, 5.46 KiB)
[ Info: Built cache (179.563 s, 29.76 GiB)
[ Info: Assembled callbacks (456.956 ms, 30.83 MiB)
┌ Info: Jacobian algorithm: ManualSparseJacobian(
│   approximate_solve_iters = 2,
└ )
[ Info: Jacobian derivative flags: topography_flag = IgnoreDerivative, diffusion_flag = UseDerivative, water_tag_cross_flag = UseDerivative
[ Info: Built tendency function (491.398 s, 20.25 GiB)
[ Info: Initialized integrator (138.844 s, 10.63 GiB)
[ Info: Set up diagnostics (29.251 s, 295.31 MiB)
┌ Info: Simulation info
│   job_id = "wp5b_cc_default_tracer_n1"
└   output_dir = "/dss/dsstbyfs02/scratch/0D/di38kez/claude_work/g3/wp5c/probe/wp5b_cc_default_tracer_n1/output_0000"
┌ Info: solving
│   run = "wp5b_cc_default_tracer_n1"
└   commit = "?"
┌ Info: Running
│   job_id = "wp5b_cc_default_tracer_n1"
│   output_dir = "/dss/dsstbyfs02/scratch/0D/di38kez/claude_work/g3/wp5c/probe/wp5b_cc_default_tracer_n1/output_0000"
└   tspan = (0.0 seconds (2010-01-01T00:00:00) [counter = 0, period = 1 second, epoch = 2010-01-01T00:00:00], 3600.0 seconds (2010-01-01T01:00:00) [counter = 3600, period = 1 second, epoch = 2010-01-01T00:00:00])
┌ Info: Progress
│   simulation_time = "2 minutes"
│   n_steps_completed = 1
│   wall_time_per_step = "0 seconds"
│   wall_time_total = "0 seconds"
│   wall_time_remaining = "0 seconds"
│   wall_time_spent = "0 seconds"
│   percent_complete = "3.3%"
│   estimated_sypd = "Inf"
│   instantaneous_sypd = "0.0 (sdpd_estimate = 0.0)"
│   date_now = 2026-09-24T16:49:53.781
└   estimated_finish_date = 2026-09-24T16:49:53.781
┌ Info: Progress
│   simulation_time = "4 minutes"
│   n_steps_completed = 2
│   wall_time_per_step = "0 seconds"
│   wall_time_total = "0 seconds"
│   wall_time_remaining = "0 seconds"
│   wall_time_spent = "0 seconds"
│   percent_complete = "6.7%"
│   estimated_sypd = "Inf"
│   instantaneous_sypd = "0.091"
│   date_now = 2026-09-24T16:49:57.295
└   estimated_finish_date = 2026-09-24T16:49:57.295
┌ Info: Progress
│   simulation_time = "8 minutes"
│   n_steps_completed = 4
│   wall_time_per_step = "8 milliseconds, 572 microseconds"
│   wall_time_total = "257 milliseconds, 173 microseconds"
│   wall_time_remaining = "222 milliseconds, 883 microseconds"
│   wall_time_spent = "34 milliseconds, 289 microseconds"
│   percent_complete = "13.3%"
│   estimated_sypd = "38.325"
│   instantaneous_sypd = "38.325"
│   date_now = 2026-09-24T16:49:57.516
└   estimated_finish_date = 2026-09-24T16:49:58.516
┌ Warning: water tag closure residual 0.0001352038858684945 exceeds the configured tolerance 1.0e-10 at t = 600.0 s. The tags no longer account for the field they partition; see /dss/dsstbyfs02/scratch/0D/di38kez/claude_work/g3/wp5c/probe/wp5b_cc_default_tracer_n1/output_0000/water_tag_closure.csv.
└ @ ClimaAtmos ~/git/Clima/ClimaAtmosResiDyn-wedmf5c/src/parameterized_tendencies/tagged_tracers/tagged_tracers.jl:822
┌ Info: Progress
│   simulation_time = "14 minutes"
│   n_steps_completed = 7
│   wall_time_per_step = "39 milliseconds, 948 microseconds"
│   wall_time_total = "1 second, 198 milliseconds"
│   wall_time_remaining = "918 milliseconds, 806 microseconds"
│   wall_time_spent = "279 milliseconds, 636 microseconds"
│   percent_complete = "23.3%"
│   estimated_sypd = "8.224"
│   instantaneous_sypd = "4.017"
│   date_now = 2026-09-24T16:49:57.618
└   estimated_finish_date = 2026-09-24T16:49:58.618
┌ Info: Progress
│   simulation_time = "16 minutes"
│   n_steps_completed = 8
│   wall_time_per_step = "43 milliseconds, 602 microseconds"
│   wall_time_total = "1 second, 308 milliseconds"
│   wall_time_remaining = "959 milliseconds, 249 microseconds"
│   wall_time_spent = "348 milliseconds, 817 microseconds"
│   percent_complete = "26.7%"
│   estimated_sypd = "7.535"
│   instantaneous_sypd = "4.749"
│   date_now = 2026-09-24T16:49:57.627
└   estimated_finish_date = 2026-09-24T16:49:58.627
┌ Warning: water tag closure residual 0.0012816704537585702 exceeds the configured tolerance 1.0e-10 at t = 1200.0 s. The tags no longer account for the field they partition; see /dss/dsstbyfs02/scratch/0D/di38kez/claude_work/g3/wp5c/probe/wp5b_cc_default_tracer_n1/output_0000/water_tag_closure.csv.
└ @ ClimaAtmos ~/git/Clima/ClimaAtmosResiDyn-wedmf5c/src/parameterized_tendencies/tagged_tracers/tagged_tracers.jl:822
┌ Info: Progress
│   simulation_time = "22 minutes"
│   n_steps_completed = 11
│   wall_time_per_step = "34 milliseconds, 51 microseconds"
│   wall_time_total = "1 second, 21 milliseconds"
│   wall_time_remaining = "646 milliseconds, 977 microseconds"
│   wall_time_spent = "374 milliseconds, 565 microseconds"
│   percent_complete = "36.7%"
│   estimated_sypd = "9.648"
│   instantaneous_sypd = "38.28"
│   date_now = 2026-09-24T16:49:57.653
└   estimated_finish_date = 2026-09-24T16:49:58.653
┌ Info: Progress
│   simulation_time = "28 minutes"
│   n_steps_completed = 14
│   wall_time_per_step = "28 milliseconds, 542 microseconds"
│   wall_time_total = "856 milliseconds, 261 microseconds"
│   wall_time_remaining = "456 milliseconds, 672 microseconds"
│   wall_time_spent = "399 milliseconds, 588 microseconds"
│   percent_complete = "46.7%"
│   estimated_sypd = "11.511"
│   instantaneous_sypd = "39.389"
│   date_now = 2026-09-24T16:49:57.678
└   estimated_finish_date = 2026-09-24T16:49:58.678
┌ Warning: water tag closure residual 0.0026342486748356063 exceeds the configured tolerance 1.0e-10 at t = 1800.0 s. The tags no longer account for the field they partition; see /dss/dsstbyfs02/scratch/0D/di38kez/claude_work/g3/wp5c/probe/wp5b_cc_default_tracer_n1/output_0000/water_tag_closure.csv.
└ @ ClimaAtmos ~/git/Clima/ClimaAtmosResiDyn-wedmf5c/src/parameterized_tendencies/tagged_tracers/tagged_tracers.jl:822
┌ Info: Progress
│   simulation_time = "32 minutes"
│   n_steps_completed = 16
│   wall_time_per_step = "26 milliseconds, 55 microseconds"
│   wall_time_total = "781 milliseconds, 666 microseconds"
│   wall_time_remaining = "364 milliseconds, 777 microseconds"
│   wall_time_spent = "416 milliseconds, 888 microseconds"
│   percent_complete = "53.3%"
│   estimated_sypd = "12.609"
│   instantaneous_sypd = "37.981"
│   date_now = 2026-09-24T16:49:57.695
└   estimated_finish_date = 2026-09-24T16:49:58.695
┌ Info: Progress
│   simulation_time = "38 minutes"
│   n_steps_completed = 19
│   wall_time_per_step = "23 milliseconds, 233 microseconds"
│   wall_time_total = "696 milliseconds, 991 microseconds"
│   wall_time_remaining = "255 milliseconds, 563 microseconds"
│   wall_time_spent = "441 milliseconds, 427 microseconds"
│   percent_complete = "63.3%"
│   estimated_sypd = "14.141"
│   instantaneous_sypd = "40.166"
│   date_now = 2026-09-24T16:49:57.720
└   estimated_finish_date = 2026-09-24T16:49:58.720
┌ Warning: water tag closure residual 0.003518107005307568 exceeds the configured tolerance 1.0e-10 at t = 2400.0 s. The tags no longer account for the field they partition; see /dss/dsstbyfs02/scratch/0D/di38kez/claude_work/g3/wp5c/probe/wp5b_cc_default_tracer_n1/output_0000/water_tag_closure.csv.
└ @ ClimaAtmos ~/git/Clima/ClimaAtmosResiDyn-wedmf5c/src/parameterized_tendencies/tagged_tracers/tagged_tracers.jl:822
┌ Info: Progress
│   simulation_time = "44 minutes"
│   n_steps_completed = 22
│   wall_time_per_step = "21 milliseconds, 207 microseconds"
│   wall_time_total = "636 milliseconds, 237 microseconds"
│   wall_time_remaining = "169 milliseconds, 663 microseconds"
│   wall_time_spent = "466 milliseconds, 573 microseconds"
│   percent_complete = "73.3%"
│   estimated_sypd = "15.491"
│   instantaneous_sypd = "39.196"
│   date_now = 2026-09-24T16:49:57.745
└   estimated_finish_date = 2026-09-24T16:49:58.745
┌ Warning: water tag closure residual 0.004660493105479984 exceeds the configured tolerance 1.0e-10 at t = 3000.0 s. The tags no longer account for the field they partition; see /dss/dsstbyfs02/scratch/0D/di38kez/claude_work/g3/wp5c/probe/wp5b_cc_default_tracer_n1/output_0000/water_tag_closure.csv.
└ @ ClimaAtmos ~/git/Clima/ClimaAtmosResiDyn-wedmf5c/src/parameterized_tendencies/tagged_tracers/tagged_tracers.jl:822
┌ Info: Progress
│   simulation_time = "50 minutes"
│   n_steps_completed = 25
│   wall_time_per_step = "19 milliseconds, 670 microseconds"
│   wall_time_total = "590 milliseconds, 121 microseconds"
│   wall_time_remaining = "98 milliseconds, 353 microseconds"
│   wall_time_spent = "491 milliseconds, 767 microseconds"
│   percent_complete = "83.3%"
│   estimated_sypd = "16.702"
│   instantaneous_sypd = "39.122"
│   date_now = 2026-09-24T16:49:57.770
└   estimated_finish_date = 2026-09-24T16:49:58.770
┌ Info: Progress
│   simulation_time = "56 minutes"
│   n_steps_completed = 28
│   wall_time_per_step = "18 milliseconds, 466 microseconds"
│   wall_time_total = "554 milliseconds, 310 nanoseconds"
│   wall_time_remaining = "36 milliseconds, 933 microseconds"
│   wall_time_spent = "517 milliseconds, 66 microseconds"
│   percent_complete = "93.3%"
│   estimated_sypd = "17.791"
│   instantaneous_sypd = "38.959"
│   date_now = 2026-09-24T16:49:57.796
└   estimated_finish_date = 2026-09-24T16:49:58.796
┌ Warning: water tag closure residual 0.006804968576513204 exceeds the configured tolerance 1.0e-10 at t = 3600.0 s. The tags no longer account for the field they partition; see /dss/dsstbyfs02/scratch/0D/di38kez/claude_work/g3/wp5c/probe/wp5b_cc_default_tracer_n1/output_0000/water_tag_closure.csv.
└ @ ClimaAtmos ~/git/Clima/ClimaAtmosResiDyn-wedmf5c/src/parameterized_tendencies/tagged_tracers/tagged_tracers.jl:822
[ Info: solve! walltime = 0.547
[ Info: sypd: 18.031
[ Info: wall_time_per_timestep: 18 milliseconds, 233 microseconds
[ Info: Memory currently used (after solve!) by the process (RSS): 11.27 GiB
┌ Info: finished
│   run = "wp5b_cc_default_tracer_n1"
└   result.ret_code = :success

real	33m14.561s
user	31m45.825s
sys	0m26.949s
