Precompiling ClimaAtmos...
    ClimaAtmos Being precompiled by another machine (hostname: hpdar03c05s07, pid: 69080, pidfile: /dss/dsstbyfs02/scratch/0D/di38kez/julia-depots/terrabyte-cpu/compiled/v1.11/ClimaAtmos/4EXdy_nHqaE.ji.pidfile)
  41510.6 ms  ✓ ClimaAtmos
  1 dependency successfully precompiled in 58 seconds. 277 already precompiled.
┌ Info: Making AtmosConfig with config files: 
└    /dss/dsshome1/0D/di38kez/git/Clima/ClimaAtmosResiDyn-wedmf5c/src/config/../../config/default_configs/default_config.yml
┌ Info: numerics 
│               `energy_q_tot_upwinding`::`Val{:vanleer_limiter}`
│                     `tracer_upwinding`::`Val{:vanleer_limiter}`
│            `edmfx_mse_q_tot_upwinding`::`Val{:first_order}`
│              `edmfx_sgsflux_upwinding`::`Val{:none}`
│               `edmfx_tracer_upwinding`::`Val{:first_order}`
│              `test_dycore_consistency`::`Nothing`
│                 `reproducible_restart`::`Nothing`
│                              `limiter`::`Nothing`
│                            `diff_mode`::`ClimaAtmos.Implicit`
│                            `hyperdiff`::`ClimaAtmos.Hyperdiffusion{Float64}`
└     `vertical_water_borrowing_species`::`Nothing`
┌ Info: AtmosModel: 
│ 
│                             `water`::`ClimaAtmos.AtmosWater{ClimaAtmos.NonEquilibriumMicrophysics1M{CloudMicrophysics.Parameters.Microphysics1MOptions{CloudMicrophysics.Parameters.CloudLiquidFormation, CloudMicrophysics.Parameters.PrescribedIceNumber, CloudMicrophysics.Parameters.CloudIceMelt, CloudMicrophysics.Parameters.HomogeneousAndHeterogeneous, CloudMicrophysics.Parameters.Kessler1M, CloudMicrophysics.Parameters.NoSupersaturation, CloudMicrophysics.Parameters.RainEvaporation, CloudMicrophysics.Parameters.DepositionAndSublimation, CloudMicrophysics.Parameters.SnowMelt, CloudMicrophysics.Parameters.CloudLiquidRainAccretion, CloudMicrophysics.Parameters.CloudLiquidSnowAccretion, CloudMicrophysics.Parameters.CloudIceRainAccretion, CloudMicrophysics.Parameters.CloudIceSnowAccretion, CloudMicrophysics.Parameters.RainSnowAccretion}}, ClimaAtmos.QuadratureCloud, ClimaAtmos.Explicit, Nothing, ClimaAtmos.SGSQuadrature{3, StaticArraysCore.SVector{3, Float64}, StaticArraysCore.SVector{3, Float64}, ClimaAtmos.GaussianSGS, Float64}, ClimaAtmos.DiagnosticTerminalVelocity, ClimaAtmos.FixedTerminalVelocity, ClimaAtmos.DiagnosticTerminalVelocity, ClimaAtmos.FixedTerminalVelocity}`
│                         `scm_setup`::`ClimaAtmos.SCMSetup{ClimaAtmos.LargeScaleSubsidence{ClimaAtmos.Setups.var"#27#28"{Float64}}, Nothing, Nothing, Bool, @NamedTuple{prof_ug::Returns{Float64}, prof_vg::Returns{Float64}, coriolis_param::Float64}}`
│                         `radiation`::`ClimaAtmos.AtmosRadiation{ClimaAtmos.RadiationDYCOMS{Float64}, ClimaAtmos.IdealizedInsolation, Tuple{}, Tuple{}}`
│                          `turbconv`::`ClimaAtmos.AtmosTurbconv{ClimaAtmos.EDMFXModel{ClimaAtmos.InvZEntrainment, ClimaAtmos.BuoyancyVelocityDetrainment, Val{false}, Val{false}, ClimaAtmos.SmoothMinimumBlending}, ClimaAtmos.PrognosticEDMFX{1, true, Float64}, Nothing, Nothing, Nothing}`
│                   `prescribed_flow`::`Nothing`
│                      `gravity_wave`::`ClimaAtmos.AtmosGravityWave{Nothing, Nothing}`
│                `vertical_diffusion`::`Nothing`
│                            `sponge`::`ClimaAtmos.AtmosSponge{Nothing, Nothing}`
│                           `surface`::`ClimaAtmos.AtmosSurface{ClimaAtmos.SurfaceConditions.MoninObukhov{Float64, ClimaAtmos.SurfaceConditions.HeatFluxes{Float64, Float64}, Float64}, ClimaAtmos.SurfaceConditions.AnalyticTemperature{Returns{Float64}}, ClimaAtmos.SurfaceConditions.SurfaceBoundaryOverrides{Float64, Float64, Nothing, Nothing, Nothing, Nothing}, ClimaAtmos.ConstantAlbedo{Float64}}`
│                          `numerics`::`ClimaAtmos.AtmosNumerics{Val{:vanleer_limiter}, Val{:vanleer_limiter}, Val{:first_order}, Val{:none}, Val{:first_order}, Nothing, Nothing, Nothing, ClimaAtmos.Implicit, ClimaAtmos.Hyperdiffusion{Float64}, Nothing}`
│                         `chemistry`::`ClimaAtmos.AtmosChem{Nothing}`
│                           `tagging`::`ClimaAtmos.AtmosTagging{Nothing, ClimaAtmos.WaterTaggingModel{Tuple{ClimaAtmos.WaterTag{:tropo, ClimaAtmos.TanhAltitudeRegion{Float64}, Tuple{}}, ClimaAtmos.WaterTag{:strat, ClimaAtmos.TanhAltitudeRegion{Float64}, Tuple{}}, ClimaAtmos.WaterTag{:evap, Nothing, Tuple{Symbol}}}, true, ClimaAtmos.IncrementWaterTagTransport}, Nothing, Nothing, Nothing}`
└                              `cosp`::`Nothing`
┌ Info: Microphysics settings: 
│                        `n_substeps`::`3`
│                   `n_substeps_quad`::`2`
│            `cloud_liquid_formation`::`CloudLiquidFormation`
│               `cloud_ice_formation`::`PrescribedIceNumber`
│                    `cloud_ice_melt`::`CloudIceMelt`
│             `cloud_liquid_freezing`::`HomogeneousAndHeterogeneous`
│               `rain_autoconversion`::`Kessler1M`
│               `snow_autoconversion`::`NoSupersaturation`
│     `rain_condensation_evaporation`::`RainEvaporation`
│       `snow_deposition_sublimation`::`DepositionAndSublimation`
│                         `snow_melt`::`SnowMelt`
│       `cloud_liquid_rain_accretion`::`CloudLiquidRainAccretion`
│       `cloud_liquid_snow_accretion`::`CloudLiquidSnowAccretion`
│          `cloud_ice_rain_accretion`::`CloudIceRainAccretion`
│          `cloud_ice_snow_accretion`::`CloudIceSnowAccretion`
└               `rain_snow_accretion`::`RainSnowAccretion`
[ Info: Single-process ClimaAtmos run on CPUSingleThreaded
[ Info: Using ODE config: `ClimaTimeSteppers.ARS222`
[ Info: Initialized state (95.552 μs, 6.65 KiB)
[ Info: Built cache (162.728 s, 30.54 GiB)
[ Info: Assembled callbacks (429.343 ms, 30.82 MiB)
┌ Info: Jacobian algorithm: ManualSparseJacobian(
│   approximate_solve_iters = 2,
└ )
[ Info: Jacobian derivative flags: topography_flag = IgnoreDerivative, diffusion_flag = UseDerivative, water_tag_cross_flag = UseDerivative
[ Info: Built tendency function (822.187 s, 33.84 GiB)
[ Info: Initialized integrator (110.29 s, 9.32 GiB)
[ Info: Set up diagnostics (28.534 s, 295.64 MiB)
┌ Info: Simulation info
│   job_id = "wp5b_cc_copies_increment_n1"
└   output_dir = "/dss/dsstbyfs02/scratch/0D/di38kez/claude_work/g3/wp5c/probe/wp5b_cc_copies_increment_n1/output_0001"
┌ Info: solving
│   run = "wp5b_cc_copies_increment_n1"
└   commit = "?"
┌ Info: Running
│   job_id = "wp5b_cc_copies_increment_n1"
│   output_dir = "/dss/dsstbyfs02/scratch/0D/di38kez/claude_work/g3/wp5c/probe/wp5b_cc_copies_increment_n1/output_0001"
└   tspan = (0.0 seconds (2010-01-01T00:00:00) [counter = 0, period = 1 second, epoch = 2010-01-01T00:00:00], 3600.0 seconds (2010-01-01T01:00:00) [counter = 3600, period = 1 second, epoch = 2010-01-01T00:00:00])
┌ Info: Progress
│   simulation_time = "2 minutes"
│   n_steps_completed = 1
│   wall_time_per_step = "0 seconds"
│   wall_time_total = "0 seconds"
│   wall_time_remaining = "0 seconds"
│   wall_time_spent = "0 seconds"
│   percent_complete = "3.3%"
│   estimated_sypd = "Inf"
│   instantaneous_sypd = "0.0 (sdpd_estimate = 0.0)"
│   date_now = 2026-09-24T17:31:19.098
└   estimated_finish_date = 2026-09-24T17:31:19.098
┌ Info: Progress
│   simulation_time = "4 minutes"
│   n_steps_completed = 2
│   wall_time_per_step = "0 seconds"
│   wall_time_total = "0 seconds"
│   wall_time_remaining = "0 seconds"
│   wall_time_spent = "0 seconds"
│   percent_complete = "6.7%"
│   estimated_sypd = "Inf"
│   instantaneous_sypd = "0.061"
│   date_now = 2026-09-24T17:31:24.390
└   estimated_finish_date = 2026-09-24T17:31:24.390
┌ Info: Progress
│   simulation_time = "8 minutes"
│   n_steps_completed = 4
│   wall_time_per_step = "11 milliseconds, 362 microseconds"
│   wall_time_total = "340 milliseconds, 873 microseconds"
│   wall_time_remaining = "295 milliseconds, 423 microseconds"
│   wall_time_spent = "45 milliseconds, 449 microseconds"
│   percent_complete = "13.3%"
│   estimated_sypd = "28.915"
│   instantaneous_sypd = "28.915"
│   date_now = 2026-09-24T17:31:24.625
└   estimated_finish_date = 2026-09-24T17:31:25.625
┌ Info: Progress
│   simulation_time = "14 minutes"
│   n_steps_completed = 7
│   wall_time_per_step = "41 milliseconds, 957 microseconds"
│   wall_time_total = "1 second, 258 milliseconds"
│   wall_time_remaining = "965 milliseconds, 17 microseconds"
│   wall_time_spent = "293 milliseconds, 700 microseconds"
│   percent_complete = "23.3%"
│   estimated_sypd = "7.83"
│   instantaneous_sypd = "3.97"
│   date_now = 2026-09-24T17:31:24.721
└   estimated_finish_date = 2026-09-24T17:31:25.721
┌ Info: Progress
│   simulation_time = "16 minutes"
│   n_steps_completed = 8
│   wall_time_per_step = "45 milliseconds, 645 microseconds"
│   wall_time_total = "1 second, 369 milliseconds"
│   wall_time_remaining = "1 second, 4 milliseconds"
│   wall_time_spent = "365 milliseconds, 160 microseconds"
│   percent_complete = "26.7%"
│   estimated_sypd = "7.198"
│   instantaneous_sypd = "4.598"
│   date_now = 2026-09-24T17:31:24.732
└   estimated_finish_date = 2026-09-24T17:31:26.732
┌ Info: Progress
│   simulation_time = "22 minutes"
│   n_steps_completed = 11
│   wall_time_per_step = "36 milliseconds, 107 microseconds"
│   wall_time_total = "1 second, 83 milliseconds"
│   wall_time_remaining = "686 milliseconds, 44 microseconds"
│   wall_time_spent = "397 milliseconds, 183 microseconds"
│   percent_complete = "36.7%"
│   estimated_sypd = "9.099"
│   instantaneous_sypd = "30.779"
│   date_now = 2026-09-24T17:31:24.764
└   estimated_finish_date = 2026-09-24T17:31:25.764
┌ Info: Progress
│   simulation_time = "28 minutes"
│   n_steps_completed = 14
│   wall_time_per_step = "30 milliseconds, 545 microseconds"
│   wall_time_total = "916 milliseconds, 366 microseconds"
│   wall_time_remaining = "488 milliseconds, 728 microseconds"
│   wall_time_spent = "427 milliseconds, 637 microseconds"
│   percent_complete = "46.7%"
│   estimated_sypd = "10.756"
│   instantaneous_sypd = "32.365"
│   date_now = 2026-09-24T17:31:24.795
└   estimated_finish_date = 2026-09-24T17:31:25.795
┌ Warning: water tag closure residual 7.002692527506722e-10 exceeds the configured tolerance 1.0e-10 at t = 1800.0 s. The tags no longer account for the field they partition; see /dss/dsstbyfs02/scratch/0D/di38kez/claude_work/g3/wp5c/probe/wp5b_cc_copies_increment_n1/output_0001/water_tag_closure.csv.
└ @ ClimaAtmos ~/git/Clima/ClimaAtmosResiDyn-wedmf5c/src/parameterized_tendencies/tagged_tracers/tagged_tracers.jl:822
┌ Info: Progress
│   simulation_time = "32 minutes"
│   n_steps_completed = 16
│   wall_time_per_step = "29 milliseconds, 108 microseconds"
│   wall_time_total = "873 milliseconds, 253 microseconds"
│   wall_time_remaining = "407 milliseconds, 518 microseconds"
│   wall_time_spent = "465 milliseconds, 734 microseconds"
│   percent_complete = "53.3%"
│   estimated_sypd = "11.287"
│   instantaneous_sypd = "17.248"
│   date_now = 2026-09-24T17:31:24.833
└   estimated_finish_date = 2026-09-24T17:31:25.833
┌ Info: Progress
│   simulation_time = "38 minutes"
│   n_steps_completed = 19
│   wall_time_per_step = "26 milliseconds, 229 microseconds"
│   wall_time_total = "786 milliseconds, 888 microseconds"
│   wall_time_remaining = "288 milliseconds, 525 microseconds"
│   wall_time_spent = "498 milliseconds, 363 microseconds"
│   percent_complete = "63.3%"
│   estimated_sypd = "12.526"
│   instantaneous_sypd = "30.208"
│   date_now = 2026-09-24T17:31:24.866
└   estimated_finish_date = 2026-09-24T17:31:25.866
┌ Warning: water tag closure residual 2.590092049570284e-9 exceeds the configured tolerance 1.0e-10 at t = 2400.0 s. The tags no longer account for the field they partition; see /dss/dsstbyfs02/scratch/0D/di38kez/claude_work/g3/wp5c/probe/wp5b_cc_copies_increment_n1/output_0001/water_tag_closure.csv.
└ @ ClimaAtmos ~/git/Clima/ClimaAtmosResiDyn-wedmf5c/src/parameterized_tendencies/tagged_tracers/tagged_tracers.jl:822
┌ Info: Progress
│   simulation_time = "44 minutes"
│   n_steps_completed = 22
│   wall_time_per_step = "24 milliseconds, 132 microseconds"
│   wall_time_total = "723 milliseconds, 975 microseconds"
│   wall_time_remaining = "193 milliseconds, 60 microseconds"
│   wall_time_spent = "530 milliseconds, 915 microseconds"
│   percent_complete = "73.3%"
│   estimated_sypd = "13.614"
│   instantaneous_sypd = "30.279"
│   date_now = 2026-09-24T17:31:24.898
└   estimated_finish_date = 2026-09-24T17:31:25.898
┌ Warning: water tag closure residual 2.1547020405249474e-8 exceeds the configured tolerance 1.0e-10 at t = 3000.0 s. The tags no longer account for the field they partition; see /dss/dsstbyfs02/scratch/0D/di38kez/claude_work/g3/wp5c/probe/wp5b_cc_copies_increment_n1/output_0001/water_tag_closure.csv.
└ @ ClimaAtmos ~/git/Clima/ClimaAtmosResiDyn-wedmf5c/src/parameterized_tendencies/tagged_tracers/tagged_tracers.jl:822
┌ Info: Progress
│   simulation_time = "50 minutes"
│   n_steps_completed = 25
│   wall_time_per_step = "22 milliseconds, 553 microseconds"
│   wall_time_total = "676 milliseconds, 601 microseconds"
│   wall_time_remaining = "112 milliseconds, 766 microseconds"
│   wall_time_spent = "563 milliseconds, 834 microseconds"
│   percent_complete = "83.3%"
│   estimated_sypd = "14.567"
│   instantaneous_sypd = "29.94"
│   date_now = 2026-09-24T17:31:24.931
└   estimated_finish_date = 2026-09-24T17:31:25.931
┌ Info: Progress
│   simulation_time = "56 minutes"
│   n_steps_completed = 28
│   wall_time_per_step = "21 milliseconds, 313 microseconds"
│   wall_time_total = "639 milliseconds, 391 microseconds"
│   wall_time_remaining = "42 milliseconds, 626 microseconds"
│   wall_time_spent = "596 milliseconds, 765 microseconds"
│   percent_complete = "93.3%"
│   estimated_sypd = "15.415"
│   instantaneous_sypd = "29.931"
│   date_now = 2026-09-24T17:31:24.964
└   estimated_finish_date = 2026-09-24T17:31:25.964
┌ Warning: water tag closure residual 5.3999588850270276e-8 exceeds the configured tolerance 1.0e-10 at t = 3600.0 s. The tags no longer account for the field they partition; see /dss/dsstbyfs02/scratch/0D/di38kez/claude_work/g3/wp5c/probe/wp5b_cc_copies_increment_n1/output_0001/water_tag_closure.csv.
└ @ ClimaAtmos ~/git/Clima/ClimaAtmosResiDyn-wedmf5c/src/parameterized_tendencies/tagged_tracers/tagged_tracers.jl:822
[ Info: solve! walltime = 0.672
[ Info: sypd: 14.667
[ Info: wall_time_per_timestep: 22 milliseconds, 415 microseconds
[ Info: Memory currently used (after solve!) by the process (RSS): 13.96 GiB
┌ Info: finished
│   run = "wp5b_cc_copies_increment_n1"
└   result.ret_code = :success

real	37m52.284s
user	36m23.171s
sys	0m32.470s
