┌ Info: Making AtmosConfig with config files: 
│    /dss/dsshome1/0D/di38kez/git/Clima/ClimaAtmosResiDyn-c2-val/src/config/../../config/default_configs/default_config.yml
└    /dss/dsshome1/0D/di38kez/git/Clima/ClimaAtmosResiDyn-c2-val/experiments/tag_closure/configs/v5_c5_restarted.yml
┌ Info: numerics 
│        `energy_q_tot_upwinding`::`Val{:vanleer_limiter}`
│              `tracer_upwinding`::`Val{:vanleer_limiter}`
│     `edmfx_mse_q_tot_upwinding`::`Val{:first_order}`
│       `edmfx_sgsflux_upwinding`::`Val{:none}`
│        `edmfx_tracer_upwinding`::`Val{:first_order}`
│       `test_dycore_consistency`::`Nothing`
│          `reproducible_restart`::`ClimaAtmos.ReproducibleRestart`
│                       `limiter`::`Nothing`
│                     `diff_mode`::`ClimaAtmos.Explicit`
└                     `hyperdiff`::`ClimaAtmos.Hyperdiffusion{Float64}`
┌ Warning: `energy_source_tags` tag `new_strat` lists `precipitation`, which cannot contribute to a source tag. It is the sedimentation of precipitating species, which moves energy between levels rather than adding it. Where water sediments, the tags follow it as transport instead, so nothing is credited to `precipitation`. The `energy_tracers` family does attribute it. Under 0-moment microphysics, rain leaves through `microphysics` instead. Note `moist` and `all` both expand to include `precipitation`.
└ @ ClimaAtmos ~/git/Clima/ClimaAtmosResiDyn-c2-val/src/config/tracer_config.jl:617
┌ Warning: `energy_source_tags` tag `new_tropo` lists `precipitation`, which cannot contribute to a source tag. It is the sedimentation of precipitating species, which moves energy between levels rather than adding it. Where water sediments, the tags follow it as transport instead, so nothing is credited to `precipitation`. The `energy_tracers` family does attribute it. Under 0-moment microphysics, rain leaves through `microphysics` instead. Note `moist` and `all` both expand to include `precipitation`.
└ @ ClimaAtmos ~/git/Clima/ClimaAtmosResiDyn-c2-val/src/config/tracer_config.jl:617
┌ Info: AtmosModel: 
│ 
│                             `water`::`ClimaAtmos.AtmosWater{ClimaAtmos.EquilibriumMicrophysics0M, ClimaAtmos.QuadratureCloud, ClimaAtmos.Implicit, Nothing, ClimaAtmos.SGSQuadrature{3, StaticArraysCore.SVector{3, Float64}, StaticArraysCore.SVector{3, Float64}, ClimaAtmos.GaussianSGS, Float64}, ClimaAtmos.FixedTerminalVelocity, ClimaAtmos.FixedTerminalVelocity, ClimaAtmos.DiagnosticTerminalVelocity, ClimaAtmos.FixedTerminalVelocity}`
│                         `scm_setup`::`ClimaAtmos.SCMSetup{ClimaAtmos.LargeScaleSubsidence{ClimaAtmos.Setups.var"#25#26"{Float64}}, Nothing, Nothing, Bool, @NamedTuple{prof_ug::Returns{Float64}, prof_vg::Returns{Float64}, coriolis_param::Float64}}`
│                         `radiation`::`ClimaAtmos.AtmosRadiation{ClimaAtmos.RadiationDYCOMS{Float64}, ClimaAtmos.IdealizedInsolation}`
│                          `turbconv`::`ClimaAtmos.AtmosTurbconv{ClimaAtmos.EDMFXModel{ClimaAtmos.InvZEntrainment, ClimaAtmos.BuoyancyVelocityDetrainment, Val{false}, Val{false}, Val{false}, Val{false}, Val{false}, Val{false}, Val{false}, ClimaAtmos.SmoothMinimumBlending}, Nothing, Nothing, Nothing, Nothing}`
│                   `prescribed_flow`::`Nothing`
│                      `gravity_wave`::`ClimaAtmos.AtmosGravityWave{Nothing, Nothing}`
│                `vertical_diffusion`::`Nothing`
│                            `sponge`::`ClimaAtmos.AtmosSponge{Nothing, Nothing}`
│                           `surface`::`ClimaAtmos.AtmosSurface{ClimaAtmos.SurfaceConditions.MoninObukhov{Float64, ClimaAtmos.SurfaceConditions.HeatFluxes{Float64, Float64}, Float64}, ClimaAtmos.SurfaceConditions.AnalyticTemperature{Returns{Float64}}, ClimaAtmos.SurfaceConditions.SurfaceBoundaryOverrides{Float64, Float64, Nothing, Nothing, Nothing, Nothing}, ClimaAtmos.ConstantAlbedo{Float64}}`
│                          `numerics`::`ClimaAtmos.AtmosNumerics{Val{:vanleer_limiter}, Val{:vanleer_limiter}, Val{:first_order}, Val{:none}, Val{:first_order}, Nothing, ClimaAtmos.ReproducibleRestart, Nothing, ClimaAtmos.Explicit, ClimaAtmos.Hyperdiffusion{Float64}}`
│                         `chemistry`::`ClimaAtmos.AtmosChem{Nothing}`
│                           `tagging`::`ClimaAtmos.AtmosTagging{Nothing, Nothing, ClimaAtmos.EnergySourceTaggingModel{Tuple{ClimaAtmos.EnergySourceTag{:strat, ClimaAtmos.TanhAltitudeRegion{Float64}, Tuple{}}, ClimaAtmos.EnergySourceTag{:tropo, ClimaAtmos.TanhAltitudeRegion{Float64}, Tuple{}}, ClimaAtmos.EnergySourceTag{:rad, Nothing, Tuple{Symbol}}, ClimaAtmos.EnergySourceTag{:sfc, Nothing, Tuple{Symbol}}, ClimaAtmos.EnergySourceTag{:new_strat, ClimaAtmos.TanhAltitudeRegion{Float64}, NTuple{8, Symbol}}, ClimaAtmos.EnergySourceTag{:new_tropo, ClimaAtmos.TanhAltitudeRegion{Float64}, NTuple{8, Symbol}}}, Float64, ClimaAtmos.TracerEnergySourceTransport}, ClimaAtmos.ProcessRecordModel{Tuple{ClimaAtmos.RecordedProcess{:radiation}, ClimaAtmos.RecordedProcess{:surface_flux}}}, Nothing}`
└                              `cosp`::`Nothing`
┌ Warning: `subsidence` changes `ρe_tot` in this run, and no `energy_source_tags` tag follows it. Its production goes to the region tags that list `all`, and to no process tag, so the new energy split by process misses it. Add a tag with `source: subsidence` to follow it.
└ @ ClimaAtmos ~/git/Clima/ClimaAtmosResiDyn-c2-val/src/config/tracer_config.jl:716
┌ Warning: `microphysics` changes `ρe_tot` in this run, and no `energy_source_tags` tag follows it. Its production goes to the region tags that list `all`, and to no process tag, so the new energy split by process misses it. Add a tag with `source: microphysics` to follow it.
└ @ ClimaAtmos ~/git/Clima/ClimaAtmosResiDyn-c2-val/src/config/tracer_config.jl:716
[ Info: Single-process ClimaAtmos run on CPUSingleThreaded
[ Info: Using ODE config: `ClimaTimeSteppers.ARS343`
┌ Info: Restarting simulation from file
│   restart_file = "/dss/dsstbyfs02/scratch/0D/di38kez/tag_closure/output/v5_c5_continuous/output_active/day0.43200.hdf5"
└   restart_time = "12.0 hours (2010-01-01T12:00:00) [counter = 12, period = 1 hour, epoch = 2010-01-01T00:00:00]"
[ Info: Loaded restart file (9.9 s, 298.36 MiB)
[ Info: Built cache (46.196 s, 7.19 GiB)
[ Info: Assembled callbacks (707.458 ms, 42.36 MiB)
┌ Info: Jacobian algorithm: ManualSparseJacobian(
│   approximate_solve_iters = 1,
└ )
[ Info: Jacobian derivative flags: topography_flag = IgnoreDerivative, diffusion_flag = IgnoreDerivative
[ Info: Built tendency function (29.42 s, 1.35 GiB)
[ Info: Initialized integrator (28.552 s, 2.6 GiB)
[ Info: Added 10 user-provided YAML-style diagnostics
[ Info: Set up diagnostics (10.63 s, 362.39 MiB)
[ Info: Initialized 10 total diagnostics
┌ Info: Simulation info
│   job_id = "v5_c5_restarted"
└   output_dir = "output/v5_c5_restarted/output_0000"
┌ Info: Running
│   job_id = "v5_c5_restarted"
│   output_dir = "output/v5_c5_restarted/output_0000"
└   tspan = (43200.0 seconds (2010-01-01T12:00:00) [counter = 43200, period = 1 second, epoch = 2010-01-01T00:00:00], 86400.0 seconds (2010-01-02T00:00:00) [counter = 86400, period = 1 second, epoch = 2010-01-01T00:00:00])
┌ Info: Progress
│   simulation_time = "12 hours, 10 seconds"
│   n_steps_completed = 1
│   wall_time_per_step = "0 seconds"
│   wall_time_total = "0 seconds"
│   wall_time_remaining = "0 seconds"
│   wall_time_spent = "0 seconds"
│   percent_complete = "0.0%"
│   estimated_sypd = "Inf"
│   instantaneous_sypd = "0.0 (sdpd_estimate = 0.0)"
│   date_now = 2026-09-18T16:50:48.126
└   estimated_finish_date = 2026-09-18T16:50:48.126
┌ Info: Progress
│   simulation_time = "12 hours, 20 seconds"
│   n_steps_completed = 2
│   wall_time_per_step = "0 seconds"
│   wall_time_total = "0 seconds"
│   wall_time_remaining = "0 seconds"
│   wall_time_spent = "0 seconds"
│   percent_complete = "0.0%"
│   estimated_sypd = "Inf"
│   instantaneous_sypd = "0.014"
│   date_now = 2026-09-18T16:50:50.019
└   estimated_finish_date = 2026-09-18T16:50:50.019
┌ Info: Progress
│   simulation_time = "12 hours, 40 seconds"
│   n_steps_completed = 4
│   wall_time_per_step = "3 milliseconds, 690 microseconds"
│   wall_time_total = "15 seconds, 942 milliseconds"
│   wall_time_remaining = "15 seconds, 928 milliseconds"
│   wall_time_spent = "14 milliseconds, 761 microseconds"
│   percent_complete = "0.1%"
│   estimated_sypd = "7.419"
│   instantaneous_sypd = "7.419"
│   date_now = 2026-09-18T16:50:50.242
└   estimated_finish_date = 2026-09-18T16:51:06.242
┌ Info: Progress
│   simulation_time = "12 hours, 1 minute"
│   n_steps_completed = 8
│   wall_time_per_step = "30 milliseconds, 206 microseconds"
│   wall_time_total = "2 minutes, 10 seconds"
│   wall_time_remaining = "2 minutes, 10 seconds"
│   wall_time_spent = "241 milliseconds, 648 microseconds"
│   percent_complete = "0.2%"
│   estimated_sypd = "0.906"
│   instantaneous_sypd = "0.483"
│   date_now = 2026-09-18T16:50:50.321
└   estimated_finish_date = 2026-09-18T16:53:01.321
┌ Info: Progress
│   simulation_time = "12 hours, 2 minutes"
│   n_steps_completed = 16
│   wall_time_per_step = "20 milliseconds, 698 microseconds"
│   wall_time_total = "1 minute, 29 seconds"
│   wall_time_remaining = "1 minute, 29 seconds"
│   wall_time_spent = "331 milliseconds, 179 microseconds"
│   percent_complete = "0.4%"
│   estimated_sypd = "1.323"
│   instantaneous_sypd = "2.446"
│   date_now = 2026-09-18T16:50:50.343
└   estimated_finish_date = 2026-09-18T16:52:20.343
┌ Info: Progress
│   simulation_time = "12 hours, 5 minutes"
│   n_steps_completed = 32
│   wall_time_per_step = "11 milliseconds, 511 microseconds"
│   wall_time_total = "49 seconds, 730 milliseconds"
│   wall_time_remaining = "49 seconds, 361 milliseconds"
│   wall_time_spent = "368 milliseconds, 372 microseconds"
│   percent_complete = "0.7%"
│   estimated_sypd = "2.378"
│   instantaneous_sypd = "11.778"
│   date_now = 2026-09-18T16:50:50.380
└   estimated_finish_date = 2026-09-18T16:51:40.380
┌ Info: Progress
│   simulation_time = "12 hours, 10 minutes"
│   n_steps_completed = 64
│   wall_time_per_step = "6 milliseconds, 847 microseconds"
│   wall_time_total = "29 seconds, 579 milliseconds"
│   wall_time_remaining = "29 seconds, 141 milliseconds"
│   wall_time_spent = "438 milliseconds, 213 microseconds"
│   percent_complete = "1.5%"
│   estimated_sypd = "3.999"
│   instantaneous_sypd = "12.544"
│   date_now = 2026-09-18T16:50:50.450
└   estimated_finish_date = 2026-09-18T16:51:20.449
┌ Info: Progress
│   simulation_time = "12 hours, 21 minutes"
│   n_steps_completed = 128
│   wall_time_per_step = "4 milliseconds, 558 microseconds"
│   wall_time_total = "19 seconds, 693 milliseconds"
│   wall_time_remaining = "19 seconds, 110 milliseconds"
│   wall_time_spent = "583 milliseconds, 512 microseconds"
│   percent_complete = "3.0%"
│   estimated_sypd = "6.006"
│   instantaneous_sypd = "12.059"
│   date_now = 2026-09-18T16:50:50.595
└   estimated_finish_date = 2026-09-18T16:51:10.595
┌ Info: Progress
│   simulation_time = "12 hours, 42 minutes"
│   n_steps_completed = 256
│   wall_time_per_step = "3 milliseconds, 403 microseconds"
│   wall_time_total = "14 seconds, 703 milliseconds"
│   wall_time_remaining = "13 seconds, 831 milliseconds"
│   wall_time_spent = "871 milliseconds, 303 microseconds"
│   percent_complete = "5.9%"
│   estimated_sypd = "8.044"
│   instantaneous_sypd = "12.177"
│   date_now = 2026-09-18T16:50:50.883
└   estimated_finish_date = 2026-09-18T16:51:04.883
┌ Info: Progress
│   simulation_time = "13 hours, 18 minutes"
│   n_steps_completed = 473
│   wall_time_per_step = "6 milliseconds, 588 microseconds"
│   wall_time_total = "28 seconds, 461 milliseconds"
│   wall_time_remaining = "25 seconds, 345 milliseconds"
│   wall_time_spent = "3 seconds, 116 milliseconds"
│   percent_complete = "10.9%"
│   estimated_sypd = "4.156"
│   instantaneous_sypd = "2.646"
│   date_now = 2026-09-18T16:50:53.128
└   estimated_finish_date = 2026-09-18T16:51:19.128
┌ Info: Progress
│   simulation_time = "13 hours, 25 minutes"
│   n_steps_completed = 512
│   wall_time_per_step = "6 milliseconds, 247 microseconds"
│   wall_time_total = "26 seconds, 987 milliseconds"
│   wall_time_remaining = "23 seconds, 788 milliseconds"
│   wall_time_spent = "3 seconds, 198 milliseconds"
│   percent_complete = "11.9%"
│   estimated_sypd = "4.383"
│   instantaneous_sypd = "12.986"
│   date_now = 2026-09-18T16:50:53.210
└   estimated_finish_date = 2026-09-18T16:51:17.210
┌ Info: Progress
│   simulation_time = "14 hours, 1 minute"
│   n_steps_completed = 729
│   wall_time_per_step = "5 milliseconds, 50 microseconds"
│   wall_time_total = "21 seconds, 819 milliseconds"
│   wall_time_remaining = "18 seconds, 137 milliseconds"
│   wall_time_spent = "3 seconds, 682 milliseconds"
│   percent_complete = "16.9%"
│   estimated_sypd = "5.421"
│   instantaneous_sypd = "12.286"
│   date_now = 2026-09-18T16:50:53.693
└   estimated_finish_date = 2026-09-18T16:51:12.693
┌ Info: Progress
│   simulation_time = "14 hours, 37 minutes"
│   n_steps_completed = 946
│   wall_time_per_step = "4 milliseconds, 385 microseconds"
│   wall_time_total = "18 seconds, 943 milliseconds"
│   wall_time_remaining = "14 seconds, 795 milliseconds"
│   wall_time_spent = "4 seconds, 148 milliseconds"
│   percent_complete = "21.9%"
│   estimated_sypd = "6.244"
│   instantaneous_sypd = "12.743"
│   date_now = 2026-09-18T16:50:54.160
└   estimated_finish_date = 2026-09-18T16:51:09.160
┌ Info: Progress
│   simulation_time = "14 hours, 50 minutes"
│   n_steps_completed = 1024
│   wall_time_per_step = "4 milliseconds, 281 microseconds"
│   wall_time_total = "18 seconds, 497 milliseconds"
│   wall_time_remaining = "14 seconds, 112 milliseconds"
│   wall_time_spent = "4 seconds, 384 milliseconds"
│   percent_complete = "23.7%"
│   estimated_sypd = "6.394"
│   instantaneous_sypd = "9.041"
│   date_now = 2026-09-18T16:50:54.396
└   estimated_finish_date = 2026-09-18T16:51:09.396
┌ Info: Progress
│   simulation_time = "15 hours, 26 minutes"
│   n_steps_completed = 1241
│   wall_time_per_step = "3 milliseconds, 919 microseconds"
│   wall_time_total = "16 seconds, 932 milliseconds"
│   wall_time_remaining = "12 seconds, 68 milliseconds"
│   wall_time_spent = "4 seconds, 864 milliseconds"
│   percent_complete = "28.7%"
│   estimated_sypd = "6.985"
│   instantaneous_sypd = "12.386"
│   date_now = 2026-09-18T16:50:54.876
└   estimated_finish_date = 2026-09-18T16:51:07.876
┌ Info: Progress
│   simulation_time = "16 hours, 3 minutes"
│   n_steps_completed = 1458
│   wall_time_per_step = "3 milliseconds, 664 microseconds"
│   wall_time_total = "15 seconds, 832 milliseconds"
│   wall_time_remaining = "10 seconds, 488 milliseconds"
│   wall_time_spent = "5 seconds, 343 milliseconds"
│   percent_complete = "33.8%"
│   estimated_sypd = "7.471"
│   instantaneous_sypd = "12.399"
│   date_now = 2026-09-18T16:50:55.355
└   estimated_finish_date = 2026-09-18T16:51:06.355
┌ Info: Progress
│   simulation_time = "16 hours, 39 minutes"
│   n_steps_completed = 1675
│   wall_time_per_step = "3 milliseconds, 487 microseconds"
│   wall_time_total = "15 seconds, 65 milliseconds"
│   wall_time_remaining = "9 seconds, 224 milliseconds"
│   wall_time_spent = "5 seconds, 841 milliseconds"
│   percent_complete = "38.8%"
│   estimated_sypd = "7.851"
│   instantaneous_sypd = "11.931"
│   date_now = 2026-09-18T16:50:55.853
└   estimated_finish_date = 2026-09-18T16:51:05.853
┌ Info: Progress
│   simulation_time = "17 hours, 15 minutes"
│   n_steps_completed = 1892
│   wall_time_per_step = "3 milliseconds, 341 microseconds"
│   wall_time_total = "14 seconds, 437 milliseconds"
│   wall_time_remaining = "8 seconds, 114 milliseconds"
│   wall_time_spent = "6 seconds, 322 milliseconds"
│   percent_complete = "43.8%"
│   estimated_sypd = "8.192"
│   instantaneous_sypd = "12.334"
│   date_now = 2026-09-18T16:50:56.334
└   estimated_finish_date = 2026-09-18T16:51:05.334
┌ Info: Progress
│   simulation_time = "17 hours, 41 minutes"
│   n_steps_completed = 2048
│   wall_time_per_step = "3 milliseconds, 251 microseconds"
│   wall_time_total = "14 seconds, 46 milliseconds"
│   wall_time_remaining = "7 seconds, 387 milliseconds"
│   wall_time_spent = "6 seconds, 659 milliseconds"
│   percent_complete = "47.4%"
│   estimated_sypd = "8.42"
│   instantaneous_sypd = "12.699"
│   date_now = 2026-09-18T16:50:56.671
└   estimated_finish_date = 2026-09-18T16:51:04.671
┌ Info: Progress
│   simulation_time = "18 hours, 17 minutes"
│   n_steps_completed = 2265
│   wall_time_per_step = "3 milliseconds, 163 microseconds"
│   wall_time_total = "13 seconds, 668 milliseconds"
│   wall_time_remaining = "6 seconds, 501 milliseconds"
│   wall_time_spent = "7 seconds, 166 milliseconds"
│   percent_complete = "52.4%"
│   estimated_sypd = "8.653"
│   instantaneous_sypd = "11.718"
│   date_now = 2026-09-18T16:50:57.178
└   estimated_finish_date = 2026-09-18T16:51:04.178
┌ Info: Progress
│   simulation_time = "18 hours, 53 minutes"
│   n_steps_completed = 2482
│   wall_time_per_step = "3 milliseconds, 86 microseconds"
│   wall_time_total = "13 seconds, 334 milliseconds"
│   wall_time_remaining = "5 seconds, 673 milliseconds"
│   wall_time_spent = "7 seconds, 660 milliseconds"
│   percent_complete = "57.5%"
│   estimated_sypd = "8.87"
│   instantaneous_sypd = "12.013"
│   date_now = 2026-09-18T16:50:57.672
└   estimated_finish_date = 2026-09-18T16:51:03.672
┌ Info: Progress
│   simulation_time = "19 hours, 29 minutes"
│   n_steps_completed = 2699
│   wall_time_per_step = "3 milliseconds, 16 microseconds"
│   wall_time_total = "13 seconds, 33 milliseconds"
│   wall_time_remaining = "4 seconds, 890 milliseconds"
│   wall_time_spent = "8 seconds, 142 milliseconds"
│   percent_complete = "62.5%"
│   estimated_sypd = "9.075"
│   instantaneous_sypd = "12.327"
│   date_now = 2026-09-18T16:50:58.154
└   estimated_finish_date = 2026-09-18T16:51:03.154
┌ Info: Progress
│   simulation_time = "20 hours, 6 minutes"
│   n_steps_completed = 2916
│   wall_time_per_step = "2 milliseconds, 965 microseconds"
│   wall_time_total = "12 seconds, 811 milliseconds"
│   wall_time_remaining = "4 seconds, 163 milliseconds"
│   wall_time_spent = "8 seconds, 647 milliseconds"
│   percent_complete = "67.5%"
│   estimated_sypd = "9.232"
│   instantaneous_sypd = "11.764"
│   date_now = 2026-09-18T16:50:58.659
└   estimated_finish_date = 2026-09-18T16:51:03.659
┌ Info: Progress
│   simulation_time = "20 hours, 42 minutes"
│   n_steps_completed = 3133
│   wall_time_per_step = "2 milliseconds, 909 microseconds"
│   wall_time_total = "12 seconds, 569 milliseconds"
│   wall_time_remaining = "3 seconds, 453 milliseconds"
│   wall_time_spent = "9 seconds, 115 milliseconds"
│   percent_complete = "72.5%"
│   estimated_sypd = "9.41"
│   instantaneous_sypd = "12.706"
│   date_now = 2026-09-18T16:50:59.127
└   estimated_finish_date = 2026-09-18T16:51:03.127
┌ Info: Progress
│   simulation_time = "21 hours, 18 minutes"
│   n_steps_completed = 3350
│   wall_time_per_step = "2 milliseconds, 871 microseconds"
│   wall_time_total = "12 seconds, 405 milliseconds"
│   wall_time_remaining = "2 seconds, 785 milliseconds"
│   wall_time_spent = "9 seconds, 620 milliseconds"
│   percent_complete = "77.5%"
│   estimated_sypd = "9.534"
│   instantaneous_sypd = "11.767"
│   date_now = 2026-09-18T16:50:59.632
└   estimated_finish_date = 2026-09-18T16:51:02.632
┌ Info: Progress
│   simulation_time = "21 hours, 54 minutes"
│   n_steps_completed = 3567
│   wall_time_per_step = "2 milliseconds, 829 microseconds"
│   wall_time_total = "12 seconds, 222 milliseconds"
│   wall_time_remaining = "2 seconds, 130 milliseconds"
│   wall_time_spent = "10 seconds, 92 milliseconds"
│   percent_complete = "82.6%"
│   estimated_sypd = "9.677"
│   instantaneous_sypd = "12.592"
│   date_now = 2026-09-18T16:51:00.104
└   estimated_finish_date = 2026-09-18T16:51:03.104
┌ Info: Progress
│   simulation_time = "22 hours, 30 minutes"
│   n_steps_completed = 3784
│   wall_time_per_step = "2 milliseconds, 802 microseconds"
│   wall_time_total = "12 seconds, 105 milliseconds"
│   wall_time_remaining = "1 second, 502 milliseconds"
│   wall_time_spent = "10 seconds, 603 milliseconds"
│   percent_complete = "87.6%"
│   estimated_sypd = "9.77"
│   instantaneous_sypd = "11.615"
│   date_now = 2026-09-18T16:51:00.615
└   estimated_finish_date = 2026-09-18T16:51:02.615
┌ Info: Progress
│   simulation_time = "23 hours, 6 minutes"
│   n_steps_completed = 4001
│   wall_time_per_step = "2 milliseconds, 772 microseconds"
│   wall_time_total = "11 seconds, 975 milliseconds"
│   wall_time_remaining = "884 milliseconds, 289 microseconds"
│   wall_time_spent = "11 seconds, 91 milliseconds"
│   percent_complete = "92.6%"
│   estimated_sypd = "9.877"
│   instantaneous_sypd = "12.191"
│   date_now = 2026-09-18T16:51:01.102
└   estimated_finish_date = 2026-09-18T16:51:02.102
┌ Info: Progress
│   simulation_time = "23 hours, 22 minutes"
│   n_steps_completed = 4096
│   wall_time_per_step = "2 milliseconds, 762 microseconds"
│   wall_time_total = "11 seconds, 935 milliseconds"
│   wall_time_remaining = "618 milliseconds, 854 microseconds"
│   wall_time_spent = "11 seconds, 316 milliseconds"
│   percent_complete = "94.8%"
│   estimated_sypd = "9.91"
│   instantaneous_sypd = "11.552"
│   date_now = 2026-09-18T16:51:01.328
└   estimated_finish_date = 2026-09-18T16:51:02.327
┌ Info: Progress
│   simulation_time = "23 hours, 58 minutes"
│   n_steps_completed = 4313
│   wall_time_per_step = "2 milliseconds, 734 microseconds"
│   wall_time_total = "11 seconds, 813 milliseconds"
│   wall_time_remaining = "19 milliseconds, 142 microseconds"
│   wall_time_spent = "11 seconds, 794 milliseconds"
│   percent_complete = "99.8%"
│   estimated_sypd = "10.012"
│   instantaneous_sypd = "12.426"
│   date_now = 2026-09-18T16:51:01.806
└   estimated_finish_date = 2026-09-18T16:51:02.806
[ Info: Saving state to HDF5 file on day 1 second 0
[ Info: solve! walltime = 13.043
[ Info: sypd: 9.074
[ Info: wall_time_per_timestep: 3 milliseconds, 19 microseconds
[ Info: Memory currently used (after solve!) by the process (RSS): 4.99 GiB
┌ Info: Tag-closure run finished
│   simulation.job_id = "v5_c5_restarted"
└   result.ret_code = :success
┌ Info: Where it went
│   config = "/dss/dsshome1/0D/di38kez/git/Clima/ClimaAtmosResiDyn-c2-val/experiments/tag_closure/configs/v5_c5_restarted.yml"
└   simulation.output_dir = "output/v5_c5_restarted/output_0000"
┌ Info: energy_source tag closure (13 rows)
│   columns: time,total,tagged,residual,relative,gross_residual,gross_relative,scale,nonpositive_fraction,residual_at_spin_up,residual_since_spin_up,relative_since_spin_up
│   first:   43200.0,1.1378088409896222e8,1.1384427471667404e8,-63390.61771182716,-0.0005571288904443074,1.3400314108012363e6,0.011777298281807414,1.1378088409896222e8,0.0,NaN,NaN,NaN
│   last:    86400.0,1.1462167929261854e8,1.1480966644810662e8,-187987.15548807383,-0.0016400663177177854,2.442225069998224e6,0.021306833795057645,1.1462167929261854e8,0.0,-72271.22547057271,-115715.93001750112,-0.001009546629674558
└   path = "output/v5_c5_restarted/output_0000/energy_source_tag_closure.csv"
