Precompiling ClimaAtmos...
  49261.7 ms  ✓ ClimaAtmos
  1 dependency successfully precompiled in 74 seconds. 276 already precompiled.
┌ Info: Making AtmosConfig with config files: 
│    /dss/dsshome1/0D/di38kez/git/Clima/ClimaAtmosResiDyn-c2-val/src/config/../../config/default_configs/default_config.yml
└    /dss/dsshome1/0D/di38kez/git/Clima/ClimaAtmosResiDyn-c2-val/experiments/tag_closure/configs/v5_c5_continuous.yml
┌ Info: numerics 
│        `energy_q_tot_upwinding`::`Val{:vanleer_limiter}`
│              `tracer_upwinding`::`Val{:vanleer_limiter}`
│     `edmfx_mse_q_tot_upwinding`::`Val{:first_order}`
│       `edmfx_sgsflux_upwinding`::`Val{:none}`
│        `edmfx_tracer_upwinding`::`Val{:first_order}`
│       `test_dycore_consistency`::`Nothing`
│          `reproducible_restart`::`ClimaAtmos.ReproducibleRestart`
│                       `limiter`::`Nothing`
│                     `diff_mode`::`ClimaAtmos.Explicit`
└                     `hyperdiff`::`ClimaAtmos.Hyperdiffusion{Float64}`
┌ Warning: `energy_source_tags` tag `new_strat` lists `precipitation`, which cannot contribute to a source tag. It is the sedimentation of precipitating species, which moves energy between levels rather than adding it. Where water sediments, the tags follow it as transport instead, so nothing is credited to `precipitation`. The `energy_tracers` family does attribute it. Under 0-moment microphysics, rain leaves through `microphysics` instead. Note `moist` and `all` both expand to include `precipitation`.
└ @ ClimaAtmos ~/git/Clima/ClimaAtmosResiDyn-c2-val/src/config/tracer_config.jl:617
┌ Warning: `energy_source_tags` tag `new_tropo` lists `precipitation`, which cannot contribute to a source tag. It is the sedimentation of precipitating species, which moves energy between levels rather than adding it. Where water sediments, the tags follow it as transport instead, so nothing is credited to `precipitation`. The `energy_tracers` family does attribute it. Under 0-moment microphysics, rain leaves through `microphysics` instead. Note `moist` and `all` both expand to include `precipitation`.
└ @ ClimaAtmos ~/git/Clima/ClimaAtmosResiDyn-c2-val/src/config/tracer_config.jl:617
┌ Info: AtmosModel: 
│ 
│                             `water`::`ClimaAtmos.AtmosWater{ClimaAtmos.EquilibriumMicrophysics0M, ClimaAtmos.QuadratureCloud, ClimaAtmos.Implicit, Nothing, ClimaAtmos.SGSQuadrature{3, StaticArraysCore.SVector{3, Float64}, StaticArraysCore.SVector{3, Float64}, ClimaAtmos.GaussianSGS, Float64}, ClimaAtmos.FixedTerminalVelocity, ClimaAtmos.FixedTerminalVelocity, ClimaAtmos.DiagnosticTerminalVelocity, ClimaAtmos.FixedTerminalVelocity}`
│                         `scm_setup`::`ClimaAtmos.SCMSetup{ClimaAtmos.LargeScaleSubsidence{ClimaAtmos.Setups.var"#25#26"{Float64}}, Nothing, Nothing, Bool, @NamedTuple{prof_ug::Returns{Float64}, prof_vg::Returns{Float64}, coriolis_param::Float64}}`
│                         `radiation`::`ClimaAtmos.AtmosRadiation{ClimaAtmos.RadiationDYCOMS{Float64}, ClimaAtmos.IdealizedInsolation}`
│                          `turbconv`::`ClimaAtmos.AtmosTurbconv{ClimaAtmos.EDMFXModel{ClimaAtmos.InvZEntrainment, ClimaAtmos.BuoyancyVelocityDetrainment, Val{false}, Val{false}, Val{false}, Val{false}, Val{false}, Val{false}, Val{false}, ClimaAtmos.SmoothMinimumBlending}, Nothing, Nothing, Nothing, Nothing}`
│                   `prescribed_flow`::`Nothing`
│                      `gravity_wave`::`ClimaAtmos.AtmosGravityWave{Nothing, Nothing}`
│                `vertical_diffusion`::`Nothing`
│                            `sponge`::`ClimaAtmos.AtmosSponge{Nothing, Nothing}`
│                           `surface`::`ClimaAtmos.AtmosSurface{ClimaAtmos.SurfaceConditions.MoninObukhov{Float64, ClimaAtmos.SurfaceConditions.HeatFluxes{Float64, Float64}, Float64}, ClimaAtmos.SurfaceConditions.AnalyticTemperature{Returns{Float64}}, ClimaAtmos.SurfaceConditions.SurfaceBoundaryOverrides{Float64, Float64, Nothing, Nothing, Nothing, Nothing}, ClimaAtmos.ConstantAlbedo{Float64}}`
│                          `numerics`::`ClimaAtmos.AtmosNumerics{Val{:vanleer_limiter}, Val{:vanleer_limiter}, Val{:first_order}, Val{:none}, Val{:first_order}, Nothing, ClimaAtmos.ReproducibleRestart, Nothing, ClimaAtmos.Explicit, ClimaAtmos.Hyperdiffusion{Float64}}`
│                         `chemistry`::`ClimaAtmos.AtmosChem{Nothing}`
│                           `tagging`::`ClimaAtmos.AtmosTagging{Nothing, Nothing, ClimaAtmos.EnergySourceTaggingModel{Tuple{ClimaAtmos.EnergySourceTag{:strat, ClimaAtmos.TanhAltitudeRegion{Float64}, Tuple{}}, ClimaAtmos.EnergySourceTag{:tropo, ClimaAtmos.TanhAltitudeRegion{Float64}, Tuple{}}, ClimaAtmos.EnergySourceTag{:rad, Nothing, Tuple{Symbol}}, ClimaAtmos.EnergySourceTag{:sfc, Nothing, Tuple{Symbol}}, ClimaAtmos.EnergySourceTag{:new_strat, ClimaAtmos.TanhAltitudeRegion{Float64}, NTuple{8, Symbol}}, ClimaAtmos.EnergySourceTag{:new_tropo, ClimaAtmos.TanhAltitudeRegion{Float64}, NTuple{8, Symbol}}}, Float64, ClimaAtmos.TracerEnergySourceTransport}, ClimaAtmos.ProcessRecordModel{Tuple{ClimaAtmos.RecordedProcess{:radiation}, ClimaAtmos.RecordedProcess{:surface_flux}}}, Nothing}`
└                              `cosp`::`Nothing`
┌ Warning: `subsidence` changes `ρe_tot` in this run, and no `energy_source_tags` tag follows it. Its production goes to the region tags that list `all`, and to no process tag, so the new energy split by process misses it. Add a tag with `source: subsidence` to follow it.
└ @ ClimaAtmos ~/git/Clima/ClimaAtmosResiDyn-c2-val/src/config/tracer_config.jl:716
┌ Warning: `microphysics` changes `ρe_tot` in this run, and no `energy_source_tags` tag follows it. Its production goes to the region tags that list `all`, and to no process tag, so the new energy split by process misses it. Add a tag with `source: microphysics` to follow it.
└ @ ClimaAtmos ~/git/Clima/ClimaAtmosResiDyn-c2-val/src/config/tracer_config.jl:716
[ Info: Single-process ClimaAtmos run on CPUSingleThreaded
[ Info: Using ODE config: `ClimaTimeSteppers.ARS343`
[ Info: Initialized state (102.63 μs, 3.49 KiB)
[ Info: Built cache (45.466 s, 7.14 GiB)
[ Info: Assembled callbacks (685.277 ms, 42.45 MiB)
┌ Info: Jacobian algorithm: ManualSparseJacobian(
│   approximate_solve_iters = 1,
└ )
[ Info: Jacobian derivative flags: topography_flag = IgnoreDerivative, diffusion_flag = IgnoreDerivative
[ Info: Built tendency function (29.573 s, 1.35 GiB)
[ Info: Initialized integrator (28.97 s, 2.6 GiB)
[ Info: Added 10 user-provided YAML-style diagnostics
[ Info: Set up diagnostics (10.515 s, 362.68 MiB)
[ Info: Initialized 10 total diagnostics
┌ Info: Simulation info
│   job_id = "v5_c5_continuous"
└   output_dir = "output/v5_c5_continuous/output_0000"
┌ Info: Running
│   job_id = "v5_c5_continuous"
│   output_dir = "output/v5_c5_continuous/output_0000"
└   tspan = (0.0 seconds (2010-01-01T00:00:00) [counter = 0, period = 1 second, epoch = 2010-01-01T00:00:00], 86400.0 seconds (2010-01-02T00:00:00) [counter = 86400, period = 1 second, epoch = 2010-01-01T00:00:00])
┌ Info: Progress
│   simulation_time = "10 seconds"
│   n_steps_completed = 1
│   wall_time_per_step = "0 seconds"
│   wall_time_total = "0 seconds"
│   wall_time_remaining = "0 seconds"
│   wall_time_spent = "0 seconds"
│   percent_complete = "0.0%"
│   estimated_sypd = "Inf"
│   instantaneous_sypd = "0.0 (sdpd_estimate = 0.0)"
│   date_now = 2026-09-18T16:42:49.069
└   estimated_finish_date = 2026-09-18T16:42:49.069
┌ Info: Progress
│   simulation_time = "20 seconds"
│   n_steps_completed = 2
│   wall_time_per_step = "0 seconds"
│   wall_time_total = "0 seconds"
│   wall_time_remaining = "0 seconds"
│   wall_time_spent = "0 seconds"
│   percent_complete = "0.0%"
│   estimated_sypd = "Inf"
│   instantaneous_sypd = "0.017"
│   date_now = 2026-09-18T16:42:50.554
└   estimated_finish_date = 2026-09-18T16:42:50.554
┌ Info: Progress
│   simulation_time = "40 seconds"
│   n_steps_completed = 4
│   wall_time_per_step = "2 milliseconds, 177 microseconds"
│   wall_time_total = "18 seconds, 809 milliseconds"
│   wall_time_remaining = "18 seconds, 800 milliseconds"
│   wall_time_spent = "8 milliseconds, 708 microseconds"
│   percent_complete = "0.0%"
│   estimated_sypd = "12.576"
│   instantaneous_sypd = "12.576"
│   date_now = 2026-09-18T16:42:50.790
└   estimated_finish_date = 2026-09-18T16:43:09.790
┌ Info: Progress
│   simulation_time = "1 minute, 20 seconds"
│   n_steps_completed = 8
│   wall_time_per_step = "31 milliseconds, 291 microseconds"
│   wall_time_total = "4 minutes, 30 seconds"
│   wall_time_remaining = "4 minutes, 30 seconds"
│   wall_time_spent = "250 milliseconds, 334 microseconds"
│   percent_complete = "0.1%"
│   estimated_sypd = "0.875"
│   instantaneous_sypd = "0.453"
│   date_now = 2026-09-18T16:42:50.860
└   estimated_finish_date = 2026-09-18T16:47:21.860
┌ Info: Progress
│   simulation_time = "2 minutes, 40 seconds"
│   n_steps_completed = 16
│   wall_time_per_step = "20 milliseconds, 463 microseconds"
│   wall_time_total = "2 minutes, 56 seconds"
│   wall_time_remaining = "2 minutes, 56 seconds"
│   wall_time_spent = "327 milliseconds, 417 microseconds"
│   percent_complete = "0.2%"
│   estimated_sypd = "1.338"
│   instantaneous_sypd = "2.841"
│   date_now = 2026-09-18T16:42:50.878
└   estimated_finish_date = 2026-09-18T16:45:47.878
┌ Info: Progress
│   simulation_time = "5 minutes, 20 seconds"
│   n_steps_completed = 32
│   wall_time_per_step = "11 milliseconds, 311 microseconds"
│   wall_time_total = "1 minute, 37 seconds"
│   wall_time_remaining = "1 minute, 37 seconds"
│   wall_time_spent = "361 milliseconds, 974 microseconds"
│   percent_complete = "0.4%"
│   estimated_sypd = "2.42"
│   instantaneous_sypd = "12.676"
│   date_now = 2026-09-18T16:42:50.912
└   estimated_finish_date = 2026-09-18T16:44:28.912
┌ Info: Progress
│   simulation_time = "10 minutes, 40 seconds"
│   n_steps_completed = 64
│   wall_time_per_step = "6 milliseconds, 711 microseconds"
│   wall_time_total = "57 seconds, 988 milliseconds"
│   wall_time_remaining = "57 seconds, 559 milliseconds"
│   wall_time_spent = "429 milliseconds, 544 microseconds"
│   percent_complete = "0.7%"
│   estimated_sypd = "4.079"
│   instantaneous_sypd = "12.966"
│   date_now = 2026-09-18T16:42:50.980
└   estimated_finish_date = 2026-09-18T16:43:48.980
┌ Info: Progress
│   simulation_time = "21 minutes, 20 seconds"
│   n_steps_completed = 128
│   wall_time_per_step = "4 milliseconds, 444 microseconds"
│   wall_time_total = "38 seconds, 397 milliseconds"
│   wall_time_remaining = "37 seconds, 829 milliseconds"
│   wall_time_spent = "568 milliseconds, 858 microseconds"
│   percent_complete = "1.5%"
│   estimated_sypd = "6.16"
│   instantaneous_sypd = "12.578"
│   date_now = 2026-09-18T16:42:51.119
└   estimated_finish_date = 2026-09-18T16:43:29.119
┌ Info: Progress
│   simulation_time = "42 minutes, 40 seconds"
│   n_steps_completed = 256
│   wall_time_per_step = "3 milliseconds, 301 microseconds"
│   wall_time_total = "28 seconds, 521 milliseconds"
│   wall_time_remaining = "27 seconds, 676 milliseconds"
│   wall_time_spent = "845 milliseconds, 84 microseconds"
│   percent_complete = "3.0%"
│   estimated_sypd = "8.294"
│   instantaneous_sypd = "12.687"
│   date_now = 2026-09-18T16:42:51.395
└   estimated_finish_date = 2026-09-18T16:43:19.395
┌ Info: Progress
│   simulation_time = "1 hour, 25 minutes"
│   n_steps_completed = 512
│   wall_time_per_step = "5 milliseconds, 835 microseconds"
│   wall_time_total = "50 seconds, 419 milliseconds"
│   wall_time_remaining = "47 seconds, 431 milliseconds"
│   wall_time_spent = "2 seconds, 987 milliseconds"
│   percent_complete = "5.9%"
│   estimated_sypd = "4.692"
│   instantaneous_sypd = "3.271"
│   date_now = 2026-09-18T16:42:53.566
└   estimated_finish_date = 2026-09-18T16:43:41.566
┌ Info: Progress
│   simulation_time = "2 hours, 37 minutes"
│   n_steps_completed = 945
│   wall_time_per_step = "4 milliseconds, 342 microseconds"
│   wall_time_total = "37 seconds, 520 milliseconds"
│   wall_time_remaining = "33 seconds, 416 milliseconds"
│   wall_time_spent = "4 seconds, 103 milliseconds"
│   percent_complete = "10.9%"
│   estimated_sypd = "6.305"
│   instantaneous_sypd = "10.623"
│   date_now = 2026-09-18T16:42:54.654
└   estimated_finish_date = 2026-09-18T16:43:28.654
┌ Info: Progress
│   simulation_time = "2 hours, 50 minutes"
│   n_steps_completed = 1024
│   wall_time_per_step = "4 milliseconds, 176 microseconds"
│   wall_time_total = "36 seconds, 85 milliseconds"
│   wall_time_remaining = "31 seconds, 809 milliseconds"
│   wall_time_spent = "4 seconds, 276 milliseconds"
│   percent_complete = "11.9%"
│   estimated_sypd = "6.555"
│   instantaneous_sypd = "12.5"
│   date_now = 2026-09-18T16:42:54.827
└   estimated_finish_date = 2026-09-18T16:43:26.827
┌ Info: Progress
│   simulation_time = "4 hours, 2 minutes"
│   n_steps_completed = 1457
│   wall_time_per_step = "3 milliseconds, 708 microseconds"
│   wall_time_total = "32 seconds, 38 milliseconds"
│   wall_time_remaining = "26 seconds, 635 milliseconds"
│   wall_time_spent = "5 seconds, 402 milliseconds"
│   percent_complete = "16.9%"
│   estimated_sypd = "7.383"
│   instantaneous_sypd = "10.529"
│   date_now = 2026-09-18T16:42:55.953
└   estimated_finish_date = 2026-09-18T16:43:22.953
┌ Info: Progress
│   simulation_time = "5 hours, 15 minutes"
│   n_steps_completed = 1890
│   wall_time_per_step = "3 milliseconds, 380 microseconds"
│   wall_time_total = "29 seconds, 206 milliseconds"
│   wall_time_remaining = "22 seconds, 817 milliseconds"
│   wall_time_spent = "6 seconds, 388 milliseconds"
│   percent_complete = "21.9%"
│   estimated_sypd = "8.099"
│   instantaneous_sypd = "12.021"
│   date_now = 2026-09-18T16:42:56.939
└   estimated_finish_date = 2026-09-18T16:43:19.939
┌ Info: Progress
│   simulation_time = "5 hours, 41 minutes"
│   n_steps_completed = 2048
│   wall_time_per_step = "3 milliseconds, 267 microseconds"
│   wall_time_total = "28 seconds, 232 milliseconds"
│   wall_time_remaining = "21 seconds, 540 milliseconds"
│   wall_time_spent = "6 seconds, 692 milliseconds"
│   percent_complete = "23.7%"
│   estimated_sypd = "8.379"
│   instantaneous_sypd = "14.271"
│   date_now = 2026-09-18T16:42:57.242
└   estimated_finish_date = 2026-09-18T16:43:19.242
┌ Info: Progress
│   simulation_time = "6 hours, 53 minutes"
│   n_steps_completed = 2481
│   wall_time_per_step = "3 milliseconds, 52 microseconds"
│   wall_time_total = "26 seconds, 371 milliseconds"
│   wall_time_remaining = "18 seconds, 799 milliseconds"
│   wall_time_spent = "7 seconds, 572 milliseconds"
│   percent_complete = "28.7%"
│   estimated_sypd = "8.97"
│   instantaneous_sypd = "13.462"
│   date_now = 2026-09-18T16:42:58.123
└   estimated_finish_date = 2026-09-18T16:43:17.123
┌ Info: Progress
│   simulation_time = "8 hours, 5 minutes"
│   n_steps_completed = 2914
│   wall_time_per_step = "2 milliseconds, 898 microseconds"
│   wall_time_total = "25 seconds, 43 milliseconds"
│   wall_time_remaining = "16 seconds, 597 milliseconds"
│   wall_time_spent = "8 seconds, 446 milliseconds"
│   percent_complete = "33.7%"
│   estimated_sypd = "9.445"
│   instantaneous_sypd = "13.568"
│   date_now = 2026-09-18T16:42:58.997
└   estimated_finish_date = 2026-09-18T16:43:15.997
┌ Info: Progress
│   simulation_time = "9 hours, 17 minutes"
│   n_steps_completed = 3347
│   wall_time_per_step = "2 milliseconds, 853 microseconds"
│   wall_time_total = "24 seconds, 652 milliseconds"
│   wall_time_remaining = "15 seconds, 102 milliseconds"
│   wall_time_spent = "9 seconds, 550 milliseconds"
│   percent_complete = "38.7%"
│   estimated_sypd = "9.595"
│   instantaneous_sypd = "10.743"
│   date_now = 2026-09-18T16:43:00.100
└   estimated_finish_date = 2026-09-18T16:43:16.100
┌ Info: Progress
│   simulation_time = "10 hours, 30 minutes"
│   n_steps_completed = 3780
│   wall_time_per_step = "2 milliseconds, 819 microseconds"
│   wall_time_total = "24 seconds, 360 milliseconds"
│   wall_time_remaining = "13 seconds, 702 milliseconds"
│   wall_time_spent = "10 seconds, 657 milliseconds"
│   percent_complete = "43.8%"
│   estimated_sypd = "9.71"
│   instantaneous_sypd = "10.703"
│   date_now = 2026-09-18T16:43:01.208
└   estimated_finish_date = 2026-09-18T16:43:15.208
┌ Info: Progress
│   simulation_time = "11 hours, 22 minutes"
│   n_steps_completed = 4096
│   wall_time_per_step = "2 milliseconds, 801 microseconds"
│   wall_time_total = "24 seconds, 205 milliseconds"
│   wall_time_remaining = "12 seconds, 730 milliseconds"
│   wall_time_spent = "11 seconds, 475 milliseconds"
│   percent_complete = "47.4%"
│   estimated_sypd = "9.772"
│   instantaneous_sypd = "10.58"
│   date_now = 2026-09-18T16:43:02.026
└   estimated_finish_date = 2026-09-18T16:43:15.025
[ Info: Saving state to HDF5 file on day 0 second 43200
┌ Info: Progress
│   simulation_time = "12 hours, 34 minutes"
│   n_steps_completed = 4529
│   wall_time_per_step = "3 milliseconds, 419 microseconds"
│   wall_time_total = "29 seconds, 543 milliseconds"
│   wall_time_remaining = "14 seconds, 57 milliseconds"
│   wall_time_spent = "15 seconds, 486 milliseconds"
│   percent_complete = "52.4%"
│   estimated_sypd = "8.007"
│   instantaneous_sypd = "2.955"
│   date_now = 2026-09-18T16:43:06.037
└   estimated_finish_date = 2026-09-18T16:43:21.037
┌ Info: Progress
│   simulation_time = "13 hours, 47 minutes"
│   n_steps_completed = 4962
│   wall_time_per_step = "3 milliseconds, 309 microseconds"
│   wall_time_total = "28 seconds, 594 milliseconds"
│   wall_time_remaining = "12 seconds, 172 milliseconds"
│   wall_time_spent = "16 seconds, 421 milliseconds"
│   percent_complete = "57.4%"
│   estimated_sypd = "8.273"
│   instantaneous_sypd = "12.677"
│   date_now = 2026-09-18T16:43:06.972
└   estimated_finish_date = 2026-09-18T16:43:19.972
┌ Info: Progress
│   simulation_time = "14 hours, 59 minutes"
│   n_steps_completed = 5395
│   wall_time_per_step = "3 milliseconds, 239 microseconds"
│   wall_time_total = "27 seconds, 986 milliseconds"
│   wall_time_remaining = "10 seconds, 510 milliseconds"
│   wall_time_spent = "17 seconds, 475 milliseconds"
│   percent_complete = "62.4%"
│   estimated_sypd = "8.452"
│   instantaneous_sypd = "11.254"
│   date_now = 2026-09-18T16:43:08.025
└   estimated_finish_date = 2026-09-18T16:43:19.025
┌ Info: Progress
│   simulation_time = "16 hours, 11 minutes"
│   n_steps_completed = 5828
│   wall_time_per_step = "3 milliseconds, 165 microseconds"
│   wall_time_total = "27 seconds, 350 milliseconds"
│   wall_time_remaining = "8 seconds, 901 milliseconds"
│   wall_time_spent = "18 seconds, 449 milliseconds"
│   percent_complete = "67.5%"
│   estimated_sypd = "8.649"
│   instantaneous_sypd = "12.171"
│   date_now = 2026-09-18T16:43:08.999
└   estimated_finish_date = 2026-09-18T16:43:17.999
┌ Info: Progress
│   simulation_time = "17 hours, 23 minutes"
│   n_steps_completed = 6261
│   wall_time_per_step = "3 milliseconds, 102 microseconds"
│   wall_time_total = "26 seconds, 808 milliseconds"
│   wall_time_remaining = "7 seconds, 381 milliseconds"
│   wall_time_spent = "19 seconds, 427 milliseconds"
│   percent_complete = "72.5%"
│   estimated_sypd = "8.824"
│   instantaneous_sypd = "12.12"
│   date_now = 2026-09-18T16:43:09.978
└   estimated_finish_date = 2026-09-18T16:43:17.977
┌ Info: Progress
│   simulation_time = "18 hours, 35 minutes"
│   n_steps_completed = 6694
│   wall_time_per_step = "3 milliseconds, 46 microseconds"
│   wall_time_total = "26 seconds, 322 milliseconds"
│   wall_time_remaining = "5 seconds, 928 milliseconds"
│   wall_time_spent = "20 seconds, 394 milliseconds"
│   percent_complete = "77.5%"
│   estimated_sypd = "8.986"
│   instantaneous_sypd = "12.26"
│   date_now = 2026-09-18T16:43:10.944
└   estimated_finish_date = 2026-09-18T16:43:16.944
┌ Info: Progress
│   simulation_time = "19 hours, 47 minutes"
│   n_steps_completed = 7127
│   wall_time_per_step = "2 milliseconds, 996 microseconds"
│   wall_time_total = "25 seconds, 891 milliseconds"
│   wall_time_remaining = "4 seconds, 533 milliseconds"
│   wall_time_spent = "21 seconds, 357 milliseconds"
│   percent_complete = "82.5%"
│   estimated_sypd = "9.136"
│   instantaneous_sypd = "12.309"
│   date_now = 2026-09-18T16:43:11.907
└   estimated_finish_date = 2026-09-18T16:43:16.907
┌ Info: Progress
│   simulation_time = "21 hours"
│   n_steps_completed = 7560
│   wall_time_per_step = "2 milliseconds, 956 microseconds"
│   wall_time_total = "25 seconds, 545 milliseconds"
│   wall_time_remaining = "3 seconds, 193 milliseconds"
│   wall_time_spent = "22 seconds, 352 milliseconds"
│   percent_complete = "87.5%"
│   estimated_sypd = "9.26"
│   instantaneous_sypd = "11.91"
│   date_now = 2026-09-18T16:43:12.903
└   estimated_finish_date = 2026-09-18T16:43:16.903
┌ Info: Progress
│   simulation_time = "22 hours, 12 minutes"
│   n_steps_completed = 7993
│   wall_time_per_step = "2 milliseconds, 919 microseconds"
│   wall_time_total = "25 seconds, 222 milliseconds"
│   wall_time_remaining = "1 second, 888 milliseconds"
│   wall_time_spent = "23 seconds, 333 milliseconds"
│   percent_complete = "92.5%"
│   estimated_sypd = "9.379"
│   instantaneous_sypd = "12.086"
│   date_now = 2026-09-18T16:43:13.884
└   estimated_finish_date = 2026-09-18T16:43:15.884
┌ Info: Progress
│   simulation_time = "22 hours, 45 minutes"
│   n_steps_completed = 8192
│   wall_time_per_step = "2 milliseconds, 900 microseconds"
│   wall_time_total = "25 seconds, 58 milliseconds"
│   wall_time_remaining = "1 second, 299 milliseconds"
│   wall_time_spent = "23 seconds, 758 milliseconds"
│   percent_complete = "94.8%"
│   estimated_sypd = "9.44"
│   instantaneous_sypd = "12.806"
│   date_now = 2026-09-18T16:43:14.309
└   estimated_finish_date = 2026-09-18T16:43:16.309
┌ Info: Progress
│   simulation_time = "23 hours, 57 minutes"
│   n_steps_completed = 8625
│   wall_time_per_step = "2 milliseconds, 866 microseconds"
│   wall_time_total = "24 seconds, 763 milliseconds"
│   wall_time_remaining = "42 milliseconds, 992 microseconds"
│   wall_time_spent = "24 seconds, 720 milliseconds"
│   percent_complete = "99.8%"
│   estimated_sypd = "9.552"
│   instantaneous_sypd = "12.328"
│   date_now = 2026-09-18T16:43:15.271
└   estimated_finish_date = 2026-09-18T16:43:16.271
[ Info: Saving state to HDF5 file on day 1 second 0
[ Info: solve! walltime = 24.775
[ Info: sypd: 9.555
[ Info: wall_time_per_timestep: 2 milliseconds, 867 microseconds
[ Info: Memory currently used (after solve!) by the process (RSS): 4.42 GiB
┌ Info: Tag-closure run finished
│   simulation.job_id = "v5_c5_continuous"
└   result.ret_code = :success
┌ Info: Where it went
│   config = "/dss/dsshome1/0D/di38kez/git/Clima/ClimaAtmosResiDyn-c2-val/experiments/tag_closure/configs/v5_c5_continuous.yml"
└   simulation.output_dir = "output/v5_c5_continuous/output_0000"
┌ Info: energy_source tag closure (25 rows)
│   columns: time,total,tagged,residual,relative,gross_residual,gross_relative,scale,nonpositive_fraction,residual_at_spin_up,residual_since_spin_up,relative_since_spin_up
│   first:   0.0,1.1298739844259547e8,1.1298739844259542e8,4.470348358154297e-8,3.9565017159196814e-16,3.488170169374527e-9,3.0872205373829646e-17,1.1298739844259547e8,0.0,NaN,NaN,NaN
│   last:    86400.0,1.1462167929309112e8,1.1480966644790782e8,-187987.154816702,-0.0016400663118537387,2.4422250697158305e6,0.0213068337925061,1.1462167929309112e8,0.0,426.0634933114052,-188413.2183100134,-0.0016437834402010033
└   path = "output/v5_c5_continuous/output_0000/energy_source_tag_closure.csv"
