================================================================
ClimaAtmos tag-closure run
================================================================
Run (job_id):    v3_upd_copies
Machine:         terrabyte
Configuration:   /dss/dsshome1/0D/di38kez/git/Clima/ClimaAtmosResiDyn-upd-run/experiments/tag_closure/configs/v3_upd_copies.yml
SLURM job:       13523326
Partition:       hpda2_test
Nodes:           hpdar03c01s11
CPUs per task:   2
Tasks:           1
Launch:          (direct)
Repository:      /dss/dsshome1/0D/di38kez/git/Clima/ClimaAtmosResiDyn-upd-run
Commit:          3ec098f1b82802636f5a41f896bf1e590bb86350 (from git-files)
Julia:           /dss/dsshome1/0D/di38kez/.juliaup/bin/julia +1.11
Project:         /dss/dsshome1/0D/di38kez/git/Clima/ClimaAtmosResiDyn-upd-run/.buildkite
Driver:          /dss/dsshome1/0D/di38kez/git/Clima/ClimaAtmosResiDyn-upd-run/experiments/tag_closure/analysis/increment/v3_driver.jl
Depot:           /dss/dsstbyfs02/scratch/0D/di38kez/julia-depots/terrabyte-cpu
Run directory:   /dss/dsstbyfs02/scratch/0D/di38kez/tag_closure
Output base:     /dss/dsstbyfs02/scratch/0D/di38kez/tag_closure/output/v3_upd_copies
Start time:      2026-09-19T20:02:11+02:00
Loaded modules:
Currently Loaded Modulefiles:
 1) stack/24.4.0{arch=auto}(default) <aL>   3) openmpi/4.1.8-gcc13(default)  
 2) gcc/13.2.0(default)                    
Key:
{variant=value}  (symbolic-version)  <module-tag>  <aL>=auto-loaded  
Wrote /dss/dsstbyfs02/scratch/0D/di38kez/tag_closure/output/v3_upd_copies/output_0000/provenance.txt
Driver exit status: 0
End time:           2026-09-19T21:24:57+02:00
Precompiling ClimaAtmos...
    ClimaAtmos Being precompiled by another process (pid: 100095, pidfile: /dss/dsstbyfs02/scratch/0D/di38kez/julia-depots/terrabyte-cpu/compiled/v1.11/ClimaAtmos/4EXdy_nHqaE.ji.pidfile)
  41077.6 ms  ✓ ClimaAtmos
  1 dependency successfully precompiled in 43 seconds. 277 already precompiled.
┌ Info: Making AtmosConfig with config files: 
│    /dss/dsshome1/0D/di38kez/git/Clima/ClimaAtmosResiDyn-upd-run/src/config/../../config/default_configs/default_config.yml
└    /dss/dsshome1/0D/di38kez/git/Clima/ClimaAtmosResiDyn-upd-run/experiments/tag_closure/configs/v3_upd_copies.yml
┌ Info: numerics 
│               `energy_q_tot_upwinding`::`Val{:vanleer_limiter}`
│                     `tracer_upwinding`::`Val{:vanleer_limiter}`
│            `edmfx_mse_q_tot_upwinding`::`Val{:first_order}`
│              `edmfx_sgsflux_upwinding`::`Val{:none}`
│               `edmfx_tracer_upwinding`::`Val{:first_order}`
│              `test_dycore_consistency`::`Nothing`
│                 `reproducible_restart`::`Nothing`
│                              `limiter`::`Nothing`
│                            `diff_mode`::`ClimaAtmos.Implicit`
│                            `hyperdiff`::`ClimaAtmos.Hyperdiffusion{Float64}`
└     `vertical_water_borrowing_species`::`Nothing`
┌ Warning: `energy_source_tags` with `turbconv: prognostic_edmfx`: the eddy diffusion moves the tags as passive tracers, while it moves `ρe_tot` in enthalpy form. The difference goes to `e_src_res`, unless `energy_source_tag_transport: enthalpy_increment` takes it after each implicit solve.
└ @ ClimaAtmos ~/git/Clima/ClimaAtmosResiDyn-upd-run/src/config/tracer_config.jl:1279
┌ Warning: `energy_source_tags` tag `mp` lists `microphysics`, which cannot contribute under NonEquilibriumMicrophysics1M. Only 0-moment microphysics changes `ρe_tot`. The other schemes move water between species, and the energy leaves with sedimentation, which the tags follow as transport. Note `moist` and `all` both expand to include `microphysics`.
└ @ ClimaAtmos ~/git/Clima/ClimaAtmosResiDyn-upd-run/src/config/tracer_config.jl:630
┌ Warning: `energy_source_tags` tag `new_strat` lists `precipitation`, which cannot contribute to a source tag. It is the sedimentation of precipitating species, which moves energy between levels rather than adding it. Where water sediments, the tags follow it as transport instead, so nothing is credited to `precipitation`. The `energy_tracers` family does attribute it. Under 0-moment microphysics, rain leaves through `microphysics` instead. Note `moist` and `all` both expand to include `precipitation`.
└ @ ClimaAtmos ~/git/Clima/ClimaAtmosResiDyn-upd-run/src/config/tracer_config.jl:617
┌ Warning: `energy_source_tags` tag `new_strat` lists `microphysics`, which cannot contribute under NonEquilibriumMicrophysics1M. Only 0-moment microphysics changes `ρe_tot`. The other schemes move water between species, and the energy leaves with sedimentation, which the tags follow as transport. Note `moist` and `all` both expand to include `microphysics`.
└ @ ClimaAtmos ~/git/Clima/ClimaAtmosResiDyn-upd-run/src/config/tracer_config.jl:630
┌ Warning: `energy_source_tags` tag `new_tropo` lists `precipitation`, which cannot contribute to a source tag. It is the sedimentation of precipitating species, which moves energy between levels rather than adding it. Where water sediments, the tags follow it as transport instead, so nothing is credited to `precipitation`. The `energy_tracers` family does attribute it. Under 0-moment microphysics, rain leaves through `microphysics` instead. Note `moist` and `all` both expand to include `precipitation`.
└ @ ClimaAtmos ~/git/Clima/ClimaAtmosResiDyn-upd-run/src/config/tracer_config.jl:617
┌ Warning: `energy_source_tags` tag `new_tropo` lists `microphysics`, which cannot contribute under NonEquilibriumMicrophysics1M. Only 0-moment microphysics changes `ρe_tot`. The other schemes move water between species, and the energy leaves with sedimentation, which the tags follow as transport. Note `moist` and `all` both expand to include `microphysics`.
└ @ ClimaAtmos ~/git/Clima/ClimaAtmosResiDyn-upd-run/src/config/tracer_config.jl:630
┌ Warning: `energy_process_record` lists `microphysics`, which records nothing under NonEquilibriumMicrophysics1M. Only 0-moment microphysics changes `ρe_tot` and `ρq_tot`. The other schemes move water between species, so this record stays zero, which reads the same as a process that did nothing. Their rain-out is in the `precipitation` record.
└ @ ClimaAtmos ~/git/Clima/ClimaAtmosResiDyn-upd-run/src/config/tracer_config.jl:1116
┌ Info: AtmosModel: 
│ 
│                             `water`::`ClimaAtmos.AtmosWater{ClimaAtmos.NonEquilibriumMicrophysics1M{CloudMicrophysics.Parameters.Microphysics1MOptions{CloudMicrophysics.Parameters.CloudLiquidFormation, CloudMicrophysics.Parameters.PrescribedIceNumber, CloudMicrophysics.Parameters.CloudIceMelt, CloudMicrophysics.Parameters.HomogeneousAndHeterogeneous, CloudMicrophysics.Parameters.Kessler1M, CloudMicrophysics.Parameters.NoSupersaturation, CloudMicrophysics.Parameters.RainEvaporation, CloudMicrophysics.Parameters.DepositionAndSublimation, CloudMicrophysics.Parameters.SnowMelt, CloudMicrophysics.Parameters.CloudLiquidRainAccretion, CloudMicrophysics.Parameters.CloudLiquidSnowAccretion, CloudMicrophysics.Parameters.CloudIceRainAccretion, CloudMicrophysics.Parameters.CloudIceSnowAccretion, CloudMicrophysics.Parameters.RainSnowAccretion}}, ClimaAtmos.QuadratureCloud, ClimaAtmos.Implicit, Nothing, ClimaAtmos.SGSQuadrature{3, StaticArraysCore.SVector{3, Float64}, StaticArraysCore.SVector{3, Float64}, ClimaAtmos.GaussianSGS, Float64}, ClimaAtmos.DiagnosticTerminalVelocity, ClimaAtmos.FixedTerminalVelocity, ClimaAtmos.DiagnosticTerminalVelocity, ClimaAtmos.FixedTerminalVelocity}`
│                         `scm_setup`::`ClimaAtmos.SCMSetup{ClimaAtmos.LargeScaleSubsidence{ClimaAtmos.Setups.var"#27#28"{Float64}}, Nothing, Nothing, Bool, @NamedTuple{prof_ug::Returns{Float64}, prof_vg::Returns{Float64}, coriolis_param::Float64}}`
│                         `radiation`::`ClimaAtmos.AtmosRadiation{ClimaAtmos.RadiationDYCOMS{Float64}, ClimaAtmos.IdealizedInsolation, Tuple{}, Tuple{}}`
│                          `turbconv`::`ClimaAtmos.AtmosTurbconv{ClimaAtmos.EDMFXModel{ClimaAtmos.InvZEntrainment, ClimaAtmos.BuoyancyVelocityDetrainment, Val{false}, Val{false}, ClimaAtmos.SmoothMinimumBlending}, ClimaAtmos.PrognosticEDMFX{1, true, Float64}, Nothing, Nothing, Nothing}`
│                   `prescribed_flow`::`Nothing`
│                      `gravity_wave`::`ClimaAtmos.AtmosGravityWave{Nothing, Nothing}`
│                `vertical_diffusion`::`Nothing`
│                            `sponge`::`ClimaAtmos.AtmosSponge{Nothing, Nothing}`
│                           `surface`::`ClimaAtmos.AtmosSurface{ClimaAtmos.SurfaceConditions.MoninObukhov{Float64, ClimaAtmos.SurfaceConditions.HeatFluxes{Float64, Float64}, Float64}, ClimaAtmos.SurfaceConditions.AnalyticTemperature{Returns{Float64}}, ClimaAtmos.SurfaceConditions.SurfaceBoundaryOverrides{Float64, Float64, Nothing, Nothing, Nothing, Nothing}, ClimaAtmos.ConstantAlbedo{Float64}}`
│                          `numerics`::`ClimaAtmos.AtmosNumerics{Val{:vanleer_limiter}, Val{:vanleer_limiter}, Val{:first_order}, Val{:none}, Val{:first_order}, Nothing, Nothing, Nothing, ClimaAtmos.Implicit, ClimaAtmos.Hyperdiffusion{Float64}, Nothing}`
│                         `chemistry`::`ClimaAtmos.AtmosChem{ClimaAtmos.GasPhaseChem}`
│                           `tagging`::`ClimaAtmos.AtmosTagging{Nothing, Nothing, ClimaAtmos.EnergySourceTaggingModel{Tuple{ClimaAtmos.EnergySourceTag{:strat, ClimaAtmos.TanhAltitudeRegion{Float64}, Tuple{}}, ClimaAtmos.EnergySourceTag{:tropo, ClimaAtmos.TanhAltitudeRegion{Float64}, Tuple{}}, ClimaAtmos.EnergySourceTag{:rad, Nothing, Tuple{Symbol}}, ClimaAtmos.EnergySourceTag{:sfc, Nothing, Tuple{Symbol}}, ClimaAtmos.EnergySourceTag{:sub, Nothing, Tuple{Symbol}}, ClimaAtmos.EnergySourceTag{:mp, Nothing, Tuple{Symbol}}, ClimaAtmos.EnergySourceTag{:new_strat, ClimaAtmos.TanhAltitudeRegion{Float64}, NTuple{8, Symbol}}, ClimaAtmos.EnergySourceTag{:new_tropo, ClimaAtmos.TanhAltitudeRegion{Float64}, NTuple{8, Symbol}}}, Float64, ClimaAtmos.EnthalpyIncrementEnergySourceTransport, true}, ClimaAtmos.ProcessRecordModel{Tuple{ClimaAtmos.RecordedProcess{:radiation}, ClimaAtmos.RecordedProcess{:surface_flux}, ClimaAtmos.RecordedProcess{:subsidence}, ClimaAtmos.RecordedProcess{:microphysics}, ClimaAtmos.RecordedProcess{:precipitation}}}, Nothing}`
└                              `cosp`::`Nothing`
┌ Info: Microphysics settings: 
│                        `n_substeps`::`3`
│                   `n_substeps_quad`::`2`
│            `cloud_liquid_formation`::`CloudLiquidFormation`
│               `cloud_ice_formation`::`PrescribedIceNumber`
│                    `cloud_ice_melt`::`CloudIceMelt`
│             `cloud_liquid_freezing`::`HomogeneousAndHeterogeneous`
│               `rain_autoconversion`::`Kessler1M`
│               `snow_autoconversion`::`NoSupersaturation`
│     `rain_condensation_evaporation`::`RainEvaporation`
│       `snow_deposition_sublimation`::`DepositionAndSublimation`
│                         `snow_melt`::`SnowMelt`
│       `cloud_liquid_rain_accretion`::`CloudLiquidRainAccretion`
│       `cloud_liquid_snow_accretion`::`CloudLiquidSnowAccretion`
│          `cloud_ice_rain_accretion`::`CloudIceRainAccretion`
│          `cloud_ice_snow_accretion`::`CloudIceSnowAccretion`
└               `rain_snow_accretion`::`RainSnowAccretion`
[ Info: Single-process ClimaAtmos run on CPUSingleThreaded
[ Info: Using ODE config: `ClimaTimeSteppers.ARS222`
[ Info: Initialized state (79.436 μs, 10.57 KiB)
[ Info: Built cache (176.444 s, 32.32 GiB)
[ Info: Assembled callbacks (482.53 ms, 34.76 MiB)
┌ Info: Jacobian algorithm: ManualSparseJacobian(
│   approximate_solve_iters = 2,
└ )
[ Info: Jacobian derivative flags: topography_flag = IgnoreDerivative, diffusion_flag = UseDerivative
[ Info: Built tendency function (3504.054 s, 87.02 GiB)
[ Info: Initialized integrator (119.312 s, 9.75 GiB)
[ Info: Added 30 user-provided YAML-style diagnostics
[ Info: Set up diagnostics (31.797 s, 385.82 MiB)
[ Info: Initialized 30 total diagnostics
┌ Info: Simulation info
│   job_id = "v3_upd_copies"
└   output_dir = "output/v3_upd_copies/output_0000"
┌ Info: Running
│   job_id = "v3_upd_copies"
│   output_dir = "output/v3_upd_copies/output_0000"
└   tspan = (0.0 seconds (2010-01-01T00:00:00) [counter = 0, period = 1 second, epoch = 2010-01-01T00:00:00], 86400.0 seconds (2010-01-02T00:00:00) [counter = 86400, period = 1 second, epoch = 2010-01-01T00:00:00])
┌ Info: Progress
│   simulation_time = "2 minutes"
│   n_steps_completed = 1
│   wall_time_per_step = "0 seconds"
│   wall_time_total = "0 seconds"
│   wall_time_remaining = "0 seconds"
│   wall_time_spent = "0 seconds"
│   percent_complete = "0.1%"
│   estimated_sypd = "Inf"
│   instantaneous_sypd = "0.0 (sdpd_estimate = 0.0)"
│   date_now = 2026-09-19T21:24:29.880
└   estimated_finish_date = 2026-09-19T21:24:29.880
┌ Info: Progress
│   simulation_time = "4 minutes"
│   n_steps_completed = 2
│   wall_time_per_step = "0 seconds"
│   wall_time_total = "0 seconds"
│   wall_time_remaining = "0 seconds"
│   wall_time_spent = "0 seconds"
│   percent_complete = "0.3%"
│   estimated_sypd = "Inf"
│   instantaneous_sypd = "0.031"
│   date_now = 2026-09-19T21:24:40.243
└   estimated_finish_date = 2026-09-19T21:24:40.243
┌ Info: Progress
│   simulation_time = "8 minutes"
│   n_steps_completed = 4
│   wall_time_per_step = "9 milliseconds, 695 microseconds"
│   wall_time_total = "6 seconds, 980 milliseconds"
│   wall_time_remaining = "6 seconds, 941 milliseconds"
│   wall_time_spent = "38 milliseconds, 781 microseconds"
│   percent_complete = "0.6%"
│   estimated_sypd = "33.886"
│   instantaneous_sypd = "33.886"
│   date_now = 2026-09-19T21:24:40.506
└   estimated_finish_date = 2026-09-19T21:24:47.506
┌ Info: Progress
│   simulation_time = "16 minutes"
│   n_steps_completed = 8
│   wall_time_per_step = "40 milliseconds, 466 microseconds"
│   wall_time_total = "29 seconds, 136 milliseconds"
│   wall_time_remaining = "28 seconds, 812 milliseconds"
│   wall_time_spent = "323 milliseconds, 734 microseconds"
│   percent_complete = "1.1%"
│   estimated_sypd = "8.119"
│   instantaneous_sypd = "4.612"
│   date_now = 2026-09-19T21:24:40.547
└   estimated_finish_date = 2026-09-19T21:25:09.547
┌ Info: Progress
│   simulation_time = "32 minutes"
│   n_steps_completed = 16
│   wall_time_per_step = "24 milliseconds, 925 microseconds"
│   wall_time_total = "17 seconds, 946 milliseconds"
│   wall_time_remaining = "17 seconds, 547 milliseconds"
│   wall_time_spent = "398 milliseconds, 809 microseconds"
│   percent_complete = "2.2%"
│   estimated_sypd = "13.181"
│   instantaneous_sypd = "35.01"
│   date_now = 2026-09-19T21:24:40.622
└   estimated_finish_date = 2026-09-19T21:24:58.622
┌ Info: Progress
│   simulation_time = "1 hour, 4 minutes"
│   n_steps_completed = 32
│   wall_time_per_step = "144 milliseconds, 996 microseconds"
│   wall_time_total = "1 minute, 44 seconds"
│   wall_time_remaining = "1 minute, 39 seconds"
│   wall_time_spent = "4 seconds, 639 milliseconds"
│   percent_complete = "4.4%"
│   estimated_sypd = "2.266"
│   instantaneous_sypd = "1.239"
│   date_now = 2026-09-19T21:24:44.895
└   estimated_finish_date = 2026-09-19T21:26:24.895
┌ Info: Progress
│   simulation_time = "2 hours, 8 minutes"
│   n_steps_completed = 64
│   wall_time_per_step = "78 milliseconds, 449 microseconds"
│   wall_time_total = "56 seconds, 483 milliseconds"
│   wall_time_remaining = "51 seconds, 462 milliseconds"
│   wall_time_spent = "5 seconds, 20 milliseconds"
│   percent_complete = "8.9%"
│   estimated_sypd = "4.188"
│   instantaneous_sypd = "27.603"
│   date_now = 2026-09-19T21:24:45.244
└   estimated_finish_date = 2026-09-19T21:25:37.244
┌ Info: Progress
│   simulation_time = "3 hours, 22 minutes"
│   n_steps_completed = 101
│   wall_time_per_step = "58 milliseconds, 37 microseconds"
│   wall_time_total = "41 seconds, 787 milliseconds"
│   wall_time_remaining = "35 seconds, 925 milliseconds"
│   wall_time_spent = "5 seconds, 861 milliseconds"
│   percent_complete = "14.0%"
│   estimated_sypd = "5.661"
│   instantaneous_sypd = "14.454"
│   date_now = 2026-09-19T21:24:46.085
└   estimated_finish_date = 2026-09-19T21:25:22.085
┌ Info: Progress
│   simulation_time = "4 hours, 16 minutes"
│   n_steps_completed = 128
│   wall_time_per_step = "47 milliseconds, 868 microseconds"
│   wall_time_total = "34 seconds, 465 milliseconds"
│   wall_time_remaining = "28 seconds, 338 milliseconds"
│   wall_time_spent = "6 seconds, 127 milliseconds"
│   percent_complete = "17.8%"
│   estimated_sypd = "6.863"
│   instantaneous_sypd = "33.425"
│   date_now = 2026-09-19T21:24:46.351
└   estimated_finish_date = 2026-09-19T21:25:15.350
┌ Info: Progress
│   simulation_time = "5 hours, 30 minutes"
│   n_steps_completed = 165
│   wall_time_per_step = "39 milliseconds, 389 microseconds"
│   wall_time_total = "28 seconds, 360 milliseconds"
│   wall_time_remaining = "21 seconds, 861 milliseconds"
│   wall_time_spent = "6 seconds, 499 milliseconds"
│   percent_complete = "22.9%"
│   estimated_sypd = "8.341"
│   instantaneous_sypd = "32.672"
│   date_now = 2026-09-19T21:24:46.723
└   estimated_finish_date = 2026-09-19T21:25:08.723
┌ Info: Progress
│   simulation_time = "6 hours, 44 minutes"
│   n_steps_completed = 202
│   wall_time_per_step = "35 milliseconds, 936 microseconds"
│   wall_time_total = "25 seconds, 874 milliseconds"
│   wall_time_remaining = "18 seconds, 615 milliseconds"
│   wall_time_spent = "7 seconds, 259 milliseconds"
│   percent_complete = "28.1%"
│   estimated_sypd = "9.142"
│   instantaneous_sypd = "15.997"
│   date_now = 2026-09-19T21:24:47.482
└   estimated_finish_date = 2026-09-19T21:25:06.482
┌ Info: Progress
│   simulation_time = "7 hours, 58 minutes"
│   n_steps_completed = 239
│   wall_time_per_step = "31 milliseconds, 819 microseconds"
│   wall_time_total = "22 seconds, 910 milliseconds"
│   wall_time_remaining = "15 seconds, 305 milliseconds"
│   wall_time_spent = "7 seconds, 604 milliseconds"
│   percent_complete = "33.2%"
│   estimated_sypd = "10.325"
│   instantaneous_sypd = "35.162"
│   date_now = 2026-09-19T21:24:47.828
└   estimated_finish_date = 2026-09-19T21:25:03.828
┌ Info: Progress
│   simulation_time = "8 hours, 32 minutes"
│   n_steps_completed = 256
│   wall_time_per_step = "30 milliseconds, 398 microseconds"
│   wall_time_total = "21 seconds, 886 milliseconds"
│   wall_time_remaining = "14 seconds, 104 milliseconds"
│   wall_time_spent = "7 seconds, 781 milliseconds"
│   percent_complete = "35.6%"
│   estimated_sypd = "10.808"
│   instantaneous_sypd = "31.542"
│   date_now = 2026-09-19T21:24:48.005
└   estimated_finish_date = 2026-09-19T21:25:03.005
┌ Info: Progress
│   simulation_time = "9 hours, 46 minutes"
│   n_steps_completed = 293
│   wall_time_per_step = "27 milliseconds, 778 microseconds"
│   wall_time_total = "20 seconds, 213 microseconds"
│   wall_time_remaining = "11 seconds, 861 milliseconds"
│   wall_time_spent = "8 seconds, 138 milliseconds"
│   percent_complete = "40.7%"
│   estimated_sypd = "11.827"
│   instantaneous_sypd = "34.046"
│   date_now = 2026-09-19T21:24:48.362
└   estimated_finish_date = 2026-09-19T21:25:00.362
┌ Info: Progress
│   simulation_time = "11 hours"
│   n_steps_completed = 330
│   wall_time_per_step = "26 milliseconds, 463 microseconds"
│   wall_time_total = "19 seconds, 53 milliseconds"
│   wall_time_remaining = "10 seconds, 320 milliseconds"
│   wall_time_spent = "8 seconds, 733 milliseconds"
│   percent_complete = "45.8%"
│   estimated_sypd = "12.415"
│   instantaneous_sypd = "20.462"
│   date_now = 2026-09-19T21:24:48.956
└   estimated_finish_date = 2026-09-19T21:24:59.956
┌ Info: Progress
│   simulation_time = "12 hours, 14 minutes"
│   n_steps_completed = 367
│   wall_time_per_step = "24 milliseconds, 829 microseconds"
│   wall_time_total = "17 seconds, 877 milliseconds"
│   wall_time_remaining = "8 seconds, 764 milliseconds"
│   wall_time_spent = "9 seconds, 112 milliseconds"
│   percent_complete = "51.0%"
│   estimated_sypd = "13.232"
│   instantaneous_sypd = "32.05"
│   date_now = 2026-09-19T21:24:49.336
└   estimated_finish_date = 2026-09-19T21:24:58.336
┌ Info: Progress
│   simulation_time = "13 hours, 28 minutes"
│   n_steps_completed = 404
│   wall_time_per_step = "23 milliseconds, 432 microseconds"
│   wall_time_total = "16 seconds, 871 milliseconds"
│   wall_time_remaining = "7 seconds, 404 milliseconds"
│   wall_time_spent = "9 seconds, 466 milliseconds"
│   percent_complete = "56.1%"
│   estimated_sypd = "14.021"
│   instantaneous_sypd = "34.301"
│   date_now = 2026-09-19T21:24:49.690
└   estimated_finish_date = 2026-09-19T21:24:57.690
┌ Info: Progress
│   simulation_time = "14 hours, 42 minutes"
│   n_steps_completed = 441
│   wall_time_per_step = "22 milliseconds, 815 microseconds"
│   wall_time_total = "16 seconds, 427 milliseconds"
│   wall_time_remaining = "6 seconds, 365 milliseconds"
│   wall_time_spent = "10 seconds, 61 milliseconds"
│   percent_complete = "61.3%"
│   estimated_sypd = "14.4"
│   instantaneous_sypd = "20.436"
│   date_now = 2026-09-19T21:24:50.285
└   estimated_finish_date = 2026-09-19T21:24:57.285
┌ Info: Progress
│   simulation_time = "15 hours, 56 minutes"
│   n_steps_completed = 478
│   wall_time_per_step = "21 milliseconds, 771 microseconds"
│   wall_time_total = "15 seconds, 675 milliseconds"
│   wall_time_remaining = "5 seconds, 268 milliseconds"
│   wall_time_spent = "10 seconds, 406 milliseconds"
│   percent_complete = "66.4%"
│   estimated_sypd = "15.091"
│   instantaneous_sypd = "35.217"
│   date_now = 2026-09-19T21:24:50.630
└   estimated_finish_date = 2026-09-19T21:24:56.630
┌ Info: Progress
│   simulation_time = "17 hours, 4 minutes"
│   n_steps_completed = 512
│   wall_time_per_step = "21 milliseconds, 17 microseconds"
│   wall_time_total = "15 seconds, 132 milliseconds"
│   wall_time_remaining = "4 seconds, 371 milliseconds"
│   wall_time_spent = "10 seconds, 761 milliseconds"
│   percent_complete = "71.1%"
│   estimated_sypd = "15.632"
│   instantaneous_sypd = "31.526"
│   date_now = 2026-09-19T21:24:50.984
└   estimated_finish_date = 2026-09-19T21:24:55.984
┌ Info: Progress
│   simulation_time = "18 hours, 18 minutes"
│   n_steps_completed = 549
│   wall_time_per_step = "20 milliseconds, 449 microseconds"
│   wall_time_total = "14 seconds, 723 milliseconds"
│   wall_time_remaining = "3 seconds, 496 milliseconds"
│   wall_time_spent = "11 seconds, 226 milliseconds"
│   percent_complete = "76.2%"
│   estimated_sypd = "16.066"
│   instantaneous_sypd = "26.113"
│   date_now = 2026-09-19T21:24:51.450
└   estimated_finish_date = 2026-09-19T21:24:55.450
┌ Info: Progress
│   simulation_time = "19 hours, 32 minutes"
│   n_steps_completed = 586
│   wall_time_per_step = "19 milliseconds, 748 microseconds"
│   wall_time_total = "14 seconds, 218 milliseconds"
│   wall_time_remaining = "2 seconds, 646 milliseconds"
│   wall_time_spent = "11 seconds, 572 milliseconds"
│   percent_complete = "81.4%"
│   estimated_sypd = "16.637"
│   instantaneous_sypd = "35.142"
│   date_now = 2026-09-19T21:24:51.796
└   estimated_finish_date = 2026-09-19T21:24:54.796
┌ Info: Progress
│   simulation_time = "20 hours, 46 minutes"
│   n_steps_completed = 623
│   wall_time_per_step = "19 milliseconds, 130 microseconds"
│   wall_time_total = "13 seconds, 774 milliseconds"
│   wall_time_remaining = "1 second, 855 milliseconds"
│   wall_time_spent = "11 seconds, 918 milliseconds"
│   percent_complete = "86.5%"
│   estimated_sypd = "17.173"
│   instantaneous_sypd = "35.121"
│   date_now = 2026-09-19T21:24:52.142
└   estimated_finish_date = 2026-09-19T21:24:54.142
┌ Info: Progress
│   simulation_time = "22 hours"
│   n_steps_completed = 660
│   wall_time_per_step = "18 milliseconds, 615 microseconds"
│   wall_time_total = "13 seconds, 403 milliseconds"
│   wall_time_remaining = "1 second, 116 milliseconds"
│   wall_time_spent = "12 seconds, 286 milliseconds"
│   percent_complete = "91.7%"
│   estimated_sypd = "17.649"
│   instantaneous_sypd = "33.067"
│   date_now = 2026-09-19T21:24:52.510
└   estimated_finish_date = 2026-09-19T21:24:54.509
┌ Info: Progress
│   simulation_time = "23 hours, 14 minutes"
│   n_steps_completed = 697
│   wall_time_per_step = "18 milliseconds, 303 microseconds"
│   wall_time_total = "13 seconds, 178 milliseconds"
│   wall_time_remaining = "420 milliseconds, 976 microseconds"
│   wall_time_spent = "12 seconds, 757 milliseconds"
│   percent_complete = "96.8%"
│   estimated_sypd = "17.95"
│   instantaneous_sypd = "25.798"
│   date_now = 2026-09-19T21:24:52.981
└   estimated_finish_date = 2026-09-19T21:24:53.981
[ Info: solve! walltime = 13.03
[ Info: sypd: 18.167
[ Info: wall_time_per_timestep: 18 milliseconds, 96 microseconds
[ Info: Memory currently used (after solve!) by the process (RSS): 15.92 GiB
┌ Info: V3 finished
│   simulation.job_id = "v3_upd_copies"
└   result.ret_code = :success
┌ Info: energy_source tag closure (25 rows)
│   columns: time,total,tagged,residual,relative,gross_residual,gross_relative,scale,nonpositive_fraction,residual_at_spin_up,residual_since_spin_up,relative_since_spin_up
│   first:   0.0,1.1298739844259547e8,1.1298739844259542e8,4.470348358154297e-8,3.9565017159196814e-16,3.488170169374527e-9,3.0872205373829646e-17,1.1298739844259547e8,0.0,NaN,NaN,NaN
│   last:    86400.0,1.1415999778238149e8,1.14159946452362e8,51.3300194889307,4.4963227475511174e-7,365.4089847708892,3.200849613429858e-6,1.1415999778238149e8,0.0,-85.11984391510487,136.44986340403557,1.1952511041927693e-6
└   path = "output/v3_upd_copies/output_0000/energy_source_tag_closure.csv"
