== g46_build_check at 1cc40e23, record 6efca28a
Precompiling ClimaAtmos...
  25999.7 ms  ✓ ClimaAtmos
  1 dependency successfully precompiled in 30 seconds. 277 already precompiled.
┌ Info: Making AtmosConfig with config files: 
└    /dss/dsshome1/0D/di38kez/git/Clima/ClimaAtmosResiDyn-g4-claims/src/config/../../config/default_configs/default_config.yml
┌ Info: numerics 
│               `energy_q_tot_upwinding`::`Val{:vanleer_limiter}`
│                     `tracer_upwinding`::`Val{:vanleer_limiter}`
│            `edmfx_mse_q_tot_upwinding`::`Val{:first_order}`
│              `edmfx_sgsflux_upwinding`::`Val{:none}`
│               `edmfx_tracer_upwinding`::`Val{:first_order}`
│              `test_dycore_consistency`::`Nothing`
│                 `reproducible_restart`::`Nothing`
│                              `limiter`::`Nothing`
│                            `diff_mode`::`ClimaAtmos.Implicit`
│                            `hyperdiff`::`ClimaAtmos.Hyperdiffusion{Float64}`
└     `vertical_water_borrowing_species`::`Nothing`
┌ Warning: `energy_source_tags` with `turbconv: prognostic_edmfx`: the eddy diffusion moves the tags as passive tracers, while it moves `ρe_tot` in enthalpy form. The difference goes to `e_src_res`, unless `energy_source_tag_transport: enthalpy_increment` takes it after each implicit solve.
└ @ ClimaAtmos ~/git/Clima/ClimaAtmosResiDyn-g4-claims/src/config/tracer_config.jl:1490
┌ Warning: `energy_source_tags` tag `mp` lists `microphysics`, which cannot contribute under NonEquilibriumMicrophysics1M. Only 0-moment microphysics changes `ρe_tot`. The other schemes move water between species, and the energy leaves with sedimentation, which the tags follow as transport. Note `moist` and `all` both expand to include `microphysics`.
└ @ ClimaAtmos ~/git/Clima/ClimaAtmosResiDyn-g4-claims/src/config/tracer_config.jl:681
┌ Warning: `energy_source_tags` tag `new_strat` lists `precipitation`, which cannot contribute to a source tag. It is the sedimentation of precipitating species, which moves energy between levels rather than adding it. Where water sediments, the tags follow it as transport instead, so nothing is credited to `precipitation`. The `energy_tracers` family does attribute it. Under 0-moment microphysics, rain leaves through `microphysics` instead. Note `moist` and `all` both expand to include `precipitation`.
└ @ ClimaAtmos ~/git/Clima/ClimaAtmosResiDyn-g4-claims/src/config/tracer_config.jl:668
┌ Warning: `energy_source_tags` tag `new_strat` lists `microphysics`, which cannot contribute under NonEquilibriumMicrophysics1M. Only 0-moment microphysics changes `ρe_tot`. The other schemes move water between species, and the energy leaves with sedimentation, which the tags follow as transport. Note `moist` and `all` both expand to include `microphysics`.
└ @ ClimaAtmos ~/git/Clima/ClimaAtmosResiDyn-g4-claims/src/config/tracer_config.jl:681
┌ Warning: `energy_source_tags` tag `new_tropo` lists `precipitation`, which cannot contribute to a source tag. It is the sedimentation of precipitating species, which moves energy between levels rather than adding it. Where water sediments, the tags follow it as transport instead, so nothing is credited to `precipitation`. The `energy_tracers` family does attribute it. Under 0-moment microphysics, rain leaves through `microphysics` instead. Note `moist` and `all` both expand to include `precipitation`.
└ @ ClimaAtmos ~/git/Clima/ClimaAtmosResiDyn-g4-claims/src/config/tracer_config.jl:668
┌ Warning: `energy_source_tags` tag `new_tropo` lists `microphysics`, which cannot contribute under NonEquilibriumMicrophysics1M. Only 0-moment microphysics changes `ρe_tot`. The other schemes move water between species, and the energy leaves with sedimentation, which the tags follow as transport. Note `moist` and `all` both expand to include `microphysics`.
└ @ ClimaAtmos ~/git/Clima/ClimaAtmosResiDyn-g4-claims/src/config/tracer_config.jl:681
┌ Warning: `energy_process_record` lists `microphysics`, which records nothing under NonEquilibriumMicrophysics1M. Only 0-moment microphysics changes `ρe_tot` and `ρq_tot`. The other schemes move water between species, so this record stays zero, which reads the same as a process that did nothing. Their rain-out is in the `precipitation` record.
└ @ ClimaAtmos ~/git/Clima/ClimaAtmosResiDyn-g4-claims/src/config/tracer_config.jl:1326
┌ Warning: `water_process_record` lists `microphysics`, which records nothing under NonEquilibriumMicrophysics1M. Only 0-moment microphysics changes `ρe_tot` and `ρq_tot`. The other schemes move water between species, so this record stays zero, which reads the same as a process that did nothing. Their rain-out is in the `precipitation` record.
└ @ ClimaAtmos ~/git/Clima/ClimaAtmosResiDyn-g4-claims/src/config/tracer_config.jl:1326
┌ Info: AtmosModel: 
│ 
│                             `water`::`ClimaAtmos.AtmosWater{ClimaAtmos.NonEquilibriumMicrophysics1M{CloudMicrophysics.Parameters.Microphysics1MOptions{CloudMicrophysics.Parameters.CloudLiquidFormation, CloudMicrophysics.Parameters.PrescribedIceNumber, CloudMicrophysics.Parameters.CloudIceMelt, CloudMicrophysics.Parameters.HomogeneousAndHeterogeneous, CloudMicrophysics.Parameters.Kessler1M, CloudMicrophysics.Parameters.NoSupersaturation, CloudMicrophysics.Parameters.RainEvaporation, CloudMicrophysics.Parameters.DepositionAndSublimation, CloudMicrophysics.Parameters.SnowMelt, CloudMicrophysics.Parameters.CloudLiquidRainAccretion, CloudMicrophysics.Parameters.CloudLiquidSnowAccretion, CloudMicrophysics.Parameters.CloudIceRainAccretion, CloudMicrophysics.Parameters.CloudIceSnowAccretion, CloudMicrophysics.Parameters.RainSnowAccretion}}, ClimaAtmos.QuadratureCloud, ClimaAtmos.Implicit, Nothing, ClimaAtmos.SGSQuadrature{3, StaticArraysCore.SVector{3, Float64}, StaticArraysCore.SVector{3, Float64}, ClimaAtmos.GaussianSGS, Float64}, ClimaAtmos.DiagnosticTerminalVelocity, ClimaAtmos.FixedTerminalVelocity, ClimaAtmos.DiagnosticTerminalVelocity, ClimaAtmos.FixedTerminalVelocity}`
│                         `scm_setup`::`ClimaAtmos.SCMSetup{ClimaAtmos.LargeScaleSubsidence{ClimaAtmos.Setups.var"#27#28"{Float64}}, Nothing, Nothing, Bool, @NamedTuple{prof_ug::Returns{Float64}, prof_vg::Returns{Float64}, coriolis_param::Float64}}`
│                         `radiation`::`ClimaAtmos.AtmosRadiation{ClimaAtmos.RadiationDYCOMS{Float64}, ClimaAtmos.IdealizedInsolation, Tuple{}, Tuple{}}`
│                          `turbconv`::`ClimaAtmos.AtmosTurbconv{ClimaAtmos.EDMFXModel{ClimaAtmos.InvZEntrainment, ClimaAtmos.BuoyancyVelocityDetrainment, Val{false}, Val{false}, ClimaAtmos.SmoothMinimumBlending}, ClimaAtmos.PrognosticEDMFX{1, true, Float64}, Nothing, Nothing, Nothing}`
│                   `prescribed_flow`::`Nothing`
│                      `gravity_wave`::`ClimaAtmos.AtmosGravityWave{Nothing, Nothing}`
│                `vertical_diffusion`::`Nothing`
│                            `sponge`::`ClimaAtmos.AtmosSponge{Nothing, Nothing}`
│                           `surface`::`ClimaAtmos.AtmosSurface{ClimaAtmos.SurfaceConditions.MoninObukhov{Float64, ClimaAtmos.SurfaceConditions.HeatFluxes{Float64, Float64}, Float64}, ClimaAtmos.SurfaceConditions.AnalyticTemperature{Returns{Float64}}, ClimaAtmos.SurfaceConditions.SurfaceBoundaryOverrides{Float64, Float64, Nothing, Nothing, Nothing, Nothing}, ClimaAtmos.ConstantAlbedo{Float64}}`
│                          `numerics`::`ClimaAtmos.AtmosNumerics{Val{:vanleer_limiter}, Val{:vanleer_limiter}, Val{:first_order}, Val{:none}, Val{:first_order}, Nothing, Nothing, Nothing, ClimaAtmos.Implicit, ClimaAtmos.Hyperdiffusion{Float64}, Nothing}`
│                         `chemistry`::`ClimaAtmos.AtmosChem{Nothing}`
│                           `tagging`::`ClimaAtmos.AtmosTagging{Nothing, Nothing, ClimaAtmos.EnergySourceTaggingModel{Tuple{ClimaAtmos.EnergySourceTag{:strat, ClimaAtmos.TanhAltitudeRegion{Float64}, Tuple{}}, ClimaAtmos.EnergySourceTag{:tropo, ClimaAtmos.TanhAltitudeRegion{Float64}, Tuple{}}, ClimaAtmos.EnergySourceTag{:rad, Nothing, Tuple{Symbol}}, ClimaAtmos.EnergySourceTag{:sfc, Nothing, Tuple{Symbol}}, ClimaAtmos.EnergySourceTag{:sub, Nothing, Tuple{Symbol}}, ClimaAtmos.EnergySourceTag{:mp, Nothing, Tuple{Symbol}}, ClimaAtmos.EnergySourceTag{:new_strat, ClimaAtmos.TanhAltitudeRegion{Float64}, NTuple{8, Symbol}}, ClimaAtmos.EnergySourceTag{:new_tropo, ClimaAtmos.TanhAltitudeRegion{Float64}, NTuple{8, Symbol}}}, Float64, ClimaAtmos.EnthalpyIncrementEnergySourceTransport, false, true}, ClimaAtmos.ProcessRecordModel{Tuple{ClimaAtmos.RecordedProcess{:radiation}, ClimaAtmos.RecordedProcess{:surface_flux}, ClimaAtmos.RecordedProcess{:subsidence}, ClimaAtmos.RecordedProcess{:microphysics}, ClimaAtmos.RecordedProcess{:precipitation}}}, ClimaAtmos.ProcessRecordModel{Tuple{ClimaAtmos.RecordedProcess{:surface_flux}, ClimaAtmos.RecordedProcess{:subsidence}, ClimaAtmos.RecordedProcess{:microphysics}}}}`
└                              `cosp`::`Nothing`
┌ Info: Microphysics settings: 
│                        `n_substeps`::`3`
│                   `n_substeps_quad`::`2`
│            `cloud_liquid_formation`::`CloudLiquidFormation`
│               `cloud_ice_formation`::`PrescribedIceNumber`
│                    `cloud_ice_melt`::`CloudIceMelt`
│             `cloud_liquid_freezing`::`HomogeneousAndHeterogeneous`
│               `rain_autoconversion`::`Kessler1M`
│               `snow_autoconversion`::`NoSupersaturation`
│     `rain_condensation_evaporation`::`RainEvaporation`
│       `snow_deposition_sublimation`::`DepositionAndSublimation`
│                         `snow_melt`::`SnowMelt`
│       `cloud_liquid_rain_accretion`::`CloudLiquidRainAccretion`
│       `cloud_liquid_snow_accretion`::`CloudLiquidSnowAccretion`
│          `cloud_ice_rain_accretion`::`CloudIceRainAccretion`
│          `cloud_ice_snow_accretion`::`CloudIceSnowAccretion`
└               `rain_snow_accretion`::`RainSnowAccretion`
[ Info: Single-process ClimaAtmos run on CPUSingleThreaded
[ Info: Using ODE config: `ClimaTimeSteppers.ARS222`
[ Info: Initialized state (10.512 ms, 187.34 KiB)
[ Info: Built cache (141.866 s, 31.38 GiB)
[ Info: Assembled callbacks (419.137 ms, 36.38 MiB)
┌ Info: Jacobian algorithm: ManualSparseJacobian(
│   approximate_solve_iters = 2,
└ )
[ Info: Jacobian derivative flags: topography_flag = IgnoreDerivative, diffusion_flag = UseDerivative
[ Info: Built tendency function (371.244 s, 21.94 GiB)
[ Info: Initialized integrator (140.303 s, 12.44 GiB)
[ Info: Added 46 user-provided YAML-style diagnostics
[ Info: Saving accumulated diagnostics to disk with frequency: 1 hour
[ Info: Set up diagnostics (60.575 s, 450.95 MiB)
[ Info: Initialized 46 total diagnostics
┌ Info: Simulation info
│   job_id = "g46_d4_budget_build_check"
└   output_dir = "/dss/dsstbyfs02/scratch/0D/di38kez/claude_work/g4claims/run/g46_build/g46_d4_budget/output_0000"
┌ Info: Progress
│   simulation_time = "2 minutes"
│   n_steps_completed = 1
│   wall_time_per_step = "0 seconds"
│   wall_time_total = "0 seconds"
│   wall_time_remaining = "0 seconds"
│   wall_time_spent = "0 seconds"
│   percent_complete = "50.0%"
│   estimated_sypd = "Inf"
│   instantaneous_sypd = "0.0 (sdpd_estimate = 0.0)"
│   date_now = 2026-09-25T10:53:26.354
└   estimated_finish_date = 2026-09-25T10:53:26.353
┌ Info: Progress
│   simulation_time = "4 minutes"
│   n_steps_completed = 2
│   wall_time_per_step = "0 seconds"
│   wall_time_total = "0 seconds"
│   wall_time_remaining = "0 seconds"
│   wall_time_spent = "0 seconds"
│   percent_complete = "100.0%"
│   estimated_sypd = "Inf"
│   instantaneous_sypd = "0.28"
│   date_now = 2026-09-25T10:53:27.472
└   estimated_finish_date = 2026-09-25T10:53:27.472
┌ Info: Making AtmosConfig with config files: 
└    /dss/dsshome1/0D/di38kez/git/Clima/ClimaAtmosResiDyn-g4-claims/src/config/../../config/default_configs/default_config.yml
┌ Info: numerics 
│               `energy_q_tot_upwinding`::`Val{:vanleer_limiter}`
│                     `tracer_upwinding`::`Val{:vanleer_limiter}`
│            `edmfx_mse_q_tot_upwinding`::`Val{:first_order}`
│              `edmfx_sgsflux_upwinding`::`Val{:none}`
│               `edmfx_tracer_upwinding`::`Val{:first_order}`
│              `test_dycore_consistency`::`Nothing`
│                 `reproducible_restart`::`Nothing`
│                              `limiter`::`Nothing`
│                            `diff_mode`::`ClimaAtmos.Implicit`
│                            `hyperdiff`::`ClimaAtmos.Hyperdiffusion{Float64}`
└     `vertical_water_borrowing_species`::`Nothing`
┌ Warning: `energy_source_tags` with `turbconv: prognostic_edmfx`: the eddy diffusion moves the tags as passive tracers, while it moves `ρe_tot` in enthalpy form. The difference goes to `e_src_res`, unless `energy_source_tag_transport: enthalpy_increment` takes it after each implicit solve.
└ @ ClimaAtmos ~/git/Clima/ClimaAtmosResiDyn-g4-claims/src/config/tracer_config.jl:1490
┌ Warning: `energy_source_tags` tag `mp` lists `microphysics`, which cannot contribute under NonEquilibriumMicrophysics1M. Only 0-moment microphysics changes `ρe_tot`. The other schemes move water between species, and the energy leaves with sedimentation, which the tags follow as transport. Note `moist` and `all` both expand to include `microphysics`.
└ @ ClimaAtmos ~/git/Clima/ClimaAtmosResiDyn-g4-claims/src/config/tracer_config.jl:681
┌ Warning: `energy_source_tags` tag `new_strat` lists `precipitation`, which cannot contribute to a source tag. It is the sedimentation of precipitating species, which moves energy between levels rather than adding it. Where water sediments, the tags follow it as transport instead, so nothing is credited to `precipitation`. The `energy_tracers` family does attribute it. Under 0-moment microphysics, rain leaves through `microphysics` instead. Note `moist` and `all` both expand to include `precipitation`.
└ @ ClimaAtmos ~/git/Clima/ClimaAtmosResiDyn-g4-claims/src/config/tracer_config.jl:668
┌ Warning: `energy_source_tags` tag `new_strat` lists `microphysics`, which cannot contribute under NonEquilibriumMicrophysics1M. Only 0-moment microphysics changes `ρe_tot`. The other schemes move water between species, and the energy leaves with sedimentation, which the tags follow as transport. Note `moist` and `all` both expand to include `microphysics`.
└ @ ClimaAtmos ~/git/Clima/ClimaAtmosResiDyn-g4-claims/src/config/tracer_config.jl:681
┌ Warning: `energy_source_tags` tag `new_tropo` lists `precipitation`, which cannot contribute to a source tag. It is the sedimentation of precipitating species, which moves energy between levels rather than adding it. Where water sediments, the tags follow it as transport instead, so nothing is credited to `precipitation`. The `energy_tracers` family does attribute it. Under 0-moment microphysics, rain leaves through `microphysics` instead. Note `moist` and `all` both expand to include `precipitation`.
└ @ ClimaAtmos ~/git/Clima/ClimaAtmosResiDyn-g4-claims/src/config/tracer_config.jl:668
┌ Warning: `energy_source_tags` tag `new_tropo` lists `microphysics`, which cannot contribute under NonEquilibriumMicrophysics1M. Only 0-moment microphysics changes `ρe_tot`. The other schemes move water between species, and the energy leaves with sedimentation, which the tags follow as transport. Note `moist` and `all` both expand to include `microphysics`.
└ @ ClimaAtmos ~/git/Clima/ClimaAtmosResiDyn-g4-claims/src/config/tracer_config.jl:681
┌ Warning: `energy_process_record` lists `microphysics`, which records nothing under NonEquilibriumMicrophysics1M. Only 0-moment microphysics changes `ρe_tot` and `ρq_tot`. The other schemes move water between species, so this record stays zero, which reads the same as a process that did nothing. Their rain-out is in the `precipitation` record.
└ @ ClimaAtmos ~/git/Clima/ClimaAtmosResiDyn-g4-claims/src/config/tracer_config.jl:1326
┌ Warning: `water_process_record` lists `microphysics`, which records nothing under NonEquilibriumMicrophysics1M. Only 0-moment microphysics changes `ρe_tot` and `ρq_tot`. The other schemes move water between species, so this record stays zero, which reads the same as a process that did nothing. Their rain-out is in the `precipitation` record.
└ @ ClimaAtmos ~/git/Clima/ClimaAtmosResiDyn-g4-claims/src/config/tracer_config.jl:1326
┌ Info: AtmosModel: 
│ 
│                             `water`::`ClimaAtmos.AtmosWater{ClimaAtmos.NonEquilibriumMicrophysics1M{CloudMicrophysics.Parameters.Microphysics1MOptions{CloudMicrophysics.Parameters.CloudLiquidFormation, CloudMicrophysics.Parameters.PrescribedIceNumber, CloudMicrophysics.Parameters.CloudIceMelt, CloudMicrophysics.Parameters.HomogeneousAndHeterogeneous, CloudMicrophysics.Parameters.Kessler1M, CloudMicrophysics.Parameters.NoSupersaturation, CloudMicrophysics.Parameters.RainEvaporation, CloudMicrophysics.Parameters.DepositionAndSublimation, CloudMicrophysics.Parameters.SnowMelt, CloudMicrophysics.Parameters.CloudLiquidRainAccretion, CloudMicrophysics.Parameters.CloudLiquidSnowAccretion, CloudMicrophysics.Parameters.CloudIceRainAccretion, CloudMicrophysics.Parameters.CloudIceSnowAccretion, CloudMicrophysics.Parameters.RainSnowAccretion}}, ClimaAtmos.QuadratureCloud, ClimaAtmos.Implicit, Nothing, ClimaAtmos.SGSQuadrature{3, StaticArraysCore.SVector{3, Float64}, StaticArraysCore.SVector{3, Float64}, ClimaAtmos.GaussianSGS, Float64}, ClimaAtmos.DiagnosticTerminalVelocity, ClimaAtmos.FixedTerminalVelocity, ClimaAtmos.DiagnosticTerminalVelocity, ClimaAtmos.FixedTerminalVelocity}`
│                         `scm_setup`::`ClimaAtmos.SCMSetup{ClimaAtmos.LargeScaleSubsidence{ClimaAtmos.Setups.var"#27#28"{Float64}}, Nothing, Nothing, Bool, @NamedTuple{prof_ug::Returns{Float64}, prof_vg::Returns{Float64}, coriolis_param::Float64}}`
│                         `radiation`::`ClimaAtmos.AtmosRadiation{ClimaAtmos.RadiationDYCOMS{Float64}, ClimaAtmos.IdealizedInsolation, Tuple{}, Tuple{}}`
│                          `turbconv`::`ClimaAtmos.AtmosTurbconv{ClimaAtmos.EDMFXModel{ClimaAtmos.InvZEntrainment, ClimaAtmos.BuoyancyVelocityDetrainment, Val{false}, Val{false}, ClimaAtmos.SmoothMinimumBlending}, ClimaAtmos.PrognosticEDMFX{1, true, Float64}, Nothing, Nothing, Nothing}`
│                   `prescribed_flow`::`Nothing`
│                      `gravity_wave`::`ClimaAtmos.AtmosGravityWave{Nothing, Nothing}`
│                `vertical_diffusion`::`Nothing`
│                            `sponge`::`ClimaAtmos.AtmosSponge{Nothing, Nothing}`
│                           `surface`::`ClimaAtmos.AtmosSurface{ClimaAtmos.SurfaceConditions.MoninObukhov{Float64, ClimaAtmos.SurfaceConditions.HeatFluxes{Float64, Float64}, Float64}, ClimaAtmos.SurfaceConditions.AnalyticTemperature{Returns{Float64}}, ClimaAtmos.SurfaceConditions.SurfaceBoundaryOverrides{Float64, Float64, Nothing, Nothing, Nothing, Nothing}, ClimaAtmos.ConstantAlbedo{Float64}}`
│                          `numerics`::`ClimaAtmos.AtmosNumerics{Val{:vanleer_limiter}, Val{:vanleer_limiter}, Val{:first_order}, Val{:none}, Val{:first_order}, Nothing, Nothing, Nothing, ClimaAtmos.Implicit, ClimaAtmos.Hyperdiffusion{Float64}, Nothing}`
│                         `chemistry`::`ClimaAtmos.AtmosChem{Nothing}`
│                           `tagging`::`ClimaAtmos.AtmosTagging{Nothing, Nothing, ClimaAtmos.EnergySourceTaggingModel{Tuple{ClimaAtmos.EnergySourceTag{:strat, ClimaAtmos.TanhAltitudeRegion{Float64}, Tuple{}}, ClimaAtmos.EnergySourceTag{:tropo, ClimaAtmos.TanhAltitudeRegion{Float64}, Tuple{}}, ClimaAtmos.EnergySourceTag{:rad, Nothing, Tuple{Symbol}}, ClimaAtmos.EnergySourceTag{:sfc, Nothing, Tuple{Symbol}}, ClimaAtmos.EnergySourceTag{:sub, Nothing, Tuple{Symbol}}, ClimaAtmos.EnergySourceTag{:mp, Nothing, Tuple{Symbol}}, ClimaAtmos.EnergySourceTag{:new_strat, ClimaAtmos.TanhAltitudeRegion{Float64}, NTuple{8, Symbol}}, ClimaAtmos.EnergySourceTag{:new_tropo, ClimaAtmos.TanhAltitudeRegion{Float64}, NTuple{8, Symbol}}}, Float64, ClimaAtmos.EnthalpyIncrementEnergySourceTransport, false, true}, ClimaAtmos.ProcessRecordModel{Tuple{ClimaAtmos.RecordedProcess{:radiation}, ClimaAtmos.RecordedProcess{:surface_flux}, ClimaAtmos.RecordedProcess{:subsidence}, ClimaAtmos.RecordedProcess{:microphysics}, ClimaAtmos.RecordedProcess{:precipitation}}}, ClimaAtmos.ProcessRecordModel{Tuple{ClimaAtmos.RecordedProcess{:surface_flux}, ClimaAtmos.RecordedProcess{:subsidence}, ClimaAtmos.RecordedProcess{:microphysics}}}}`
└                              `cosp`::`Nothing`
┌ Info: Microphysics settings: 
│                        `n_substeps`::`3`
│                   `n_substeps_quad`::`2`
│            `cloud_liquid_formation`::`CloudLiquidFormation`
│               `cloud_ice_formation`::`PrescribedIceNumber`
│                    `cloud_ice_melt`::`CloudIceMelt`
│             `cloud_liquid_freezing`::`HomogeneousAndHeterogeneous`
│               `rain_autoconversion`::`Kessler1M`
│               `snow_autoconversion`::`NoSupersaturation`
│     `rain_condensation_evaporation`::`RainEvaporation`
│       `snow_deposition_sublimation`::`DepositionAndSublimation`
│                         `snow_melt`::`SnowMelt`
│       `cloud_liquid_rain_accretion`::`CloudLiquidRainAccretion`
│       `cloud_liquid_snow_accretion`::`CloudLiquidSnowAccretion`
│          `cloud_ice_rain_accretion`::`CloudIceRainAccretion`
│          `cloud_ice_snow_accretion`::`CloudIceSnowAccretion`
└               `rain_snow_accretion`::`RainSnowAccretion`
[ Info: Single-process ClimaAtmos run on CPUSingleThreaded
[ Info: Using ODE config: `ClimaTimeSteppers.ARS222`
[ Info: Initialized state (388.701 μs, 17.04 KiB)
[ Info: Built cache (1.901 ms, 389.2 KiB)
[ Info: Assembled callbacks (167.866 μs, 121.94 KiB)
┌ Info: Jacobian algorithm: ManualSparseJacobian(
│   approximate_solve_iters = 2,
└ )
[ Info: Jacobian derivative flags: topography_flag = IgnoreDerivative, diffusion_flag = UseDerivative
[ Info: Built tendency function (5.337 ms, 4.61 MiB)
[ Info: Initialized integrator (2.818 ms, 872.71 KiB)
[ Info: Added 46 user-provided YAML-style diagnostics
[ Info: Saving accumulated diagnostics to disk with frequency: 1 hour
[ Info: Set up diagnostics (1.78 ms, 499.44 KiB)
[ Info: Initialized 46 total diagnostics
┌ Info: Simulation info
│   job_id = "g46_d4_budget_2c_build_check"
└   output_dir = "/dss/dsstbyfs02/scratch/0D/di38kez/claude_work/g4claims/run/g46_build/g46_d4_budget_2c/output_0000"
┌ Info: Progress
│   simulation_time = "2 minutes"
│   n_steps_completed = 1
│   wall_time_per_step = "0 seconds"
│   wall_time_total = "0 seconds"
│   wall_time_remaining = "0 seconds"
│   wall_time_spent = "0 seconds"
│   percent_complete = "50.0%"
│   estimated_sypd = "Inf"
│   instantaneous_sypd = "0.0 (sdpd_estimate = 0.0)"
│   date_now = 2026-09-25T10:53:28.127
└   estimated_finish_date = 2026-09-25T10:53:28.127
┌ Info: Progress
│   simulation_time = "4 minutes"
│   n_steps_completed = 2
│   wall_time_per_step = "0 seconds"
│   wall_time_total = "0 seconds"
│   wall_time_remaining = "0 seconds"
│   wall_time_spent = "0 seconds"
│   percent_complete = "100.0%"
│   estimated_sypd = "Inf"
│   instantaneous_sypd = "14.01"
│   date_now = 2026-09-25T10:53:28.151
└   estimated_finish_date = 2026-09-25T10:53:28.151
┌ Info: Making AtmosConfig with config files: 
└    /dss/dsshome1/0D/di38kez/git/Clima/ClimaAtmosResiDyn-g4-claims/src/config/../../config/default_configs/default_config.yml
┌ Info: numerics 
│               `energy_q_tot_upwinding`::`Val{:vanleer_limiter}`
│                     `tracer_upwinding`::`Val{:vanleer_limiter}`
│            `edmfx_mse_q_tot_upwinding`::`Val{:first_order}`
│              `edmfx_sgsflux_upwinding`::`Val{:none}`
│               `edmfx_tracer_upwinding`::`Val{:first_order}`
│              `test_dycore_consistency`::`Nothing`
│                 `reproducible_restart`::`Nothing`
│                              `limiter`::`Nothing`
│                            `diff_mode`::`ClimaAtmos.Implicit`
│                            `hyperdiff`::`ClimaAtmos.Hyperdiffusion{Float64}`
└     `vertical_water_borrowing_species`::`Nothing`
┌ Info: AtmosModel: 
│ 
│                             `water`::`ClimaAtmos.AtmosWater{ClimaAtmos.NonEquilibriumMicrophysics1M{CloudMicrophysics.Parameters.Microphysics1MOptions{CloudMicrophysics.Parameters.CloudLiquidFormation, CloudMicrophysics.Parameters.PrescribedIceNumber, CloudMicrophysics.Parameters.CloudIceMelt, CloudMicrophysics.Parameters.HomogeneousAndHeterogeneous, CloudMicrophysics.Parameters.Kessler1M, CloudMicrophysics.Parameters.NoSupersaturation, CloudMicrophysics.Parameters.RainEvaporation, CloudMicrophysics.Parameters.DepositionAndSublimation, CloudMicrophysics.Parameters.SnowMelt, CloudMicrophysics.Parameters.CloudLiquidRainAccretion, CloudMicrophysics.Parameters.CloudLiquidSnowAccretion, CloudMicrophysics.Parameters.CloudIceRainAccretion, CloudMicrophysics.Parameters.CloudIceSnowAccretion, CloudMicrophysics.Parameters.RainSnowAccretion}}, ClimaAtmos.QuadratureCloud, ClimaAtmos.Implicit, Nothing, ClimaAtmos.SGSQuadrature{3, StaticArraysCore.SVector{3, Float64}, StaticArraysCore.SVector{3, Float64}, ClimaAtmos.GaussianSGS, Float64}, ClimaAtmos.DiagnosticTerminalVelocity, ClimaAtmos.FixedTerminalVelocity, ClimaAtmos.DiagnosticTerminalVelocity, ClimaAtmos.FixedTerminalVelocity}`
│                         `scm_setup`::`ClimaAtmos.SCMSetup{ClimaAtmos.LargeScaleSubsidence{ClimaAtmos.Setups.var"#27#28"{Float64}}, Nothing, Nothing, Bool, @NamedTuple{prof_ug::Returns{Float64}, prof_vg::Returns{Float64}, coriolis_param::Float64}}`
│                         `radiation`::`ClimaAtmos.AtmosRadiation{ClimaAtmos.RadiationDYCOMS{Float64}, ClimaAtmos.IdealizedInsolation, Tuple{}, Tuple{}}`
│                          `turbconv`::`ClimaAtmos.AtmosTurbconv{ClimaAtmos.EDMFXModel{ClimaAtmos.InvZEntrainment, ClimaAtmos.BuoyancyVelocityDetrainment, Val{false}, Val{false}, ClimaAtmos.SmoothMinimumBlending}, ClimaAtmos.PrognosticEDMFX{1, true, Float64}, Nothing, Nothing, Nothing}`
│                   `prescribed_flow`::`Nothing`
│                      `gravity_wave`::`ClimaAtmos.AtmosGravityWave{Nothing, Nothing}`
│                `vertical_diffusion`::`Nothing`
│                            `sponge`::`ClimaAtmos.AtmosSponge{Nothing, Nothing}`
│                           `surface`::`ClimaAtmos.AtmosSurface{ClimaAtmos.SurfaceConditions.MoninObukhov{Float64, ClimaAtmos.SurfaceConditions.HeatFluxes{Float64, Float64}, Float64}, ClimaAtmos.SurfaceConditions.AnalyticTemperature{Returns{Float64}}, ClimaAtmos.SurfaceConditions.SurfaceBoundaryOverrides{Float64, Float64, Nothing, Nothing, Nothing, Nothing}, ClimaAtmos.ConstantAlbedo{Float64}}`
│                          `numerics`::`ClimaAtmos.AtmosNumerics{Val{:vanleer_limiter}, Val{:vanleer_limiter}, Val{:first_order}, Val{:none}, Val{:first_order}, Nothing, Nothing, Nothing, ClimaAtmos.Implicit, ClimaAtmos.Hyperdiffusion{Float64}, Nothing}`
│                         `chemistry`::`ClimaAtmos.AtmosChem{Nothing}`
│                           `tagging`::`ClimaAtmos.AtmosTagging{Nothing, Nothing, Nothing, Nothing, Nothing}`
└                              `cosp`::`Nothing`
┌ Info: Microphysics settings: 
│                        `n_substeps`::`3`
│                   `n_substeps_quad`::`2`
│            `cloud_liquid_formation`::`CloudLiquidFormation`
│               `cloud_ice_formation`::`PrescribedIceNumber`
│                    `cloud_ice_melt`::`CloudIceMelt`
│             `cloud_liquid_freezing`::`HomogeneousAndHeterogeneous`
│               `rain_autoconversion`::`Kessler1M`
│               `snow_autoconversion`::`NoSupersaturation`
│     `rain_condensation_evaporation`::`RainEvaporation`
│       `snow_deposition_sublimation`::`DepositionAndSublimation`
│                         `snow_melt`::`SnowMelt`
│       `cloud_liquid_rain_accretion`::`CloudLiquidRainAccretion`
│       `cloud_liquid_snow_accretion`::`CloudLiquidSnowAccretion`
│          `cloud_ice_rain_accretion`::`CloudIceRainAccretion`
│          `cloud_ice_snow_accretion`::`CloudIceSnowAccretion`
└               `rain_snow_accretion`::`RainSnowAccretion`
[ Info: Single-process ClimaAtmos run on CPUSingleThreaded
[ Info: Using ODE config: `ClimaTimeSteppers.ARS222`
[ Info: Initialized state (2.016 ms, 4.7 KiB)
[ Info: Built cache (66.536 s, 10.89 GiB)
[ Info: Assembled callbacks (81.745 ms, 5.77 MiB)
┌ Info: Jacobian algorithm: ManualSparseJacobian(
│   approximate_solve_iters = 2,
└ )
[ Info: Jacobian derivative flags: topography_flag = IgnoreDerivative, diffusion_flag = UseDerivative
[ Info: Built tendency function (27.192 s, 376.61 MiB)
[ Info: Initialized integrator (71.171 s, 6.97 GiB)
[ Info: Added 26 user-provided YAML-style diagnostics
[ Info: Set up diagnostics (16.583 s, 19.67 MiB)
[ Info: Initialized 26 total diagnostics
┌ Info: Simulation info
│   job_id = "g46_d4_untagged_build_check"
└   output_dir = "/dss/dsstbyfs02/scratch/0D/di38kez/claude_work/g4claims/run/g46_build/g46_d4_untagged/output_0000"
┌ Info: Progress
│   simulation_time = "2 minutes"
│   n_steps_completed = 1
│   wall_time_per_step = "0 seconds"
│   wall_time_total = "0 seconds"
│   wall_time_remaining = "0 seconds"
│   wall_time_spent = "0 seconds"
│   percent_complete = "50.0%"
│   estimated_sypd = "Inf"
│   instantaneous_sypd = "0.0 (sdpd_estimate = 0.0)"
│   date_now = 2026-09-25T11:03:15.556
└   estimated_finish_date = 2026-09-25T11:03:15.556
┌ Info: Progress
│   simulation_time = "4 minutes"
│   n_steps_completed = 2
│   wall_time_per_step = "0 seconds"
│   wall_time_total = "0 seconds"
│   wall_time_remaining = "0 seconds"
│   wall_time_spent = "0 seconds"
│   percent_complete = "100.0%"
│   estimated_sypd = "Inf"
│   instantaneous_sypd = "0.76"
│   date_now = 2026-09-25T11:03:15.988
└   estimated_finish_date = 2026-09-25T11:03:15.988
== g46_d4_budget: built in 888.9 s, stepped to t = 240.0 seconds (2010-01-01T00:04:00) [counter = 240, period = 1 second, epoch = 2010-01-01T00:00:00]
ok    g46_d4_budget keeps the residual's source ledger
ok    g46_d4_budget: the ledger is finite
ok    g46_d4_budget keeps the energy records
ok    g46_d4_budget keeps the water records
ok    g46_d4_budget: the report has the forecast
ok    g46_d4_budget: the report's local maximum is finite
ok    g46_d4_budget: the headroom is positive
ok    g46_d4_budget: the throughput is positive
ok    g46_d4_budget: the offset is the config's
== g46_d4_budget_2c: built in 0.5 s, stepped to t = 240.0 seconds (2010-01-01T00:04:00) [counter = 240, period = 1 second, epoch = 2010-01-01T00:00:00]
ok    g46_d4_budget_2c keeps the residual's source ledger
ok    g46_d4_budget_2c: the ledger is finite
ok    g46_d4_budget_2c keeps the energy records
ok    g46_d4_budget_2c keeps the water records
ok    g46_d4_budget_2c: the report has the forecast
ok    g46_d4_budget_2c: the report's local maximum is finite
ok    g46_d4_budget_2c: the headroom is positive
ok    g46_d4_budget_2c: the throughput is positive
ok    g46_d4_budget_2c: the offset is the config's
== g46_d4_untagged: built in 261.7 s, stepped to t = 240.0 seconds (2010-01-01T00:04:00) [counter = 240, period = 1 second, epoch = 2010-01-01T00:00:00]
ok    g46_d4_untagged has no energy source tags
all checks passed
2300.55 s
exit=0
