================================================================
ClimaAtmos tag-closure run
================================================================
Run (job_id):    g2_v2_nosponge_2h
Machine:         terrabyte
Configuration:   /dss/dsshome1/0D/di38kez/git/Clima/ClimaAtmosResiDyn-inc-run3/experiments/tag_closure/configs/g2_v2_nosponge_2h.yml
SLURM job:       13509166
Partition:       hpda2_test
Nodes:           hpdar03c01s11
CPUs per task:   2
Tasks:           1
Launch:          (direct)
Repository:      /dss/dsshome1/0D/di38kez/git/Clima/ClimaAtmosResiDyn-inc-run3
Commit:          04d639160aafea9a812cadb13f6161377f27c479 (from git-files)
Julia:           /dss/dsshome1/0D/di38kez/.juliaup/bin/julia +1.11
Project:         /dss/dsshome1/0D/di38kez/git/Clima/ClimaAtmosResiDyn-inc-run3/.buildkite
Driver:          /dss/dsshome1/0D/di38kez/git/Clima/ClimaAtmosResiDyn-inc-run3/experiments/tag_closure/run_tag_closure.jl
Depot:           /dss/dsstbyfs02/scratch/0D/di38kez/julia-depots/terrabyte-cpu
Run directory:   /dss/dsstbyfs02/scratch/0D/di38kez/tag_closure
Output base:     /dss/dsstbyfs02/scratch/0D/di38kez/tag_closure/output/g2_v2_nosponge_2h
Start time:      2026-09-19T15:46:36+02:00
Loaded modules:
Currently Loaded Modulefiles:
 1) stack/24.4.0{arch=auto}(default) <aL>   4) gcc/13.2.0(default)           
 2) uv/0.9.26                               5) openmpi/4.1.8-gcc13(default)  
 3) python/3.12                            
Key:
{variant=value}  (symbolic-version)  <module-tag>  <aL>=auto-loaded  
Wrote /dss/dsstbyfs02/scratch/0D/di38kez/tag_closure/output/g2_v2_nosponge_2h/output_0000/provenance.txt
Driver exit status: 0
End time:           2026-09-19T17:24:24+02:00
┌ Info: Making AtmosConfig with config files: 
│    /dss/dsshome1/0D/di38kez/git/Clima/ClimaAtmosResiDyn-inc-run3/src/config/../../config/default_configs/default_config.yml
└    /dss/dsshome1/0D/di38kez/git/Clima/ClimaAtmosResiDyn-inc-run3/experiments/tag_closure/configs/g2_v2_nosponge_2h.yml
[ Info: Using DCMIP200Topography orography
┌ Info: numerics 
│               `energy_q_tot_upwinding`::`Val{:vanleer_limiter}`
│                     `tracer_upwinding`::`Val{:vanleer_limiter}`
│            `edmfx_mse_q_tot_upwinding`::`Val{:first_order}`
│              `edmfx_sgsflux_upwinding`::`Val{:none}`
│               `edmfx_tracer_upwinding`::`Val{:first_order}`
│              `test_dycore_consistency`::`Nothing`
│                 `reproducible_restart`::`Nothing`
│                              `limiter`::`Nothing`
│                            `diff_mode`::`ClimaAtmos.Implicit`
│                            `hyperdiff`::`ClimaAtmos.Hyperdiffusion{Float32}`
└     `vertical_water_borrowing_species`::`Nothing`
┌ Warning: `energy_source_tags` with `turbconv: prognostic_edmfx`: the eddy diffusion moves the tags as passive tracers, while it moves `ρe_tot` in enthalpy form. The difference goes to `e_src_res`.
└ @ ClimaAtmos ~/git/Clima/ClimaAtmosResiDyn-inc-run3/src/config/tracer_config.jl:1244
┌ Warning: `energy_source_tags` tag `mp` lists `microphysics`, which cannot contribute under NonEquilibriumMicrophysics1M. Only 0-moment microphysics changes `ρe_tot`. The other schemes move water between species, and the energy leaves with sedimentation, which the tags follow as transport. Note `moist` and `all` both expand to include `microphysics`.
└ @ ClimaAtmos ~/git/Clima/ClimaAtmosResiDyn-inc-run3/src/config/tracer_config.jl:630
┌ Warning: `energy_source_tags` tag `new_tropics` lists `precipitation`, which cannot contribute to a source tag. It is the sedimentation of precipitating species, which moves energy between levels rather than adding it. Where water sediments, the tags follow it as transport instead, so nothing is credited to `precipitation`. The `energy_tracers` family does attribute it. Under 0-moment microphysics, rain leaves through `microphysics` instead. Note `moist` and `all` both expand to include `precipitation`.
└ @ ClimaAtmos ~/git/Clima/ClimaAtmosResiDyn-inc-run3/src/config/tracer_config.jl:617
┌ Warning: `energy_source_tags` tag `new_tropics` lists `microphysics`, which cannot contribute under NonEquilibriumMicrophysics1M. Only 0-moment microphysics changes `ρe_tot`. The other schemes move water between species, and the energy leaves with sedimentation, which the tags follow as transport. Note `moist` and `all` both expand to include `microphysics`.
└ @ ClimaAtmos ~/git/Clima/ClimaAtmosResiDyn-inc-run3/src/config/tracer_config.jl:630
┌ Warning: `energy_source_tags` tag `new_extratropics` lists `precipitation`, which cannot contribute to a source tag. It is the sedimentation of precipitating species, which moves energy between levels rather than adding it. Where water sediments, the tags follow it as transport instead, so nothing is credited to `precipitation`. The `energy_tracers` family does attribute it. Under 0-moment microphysics, rain leaves through `microphysics` instead. Note `moist` and `all` both expand to include `precipitation`.
└ @ ClimaAtmos ~/git/Clima/ClimaAtmosResiDyn-inc-run3/src/config/tracer_config.jl:617
┌ Warning: `energy_source_tags` tag `new_extratropics` lists `microphysics`, which cannot contribute under NonEquilibriumMicrophysics1M. Only 0-moment microphysics changes `ρe_tot`. The other schemes move water between species, and the energy leaves with sedimentation, which the tags follow as transport. Note `moist` and `all` both expand to include `microphysics`.
└ @ ClimaAtmos ~/git/Clima/ClimaAtmosResiDyn-inc-run3/src/config/tracer_config.jl:630
┌ Warning: `energy_process_record` lists `microphysics`, which records nothing under NonEquilibriumMicrophysics1M. Only 0-moment microphysics changes `ρe_tot` and `ρq_tot`. The other schemes move water between species, so this record stays zero, which reads the same as a process that did nothing. Their rain-out is in the `precipitation` record.
└ @ ClimaAtmos ~/git/Clima/ClimaAtmosResiDyn-inc-run3/src/config/tracer_config.jl:1116
┌ Info: AtmosModel: 
│ 
│                             `water`::`ClimaAtmos.AtmosWater{ClimaAtmos.NonEquilibriumMicrophysics1M{CloudMicrophysics.Parameters.Microphysics1MOptions{CloudMicrophysics.Parameters.CloudLiquidFormation, CloudMicrophysics.Parameters.PrescribedIceNumber, CloudMicrophysics.Parameters.CloudIceMelt, CloudMicrophysics.Parameters.HomogeneousAndHeterogeneous, CloudMicrophysics.Parameters.Kessler1M, CloudMicrophysics.Parameters.NoSupersaturation, CloudMicrophysics.Parameters.RainEvaporation, CloudMicrophysics.Parameters.DepositionAndSublimation, CloudMicrophysics.Parameters.SnowMelt, CloudMicrophysics.Parameters.CloudLiquidRainAccretion, CloudMicrophysics.Parameters.CloudLiquidSnowAccretion, CloudMicrophysics.Parameters.CloudIceRainAccretion, CloudMicrophysics.Parameters.CloudIceSnowAccretion, CloudMicrophysics.Parameters.RainSnowAccretion}}, ClimaAtmos.QuadratureCloud, ClimaAtmos.Implicit, Nothing, ClimaAtmos.SGSQuadrature{3, StaticArraysCore.SVector{3, Float32}, StaticArraysCore.SVector{3, Float32}, ClimaAtmos.GaussianSGS, Float32}, ClimaAtmos.DiagnosticTerminalVelocity, ClimaAtmos.FixedTerminalVelocity, ClimaAtmos.DiagnosticTerminalVelocity, ClimaAtmos.FixedTerminalVelocity}`
│                         `scm_setup`::`ClimaAtmos.SCMSetup{Nothing, Nothing, Nothing, Bool, Nothing}`
│                         `radiation`::`ClimaAtmos.AtmosRadiation{ClimaAtmos.RRTMGPInterface.ClearSkyRadiation, ClimaAtmos.IdealizedInsolation, Tuple{}, Tuple{}}`
│                          `turbconv`::`ClimaAtmos.AtmosTurbconv{ClimaAtmos.EDMFXModel{ClimaAtmos.InvZEntrainment, ClimaAtmos.BuoyancyVelocityDetrainment, Val{false}, Val{false}, ClimaAtmos.SmoothMinimumBlending}, ClimaAtmos.PrognosticEDMFX{1, true, Float32}, Nothing, Nothing, Nothing}`
│                   `prescribed_flow`::`Nothing`
│                      `gravity_wave`::`ClimaAtmos.AtmosGravityWave{Nothing, Nothing}`
│                `vertical_diffusion`::`Nothing`
│                            `sponge`::`ClimaAtmos.AtmosSponge{Nothing, Nothing}`
│                           `surface`::`ClimaAtmos.AtmosSurface{ClimaAtmos.SurfaceConditions.MoninObukhov{Float32, Nothing, Nothing}, ClimaAtmos.SurfaceConditions.AnalyticTemperature{typeof(ClimaAtmos.Setups.zonally_symmetric_temperature)}, ClimaAtmos.SurfaceConditions.SurfaceBoundaryOverrides{Nothing, Nothing, Nothing, Nothing, Nothing, Nothing}, ClimaAtmos.ConstantAlbedo{Float32}}`
│                          `numerics`::`ClimaAtmos.AtmosNumerics{Val{:vanleer_limiter}, Val{:vanleer_limiter}, Val{:first_order}, Val{:none}, Val{:first_order}, Nothing, Nothing, Nothing, ClimaAtmos.Implicit, ClimaAtmos.Hyperdiffusion{Float32}, Nothing}`
│                         `chemistry`::`ClimaAtmos.AtmosChem{Nothing}`
│                           `tagging`::`ClimaAtmos.AtmosTagging{Nothing, Nothing, ClimaAtmos.EnergySourceTaggingModel{Tuple{ClimaAtmos.EnergySourceTag{:tropics, ClimaAtmos.TanhLatitudeRegion{Float32}, Tuple{}}, ClimaAtmos.EnergySourceTag{:extratropics, ClimaAtmos.TanhLatitudeRegion{Float32}, Tuple{}}, ClimaAtmos.EnergySourceTag{:sfc, Nothing, Tuple{Symbol}}, ClimaAtmos.EnergySourceTag{:rad, Nothing, Tuple{Symbol}}, ClimaAtmos.EnergySourceTag{:mp, Nothing, Tuple{Symbol}}, ClimaAtmos.EnergySourceTag{:new_tropics, ClimaAtmos.TanhLatitudeRegion{Float32}, NTuple{8, Symbol}}, ClimaAtmos.EnergySourceTag{:new_extratropics, ClimaAtmos.TanhLatitudeRegion{Float32}, NTuple{8, Symbol}}}, Float32, ClimaAtmos.EnthalpyIncrementEnergySourceTransport}, ClimaAtmos.ProcessRecordModel{Tuple{ClimaAtmos.RecordedProcess{:radiation}, ClimaAtmos.RecordedProcess{:surface_flux}, ClimaAtmos.RecordedProcess{:microphysics}, ClimaAtmos.RecordedProcess{:precipitation}}}, Nothing}`
└                              `cosp`::`Nothing`
┌ Info: Microphysics settings: 
│                        `n_substeps`::`3`
│                   `n_substeps_quad`::`2`
│            `cloud_liquid_formation`::`CloudLiquidFormation`
│               `cloud_ice_formation`::`PrescribedIceNumber`
│                    `cloud_ice_melt`::`CloudIceMelt`
│             `cloud_liquid_freezing`::`HomogeneousAndHeterogeneous`
│               `rain_autoconversion`::`Kessler1M`
│               `snow_autoconversion`::`NoSupersaturation`
│     `rain_condensation_evaporation`::`RainEvaporation`
│       `snow_deposition_sublimation`::`DepositionAndSublimation`
│                         `snow_melt`::`SnowMelt`
│       `cloud_liquid_rain_accretion`::`CloudLiquidRainAccretion`
│       `cloud_liquid_snow_accretion`::`CloudLiquidSnowAccretion`
│          `cloud_ice_rain_accretion`::`CloudIceRainAccretion`
│          `cloud_ice_snow_accretion`::`CloudIceSnowAccretion`
└               `rain_snow_accretion`::`RainSnowAccretion`
[ Info: Single-process ClimaAtmos run on CPUSingleThreaded
[ Info: Using ODE config: `ClimaTimeSteppers.ARS222`
[ Info: Initialized state (71.643 ms, 4.85 MiB)
[ Info: Built cache (242.404 s, 44.14 GiB)
[ Info: Assembled callbacks (532.118 ms, 36.08 MiB)
┌ Info: Jacobian algorithm: ManualSparseJacobian(
│   approximate_solve_iters = 2,
└ )
[ Info: Jacobian derivative flags: topography_flag = UseDerivative, diffusion_flag = UseDerivative
[ Info: Built tendency function (456.691 s, 20.52 GiB)
[ Info: Initialized integrator (171.543 s, 15.0 GiB)
[ Info: Added 16 user-provided YAML-style diagnostics
[ Info: Set up diagnostics (75.46 s, 572.98 MiB)
[ Info: Initialized 16 total diagnostics
┌ Info: Simulation info
│   job_id = "g2_v2_nosponge_2h"
└   output_dir = "output/g2_v2_nosponge_2h/output_0000"
┌ Info: Running
│   job_id = "g2_v2_nosponge_2h"
│   output_dir = "output/g2_v2_nosponge_2h/output_0000"
└   tspan = (0.0 seconds (2010-01-01T00:00:00) [counter = 0, period = 1 second, epoch = 2010-01-01T00:00:00], 7200.0 seconds (2010-01-01T02:00:00) [counter = 7200, period = 1 second, epoch = 2010-01-01T00:00:00])
┌ Info: Progress
│   simulation_time = "20 seconds"
│   n_steps_completed = 1
│   wall_time_per_step = "0 seconds"
│   wall_time_total = "0 seconds"
│   wall_time_remaining = "0 seconds"
│   wall_time_spent = "0 seconds"
│   percent_complete = "0.3%"
│   estimated_sypd = "Inf"
│   instantaneous_sypd = "0.0 (sdpd_estimate = 0.0)"
│   date_now = 2026-09-19T16:26:43.391
└   estimated_finish_date = 2026-09-19T16:26:43.391
┌ Info: Progress
│   simulation_time = "40 seconds"
│   n_steps_completed = 2
│   wall_time_per_step = "0 seconds"
│   wall_time_total = "0 seconds"
│   wall_time_remaining = "0 seconds"
│   wall_time_spent = "0 seconds"
│   percent_complete = "0.6%"
│   estimated_sypd = "Inf"
│   instantaneous_sypd = "0.004 (sdpd_estimate = 1.391)"
│   date_now = 2026-09-19T16:26:57.696
└   estimated_finish_date = 2026-09-19T16:26:57.696
┌ Info: Progress
│   simulation_time = "1 minute, 20 seconds"
│   n_steps_completed = 4
│   wall_time_per_step = "9 seconds, 675 milliseconds"
│   wall_time_total = "58 minutes, 3 seconds"
│   wall_time_remaining = "57 minutes, 24 seconds"
│   wall_time_spent = "38 seconds, 701 milliseconds"
│   percent_complete = "1.1%"
│   estimated_sypd = "0.006 (sdpd_estimate = 2.067)"
│   instantaneous_sypd = "0.006 (sdpd_estimate = 2.067)"
│   date_now = 2026-09-19T16:27:17.302
└   estimated_finish_date = 2026-09-19T17:24:42.302
┌ Info: Progress
│   simulation_time = "2 minutes, 40 seconds"
│   n_steps_completed = 8
│   wall_time_per_step = "9 seconds, 716 milliseconds"
│   wall_time_total = "58 minutes, 17 seconds"
│   wall_time_remaining = "57 minutes, 258 milliseconds"
│   wall_time_spent = "1 minute, 17 seconds"
│   percent_complete = "2.2%"
│   estimated_sypd = "0.006 (sdpd_estimate = 2.058)"
│   instantaneous_sypd = "0.006 (sdpd_estimate = 2.05)"
│   date_now = 2026-09-19T16:27:56.078
└   estimated_finish_date = 2026-09-19T17:24:57.078
┌ Info: Progress
│   simulation_time = "5 minutes, 20 seconds"
│   n_steps_completed = 16
│   wall_time_per_step = "9 seconds, 691 milliseconds"
│   wall_time_total = "58 minutes, 8 seconds"
│   wall_time_remaining = "55 minutes, 33 seconds"
│   wall_time_spent = "2 minutes, 35 seconds"
│   percent_complete = "4.4%"
│   estimated_sypd = "0.006 (sdpd_estimate = 2.064)"
│   instantaneous_sypd = "0.006 (sdpd_estimate = 2.069)"
│   date_now = 2026-09-19T16:29:13.409
└   estimated_finish_date = 2026-09-19T17:24:47.409
┌ Info: Progress
│   simulation_time = "10 minutes, 40 seconds"
│   n_steps_completed = 32
│   wall_time_per_step = "9 seconds, 672 milliseconds"
│   wall_time_total = "58 minutes, 1 second"
│   wall_time_remaining = "52 minutes, 52 seconds"
│   wall_time_spent = "5 minutes, 9 seconds"
│   percent_complete = "8.9%"
│   estimated_sypd = "0.006 (sdpd_estimate = 2.068)"
│   instantaneous_sypd = "0.006 (sdpd_estimate = 2.072)"
│   date_now = 2026-09-19T16:31:47.852
└   estimated_finish_date = 2026-09-19T17:24:40.852
┌ Info: Progress
│   simulation_time = "17 minutes"
│   n_steps_completed = 51
│   wall_time_per_step = "9 seconds, 663 milliseconds"
│   wall_time_total = "57 minutes, 58 seconds"
│   wall_time_remaining = "49 minutes, 45 seconds"
│   wall_time_spent = "8 minutes, 12 seconds"
│   percent_complete = "14.2%"
│   estimated_sypd = "0.006 (sdpd_estimate = 2.07)"
│   instantaneous_sypd = "0.006 (sdpd_estimate = 2.073)"
│   date_now = 2026-09-19T16:34:51.160
└   estimated_finish_date = 2026-09-19T17:24:37.160
┌ Info: Progress
│   simulation_time = "21 minutes, 20 seconds"
│   n_steps_completed = 64
│   wall_time_per_step = "9 seconds, 657 milliseconds"
│   wall_time_total = "57 minutes, 56 seconds"
│   wall_time_remaining = "47 minutes, 38 seconds"
│   wall_time_spent = "10 minutes, 18 seconds"
│   percent_complete = "17.8%"
│   estimated_sypd = "0.006 (sdpd_estimate = 2.071)"
│   instantaneous_sypd = "0.006 (sdpd_estimate = 2.076)"
│   date_now = 2026-09-19T16:36:56.414
└   estimated_finish_date = 2026-09-19T17:24:35.414
┌ Info: Progress
│   simulation_time = "27 minutes, 40 seconds"
│   n_steps_completed = 83
│   wall_time_per_step = "9 seconds, 656 milliseconds"
│   wall_time_total = "57 minutes, 56 seconds"
│   wall_time_remaining = "44 minutes, 34 seconds"
│   wall_time_spent = "13 minutes, 21 seconds"
│   percent_complete = "23.1%"
│   estimated_sypd = "0.006 (sdpd_estimate = 2.071)"
│   instantaneous_sypd = "0.006 (sdpd_estimate = 2.072)"
│   date_now = 2026-09-19T16:39:59.795
└   estimated_finish_date = 2026-09-19T17:24:34.795
┌ Info: Progress
│   simulation_time = "34 minutes"
│   n_steps_completed = 102
│   wall_time_per_step = "9 seconds, 650 milliseconds"
│   wall_time_total = "57 minutes, 54 seconds"
│   wall_time_remaining = "41 minutes, 29 seconds"
│   wall_time_spent = "16 minutes, 24 seconds"
│   percent_complete = "28.3%"
│   estimated_sypd = "0.006 (sdpd_estimate = 2.072)"
│   instantaneous_sypd = "0.006 (sdpd_estimate = 2.077)"
│   date_now = 2026-09-19T16:43:02.747
└   estimated_finish_date = 2026-09-19T17:24:32.747
┌ Info: Progress
│   simulation_time = "40 minutes, 20 seconds"
│   n_steps_completed = 121
│   wall_time_per_step = "9 seconds, 647 milliseconds"
│   wall_time_total = "57 minutes, 52 seconds"
│   wall_time_remaining = "38 minutes, 25 seconds"
│   wall_time_spent = "19 minutes, 27 seconds"
│   percent_complete = "33.6%"
│   estimated_sypd = "0.006 (sdpd_estimate = 2.073)"
│   instantaneous_sypd = "0.006 (sdpd_estimate = 2.078)"
│   date_now = 2026-09-19T16:46:05.645
└   estimated_finish_date = 2026-09-19T17:24:31.644
┌ Info: Progress
│   simulation_time = "42 minutes, 40 seconds"
│   n_steps_completed = 128
│   wall_time_per_step = "9 seconds, 645 milliseconds"
│   wall_time_total = "57 minutes, 52 seconds"
│   wall_time_remaining = "37 minutes, 17 seconds"
│   wall_time_spent = "20 minutes, 34 seconds"
│   percent_complete = "35.6%"
│   estimated_sypd = "0.006 (sdpd_estimate = 2.074)"
│   instantaneous_sypd = "0.006 (sdpd_estimate = 2.081)"
│   date_now = 2026-09-19T16:47:12.930
└   estimated_finish_date = 2026-09-19T17:24:30.930
┌ Info: Progress
│   simulation_time = "49 minutes"
│   n_steps_completed = 147
│   wall_time_per_step = "9 seconds, 640 milliseconds"
│   wall_time_total = "57 minutes, 50 seconds"
│   wall_time_remaining = "34 minutes, 13 seconds"
│   wall_time_spent = "23 minutes, 37 seconds"
│   percent_complete = "40.8%"
│   estimated_sypd = "0.006 (sdpd_estimate = 2.075)"
│   instantaneous_sypd = "0.006 (sdpd_estimate = 2.082)"
│   date_now = 2026-09-19T16:50:15.444
└   estimated_finish_date = 2026-09-19T17:24:29.444
┌ Info: Progress
│   simulation_time = "55 minutes, 20 seconds"
│   n_steps_completed = 166
│   wall_time_per_step = "9 seconds, 636 milliseconds"
│   wall_time_total = "57 minutes, 49 seconds"
│   wall_time_remaining = "31 minutes, 9 seconds"
│   wall_time_spent = "26 minutes, 39 seconds"
│   percent_complete = "46.1%"
│   estimated_sypd = "0.006 (sdpd_estimate = 2.076)"
│   instantaneous_sypd = "0.006 (sdpd_estimate = 2.082)"
│   date_now = 2026-09-19T16:53:17.949
└   estimated_finish_date = 2026-09-19T17:24:27.949
┌ Info: Progress
│   simulation_time = "1 hour, 1 minute"
│   n_steps_completed = 185
│   wall_time_per_step = "9 seconds, 681 milliseconds"
│   wall_time_total = "58 minutes, 5 seconds"
│   wall_time_remaining = "28 minutes, 14 seconds"
│   wall_time_spent = "29 minutes, 51 seconds"
│   percent_complete = "51.4%"
│   estimated_sypd = "0.006 (sdpd_estimate = 2.066)"
│   instantaneous_sypd = "0.005 (sdpd_estimate = 1.984)"
│   date_now = 2026-09-19T16:56:29.516
└   estimated_finish_date = 2026-09-19T17:24:44.516
┌ Info: Progress
│   simulation_time = "1 hour, 8 minutes"
│   n_steps_completed = 204
│   wall_time_per_step = "9 seconds, 671 milliseconds"
│   wall_time_total = "58 minutes, 1 second"
│   wall_time_remaining = "25 minutes, 8 seconds"
│   wall_time_spent = "32 minutes, 52 seconds"
│   percent_complete = "56.7%"
│   estimated_sypd = "0.006 (sdpd_estimate = 2.068)"
│   instantaneous_sypd = "0.006 (sdpd_estimate = 2.09)"
│   date_now = 2026-09-19T16:59:31.301
└   estimated_finish_date = 2026-09-19T17:24:40.301
┌ Info: Progress
│   simulation_time = "1 hour, 14 minutes"
│   n_steps_completed = 223
│   wall_time_per_step = "9 seconds, 662 milliseconds"
│   wall_time_total = "57 minutes, 58 seconds"
│   wall_time_remaining = "22 minutes, 3 seconds"
│   wall_time_spent = "35 minutes, 54 seconds"
│   percent_complete = "61.9%"
│   estimated_sypd = "0.006 (sdpd_estimate = 2.07)"
│   instantaneous_sypd = "0.006 (sdpd_estimate = 2.089)"
│   date_now = 2026-09-19T17:02:33.169
└   estimated_finish_date = 2026-09-19T17:24:37.169
┌ Info: Progress
│   simulation_time = "1 hour, 20 minutes"
│   n_steps_completed = 242
│   wall_time_per_step = "9 seconds, 653 milliseconds"
│   wall_time_total = "57 minutes, 55 seconds"
│   wall_time_remaining = "18 minutes, 59 seconds"
│   wall_time_spent = "38 minutes, 56 seconds"
│   percent_complete = "67.2%"
│   estimated_sypd = "0.006 (sdpd_estimate = 2.072)"
│   instantaneous_sypd = "0.006 (sdpd_estimate = 2.095)"
│   date_now = 2026-09-19T17:05:34.524
└   estimated_finish_date = 2026-09-19T17:24:34.524
┌ Info: Progress
│   simulation_time = "1 hour, 25 minutes"
│   n_steps_completed = 256
│   wall_time_per_step = "9 seconds, 648 milliseconds"
│   wall_time_total = "57 minutes, 53 seconds"
│   wall_time_remaining = "16 minutes, 43 seconds"
│   wall_time_spent = "41 minutes, 9 seconds"
│   percent_complete = "71.1%"
│   estimated_sypd = "0.006 (sdpd_estimate = 2.073)"
│   instantaneous_sypd = "0.006 (sdpd_estimate = 2.093)"
│   date_now = 2026-09-19T17:07:48.275
└   estimated_finish_date = 2026-09-19T17:24:32.275
┌ Info: Progress
│   simulation_time = "1 hour, 31 minutes"
│   n_steps_completed = 275
│   wall_time_per_step = "9 seconds, 639 milliseconds"
│   wall_time_total = "57 minutes, 50 seconds"
│   wall_time_remaining = "13 minutes, 39 seconds"
│   wall_time_spent = "44 minutes, 10 seconds"
│   percent_complete = "76.4%"
│   estimated_sypd = "0.006 (sdpd_estimate = 2.075)"
│   instantaneous_sypd = "0.006 (sdpd_estimate = 2.099)"
│   date_now = 2026-09-19T17:10:49.274
└   estimated_finish_date = 2026-09-19T17:24:29.274
┌ Info: Progress
│   simulation_time = "1 hour, 38 minutes"
│   n_steps_completed = 294
│   wall_time_per_step = "9 seconds, 632 milliseconds"
│   wall_time_total = "57 minutes, 47 seconds"
│   wall_time_remaining = "10 minutes, 35 seconds"
│   wall_time_spent = "47 minutes, 11 seconds"
│   percent_complete = "81.7%"
│   estimated_sypd = "0.006 (sdpd_estimate = 2.076)"
│   instantaneous_sypd = "0.006 (sdpd_estimate = 2.1)"
│   date_now = 2026-09-19T17:13:50.247
└   estimated_finish_date = 2026-09-19T17:24:26.247
┌ Info: Progress
│   simulation_time = "1 hour, 44 minutes"
│   n_steps_completed = 313
│   wall_time_per_step = "9 seconds, 625 milliseconds"
│   wall_time_total = "57 minutes, 45 seconds"
│   wall_time_remaining = "7 minutes, 32 seconds"
│   wall_time_spent = "50 minutes, 12 seconds"
│   percent_complete = "86.9%"
│   estimated_sypd = "0.006 (sdpd_estimate = 2.078)"
│   instantaneous_sypd = "0.006 (sdpd_estimate = 2.103)"
│   date_now = 2026-09-19T17:16:50.974
└   estimated_finish_date = 2026-09-19T17:24:23.974
┌ Info: Progress
│   simulation_time = "1 hour, 50 minutes"
│   n_steps_completed = 332
│   wall_time_per_step = "9 seconds, 618 milliseconds"
│   wall_time_total = "57 minutes, 42 seconds"
│   wall_time_remaining = "4 minutes, 29 seconds"
│   wall_time_spent = "53 minutes, 13 seconds"
│   percent_complete = "92.2%"
│   estimated_sypd = "0.006 (sdpd_estimate = 2.079)"
│   instantaneous_sypd = "0.006 (sdpd_estimate = 2.103)"
│   date_now = 2026-09-19T17:19:51.710
└   estimated_finish_date = 2026-09-19T17:24:21.710
┌ Info: Progress
│   simulation_time = "1 hour, 57 minutes"
│   n_steps_completed = 351
│   wall_time_per_step = "9 seconds, 612 milliseconds"
│   wall_time_total = "57 minutes, 40 seconds"
│   wall_time_remaining = "1 minute, 26 seconds"
│   wall_time_spent = "56 minutes, 13 seconds"
│   percent_complete = "97.5%"
│   estimated_sypd = "0.006 (sdpd_estimate = 2.081)"
│   instantaneous_sypd = "0.006 (sdpd_estimate = 2.105)"
│   date_now = 2026-09-19T17:22:52.224
└   estimated_finish_date = 2026-09-19T17:24:19.224
[ Info: solve! walltime = 3455.199
[ Info: sypd: 0.006 (sdpd = 2.084)
[ Info: wall_time_per_timestep: 9 seconds, 597 milliseconds
[ Info: Memory currently used (after solve!) by the process (RSS): 16.17 GiB
┌ Info: Tag-closure run finished
│   simulation.job_id = "g2_v2_nosponge_2h"
└   result.ret_code = :success
┌ Info: Where it went
│   config = "/dss/dsshome1/0D/di38kez/git/Clima/ClimaAtmosResiDyn-inc-run3/experiments/tag_closure/configs/g2_v2_nosponge_2h.yml"
└   simulation.output_dir = "output/g2_v2_nosponge_2h/output_0000"
┌ Info: energy_source tag closure (3 rows)
│   columns: time,total,tagged,residual,relative,gross_residual,gross_relative,scale,nonpositive_fraction,residual_at_spin_up,residual_since_spin_up,relative_since_spin_up
│   first:   0.0,4.3198106e23,4.3198102e23,3.6028797e16,8.340365e-8,4.505382e15,1.04295825e-8,4.3198106e23,0.0,NaN,NaN,NaN
│   last:    7200.0,4.3193707e23,4.3193707e23,0.0,0.0,1.6701447e18,3.866639e-6,4.3193707e23,0.0,0.0,0.0,0.0
└   path = "output/g2_v2_nosponge_2h/output_0000/energy_source_tag_closure.csv"
