================================================================
ClimaAtmos tag-closure run
================================================================
Run (job_id):    wp4aj_dt120_n1_off
Machine:         terrabyte
Configuration:   /dss/dsshome1/0D/di38kez/git/Clima/ClimaAtmosResiDyn-wp4aj-run/experiments/tag_closure/configs/wp4aj_dt120_n1_off.yml
SLURM job:       13999650
Partition:       hpda2_compute
Nodes:           hpdar03c05s12
CPUs per task:   2
Tasks:           1
Launch:          (direct)
Repository:      /dss/dsshome1/0D/di38kez/git/Clima/ClimaAtmosResiDyn-wp4aj-run
Commit:          727dba0afc67abafdceb803f8b786fa89ad6c347 (from git-files)
Julia:           /dss/dsshome1/0D/di38kez/.juliaup/bin/julia +1.11
Project:         /dss/dsshome1/0D/di38kez/git/Clima/ClimaAtmosResiDyn-wp4aj-run/.buildkite
Driver:          /dss/dsshome1/0D/di38kez/git/Clima/ClimaAtmosResiDyn-wp4aj-run/experiments/tag_closure/run_tag_closure.jl
Depot:           /dss/dsstbyfs02/scratch/0D/di38kez/julia-depots/terrabyte-cpu
Run directory:   /dss/dsstbyfs02/scratch/0D/di38kez/tag_closure
Output base:     /dss/dsstbyfs02/scratch/0D/di38kez/tag_closure/output/wp4aj_dt120_n1_off
Start time:      2026-09-29T13:50:35+02:00

Loaded modules:
Currently Loaded Modulefiles:
 1) stack/24.4.0{arch=auto}(default) <aL>   3) gcc/13.2.0(default)           
 2) python/3.12                             4) openmpi/4.1.8-gcc13(default)  

Key:
{variant=value}  (symbolic-version)  <module-tag>  <aL>=auto-loaded  


Wrote /dss/dsstbyfs02/scratch/0D/di38kez/tag_closure/output/wp4aj_dt120_n1_off/output_0000/provenance.txt
Driver exit status: 0
End time:           2026-09-29T14:04:32+02:00
--- warnings and errors from g3-wp4aj_dt120_n1_off-13999650.err
┌ Warning: water tag closure residual 0.007019875261594361 exceeds the warning tolerance 1.0e-10 at t = 360.0 s: the residual has drifted past the level set for this check. A warning level is not an acceptance threshold; see output/wp4aj_dt120_n1_off/output_0000/water_tag_closure.csv.
┌ Warning: water tag closure residual 0.00626851464599977 exceeds the warning tolerance 1.0e-10 at t = 720.0 s: the residual has drifted past the level set for this check. A warning level is not an acceptance threshold; see output/wp4aj_dt120_n1_off/output_0000/water_tag_closure.csv.
┌ Warning: water tag closure residual 0.00570299769587183 exceeds the warning tolerance 1.0e-10 at t = 1080.0 s: the residual has drifted past the level set for this check. A warning level is not an acceptance threshold; see output/wp4aj_dt120_n1_off/output_0000/water_tag_closure.csv.
┌ Warning: water tag closure residual 0.005319670825160939 exceeds the warning tolerance 1.0e-10 at t = 1440.0 s: the residual has drifted past the level set for this check. A warning level is not an acceptance threshold; see output/wp4aj_dt120_n1_off/output_0000/water_tag_closure.csv.
┌ Warning: water tag closure residual 0.005015062465297038 exceeds the warning tolerance 1.0e-10 at t = 1800.0 s: the residual has drifted past the level set for this check. A warning level is not an acceptance threshold; see output/wp4aj_dt120_n1_off/output_0000/water_tag_closure.csv.
┌ Warning: water tag closure residual 0.004721155334377998 exceeds the warning tolerance 1.0e-10 at t = 2160.0 s: the residual has drifted past the level set for this check. A warning level is not an acceptance threshold; see output/wp4aj_dt120_n1_off/output_0000/water_tag_closure.csv.
┌ Warning: water tag closure residual 0.004436028140201846 exceeds the warning tolerance 1.0e-10 at t = 2520.0 s: the residual has drifted past the level set for this check. A warning level is not an acceptance threshold; see output/wp4aj_dt120_n1_off/output_0000/water_tag_closure.csv.
┌ Warning: water tag closure residual 0.0042349919525707025 exceeds the warning tolerance 1.0e-10 at t = 2880.0 s: the residual has drifted past the level set for this check. A warning level is not an acceptance threshold; see output/wp4aj_dt120_n1_off/output_0000/water_tag_closure.csv.
┌ Warning: water tag closure residual 0.004035921813756969 exceeds the warning tolerance 1.0e-10 at t = 3240.0 s: the residual has drifted past the level set for this check. A warning level is not an acceptance threshold; see output/wp4aj_dt120_n1_off/output_0000/water_tag_closure.csv.
┌ Warning: water tag closure residual 0.003853237160580213 exceeds the warning tolerance 1.0e-10 at t = 3600.0 s: the residual has drifted past the level set for this check. A warning level is not an acceptance threshold; see output/wp4aj_dt120_n1_off/output_0000/water_tag_closure.csv.
┌ Warning: water tag closure residual 0.003688492022293611 exceeds the warning tolerance 1.0e-10 at t = 3960.0 s: the residual has drifted past the level set for this check. A warning level is not an acceptance threshold; see output/wp4aj_dt120_n1_off/output_0000/water_tag_closure.csv.
┌ Warning: water tag closure residual 0.0035341685325916286 exceeds the warning tolerance 1.0e-10 at t = 4320.0 s: the residual has drifted past the level set for this check. A warning level is not an acceptance threshold; see output/wp4aj_dt120_n1_off/output_0000/water_tag_closure.csv.
┌ Warning: water tag closure residual 0.003388103093121078 exceeds the warning tolerance 1.0e-10 at t = 4680.0 s: the residual has drifted past the level set for this check. A warning level is not an acceptance threshold; see output/wp4aj_dt120_n1_off/output_0000/water_tag_closure.csv.
┌ Warning: water tag closure residual 0.0032588272452645905 exceeds the warning tolerance 1.0e-10 at t = 5040.0 s: the residual has drifted past the level set for this check. A warning level is not an acceptance threshold; see output/wp4aj_dt120_n1_off/output_0000/water_tag_closure.csv.
┌ Warning: water tag closure residual 0.0031374274887064285 exceeds the warning tolerance 1.0e-10 at t = 5400.0 s: the residual has drifted past the level set for this check. A warning level is not an acceptance threshold; see output/wp4aj_dt120_n1_off/output_0000/water_tag_closure.csv.
┌ Warning: water tag closure residual 0.0030212072271813364 exceeds the warning tolerance 1.0e-10 at t = 5760.0 s: the residual has drifted past the level set for this check. A warning level is not an acceptance threshold; see output/wp4aj_dt120_n1_off/output_0000/water_tag_closure.csv.
┌ Warning: water tag closure residual 0.0029099263235502753 exceeds the warning tolerance 1.0e-10 at t = 6120.0 s: the residual has drifted past the level set for this check. A warning level is not an acceptance threshold; see output/wp4aj_dt120_n1_off/output_0000/water_tag_closure.csv.
┌ Warning: water tag closure residual 0.0028035612063369297 exceeds the warning tolerance 1.0e-10 at t = 6480.0 s: the residual has drifted past the level set for this check. A warning level is not an acceptance threshold; see output/wp4aj_dt120_n1_off/output_0000/water_tag_closure.csv.
┌ Warning: water tag closure residual 0.002701849990292357 exceeds the warning tolerance 1.0e-10 at t = 6840.0 s: the residual has drifted past the level set for this check. A warning level is not an acceptance threshold; see output/wp4aj_dt120_n1_off/output_0000/water_tag_closure.csv.
┌ Warning: water tag closure residual 0.0026045808095511084 exceeds the warning tolerance 1.0e-10 at t = 7200.0 s: the residual has drifted past the level set for this check. A warning level is not an acceptance threshold; see output/wp4aj_dt120_n1_off/output_0000/water_tag_closure.csv.
