# run.log for c5_column_offset, trimmed from SLURM job 13385401's .out and .err on terrabyte.
# The runscript's header:
================================================================
ClimaAtmos tag-closure run
================================================================
Run (job_id):    c5_column_offset
Machine:         terrabyte
Configuration:   /dss/dsshome1/0D/di38kez/git/Clima/ClimaAtmosResiDyn.jl/experiments/tag_closure/configs/c5_column_offset.yml
SLURM job:       13385401
Partition:       hpda2_test
Nodes:           hpdar03c01s12
CPUs per task:   2
Repository:      /dss/dsshome1/0D/di38kez/git/Clima/ClimaAtmosResiDyn.jl
Commit:          bca389bac1034d31070d2e7d4612dfbe68ab3008 (from git-files)
Julia:           /dss/dsshome1/0D/di38kez/.juliaup/bin/julia +1.11
Project:         /dss/dsshome1/0D/di38kez/git/Clima/ClimaAtmosResiDyn.jl/.buildkite
Driver:          /dss/dsshome1/0D/di38kez/git/Clima/ClimaAtmosResiDyn.jl/experiments/tag_closure/run_tag_closure.jl
Depot:           /dss/dsstbyfs02/scratch/0D/di38kez/julia-depots/terrabyte-cpu
Run directory:   /dss/dsstbyfs02/scratch/0D/di38kez/tag_closure
Output base:     /dss/dsstbyfs02/scratch/0D/di38kez/tag_closure/output/c5_column_offset
Start time:      2026-09-10T17:42:19+02:00

Loaded modules:
Currently Loaded Modulefiles:
 1) stack/24.4.0{arch=auto}(default) <aL>   3) openmpi/4.1.8-gcc13(default)  
 2) gcc/13.2.0(default)                    

Key:
{variant=value}  (symbolic-version)  <module-tag>  <aL>=auto-loaded  


Wrote /dss/dsstbyfs02/scratch/0D/di38kez/tag_closure/output/c5_column_offset/output_0000/provenance.txt
Driver exit status: 0
End time:           2026-09-10T17:50:43+02:00

# Every distinct warning, first occurrence, first line only:
┌ Warning: `energy_source_tags` tag `new_strat` lists `precipitation`, which cannot contribute to a source tag: only the explicit tendency path is bracketed for this family, and `precipitation` is reached solely from the implicit path. That part of the tag stays zero. The `energy_tracers` family does receive it. Note `moist` and `all` both expand to include `precipitation`.
┌ Warning: `energy_source_tags` tag `new_strat` lists `microphysics`, which contributes only when microphysics is stepped explicitly. Under the default implicit microphysics timestepping that part of the tag stays zero.
┌ Warning: `energy_source_tags` tag `new_tropo` lists `precipitation`, which cannot contribute to a source tag: only the explicit tendency path is bracketed for this family, and `precipitation` is reached solely from the implicit path. That part of the tag stays zero. The `energy_tracers` family does receive it. Note `moist` and `all` both expand to include `precipitation`.
┌ Warning: `energy_source_tags` tag `new_tropo` lists `microphysics`, which contributes only when microphysics is stepped explicitly. Under the default implicit microphysics timestepping that part of the tag stays zero.
┌ Warning: energy_source tag closure residual 0.0015253691081620732 exceeds the configured tolerance 1.0e-6. The tags no longer account for the field they partition; see output/c5_column_offset/output_0000/energy_source_tag_closure.csv.
┌ Warning: energy_source tag closure residual 0.0019902722225040247 exceeds the configured tolerance 1.0e-6. The tags no longer account for the field they partition; see output/c5_column_offset/output_0000/energy_source_tag_closure.csv.
┌ Warning: energy_source tag closure residual 0.0028641540323545863 exceeds the configured tolerance 1.0e-6. The tags no longer account for the field they partition; see output/c5_column_offset/output_0000/energy_source_tag_closure.csv.
┌ Warning: energy_source tag closure residual 0.003912393251910252 exceeds the configured tolerance 1.0e-6. The tags no longer account for the field they partition; see output/c5_column_offset/output_0000/energy_source_tag_closure.csv.
┌ Warning: energy_source tag closure residual 0.004947006342511893 exceeds the configured tolerance 1.0e-6. The tags no longer account for the field they partition; see output/c5_column_offset/output_0000/energy_source_tag_closure.csv.
┌ Warning: energy_source tag closure residual 0.005976944824592085 exceeds the configured tolerance 1.0e-6. The tags no longer account for the field they partition; see output/c5_column_offset/output_0000/energy_source_tag_closure.csv.
┌ Warning: energy_source tag closure residual 0.0069771123190253154 exceeds the configured tolerance 1.0e-6. The tags no longer account for the field they partition; see output/c5_column_offset/output_0000/energy_source_tag_closure.csv.
┌ Warning: energy_source tag closure residual 0.007911462647455259 exceeds the configured tolerance 1.0e-6. The tags no longer account for the field they partition; see output/c5_column_offset/output_0000/energy_source_tag_closure.csv.
┌ Warning: energy_source tag closure residual 0.00883884625357622 exceeds the configured tolerance 1.0e-6. The tags no longer account for the field they partition; see output/c5_column_offset/output_0000/energy_source_tag_closure.csv.
┌ Warning: energy_source tag closure residual 0.009876729536652433 exceeds the configured tolerance 1.0e-6. The tags no longer account for the field they partition; see output/c5_column_offset/output_0000/energy_source_tag_closure.csv.
┌ Warning: energy_source tag closure residual 0.011026163312381734 exceeds the configured tolerance 1.0e-6. The tags no longer account for the field they partition; see output/c5_column_offset/output_0000/energy_source_tag_closure.csv.
┌ Warning: energy_source tag closure residual 0.012101461753519272 exceeds the configured tolerance 1.0e-6. The tags no longer account for the field they partition; see output/c5_column_offset/output_0000/energy_source_tag_closure.csv.
┌ Warning: energy_source tag closure residual 0.013113105781439153 exceeds the configured tolerance 1.0e-6. The tags no longer account for the field they partition; see output/c5_column_offset/output_0000/energy_source_tag_closure.csv.
┌ Warning: energy_source tag closure residual 0.014001716053505302 exceeds the configured tolerance 1.0e-6. The tags no longer account for the field they partition; see output/c5_column_offset/output_0000/energy_source_tag_closure.csv.
┌ Warning: energy_source tag closure residual 0.01485744446960162 exceeds the configured tolerance 1.0e-6. The tags no longer account for the field they partition; see output/c5_column_offset/output_0000/energy_source_tag_closure.csv.
┌ Warning: energy_source tag closure residual 0.01563758143736266 exceeds the configured tolerance 1.0e-6. The tags no longer account for the field they partition; see output/c5_column_offset/output_0000/energy_source_tag_closure.csv.
┌ Warning: energy_source tag closure residual 0.016445549916147262 exceeds the configured tolerance 1.0e-6. The tags no longer account for the field they partition; see output/c5_column_offset/output_0000/energy_source_tag_closure.csv.
┌ Warning: energy_source tag closure residual 0.01747994756840984 exceeds the configured tolerance 1.0e-6. The tags no longer account for the field they partition; see output/c5_column_offset/output_0000/energy_source_tag_closure.csv.
┌ Warning: energy_source tag closure residual 0.018443070533925406 exceeds the configured tolerance 1.0e-6. The tags no longer account for the field they partition; see output/c5_column_offset/output_0000/energy_source_tag_closure.csv.
┌ Warning: energy_source tag closure residual 0.019299660622016237 exceeds the configured tolerance 1.0e-6. The tags no longer account for the field they partition; see output/c5_column_offset/output_0000/energy_source_tag_closure.csv.
┌ Warning: energy_source tag closure residual 0.02005737294641888 exceeds the configured tolerance 1.0e-6. The tags no longer account for the field they partition; see output/c5_column_offset/output_0000/energy_source_tag_closure.csv.
┌ Warning: energy_source tag closure residual 0.020774172192492592 exceeds the configured tolerance 1.0e-6. The tags no longer account for the field they partition; see output/c5_column_offset/output_0000/energy_source_tag_closure.csv.
┌ Warning: energy_source tag closure residual 0.02146773216260903 exceeds the configured tolerance 1.0e-6. The tags no longer account for the field they partition; see output/c5_column_offset/output_0000/energy_source_tag_closure.csv.
┌ Warning: energy_source tag closure residual 0.022123389867419595 exceeds the configured tolerance 1.0e-6. The tags no longer account for the field they partition; see output/c5_column_offset/output_0000/energy_source_tag_closure.csv.

# The end of the run:
[ Info: solve! walltime = 19.132
[ Info: sypd: 12.372
[ Info: wall_time_per_timestep: 2 milliseconds, 214 microseconds

Wrote /dss/dsstbyfs02/scratch/0D/di38kez/tag_closure/output/c5_column_offset/output_0000/provenance.txt
Driver exit status: 0
End time:           2026-09-10T17:50:43+02:00
