run: /dss/dsstbyfs02/scratch/0D/di38kez/tag_closure/output/c6_sphere_no_repair/output_active
offset 110495.0 J/kg; regions extratropics, tropics; processes rad, sfc
form A, new energy by region against by process:
  largest pointwise gap 148.78116354173108 J/kg, at t = 86400.0 s, grid index (1, 1, 1)
  there: new by region 21198.140366847616, by process 21049.359203305885
  largest relative gap 0.007034083529922294
  largest gap by hour: 0.0 1.5 1.51 2.02 16.5 28.9 40.3 50.6 59.9 68.4 76.2 83.7 90.6 96.9 103.0 108.0 113.0 119.0 124.0 129.0 133.0 138.0 142.0 145.0 149.0
  record microphysics there: 270.6052835357525 J/kg
  record radiation there: 2579.442183260396 J/kg
  record surface_flux there: 18869.94098879669 J/kg
  tag extratropics there: 31138.386213145543 J/kg
  tag new_extratropics there: 21198.140362845515 J/kg
  tag new_tropics there: 4.002100450588827e-6 J/kg
  tag rad there: 2524.4525434711773 J/kg
  tag sfc there: 18524.90665983471 J/kg
  tag tropics there: 0.015678740024883203 J/kg
  share of the gap's absolute sum where the source tags' negative parts add up to below -1 J/kg: 0.010074913481402327, at a fraction 0.15601851851851853 of the points
  initial energy of extratropics: smallest value -9616.608787538087 J/kg
  initial energy of tropics: smallest value -11637.75886749848 J/kg
  with the repair's ledgers taken back out, an indicator only: largest gap 148.78116354173108 J/kg
the repair's ledgers over the run, J/kg:
  extratropics      0.0   0.0
  new_extratropics  0.0   0.0
  new_tropics       0.0   0.0
  rad               0.0   0.0
  sfc               0.0   0.0
  tropics           0.0   0.0
tag minima and maxima over the run, J/kg:
  extratropics      -9627.849625054254   228130.35159812032
  new_extratropics  -157.55353980785569   21198.14710359438
  new_tropics       -88.39106195516436   2210.012378984919
  rad               -31.47383992888209   3217.382652116675
  sfc               -208.0416896420459   18524.919051458404
  tropics           -11663.609666733266   225492.71860378282
record microphysics over the run: -0.07369889942536192 to 270.66224755489117 J/kg
record radiation over the run: -2542.52247700756 to 3359.148236054472 J/kg
record surface_flux over the run: -13129.072297604256 to 18878.573250062822 J/kg
wrote process_closure.csv
how form A's gap cancels, as the kept fraction of its weighted gross (1: nothing cancels):
  at the largest pointwise gap, t = 86400.0 s: over levels 0.4664554935237142, over columns 0.9894188793897963, overall 0.4611625654005408
    ∫ gap / ∫ new energy 0.0012571349350810378
  at the last sample, t = 86400.0 s: over levels 0.4664554935237142, over columns 0.9894188793897963, overall 0.4611625654005408
    ∫ gap / ∫ new energy 0.0012571349350810378
wrote gap_cancellation.csv
