# run.log for transport_ledger_sphere, from SLURM job 13399604's .out and .err on terrabyte.
# The script's printed output:
commit: 6af012286f5f10c4c0dac453fbf21e0f2434e38d
config: experiments/tag_closure/configs/c6_sphere_no_repair.yml; 54 steps, ledger from step 9; offset 110495.0 J/kg; tags ρe_src_tropics, ρe_src_extratropics; horizontal parts: true
gross integrals since the spin-up ended:
  time  moved  moved_signed  pressure_v  residual_v  limiter  pressure_h  residual_h  hyperdiffusion  other  other_signed  sum_of_parts  unexplained  pressure_v_slope  pressure_h_slope  hyperdiffusion_slope  sum_slope
  7200.0  1.148e20  -9.438e17  1.312e20  6.406e17  1.038e16  3.801e19  6.117e17  3.871e18  9.308e17  -9.308e17  1.142e20  5.721e18  0.9499  -0.4151  -2.224  1.001
  10800.0  2.169e20  -2.015e18  2.645e20  1.62e18  2.5e16  9.812e19  1.281e18  6.149e18  1.992e18  -1.992e18  2.162e20  1.004e19  0.9288  -0.4794  -4.376  1.002
  14400.0  3.113e20  -3.162e18  4.0e20  2.971e18  4.389e16  1.711e20  2.1e18  8.11e18  3.132e18  -3.132e18  3.103e20  1.438e19  0.9064  -0.5573  -5.455  1.002
  18000.0  4.003e20  -4.355e18  5.349e20  4.434e18  6.632e16  2.494e20  2.981e18  9.882e18  4.319e18  -4.318e18  3.984e20  1.955e19  0.8839  -0.6995  -5.763  1.003
  21600.0  4.862e20  -5.574e18  6.672e20  5.786e18  9.466e16  3.284e20  3.927e18  1.176e19  5.533e18  -5.533e18  4.833e20  2.59e19  0.8622  -0.8303  -5.387  1.005
wrote /dss/dsstbyfs02/scratch/0D/di38kez/tag_closure/output/transport_ledger_sphere/jl_4iJtKs/transport_ledger.csv

# Every distinct warning in .err, first line only. transport_ledger/ is the run, transport_ledger_calculator/ the second simulation:
┌ Warning: `energy_source_tags` tag `new_tropics` lists `precipitation`, which cannot contribute to a source tag. It is the sedimentation of precipitating species, which this family does not bracket, because it moves energy between levels rather than adding it. That part of the tag stays zero. The `energy_tracers` family does receive it. Under 0-moment microphysics, rain leaves through `microphysics` instead. Note `moist` and `all` both expand to include `precipitation`.
┌ Warning: `energy_source_tags` tag `new_extratropics` lists `precipitation`, which cannot contribute to a source tag. It is the sedimentation of precipitating species, which this family does not bracket, because it moves energy between levels rather than adding it. That part of the tag stays zero. The `energy_tracers` family does receive it. Under 0-moment microphysics, rain leaves through `microphysics` instead. Note `moist` and `all` both expand to include `precipitation`.
┌ Warning: energy_source tag closure residual 0.002705379288657289 exceeds the configured tolerance 1.0e-6 at t = 3600.0 s. The tags no longer account for the field they partition; see /dss/dsstbyfs02/scratch/0D/di38kez/tag_closure/output/transport_ledger_sphere/jl_4iJtKs/transport_ledger/output_0000/energy_source_tag_closure.csv.
┌ Warning: energy_source tag closure residual 0.002705379288657289 exceeds the configured tolerance 1.0e-6 at t = 3600.0 s. The tags no longer account for the field they partition; see /dss/dsstbyfs02/scratch/0D/di38kez/tag_closure/output/transport_ledger_sphere/jl_4iJtKs/transport_ledger_calculator/output_0000/energy_source_tag_closure.csv.
┌ Warning: energy_source tag closure residual 0.0028648157585948945 exceeds the configured tolerance 1.0e-6 at t = 7200.0 s. The tags no longer account for the field they partition; see /dss/dsstbyfs02/scratch/0D/di38kez/tag_closure/output/transport_ledger_sphere/jl_4iJtKs/transport_ledger/output_0000/energy_source_tag_closure.csv.
┌ Warning: energy_source tag closure residual 0.0028648157585948945 exceeds the configured tolerance 1.0e-6 at t = 7200.0 s. The tags no longer account for the field they partition; see /dss/dsstbyfs02/scratch/0D/di38kez/tag_closure/output/transport_ledger_sphere/jl_4iJtKs/transport_ledger_calculator/output_0000/energy_source_tag_closure.csv.
┌ Warning: energy_source tag closure residual 0.0030245054139172983 exceeds the configured tolerance 1.0e-6 at t = 10800.0 s. The tags no longer account for the field they partition; see /dss/dsstbyfs02/scratch/0D/di38kez/tag_closure/output/transport_ledger_sphere/jl_4iJtKs/transport_ledger/output_0000/energy_source_tag_closure.csv.
┌ Warning: energy_source tag closure residual 0.0030245054139172983 exceeds the configured tolerance 1.0e-6 at t = 10800.0 s. The tags no longer account for the field they partition; see /dss/dsstbyfs02/scratch/0D/di38kez/tag_closure/output/transport_ledger_sphere/jl_4iJtKs/transport_ledger_calculator/output_0000/energy_source_tag_closure.csv.
┌ Warning: energy_source tag closure residual 0.0031805538743092687 exceeds the configured tolerance 1.0e-6 at t = 14400.0 s. The tags no longer account for the field they partition; see /dss/dsstbyfs02/scratch/0D/di38kez/tag_closure/output/transport_ledger_sphere/jl_4iJtKs/transport_ledger/output_0000/energy_source_tag_closure.csv.
┌ Warning: energy_source tag closure residual 0.003180553928234451 exceeds the configured tolerance 1.0e-6 at t = 14400.0 s. The tags no longer account for the field they partition; see /dss/dsstbyfs02/scratch/0D/di38kez/tag_closure/output/transport_ledger_sphere/jl_4iJtKs/transport_ledger_calculator/output_0000/energy_source_tag_closure.csv.
┌ Warning: energy_source tag closure residual 0.0033322031862154833 exceeds the configured tolerance 1.0e-6 at t = 18000.0 s. The tags no longer account for the field they partition; see /dss/dsstbyfs02/scratch/0D/di38kez/tag_closure/output/transport_ledger_sphere/jl_4iJtKs/transport_ledger/output_0000/energy_source_tag_closure.csv.
┌ Warning: energy_source tag closure residual 0.003332203204792391 exceeds the configured tolerance 1.0e-6 at t = 18000.0 s. The tags no longer account for the field they partition; see /dss/dsstbyfs02/scratch/0D/di38kez/tag_closure/output/transport_ledger_sphere/jl_4iJtKs/transport_ledger_calculator/output_0000/energy_source_tag_closure.csv.
┌ Warning: energy_source tag closure residual 0.003483014059236221 exceeds the configured tolerance 1.0e-6 at t = 21600.0 s. The tags no longer account for the field they partition; see /dss/dsstbyfs02/scratch/0D/di38kez/tag_closure/output/transport_ledger_sphere/jl_4iJtKs/transport_ledger/output_0000/energy_source_tag_closure.csv.
┌ Warning: energy_source tag closure residual 0.0034830140736581603 exceeds the configured tolerance 1.0e-6 at t = 21600.0 s. The tags no longer account for the field they partition; see /dss/dsstbyfs02/scratch/0D/di38kez/tag_closure/output/transport_ledger_sphere/jl_4iJtKs/transport_ledger_calculator/output_0000/energy_source_tag_closure.csv.
