Precompiling ClimaAtmos...
  48145.1 ms  ✓ ClimaAtmos
  1 dependency successfully precompiled in 54 seconds. 277 already precompiled.
┌ Info: Making AtmosConfig with config files: 
│    /dss/dsshome1/0D/di38kez/git/Clima/ClimaAtmosResiDyn-inc-run/src/config/../../config/default_configs/default_config.yml
└    /dss/dsshome1/0D/di38kez/git/Clima/ClimaAtmosResiDyn-inc-run/experiments/tag_closure/configs/inc_d4_enthalpy_increment.yml
┌ Info: numerics 
│               `energy_q_tot_upwinding`::`Val{:vanleer_limiter}`
│                     `tracer_upwinding`::`Val{:vanleer_limiter}`
│            `edmfx_mse_q_tot_upwinding`::`Val{:first_order}`
│              `edmfx_sgsflux_upwinding`::`Val{:none}`
│               `edmfx_tracer_upwinding`::`Val{:first_order}`
│              `test_dycore_consistency`::`Nothing`
│                 `reproducible_restart`::`Nothing`
│                              `limiter`::`Nothing`
│                            `diff_mode`::`ClimaAtmos.Implicit`
│                            `hyperdiff`::`ClimaAtmos.Hyperdiffusion{Float64}`
└     `vertical_water_borrowing_species`::`Nothing`
┌ Warning: `energy_source_tags` with `turbconv: prognostic_edmfx`: the eddy diffusion moves the tags as passive tracers, while it moves `ρe_tot` in enthalpy form. The difference goes to `e_src_res`.
└ @ ClimaAtmos ~/git/Clima/ClimaAtmosResiDyn-inc-run/src/config/tracer_config.jl:1244
┌ Warning: `energy_source_tags` tag `mp` lists `microphysics`, which cannot contribute under NonEquilibriumMicrophysics1M. Only 0-moment microphysics changes `ρe_tot`. The other schemes move water between species, and the energy leaves with sedimentation, which the tags follow as transport. Note `moist` and `all` both expand to include `microphysics`.
└ @ ClimaAtmos ~/git/Clima/ClimaAtmosResiDyn-inc-run/src/config/tracer_config.jl:630
┌ Warning: `energy_source_tags` tag `new_strat` lists `precipitation`, which cannot contribute to a source tag. It is the sedimentation of precipitating species, which moves energy between levels rather than adding it. Where water sediments, the tags follow it as transport instead, so nothing is credited to `precipitation`. The `energy_tracers` family does attribute it. Under 0-moment microphysics, rain leaves through `microphysics` instead. Note `moist` and `all` both expand to include `precipitation`.
└ @ ClimaAtmos ~/git/Clima/ClimaAtmosResiDyn-inc-run/src/config/tracer_config.jl:617
┌ Warning: `energy_source_tags` tag `new_strat` lists `microphysics`, which cannot contribute under NonEquilibriumMicrophysics1M. Only 0-moment microphysics changes `ρe_tot`. The other schemes move water between species, and the energy leaves with sedimentation, which the tags follow as transport. Note `moist` and `all` both expand to include `microphysics`.
└ @ ClimaAtmos ~/git/Clima/ClimaAtmosResiDyn-inc-run/src/config/tracer_config.jl:630
┌ Warning: `energy_source_tags` tag `new_tropo` lists `precipitation`, which cannot contribute to a source tag. It is the sedimentation of precipitating species, which moves energy between levels rather than adding it. Where water sediments, the tags follow it as transport instead, so nothing is credited to `precipitation`. The `energy_tracers` family does attribute it. Under 0-moment microphysics, rain leaves through `microphysics` instead. Note `moist` and `all` both expand to include `precipitation`.
└ @ ClimaAtmos ~/git/Clima/ClimaAtmosResiDyn-inc-run/src/config/tracer_config.jl:617
┌ Warning: `energy_source_tags` tag `new_tropo` lists `microphysics`, which cannot contribute under NonEquilibriumMicrophysics1M. Only 0-moment microphysics changes `ρe_tot`. The other schemes move water between species, and the energy leaves with sedimentation, which the tags follow as transport. Note `moist` and `all` both expand to include `microphysics`.
└ @ ClimaAtmos ~/git/Clima/ClimaAtmosResiDyn-inc-run/src/config/tracer_config.jl:630
┌ Warning: `energy_process_record` lists `microphysics`, which records nothing under NonEquilibriumMicrophysics1M. Only 0-moment microphysics changes `ρe_tot` and `ρq_tot`. The other schemes move water between species, so this record stays zero, which reads the same as a process that did nothing. Their rain-out is in the `precipitation` record.
└ @ ClimaAtmos ~/git/Clima/ClimaAtmosResiDyn-inc-run/src/config/tracer_config.jl:1116
┌ Info: AtmosModel: 
│ 
│                             `water`::`ClimaAtmos.AtmosWater{ClimaAtmos.NonEquilibriumMicrophysics1M{CloudMicrophysics.Parameters.Microphysics1MOptions{CloudMicrophysics.Parameters.CloudLiquidFormation, CloudMicrophysics.Parameters.PrescribedIceNumber, CloudMicrophysics.Parameters.CloudIceMelt, CloudMicrophysics.Parameters.HomogeneousAndHeterogeneous, CloudMicrophysics.Parameters.Kessler1M, CloudMicrophysics.Parameters.NoSupersaturation, CloudMicrophysics.Parameters.RainEvaporation, CloudMicrophysics.Parameters.DepositionAndSublimation, CloudMicrophysics.Parameters.SnowMelt, CloudMicrophysics.Parameters.CloudLiquidRainAccretion, CloudMicrophysics.Parameters.CloudLiquidSnowAccretion, CloudMicrophysics.Parameters.CloudIceRainAccretion, CloudMicrophysics.Parameters.CloudIceSnowAccretion, CloudMicrophysics.Parameters.RainSnowAccretion}}, ClimaAtmos.QuadratureCloud, ClimaAtmos.Implicit, Nothing, ClimaAtmos.SGSQuadrature{3, StaticArraysCore.SVector{3, Float64}, StaticArraysCore.SVector{3, Float64}, ClimaAtmos.GaussianSGS, Float64}, ClimaAtmos.DiagnosticTerminalVelocity, ClimaAtmos.FixedTerminalVelocity, ClimaAtmos.DiagnosticTerminalVelocity, ClimaAtmos.FixedTerminalVelocity}`
│                         `scm_setup`::`ClimaAtmos.SCMSetup{ClimaAtmos.LargeScaleSubsidence{ClimaAtmos.Setups.var"#25#26"{Float64}}, Nothing, Nothing, Bool, @NamedTuple{prof_ug::Returns{Float64}, prof_vg::Returns{Float64}, coriolis_param::Float64}}`
│                         `radiation`::`ClimaAtmos.AtmosRadiation{ClimaAtmos.RadiationDYCOMS{Float64}, ClimaAtmos.IdealizedInsolation, Tuple{}, Tuple{}}`
│                          `turbconv`::`ClimaAtmos.AtmosTurbconv{ClimaAtmos.EDMFXModel{ClimaAtmos.InvZEntrainment, ClimaAtmos.BuoyancyVelocityDetrainment, Val{false}, Val{false}, ClimaAtmos.SmoothMinimumBlending}, ClimaAtmos.PrognosticEDMFX{1, true, Float64}, Nothing, Nothing, Nothing}`
│                   `prescribed_flow`::`Nothing`
│                      `gravity_wave`::`ClimaAtmos.AtmosGravityWave{Nothing, Nothing}`
│                `vertical_diffusion`::`Nothing`
│                            `sponge`::`ClimaAtmos.AtmosSponge{Nothing, Nothing}`
│                           `surface`::`ClimaAtmos.AtmosSurface{ClimaAtmos.SurfaceConditions.MoninObukhov{Float64, ClimaAtmos.SurfaceConditions.HeatFluxes{Float64, Float64}, Float64}, ClimaAtmos.SurfaceConditions.AnalyticTemperature{Returns{Float64}}, ClimaAtmos.SurfaceConditions.SurfaceBoundaryOverrides{Float64, Float64, Nothing, Nothing, Nothing, Nothing}, ClimaAtmos.ConstantAlbedo{Float64}}`
│                          `numerics`::`ClimaAtmos.AtmosNumerics{Val{:vanleer_limiter}, Val{:vanleer_limiter}, Val{:first_order}, Val{:none}, Val{:first_order}, Nothing, Nothing, Nothing, ClimaAtmos.Implicit, ClimaAtmos.Hyperdiffusion{Float64}, Nothing}`
│                         `chemistry`::`ClimaAtmos.AtmosChem{Nothing}`
│                           `tagging`::`ClimaAtmos.AtmosTagging{Nothing, Nothing, ClimaAtmos.EnergySourceTaggingModel{Tuple{ClimaAtmos.EnergySourceTag{:strat, ClimaAtmos.TanhAltitudeRegion{Float64}, Tuple{}}, ClimaAtmos.EnergySourceTag{:tropo, ClimaAtmos.TanhAltitudeRegion{Float64}, Tuple{}}, ClimaAtmos.EnergySourceTag{:rad, Nothing, Tuple{Symbol}}, ClimaAtmos.EnergySourceTag{:sfc, Nothing, Tuple{Symbol}}, ClimaAtmos.EnergySourceTag{:sub, Nothing, Tuple{Symbol}}, ClimaAtmos.EnergySourceTag{:mp, Nothing, Tuple{Symbol}}, ClimaAtmos.EnergySourceTag{:new_strat, ClimaAtmos.TanhAltitudeRegion{Float64}, NTuple{8, Symbol}}, ClimaAtmos.EnergySourceTag{:new_tropo, ClimaAtmos.TanhAltitudeRegion{Float64}, NTuple{8, Symbol}}}, Float64, ClimaAtmos.EnthalpyIncrementEnergySourceTransport}, ClimaAtmos.ProcessRecordModel{Tuple{ClimaAtmos.RecordedProcess{:radiation}, ClimaAtmos.RecordedProcess{:surface_flux}, ClimaAtmos.RecordedProcess{:subsidence}, ClimaAtmos.RecordedProcess{:microphysics}, ClimaAtmos.RecordedProcess{:precipitation}}}, Nothing}`
└                              `cosp`::`Nothing`
┌ Info: Microphysics settings: 
│                        `n_substeps`::`3`
│                   `n_substeps_quad`::`2`
│            `cloud_liquid_formation`::`CloudLiquidFormation`
│               `cloud_ice_formation`::`PrescribedIceNumber`
│                    `cloud_ice_melt`::`CloudIceMelt`
│             `cloud_liquid_freezing`::`HomogeneousAndHeterogeneous`
│               `rain_autoconversion`::`Kessler1M`
│               `snow_autoconversion`::`NoSupersaturation`
│     `rain_condensation_evaporation`::`RainEvaporation`
│       `snow_deposition_sublimation`::`DepositionAndSublimation`
│                         `snow_melt`::`SnowMelt`
│       `cloud_liquid_rain_accretion`::`CloudLiquidRainAccretion`
│       `cloud_liquid_snow_accretion`::`CloudLiquidSnowAccretion`
│          `cloud_ice_rain_accretion`::`CloudIceRainAccretion`
│          `cloud_ice_snow_accretion`::`CloudIceSnowAccretion`
└               `rain_snow_accretion`::`RainSnowAccretion`
[ Info: Single-process ClimaAtmos run on CPUSingleThreaded
[ Info: Using ODE config: `ClimaTimeSteppers.ARS222`
[ Info: Initialized state (98.041 μs, 7.76 KiB)
[ Info: Built cache (196.309 s, 30.03 GiB)
[ Info: Assembled callbacks (582.152 ms, 34.75 MiB)
┌ Info: Jacobian algorithm: ManualSparseJacobian(
│   approximate_solve_iters = 2,
└ )
[ Info: Jacobian derivative flags: topography_flag = IgnoreDerivative, diffusion_flag = UseDerivative
[ Info: Built tendency function (545.353 s, 20.16 GiB)
[ Info: Initialized integrator (156.491 s, 9.01 GiB)
[ Info: Added 24 user-provided YAML-style diagnostics
[ Info: Set up diagnostics (43.699 s, 369.26 MiB)
[ Info: Initialized 24 total diagnostics
┌ Info: Simulation info
│   job_id = "inc_d4_enthalpy_increment"
└   output_dir = "output/inc_d4_enthalpy_increment/output_0000"
┌ Info: Running
│   job_id = "inc_d4_enthalpy_increment"
│   output_dir = "output/inc_d4_enthalpy_increment/output_0000"
└   tspan = (0.0 seconds (2010-01-01T00:00:00) [counter = 0, period = 1 second, epoch = 2010-01-01T00:00:00], 86400.0 seconds (2010-01-02T00:00:00) [counter = 86400, period = 1 second, epoch = 2010-01-01T00:00:00])
┌ Info: Progress
│   simulation_time = "2 minutes"
│   n_steps_completed = 1
│   wall_time_per_step = "0 seconds"
│   wall_time_total = "0 seconds"
│   wall_time_remaining = "0 seconds"
│   wall_time_spent = "0 seconds"
│   percent_complete = "0.1%"
│   estimated_sypd = "Inf"
│   instantaneous_sypd = "0.0 (sdpd_estimate = 0.0)"
│   date_now = 2026-09-19T01:15:46.383
└   estimated_finish_date = 2026-09-19T01:15:46.382
┌ Info: Progress
│   simulation_time = "4 minutes"
│   n_steps_completed = 2
│   wall_time_per_step = "0 seconds"
│   wall_time_total = "0 seconds"
│   wall_time_remaining = "0 seconds"
│   wall_time_spent = "0 seconds"
│   percent_complete = "0.3%"
│   estimated_sypd = "Inf"
│   instantaneous_sypd = "0.066"
│   date_now = 2026-09-19T01:15:51.299
└   estimated_finish_date = 2026-09-19T01:15:51.299
┌ Info: Progress
│   simulation_time = "8 minutes"
│   n_steps_completed = 4
│   wall_time_per_step = "8 milliseconds, 687 microseconds"
│   wall_time_total = "6 seconds, 254 milliseconds"
│   wall_time_remaining = "6 seconds, 220 milliseconds"
│   wall_time_spent = "34 milliseconds, 749 microseconds"
│   percent_complete = "0.6%"
│   estimated_sypd = "37.818"
│   instantaneous_sypd = "37.818"
│   date_now = 2026-09-19T01:15:51.563
└   estimated_finish_date = 2026-09-19T01:15:58.563
┌ Info: Progress
│   simulation_time = "16 minutes"
│   n_steps_completed = 8
│   wall_time_per_step = "39 milliseconds, 711 microseconds"
│   wall_time_total = "28 seconds, 592 milliseconds"
│   wall_time_remaining = "28 seconds, 274 milliseconds"
│   wall_time_spent = "317 milliseconds, 689 microseconds"
│   percent_complete = "1.1%"
│   estimated_sypd = "8.273"
│   instantaneous_sypd = "4.645"
│   date_now = 2026-09-19T01:15:51.599
└   estimated_finish_date = 2026-09-19T01:16:20.599
┌ Info: Progress
│   simulation_time = "32 minutes"
│   n_steps_completed = 16
│   wall_time_per_step = "23 milliseconds, 898 microseconds"
│   wall_time_total = "17 seconds, 206 milliseconds"
│   wall_time_remaining = "16 seconds, 824 milliseconds"
│   wall_time_spent = "382 milliseconds, 372 microseconds"
│   percent_complete = "2.2%"
│   estimated_sypd = "13.748"
│   instantaneous_sypd = "40.634"
│   date_now = 2026-09-19T01:15:51.664
└   estimated_finish_date = 2026-09-19T01:16:08.664
┌ Info: Progress
│   simulation_time = "1 hour, 4 minutes"
│   n_steps_completed = 32
│   wall_time_per_step = "85 milliseconds, 397 microseconds"
│   wall_time_total = "1 minute, 1 second"
│   wall_time_remaining = "58 seconds, 753 milliseconds"
│   wall_time_spent = "2 seconds, 732 milliseconds"
│   percent_complete = "4.4%"
│   estimated_sypd = "3.847"
│   instantaneous_sypd = "2.237"
│   date_now = 2026-09-19T01:15:54.047
└   estimated_finish_date = 2026-09-19T01:16:53.047
┌ Info: Progress
│   simulation_time = "2 hours, 8 minutes"
│   n_steps_completed = 64
│   wall_time_per_step = "47 milliseconds, 706 microseconds"
│   wall_time_total = "34 seconds, 348 milliseconds"
│   wall_time_remaining = "31 seconds, 295 milliseconds"
│   wall_time_spent = "3 seconds, 53 milliseconds"
│   percent_complete = "8.9%"
│   estimated_sypd = "6.887"
│   instantaneous_sypd = "32.803"
│   date_now = 2026-09-19T01:15:54.335
└   estimated_finish_date = 2026-09-19T01:16:26.335
┌ Info: Progress
│   simulation_time = "3 hours, 22 minutes"
│   n_steps_completed = 101
│   wall_time_per_step = "34 milliseconds, 691 microseconds"
│   wall_time_total = "24 seconds, 977 milliseconds"
│   wall_time_remaining = "21 seconds, 473 milliseconds"
│   wall_time_spent = "3 seconds, 503 milliseconds"
│   percent_complete = "14.0%"
│   estimated_sypd = "9.47"
│   instantaneous_sypd = "26.978"
│   date_now = 2026-09-19T01:15:54.785
└   estimated_finish_date = 2026-09-19T01:16:16.785
┌ Info: Progress
│   simulation_time = "4 hours, 16 minutes"
│   n_steps_completed = 128
│   wall_time_per_step = "29 milliseconds, 195 microseconds"
│   wall_time_total = "21 seconds, 20 milliseconds"
│   wall_time_remaining = "17 seconds, 283 milliseconds"
│   wall_time_spent = "3 seconds, 737 milliseconds"
│   percent_complete = "17.8%"
│   estimated_sypd = "11.253"
│   instantaneous_sypd = "38.038"
│   date_now = 2026-09-19T01:15:55.018
└   estimated_finish_date = 2026-09-19T01:16:13.018
┌ Info: Progress
│   simulation_time = "5 hours, 30 minutes"
│   n_steps_completed = 165
│   wall_time_per_step = "24 milliseconds, 567 microseconds"
│   wall_time_total = "17 seconds, 688 milliseconds"
│   wall_time_remaining = "13 seconds, 635 milliseconds"
│   wall_time_spent = "4 seconds, 53 milliseconds"
│   percent_complete = "22.9%"
│   estimated_sypd = "13.373"
│   instantaneous_sypd = "38.385"
│   date_now = 2026-09-19T01:15:55.335
└   estimated_finish_date = 2026-09-19T01:16:09.335
┌ Info: Progress
│   simulation_time = "6 hours, 44 minutes"
│   n_steps_completed = 202
│   wall_time_per_step = "21 milliseconds, 723 microseconds"
│   wall_time_total = "15 seconds, 640 milliseconds"
│   wall_time_remaining = "11 seconds, 252 milliseconds"
│   wall_time_spent = "4 seconds, 388 milliseconds"
│   percent_complete = "28.1%"
│   estimated_sypd = "15.124"
│   instantaneous_sypd = "36.344"
│   date_now = 2026-09-19T01:15:55.670
└   estimated_finish_date = 2026-09-19T01:16:07.670
┌ Info: Progress
│   simulation_time = "7 hours, 58 minutes"
│   n_steps_completed = 239
│   wall_time_per_step = "20 milliseconds, 95 microseconds"
│   wall_time_total = "14 seconds, 468 milliseconds"
│   wall_time_remaining = "9 seconds, 665 milliseconds"
│   wall_time_spent = "4 seconds, 802 milliseconds"
│   percent_complete = "33.2%"
│   estimated_sypd = "16.349"
│   instantaneous_sypd = "29.322"
│   date_now = 2026-09-19T01:15:56.084
└   estimated_finish_date = 2026-09-19T01:16:06.084
┌ Info: Progress
│   simulation_time = "8 hours, 32 minutes"
│   n_steps_completed = 256
│   wall_time_per_step = "19 milliseconds, 363 microseconds"
│   wall_time_total = "13 seconds, 941 milliseconds"
│   wall_time_remaining = "8 seconds, 984 milliseconds"
│   wall_time_spent = "4 seconds, 956 milliseconds"
│   percent_complete = "35.6%"
│   estimated_sypd = "16.967"
│   instantaneous_sypd = "36.208"
│   date_now = 2026-09-19T01:15:56.238
└   estimated_finish_date = 2026-09-19T01:16:05.238
┌ Info: Progress
│   simulation_time = "9 hours, 46 minutes"
│   n_steps_completed = 293
│   wall_time_per_step = "17 milliseconds, 943 microseconds"
│   wall_time_total = "12 seconds, 919 milliseconds"
│   wall_time_remaining = "7 seconds, 662 milliseconds"
│   wall_time_spent = "5 seconds, 257 milliseconds"
│   percent_complete = "40.7%"
│   estimated_sypd = "18.309"
│   instantaneous_sypd = "40.442"
│   date_now = 2026-09-19T01:15:56.539
└   estimated_finish_date = 2026-09-19T01:16:04.539
┌ Info: Progress
│   simulation_time = "11 hours"
│   n_steps_completed = 330
│   wall_time_per_step = "16 milliseconds, 852 microseconds"
│   wall_time_total = "12 seconds, 133 milliseconds"
│   wall_time_remaining = "6 seconds, 572 milliseconds"
│   wall_time_spent = "5 seconds, 561 milliseconds"
│   percent_complete = "45.8%"
│   estimated_sypd = "19.496"
│   instantaneous_sypd = "40.041"
│   date_now = 2026-09-19T01:15:56.843
└   estimated_finish_date = 2026-09-19T01:16:03.843
┌ Info: Progress
│   simulation_time = "12 hours, 14 minutes"
│   n_steps_completed = 367
│   wall_time_per_step = "16 milliseconds, 173 microseconds"
│   wall_time_total = "11 seconds, 644 milliseconds"
│   wall_time_remaining = "5 seconds, 709 milliseconds"
│   wall_time_spent = "5 seconds, 935 milliseconds"
│   percent_complete = "51.0%"
│   estimated_sypd = "20.313"
│   instantaneous_sypd = "32.456"
│   date_now = 2026-09-19T01:15:57.217
└   estimated_finish_date = 2026-09-19T01:16:03.217
┌ Info: Progress
│   simulation_time = "13 hours, 28 minutes"
│   n_steps_completed = 404
│   wall_time_per_step = "15 milliseconds, 446 microseconds"
│   wall_time_total = "11 seconds, 121 milliseconds"
│   wall_time_remaining = "4 seconds, 881 milliseconds"
│   wall_time_spent = "6 seconds, 240 milliseconds"
│   percent_complete = "56.1%"
│   estimated_sypd = "21.27"
│   instantaneous_sypd = "39.899"
│   date_now = 2026-09-19T01:15:57.522
└   estimated_finish_date = 2026-09-19T01:16:02.522
┌ Info: Progress
│   simulation_time = "14 hours, 42 minutes"
│   n_steps_completed = 441
│   wall_time_per_step = "14 milliseconds, 816 microseconds"
│   wall_time_total = "10 seconds, 667 milliseconds"
│   wall_time_remaining = "4 seconds, 133 milliseconds"
│   wall_time_spent = "6 seconds, 534 milliseconds"
│   percent_complete = "61.3%"
│   estimated_sypd = "22.174"
│   instantaneous_sypd = "41.391"
│   date_now = 2026-09-19T01:15:57.816
└   estimated_finish_date = 2026-09-19T01:16:02.816
┌ Info: Progress
│   simulation_time = "15 hours, 56 minutes"
│   n_steps_completed = 478
│   wall_time_per_step = "14 milliseconds, 443 microseconds"
│   wall_time_total = "10 seconds, 399 milliseconds"
│   wall_time_remaining = "3 seconds, 495 milliseconds"
│   wall_time_spent = "6 seconds, 904 milliseconds"
│   percent_complete = "66.4%"
│   estimated_sypd = "22.746"
│   instantaneous_sypd = "32.847"
│   date_now = 2026-09-19T01:15:58.186
└   estimated_finish_date = 2026-09-19T01:16:02.186
┌ Info: Progress
│   simulation_time = "17 hours, 4 minutes"
│   n_steps_completed = 512
│   wall_time_per_step = "14 milliseconds, 89 microseconds"
│   wall_time_total = "10 seconds, 144 milliseconds"
│   wall_time_remaining = "2 seconds, 930 milliseconds"
│   wall_time_spent = "7 seconds, 213 milliseconds"
│   percent_complete = "71.1%"
│   estimated_sypd = "23.318"
│   instantaneous_sypd = "36.066"
│   date_now = 2026-09-19T01:15:58.495
└   estimated_finish_date = 2026-09-19T01:16:01.495
┌ Info: Progress
│   simulation_time = "18 hours, 18 minutes"
│   n_steps_completed = 549
│   wall_time_per_step = "13 milliseconds, 712 microseconds"
│   wall_time_total = "9 seconds, 873 milliseconds"
│   wall_time_remaining = "2 seconds, 344 milliseconds"
│   wall_time_spent = "7 seconds, 528 milliseconds"
│   percent_complete = "76.2%"
│   estimated_sypd = "23.959"
│   instantaneous_sypd = "38.676"
│   date_now = 2026-09-19T01:15:58.810
└   estimated_finish_date = 2026-09-19T01:16:01.810
┌ Info: Progress
│   simulation_time = "19 hours, 32 minutes"
│   n_steps_completed = 586
│   wall_time_per_step = "13 milliseconds, 390 microseconds"
│   wall_time_total = "9 seconds, 641 milliseconds"
│   wall_time_remaining = "1 second, 794 milliseconds"
│   wall_time_spent = "7 seconds, 847 milliseconds"
│   percent_complete = "81.4%"
│   estimated_sypd = "24.535"
│   instantaneous_sypd = "38.12"
│   date_now = 2026-09-19T01:15:59.129
└   estimated_finish_date = 2026-09-19T01:16:01.129
┌ Info: Progress
│   simulation_time = "20 hours, 46 minutes"
│   n_steps_completed = 623
│   wall_time_per_step = "13 milliseconds, 174 microseconds"
│   wall_time_total = "9 seconds, 485 milliseconds"
│   wall_time_remaining = "1 second, 277 milliseconds"
│   wall_time_spent = "8 seconds, 207 milliseconds"
│   percent_complete = "86.5%"
│   estimated_sypd = "24.938"
│   instantaneous_sypd = "33.707"
│   date_now = 2026-09-19T01:15:59.489
└   estimated_finish_date = 2026-09-19T01:16:01.489
┌ Info: Progress
│   simulation_time = "22 hours"
│   n_steps_completed = 660
│   wall_time_per_step = "12 milliseconds, 893 microseconds"
│   wall_time_total = "9 seconds, 283 milliseconds"
│   wall_time_remaining = "773 milliseconds, 590 microseconds"
│   wall_time_spent = "8 seconds, 509 milliseconds"
│   percent_complete = "91.7%"
│   estimated_sypd = "25.482"
│   instantaneous_sypd = "40.28"
│   date_now = 2026-09-19T01:15:59.791
└   estimated_finish_date = 2026-09-19T01:16:00.791
┌ Info: Progress
│   simulation_time = "23 hours, 14 minutes"
│   n_steps_completed = 697
│   wall_time_per_step = "12 milliseconds, 710 microseconds"
│   wall_time_total = "9 seconds, 151 milliseconds"
│   wall_time_remaining = "292 milliseconds, 345 microseconds"
│   wall_time_spent = "8 seconds, 859 milliseconds"
│   percent_complete = "96.8%"
│   estimated_sypd = "25.848"
│   instantaneous_sypd = "34.748"
│   date_now = 2026-09-19T01:16:00.141
└   estimated_finish_date = 2026-09-19T01:16:01.141
[ Info: solve! walltime = 9.183
[ Info: sypd: 25.776
[ Info: wall_time_per_timestep: 12 milliseconds, 754 microseconds
[ Info: Memory currently used (after solve!) by the process (RSS): 13.15 GiB
┌ Info: Tag-closure run finished
│   simulation.job_id = "inc_d4_enthalpy_increment"
└   result.ret_code = :success
┌ Info: Where it went
│   config = "/dss/dsshome1/0D/di38kez/git/Clima/ClimaAtmosResiDyn-inc-run/experiments/tag_closure/configs/inc_d4_enthalpy_increment.yml"
└   simulation.output_dir = "output/inc_d4_enthalpy_increment/output_0000"
┌ Info: energy_source tag closure (25 rows)
│   columns: time,total,tagged,residual,relative,gross_residual,gross_relative,scale,nonpositive_fraction,residual_at_spin_up,residual_since_spin_up,relative_since_spin_up
│   first:   0.0,1.1298739844259547e8,1.1298739844259542e8,4.470348358154297e-8,3.9565017159196814e-16,3.488170169374527e-9,3.0872205373829646e-17,1.1298739844259547e8,0.0,NaN,NaN,NaN
│   last:    86400.0,1.1415999778238149e8,1.1415999831114395e8,-0.5287624597549438,-4.631766555942844e-9,266.94240811466494,2.338318266469541e-6,1.1415999778238149e8,0.0,-84.65531457960606,84.12655211985111,7.36917955098581e-7
└   path = "output/inc_d4_enthalpy_increment/output_0000/energy_source_tag_closure.csv"
