================================================================
ClimaAtmos tag-closure run
================================================================
Run (job_id):    wp4aj_ref_dt120_n20
Machine:         terrabyte
Configuration:   /dss/dsshome1/0D/di38kez/git/Clima/ClimaAtmosResiDyn-wp4aj-run/experiments/tag_closure/configs/wp4aj_ref_dt120_n20.yml
SLURM job:       13999659
Partition:       hpda2_compute
Nodes:           hpdar03c05s12
CPUs per task:   2
Tasks:           1
Launch:          (direct)
Repository:      /dss/dsshome1/0D/di38kez/git/Clima/ClimaAtmosResiDyn-wp4aj-run
Commit:          727dba0afc67abafdceb803f8b786fa89ad6c347 (from git-files)
Julia:           /dss/dsshome1/0D/di38kez/.juliaup/bin/julia +1.11
Project:         /dss/dsshome1/0D/di38kez/git/Clima/ClimaAtmosResiDyn-wp4aj-run/.buildkite
Driver:          /dss/dsshome1/0D/di38kez/git/Clima/ClimaAtmosResiDyn-wp4aj-run/experiments/tag_closure/run_tag_closure.jl
Depot:           /dss/dsstbyfs02/scratch/0D/di38kez/julia-depots/terrabyte-cpu
Run directory:   /dss/dsstbyfs02/scratch/0D/di38kez/tag_closure
Output base:     /dss/dsstbyfs02/scratch/0D/di38kez/tag_closure/output/wp4aj_ref_dt120_n20
Start time:      2026-09-29T13:50:43+02:00

Loaded modules:
Currently Loaded Modulefiles:
 1) stack/24.4.0{arch=auto}(default) <aL>   3) gcc/13.2.0(default)           
 2) python/3.12                             4) openmpi/4.1.8-gcc13(default)  

Key:
{variant=value}  (symbolic-version)  <module-tag>  <aL>=auto-loaded  


Wrote /dss/dsstbyfs02/scratch/0D/di38kez/tag_closure/output/wp4aj_ref_dt120_n20/output_0000/provenance.txt
Driver exit status: 0
End time:           2026-09-29T14:04:15+02:00
--- warnings and errors from g3-wp4aj_ref_dt120_n20-13999659.err
┌ Warning: water tag closure residual 0.00890149882407224 exceeds the warning tolerance 1.0e-10 at t = 360.0 s: the residual has drifted past the level set for this check. A warning level is not an acceptance threshold; see output/wp4aj_ref_dt120_n20/output_0000/water_tag_closure.csv.
┌ Warning: water tag closure residual 0.0077541195373589614 exceeds the warning tolerance 1.0e-10 at t = 720.0 s: the residual has drifted past the level set for this check. A warning level is not an acceptance threshold; see output/wp4aj_ref_dt120_n20/output_0000/water_tag_closure.csv.
┌ Warning: water tag closure residual 0.007039379709331794 exceeds the warning tolerance 1.0e-10 at t = 1080.0 s: the residual has drifted past the level set for this check. A warning level is not an acceptance threshold; see output/wp4aj_ref_dt120_n20/output_0000/water_tag_closure.csv.
┌ Warning: water tag closure residual 0.006638741380897004 exceeds the warning tolerance 1.0e-10 at t = 1440.0 s: the residual has drifted past the level set for this check. A warning level is not an acceptance threshold; see output/wp4aj_ref_dt120_n20/output_0000/water_tag_closure.csv.
┌ Warning: water tag closure residual 0.006261546614410213 exceeds the warning tolerance 1.0e-10 at t = 1800.0 s: the residual has drifted past the level set for this check. A warning level is not an acceptance threshold; see output/wp4aj_ref_dt120_n20/output_0000/water_tag_closure.csv.
┌ Warning: water tag closure residual 0.005902529888996438 exceeds the warning tolerance 1.0e-10 at t = 2160.0 s: the residual has drifted past the level set for this check. A warning level is not an acceptance threshold; see output/wp4aj_ref_dt120_n20/output_0000/water_tag_closure.csv.
┌ Warning: water tag closure residual 0.005600019867506056 exceeds the warning tolerance 1.0e-10 at t = 2520.0 s: the residual has drifted past the level set for this check. A warning level is not an acceptance threshold; see output/wp4aj_ref_dt120_n20/output_0000/water_tag_closure.csv.
┌ Warning: water tag closure residual 0.0053312677950564605 exceeds the warning tolerance 1.0e-10 at t = 2880.0 s: the residual has drifted past the level set for this check. A warning level is not an acceptance threshold; see output/wp4aj_ref_dt120_n20/output_0000/water_tag_closure.csv.
┌ Warning: water tag closure residual 0.005073923733288722 exceeds the warning tolerance 1.0e-10 at t = 3240.0 s: the residual has drifted past the level set for this check. A warning level is not an acceptance threshold; see output/wp4aj_ref_dt120_n20/output_0000/water_tag_closure.csv.
┌ Warning: water tag closure residual 0.00485005285208008 exceeds the warning tolerance 1.0e-10 at t = 3600.0 s: the residual has drifted past the level set for this check. A warning level is not an acceptance threshold; see output/wp4aj_ref_dt120_n20/output_0000/water_tag_closure.csv.
┌ Warning: water tag closure residual 0.0046452521806855844 exceeds the warning tolerance 1.0e-10 at t = 3960.0 s: the residual has drifted past the level set for this check. A warning level is not an acceptance threshold; see output/wp4aj_ref_dt120_n20/output_0000/water_tag_closure.csv.
┌ Warning: water tag closure residual 0.0044582435567873824 exceeds the warning tolerance 1.0e-10 at t = 4320.0 s: the residual has drifted past the level set for this check. A warning level is not an acceptance threshold; see output/wp4aj_ref_dt120_n20/output_0000/water_tag_closure.csv.
┌ Warning: water tag closure residual 0.00429076582357133 exceeds the warning tolerance 1.0e-10 at t = 4680.0 s: the residual has drifted past the level set for this check. A warning level is not an acceptance threshold; see output/wp4aj_ref_dt120_n20/output_0000/water_tag_closure.csv.
┌ Warning: water tag closure residual 0.004129745491230868 exceeds the warning tolerance 1.0e-10 at t = 5040.0 s: the residual has drifted past the level set for this check. A warning level is not an acceptance threshold; see output/wp4aj_ref_dt120_n20/output_0000/water_tag_closure.csv.
┌ Warning: water tag closure residual 0.003975254470145089 exceeds the warning tolerance 1.0e-10 at t = 5400.0 s: the residual has drifted past the level set for this check. A warning level is not an acceptance threshold; see output/wp4aj_ref_dt120_n20/output_0000/water_tag_closure.csv.
┌ Warning: water tag closure residual 0.0038272331506587843 exceeds the warning tolerance 1.0e-10 at t = 5760.0 s: the residual has drifted past the level set for this check. A warning level is not an acceptance threshold; see output/wp4aj_ref_dt120_n20/output_0000/water_tag_closure.csv.
┌ Warning: water tag closure residual 0.00368546863868714 exceeds the warning tolerance 1.0e-10 at t = 6120.0 s: the residual has drifted past the level set for this check. A warning level is not an acceptance threshold; see output/wp4aj_ref_dt120_n20/output_0000/water_tag_closure.csv.
┌ Warning: water tag closure residual 0.0035498990085894373 exceeds the warning tolerance 1.0e-10 at t = 6480.0 s: the residual has drifted past the level set for this check. A warning level is not an acceptance threshold; see output/wp4aj_ref_dt120_n20/output_0000/water_tag_closure.csv.
┌ Warning: water tag closure residual 0.0034202268665962975 exceeds the warning tolerance 1.0e-10 at t = 6840.0 s: the residual has drifted past the level set for this check. A warning level is not an acceptance threshold; see output/wp4aj_ref_dt120_n20/output_0000/water_tag_closure.csv.
┌ Warning: water tag closure residual 0.0033014747965795215 exceeds the warning tolerance 1.0e-10 at t = 7200.0 s: the residual has drifted past the level set for this check. A warning level is not an acceptance threshold; see output/wp4aj_ref_dt120_n20/output_0000/water_tag_closure.csv.
