# run.log for c9_column_enthalpy, trimmed from SLURM job 13402392's .out and .err on terrabyte.
# The runscript's header:
================================================================
ClimaAtmos tag-closure run
================================================================
Run (job_id):    c9_column_enthalpy
Machine:         terrabyte
Configuration:   /dss/dsshome1/0D/di38kez/git/Clima/ClimaAtmosResiDyn.jl/experiments/tag_closure/configs/c9_column_enthalpy.yml
SLURM job:       13402392
Partition:       hpda2_test
Nodes:           hpdar03c01s12
CPUs per task:   2
Repository:      /dss/dsshome1/0D/di38kez/git/Clima/ClimaAtmosResiDyn.jl
Commit:          0bfb503722448c33f784ab5292d756c590610db3 (from git-files)
Julia:           /dss/dsshome1/0D/di38kez/.juliaup/bin/julia +1.11
Project:         /dss/dsshome1/0D/di38kez/git/Clima/ClimaAtmosResiDyn.jl/.buildkite
Driver:          /dss/dsshome1/0D/di38kez/git/Clima/ClimaAtmosResiDyn.jl/experiments/tag_closure/run_tag_closure.jl
Depot:           /dss/dsstbyfs02/scratch/0D/di38kez/julia-depots/terrabyte-cpu
Run directory:   /dss/dsstbyfs02/scratch/0D/di38kez/tag_closure
Output base:     /dss/dsstbyfs02/scratch/0D/di38kez/tag_closure/output/c9_column_enthalpy
Start time:      2026-09-11T09:02:59+02:00

Loaded modules:
Currently Loaded Modulefiles:
 1) stack/24.4.0{arch=auto}(default) <aL>   3) openmpi/4.1.8-gcc13(default)  
 2) gcc/13.2.0(default)                    

Key:
{variant=value}  (symbolic-version)  <module-tag>  <aL>=auto-loaded  


Wrote /dss/dsstbyfs02/scratch/0D/di38kez/tag_closure/output/c9_column_enthalpy/output_0000/provenance.txt
Driver exit status: 0
End time:           2026-09-11T09:13:43+02:00

# Every distinct warning, first occurrence, first line only:
┌ Warning: `energy_source_tags` tag `new_strat` lists `precipitation`, which cannot contribute to a source tag. It is the sedimentation of precipitating species, which moves energy between levels rather than adding it. Where water sediments, the tags follow it as transport instead, so nothing is credited to `precipitation`. The `energy_tracers` family does attribute it. Under 0-moment microphysics, rain leaves through `microphysics` instead. Note `moist` and `all` both expand to include `precipitation`.
┌ Warning: `energy_source_tags` tag `new_tropo` lists `precipitation`, which cannot contribute to a source tag. It is the sedimentation of precipitating species, which moves energy between levels rather than adding it. Where water sediments, the tags follow it as transport instead, so nothing is credited to `precipitation`. The `energy_tracers` family does attribute it. Under 0-moment microphysics, rain leaves through `microphysics` instead. Note `moist` and `all` both expand to include `precipitation`.
┌ Warning: energy_source tag closure residual 2.384079903837523e-5 exceeds the configured tolerance 1.0e-6 at t = 3600.0 s. The tags no longer account for the field they partition; see output/c9_column_enthalpy/output_0000/energy_source_tag_closure.csv.
┌ Warning: energy_source tag closure residual 2.3515278621012463e-5 exceeds the configured tolerance 1.0e-6 at t = 7200.0 s. The tags no longer account for the field they partition; see output/c9_column_enthalpy/output_0000/energy_source_tag_closure.csv.
┌ Warning: energy_source tag closure residual 2.3144572978690143e-5 exceeds the configured tolerance 1.0e-6 at t = 10800.0 s. The tags no longer account for the field they partition; see output/c9_column_enthalpy/output_0000/energy_source_tag_closure.csv.
┌ Warning: energy_source tag closure residual 2.2788329990593247e-5 exceeds the configured tolerance 1.0e-6 at t = 14400.0 s. The tags no longer account for the field they partition; see output/c9_column_enthalpy/output_0000/energy_source_tag_closure.csv.
┌ Warning: energy_source tag closure residual 2.2456802148965906e-5 exceeds the configured tolerance 1.0e-6 at t = 18000.0 s. The tags no longer account for the field they partition; see output/c9_column_enthalpy/output_0000/energy_source_tag_closure.csv.
┌ Warning: energy_source tag closure residual 2.2167868816619048e-5 exceeds the configured tolerance 1.0e-6 at t = 21600.0 s. The tags no longer account for the field they partition; see output/c9_column_enthalpy/output_0000/energy_source_tag_closure.csv.
┌ Warning: energy_source tag closure residual 2.1927866194429417e-5 exceeds the configured tolerance 1.0e-6 at t = 25200.0 s. The tags no longer account for the field they partition; see output/c9_column_enthalpy/output_0000/energy_source_tag_closure.csv.
┌ Warning: energy_source tag closure residual 2.1756906861784244e-5 exceeds the configured tolerance 1.0e-6 at t = 28800.0 s. The tags no longer account for the field they partition; see output/c9_column_enthalpy/output_0000/energy_source_tag_closure.csv.
┌ Warning: energy_source tag closure residual 2.1581352400028824e-5 exceeds the configured tolerance 1.0e-6 at t = 32400.0 s. The tags no longer account for the field they partition; see output/c9_column_enthalpy/output_0000/energy_source_tag_closure.csv.
┌ Warning: energy_source tag closure residual 2.1409870792080124e-5 exceeds the configured tolerance 1.0e-6 at t = 36000.0 s. The tags no longer account for the field they partition; see output/c9_column_enthalpy/output_0000/energy_source_tag_closure.csv.
┌ Warning: energy_source tag closure residual 2.1250329689773642e-5 exceeds the configured tolerance 1.0e-6 at t = 39600.0 s. The tags no longer account for the field they partition; see output/c9_column_enthalpy/output_0000/energy_source_tag_closure.csv.
┌ Warning: energy_source tag closure residual 2.110361959365657e-5 exceeds the configured tolerance 1.0e-6 at t = 43200.0 s. The tags no longer account for the field they partition; see output/c9_column_enthalpy/output_0000/energy_source_tag_closure.csv.
┌ Warning: energy_source tag closure residual 2.097547539804545e-5 exceeds the configured tolerance 1.0e-6 at t = 46800.0 s. The tags no longer account for the field they partition; see output/c9_column_enthalpy/output_0000/energy_source_tag_closure.csv.
┌ Warning: energy_source tag closure residual 2.0887547775624283e-5 exceeds the configured tolerance 1.0e-6 at t = 50400.0 s. The tags no longer account for the field they partition; see output/c9_column_enthalpy/output_0000/energy_source_tag_closure.csv.
┌ Warning: energy_source tag closure residual 2.078800719959885e-5 exceeds the configured tolerance 1.0e-6 at t = 54000.0 s. The tags no longer account for the field they partition; see output/c9_column_enthalpy/output_0000/energy_source_tag_closure.csv.
┌ Warning: energy_source tag closure residual 2.0686441134160533e-5 exceeds the configured tolerance 1.0e-6 at t = 57600.0 s. The tags no longer account for the field they partition; see output/c9_column_enthalpy/output_0000/energy_source_tag_closure.csv.
┌ Warning: energy_source tag closure residual 2.0582527473739383e-5 exceeds the configured tolerance 1.0e-6 at t = 61200.0 s. The tags no longer account for the field they partition; see output/c9_column_enthalpy/output_0000/energy_source_tag_closure.csv.
┌ Warning: energy_source tag closure residual 2.047931067897652e-5 exceeds the configured tolerance 1.0e-6 at t = 64800.0 s. The tags no longer account for the field they partition; see output/c9_column_enthalpy/output_0000/energy_source_tag_closure.csv.
┌ Warning: energy_source tag closure residual 2.0377289507382895e-5 exceeds the configured tolerance 1.0e-6 at t = 68400.0 s. The tags no longer account for the field they partition; see output/c9_column_enthalpy/output_0000/energy_source_tag_closure.csv.
┌ Warning: energy_source tag closure residual 2.0283528788286598e-5 exceeds the configured tolerance 1.0e-6 at t = 72000.0 s. The tags no longer account for the field they partition; see output/c9_column_enthalpy/output_0000/energy_source_tag_closure.csv.
┌ Warning: energy_source tag closure residual 2.0192528154296908e-5 exceeds the configured tolerance 1.0e-6 at t = 75600.0 s. The tags no longer account for the field they partition; see output/c9_column_enthalpy/output_0000/energy_source_tag_closure.csv.
┌ Warning: energy_source tag closure residual 2.0108272309938546e-5 exceeds the configured tolerance 1.0e-6 at t = 79200.0 s. The tags no longer account for the field they partition; see output/c9_column_enthalpy/output_0000/energy_source_tag_closure.csv.
┌ Warning: energy_source tag closure residual 2.0017986427580486e-5 exceeds the configured tolerance 1.0e-6 at t = 82800.0 s. The tags no longer account for the field they partition; see output/c9_column_enthalpy/output_0000/energy_source_tag_closure.csv.
┌ Warning: energy_source tag closure residual 1.9928684025348078e-5 exceeds the configured tolerance 1.0e-6 at t = 86400.0 s. The tags no longer account for the field they partition; see output/c9_column_enthalpy/output_0000/energy_source_tag_closure.csv.

# The end of the run:
[ Info: solve! walltime = 21.941
[ Info: sypd: 10.788
[ Info: wall_time_per_timestep: 2 milliseconds, 539 microseconds
Wrote /dss/dsstbyfs02/scratch/0D/di38kez/tag_closure/output/c9_column_enthalpy/output_0000/provenance.txt
Driver exit status: 0
End time:           2026-09-11T09:13:43+02:00
