================================================================
ClimaAtmos tag-closure run
================================================================
Run (job_id):    v3_upd_default
Machine:         terrabyte
Configuration:   /dss/dsshome1/0D/di38kez/git/Clima/ClimaAtmosResiDyn-upd-run/experiments/tag_closure/configs/v3_upd_default.yml
SLURM job:       13528772
Partition:       hpda2_test
Nodes:           hpdar03c01s11
CPUs per task:   2
Tasks:           1
Launch:          (direct)
Repository:      /dss/dsshome1/0D/di38kez/git/Clima/ClimaAtmosResiDyn-upd-run
Commit:          e010f7805ea25d9d807e66ca10d6428d4979f33d (from git-files)
Julia:           /dss/dsshome1/0D/di38kez/.juliaup/bin/julia +1.11
Project:         /dss/dsshome1/0D/di38kez/git/Clima/ClimaAtmosResiDyn-upd-run/.buildkite
Driver:          /dss/dsshome1/0D/di38kez/git/Clima/ClimaAtmosResiDyn-upd-run/experiments/tag_closure/analysis/increment/v3_driver.jl
Depot:           /dss/dsstbyfs02/scratch/0D/di38kez/julia-depots/terrabyte-cpu
Run directory:   /dss/dsstbyfs02/scratch/0D/di38kez/tag_closure
Output base:     /dss/dsstbyfs02/scratch/0D/di38kez/tag_closure/output/v3_upd_default
Start time:      2026-09-19T21:30:05+02:00
Loaded modules:
Currently Loaded Modulefiles:
 1) stack/24.4.0{arch=auto}(default) <aL>   3) openmpi/4.1.8-gcc13(default)  
 2) gcc/13.2.0(default)                    
Key:
{variant=value}  (symbolic-version)  <module-tag>  <aL>=auto-loaded  
Wrote /dss/dsstbyfs02/scratch/0D/di38kez/tag_closure/output/v3_upd_default/output_0000/provenance.txt
Driver exit status: 0
End time:           2026-09-19T22:05:30+02:00
Precompiling ClimaAtmos...
  39772.2 ms  ✓ ClimaAtmos
  1 dependency successfully precompiled in 41 seconds. 277 already precompiled.
┌ Info: Making AtmosConfig with config files: 
│    /dss/dsshome1/0D/di38kez/git/Clima/ClimaAtmosResiDyn-upd-run/src/config/../../config/default_configs/default_config.yml
└    /dss/dsshome1/0D/di38kez/git/Clima/ClimaAtmosResiDyn-upd-run/experiments/tag_closure/configs/v3_upd_default.yml
┌ Info: numerics 
│               `energy_q_tot_upwinding`::`Val{:vanleer_limiter}`
│                     `tracer_upwinding`::`Val{:vanleer_limiter}`
│            `edmfx_mse_q_tot_upwinding`::`Val{:first_order}`
│              `edmfx_sgsflux_upwinding`::`Val{:none}`
│               `edmfx_tracer_upwinding`::`Val{:first_order}`
│              `test_dycore_consistency`::`Nothing`
│                 `reproducible_restart`::`Nothing`
│                              `limiter`::`Nothing`
│                            `diff_mode`::`ClimaAtmos.Implicit`
│                            `hyperdiff`::`ClimaAtmos.Hyperdiffusion{Float64}`
└     `vertical_water_borrowing_species`::`Nothing`
┌ Warning: `energy_source_tags` with `turbconv: prognostic_edmfx`: the eddy diffusion moves the tags as passive tracers, while it moves `ρe_tot` in enthalpy form. The difference goes to `e_src_res`, unless `energy_source_tag_transport: enthalpy_increment` takes it after each implicit solve.
└ @ ClimaAtmos ~/git/Clima/ClimaAtmosResiDyn-upd-run/src/config/tracer_config.jl:1279
┌ Warning: `energy_source_tags` tag `mp` lists `microphysics`, which cannot contribute under NonEquilibriumMicrophysics1M. Only 0-moment microphysics changes `ρe_tot`. The other schemes move water between species, and the energy leaves with sedimentation, which the tags follow as transport. Note `moist` and `all` both expand to include `microphysics`.
└ @ ClimaAtmos ~/git/Clima/ClimaAtmosResiDyn-upd-run/src/config/tracer_config.jl:630
┌ Warning: `energy_source_tags` tag `new_strat` lists `precipitation`, which cannot contribute to a source tag. It is the sedimentation of precipitating species, which moves energy between levels rather than adding it. Where water sediments, the tags follow it as transport instead, so nothing is credited to `precipitation`. The `energy_tracers` family does attribute it. Under 0-moment microphysics, rain leaves through `microphysics` instead. Note `moist` and `all` both expand to include `precipitation`.
└ @ ClimaAtmos ~/git/Clima/ClimaAtmosResiDyn-upd-run/src/config/tracer_config.jl:617
┌ Warning: `energy_source_tags` tag `new_strat` lists `microphysics`, which cannot contribute under NonEquilibriumMicrophysics1M. Only 0-moment microphysics changes `ρe_tot`. The other schemes move water between species, and the energy leaves with sedimentation, which the tags follow as transport. Note `moist` and `all` both expand to include `microphysics`.
└ @ ClimaAtmos ~/git/Clima/ClimaAtmosResiDyn-upd-run/src/config/tracer_config.jl:630
┌ Warning: `energy_source_tags` tag `new_tropo` lists `precipitation`, which cannot contribute to a source tag. It is the sedimentation of precipitating species, which moves energy between levels rather than adding it. Where water sediments, the tags follow it as transport instead, so nothing is credited to `precipitation`. The `energy_tracers` family does attribute it. Under 0-moment microphysics, rain leaves through `microphysics` instead. Note `moist` and `all` both expand to include `precipitation`.
└ @ ClimaAtmos ~/git/Clima/ClimaAtmosResiDyn-upd-run/src/config/tracer_config.jl:617
┌ Warning: `energy_source_tags` tag `new_tropo` lists `microphysics`, which cannot contribute under NonEquilibriumMicrophysics1M. Only 0-moment microphysics changes `ρe_tot`. The other schemes move water between species, and the energy leaves with sedimentation, which the tags follow as transport. Note `moist` and `all` both expand to include `microphysics`.
└ @ ClimaAtmos ~/git/Clima/ClimaAtmosResiDyn-upd-run/src/config/tracer_config.jl:630
┌ Warning: `energy_process_record` lists `microphysics`, which records nothing under NonEquilibriumMicrophysics1M. Only 0-moment microphysics changes `ρe_tot` and `ρq_tot`. The other schemes move water between species, so this record stays zero, which reads the same as a process that did nothing. Their rain-out is in the `precipitation` record.
└ @ ClimaAtmos ~/git/Clima/ClimaAtmosResiDyn-upd-run/src/config/tracer_config.jl:1116
┌ Info: AtmosModel: 
│ 
│                             `water`::`ClimaAtmos.AtmosWater{ClimaAtmos.NonEquilibriumMicrophysics1M{CloudMicrophysics.Parameters.Microphysics1MOptions{CloudMicrophysics.Parameters.CloudLiquidFormation, CloudMicrophysics.Parameters.PrescribedIceNumber, CloudMicrophysics.Parameters.CloudIceMelt, CloudMicrophysics.Parameters.HomogeneousAndHeterogeneous, CloudMicrophysics.Parameters.Kessler1M, CloudMicrophysics.Parameters.NoSupersaturation, CloudMicrophysics.Parameters.RainEvaporation, CloudMicrophysics.Parameters.DepositionAndSublimation, CloudMicrophysics.Parameters.SnowMelt, CloudMicrophysics.Parameters.CloudLiquidRainAccretion, CloudMicrophysics.Parameters.CloudLiquidSnowAccretion, CloudMicrophysics.Parameters.CloudIceRainAccretion, CloudMicrophysics.Parameters.CloudIceSnowAccretion, CloudMicrophysics.Parameters.RainSnowAccretion}}, ClimaAtmos.QuadratureCloud, ClimaAtmos.Implicit, Nothing, ClimaAtmos.SGSQuadrature{3, StaticArraysCore.SVector{3, Float64}, StaticArraysCore.SVector{3, Float64}, ClimaAtmos.GaussianSGS, Float64}, ClimaAtmos.DiagnosticTerminalVelocity, ClimaAtmos.FixedTerminalVelocity, ClimaAtmos.DiagnosticTerminalVelocity, ClimaAtmos.FixedTerminalVelocity}`
│                         `scm_setup`::`ClimaAtmos.SCMSetup{ClimaAtmos.LargeScaleSubsidence{ClimaAtmos.Setups.var"#27#28"{Float64}}, Nothing, Nothing, Bool, @NamedTuple{prof_ug::Returns{Float64}, prof_vg::Returns{Float64}, coriolis_param::Float64}}`
│                         `radiation`::`ClimaAtmos.AtmosRadiation{ClimaAtmos.RadiationDYCOMS{Float64}, ClimaAtmos.IdealizedInsolation, Tuple{}, Tuple{}}`
│                          `turbconv`::`ClimaAtmos.AtmosTurbconv{ClimaAtmos.EDMFXModel{ClimaAtmos.InvZEntrainment, ClimaAtmos.BuoyancyVelocityDetrainment, Val{false}, Val{false}, ClimaAtmos.SmoothMinimumBlending}, ClimaAtmos.PrognosticEDMFX{1, true, Float64}, Nothing, Nothing, Nothing}`
│                   `prescribed_flow`::`Nothing`
│                      `gravity_wave`::`ClimaAtmos.AtmosGravityWave{Nothing, Nothing}`
│                `vertical_diffusion`::`Nothing`
│                            `sponge`::`ClimaAtmos.AtmosSponge{Nothing, Nothing}`
│                           `surface`::`ClimaAtmos.AtmosSurface{ClimaAtmos.SurfaceConditions.MoninObukhov{Float64, ClimaAtmos.SurfaceConditions.HeatFluxes{Float64, Float64}, Float64}, ClimaAtmos.SurfaceConditions.AnalyticTemperature{Returns{Float64}}, ClimaAtmos.SurfaceConditions.SurfaceBoundaryOverrides{Float64, Float64, Nothing, Nothing, Nothing, Nothing}, ClimaAtmos.ConstantAlbedo{Float64}}`
│                          `numerics`::`ClimaAtmos.AtmosNumerics{Val{:vanleer_limiter}, Val{:vanleer_limiter}, Val{:first_order}, Val{:none}, Val{:first_order}, Nothing, Nothing, Nothing, ClimaAtmos.Implicit, ClimaAtmos.Hyperdiffusion{Float64}, Nothing}`
│                         `chemistry`::`ClimaAtmos.AtmosChem{ClimaAtmos.GasPhaseChem}`
│                           `tagging`::`ClimaAtmos.AtmosTagging{Nothing, Nothing, ClimaAtmos.EnergySourceTaggingModel{Tuple{ClimaAtmos.EnergySourceTag{:strat, ClimaAtmos.TanhAltitudeRegion{Float64}, Tuple{}}, ClimaAtmos.EnergySourceTag{:tropo, ClimaAtmos.TanhAltitudeRegion{Float64}, Tuple{}}, ClimaAtmos.EnergySourceTag{:rad, Nothing, Tuple{Symbol}}, ClimaAtmos.EnergySourceTag{:sfc, Nothing, Tuple{Symbol}}, ClimaAtmos.EnergySourceTag{:sub, Nothing, Tuple{Symbol}}, ClimaAtmos.EnergySourceTag{:mp, Nothing, Tuple{Symbol}}, ClimaAtmos.EnergySourceTag{:new_strat, ClimaAtmos.TanhAltitudeRegion{Float64}, NTuple{8, Symbol}}, ClimaAtmos.EnergySourceTag{:new_tropo, ClimaAtmos.TanhAltitudeRegion{Float64}, NTuple{8, Symbol}}}, Float64, ClimaAtmos.EnthalpyIncrementEnergySourceTransport, false}, ClimaAtmos.ProcessRecordModel{Tuple{ClimaAtmos.RecordedProcess{:radiation}, ClimaAtmos.RecordedProcess{:surface_flux}, ClimaAtmos.RecordedProcess{:subsidence}, ClimaAtmos.RecordedProcess{:microphysics}, ClimaAtmos.RecordedProcess{:precipitation}}}, Nothing}`
└                              `cosp`::`Nothing`
┌ Info: Microphysics settings: 
│                        `n_substeps`::`3`
│                   `n_substeps_quad`::`2`
│            `cloud_liquid_formation`::`CloudLiquidFormation`
│               `cloud_ice_formation`::`PrescribedIceNumber`
│                    `cloud_ice_melt`::`CloudIceMelt`
│             `cloud_liquid_freezing`::`HomogeneousAndHeterogeneous`
│               `rain_autoconversion`::`Kessler1M`
│               `snow_autoconversion`::`NoSupersaturation`
│     `rain_condensation_evaporation`::`RainEvaporation`
│       `snow_deposition_sublimation`::`DepositionAndSublimation`
│                         `snow_melt`::`SnowMelt`
│       `cloud_liquid_rain_accretion`::`CloudLiquidRainAccretion`
│       `cloud_liquid_snow_accretion`::`CloudLiquidSnowAccretion`
│          `cloud_ice_rain_accretion`::`CloudIceRainAccretion`
│          `cloud_ice_snow_accretion`::`CloudIceSnowAccretion`
└               `rain_snow_accretion`::`RainSnowAccretion`
[ Info: Single-process ClimaAtmos run on CPUSingleThreaded
[ Info: Using ODE config: `ClimaTimeSteppers.ARS222`
[ Info: Initialized state (79.604 μs, 8.7 KiB)
[ Info: Built cache (165.913 s, 30.47 GiB)
[ Info: Assembled callbacks (486.773 ms, 34.73 MiB)
┌ Info: Jacobian algorithm: ManualSparseJacobian(
│   approximate_solve_iters = 2,
└ )
[ Info: Jacobian derivative flags: topography_flag = IgnoreDerivative, diffusion_flag = UseDerivative
[ Info: Built tendency function (600.291 s, 27.68 GiB)
[ Info: Initialized integrator (132.511 s, 9.2 GiB)
[ Info: Added 30 user-provided YAML-style diagnostics
[ Info: Set up diagnostics (31.26 s, 386.03 MiB)
[ Info: Initialized 30 total diagnostics
┌ Info: Simulation info
│   job_id = "v3_upd_default"
└   output_dir = "output/v3_upd_default/output_0000"
┌ Info: Running
│   job_id = "v3_upd_default"
│   output_dir = "output/v3_upd_default/output_0000"
└   tspan = (0.0 seconds (2010-01-01T00:00:00) [counter = 0, period = 1 second, epoch = 2010-01-01T00:00:00], 86400.0 seconds (2010-01-02T00:00:00) [counter = 86400, period = 1 second, epoch = 2010-01-01T00:00:00])
┌ Info: Progress
│   simulation_time = "2 minutes"
│   n_steps_completed = 1
│   wall_time_per_step = "0 seconds"
│   wall_time_total = "0 seconds"
│   wall_time_remaining = "0 seconds"
│   wall_time_spent = "0 seconds"
│   percent_complete = "0.1%"
│   estimated_sypd = "Inf"
│   instantaneous_sypd = "0.0 (sdpd_estimate = 0.0)"
│   date_now = 2026-09-19T22:05:09.871
└   estimated_finish_date = 2026-09-19T22:05:09.871
┌ Info: Progress
│   simulation_time = "4 minutes"
│   n_steps_completed = 2
│   wall_time_per_step = "0 seconds"
│   wall_time_total = "0 seconds"
│   wall_time_remaining = "0 seconds"
│   wall_time_spent = "0 seconds"
│   percent_complete = "0.3%"
│   estimated_sypd = "Inf"
│   instantaneous_sypd = "0.087"
│   date_now = 2026-09-19T22:05:13.581
└   estimated_finish_date = 2026-09-19T22:05:13.581
┌ Info: Progress
│   simulation_time = "8 minutes"
│   n_steps_completed = 4
│   wall_time_per_step = "10 milliseconds, 479 microseconds"
│   wall_time_total = "7 seconds, 545 milliseconds"
│   wall_time_remaining = "7 seconds, 503 milliseconds"
│   wall_time_spent = "41 milliseconds, 919 microseconds"
│   percent_complete = "0.6%"
│   estimated_sypd = "31.35"
│   instantaneous_sypd = "31.35"
│   date_now = 2026-09-19T22:05:13.842
└   estimated_finish_date = 2026-09-19T22:05:21.842
┌ Info: Progress
│   simulation_time = "16 minutes"
│   n_steps_completed = 8
│   wall_time_per_step = "40 milliseconds, 798 microseconds"
│   wall_time_total = "29 seconds, 374 milliseconds"
│   wall_time_remaining = "29 seconds, 48 milliseconds"
│   wall_time_spent = "326 milliseconds, 386 microseconds"
│   percent_complete = "1.1%"
│   estimated_sypd = "8.053"
│   instantaneous_sypd = "4.62"
│   date_now = 2026-09-19T22:05:13.887
└   estimated_finish_date = 2026-09-19T22:05:43.886
┌ Info: Progress
│   simulation_time = "32 minutes"
│   n_steps_completed = 16
│   wall_time_per_step = "25 milliseconds, 422 microseconds"
│   wall_time_total = "18 seconds, 304 milliseconds"
│   wall_time_remaining = "17 seconds, 897 milliseconds"
│   wall_time_spent = "406 milliseconds, 757 microseconds"
│   percent_complete = "2.2%"
│   estimated_sypd = "12.923"
│   instantaneous_sypd = "32.702"
│   date_now = 2026-09-19T22:05:13.967
└   estimated_finish_date = 2026-09-19T22:05:31.967
┌ Info: Progress
│   simulation_time = "1 hour, 4 minutes"
│   n_steps_completed = 32
│   wall_time_per_step = "137 milliseconds, 964 microseconds"
│   wall_time_total = "1 minute, 39 seconds"
│   wall_time_remaining = "1 minute, 34 seconds"
│   wall_time_spent = "4 seconds, 414 milliseconds"
│   percent_complete = "4.4%"
│   estimated_sypd = "2.381"
│   instantaneous_sypd = "1.312"
│   date_now = 2026-09-19T22:05:18.006
└   estimated_finish_date = 2026-09-19T22:06:53.006
┌ Info: Progress
│   simulation_time = "2 hours, 8 minutes"
│   n_steps_completed = 64
│   wall_time_per_step = "78 milliseconds, 625 microseconds"
│   wall_time_total = "56 seconds, 610 milliseconds"
│   wall_time_remaining = "51 seconds, 578 milliseconds"
│   wall_time_spent = "5 seconds, 32 milliseconds"
│   percent_complete = "8.9%"
│   estimated_sypd = "4.179"
│   instantaneous_sypd = "17.036"
│   date_now = 2026-09-19T22:05:18.592
└   estimated_finish_date = 2026-09-19T22:06:10.592
┌ Info: Progress
│   simulation_time = "3 hours, 22 minutes"
│   n_steps_completed = 101
│   wall_time_per_step = "53 milliseconds, 564 microseconds"
│   wall_time_total = "38 seconds, 566 milliseconds"
│   wall_time_remaining = "33 seconds, 156 milliseconds"
│   wall_time_spent = "5 seconds, 410 milliseconds"
│   percent_complete = "14.0%"
│   estimated_sypd = "6.134"
│   instantaneous_sypd = "32.158"
│   date_now = 2026-09-19T22:05:18.970
└   estimated_finish_date = 2026-09-19T22:05:52.970
┌ Info: Progress
│   simulation_time = "4 hours, 16 minutes"
│   n_steps_completed = 128
│   wall_time_per_step = "44 milliseconds, 532 microseconds"
│   wall_time_total = "32 seconds, 63 milliseconds"
│   wall_time_remaining = "26 seconds, 363 milliseconds"
│   wall_time_spent = "5 seconds, 700 milliseconds"
│   percent_complete = "17.8%"
│   estimated_sypd = "7.378"
│   instantaneous_sypd = "30.567"
│   date_now = 2026-09-19T22:05:19.260
└   estimated_finish_date = 2026-09-19T22:05:46.260
┌ Info: Progress
│   simulation_time = "5 hours, 30 minutes"
│   n_steps_completed = 165
│   wall_time_per_step = "37 milliseconds, 79 microseconds"
│   wall_time_total = "26 seconds, 697 milliseconds"
│   wall_time_remaining = "20 seconds, 579 milliseconds"
│   wall_time_spent = "6 seconds, 118 milliseconds"
│   percent_complete = "22.9%"
│   estimated_sypd = "8.86"
│   instantaneous_sypd = "29.085"
│   date_now = 2026-09-19T22:05:19.678
└   estimated_finish_date = 2026-09-19T22:05:40.678
┌ Info: Progress
│   simulation_time = "6 hours, 44 minutes"
│   n_steps_completed = 202
│   wall_time_per_step = "33 milliseconds, 37 microseconds"
│   wall_time_total = "23 seconds, 787 milliseconds"
│   wall_time_remaining = "17 seconds, 113 milliseconds"
│   wall_time_spent = "6 seconds, 673 milliseconds"
│   percent_complete = "28.1%"
│   estimated_sypd = "9.944"
│   instantaneous_sypd = "21.883"
│   date_now = 2026-09-19T22:05:20.234
└   estimated_finish_date = 2026-09-19T22:05:38.234
┌ Info: Progress
│   simulation_time = "7 hours, 58 minutes"
│   n_steps_completed = 239
│   wall_time_per_step = "29 milliseconds, 514 microseconds"
│   wall_time_total = "21 seconds, 250 milliseconds"
│   wall_time_remaining = "14 seconds, 196 milliseconds"
│   wall_time_spent = "7 seconds, 54 milliseconds"
│   percent_complete = "33.2%"
│   estimated_sypd = "11.131"
│   instantaneous_sypd = "31.955"
│   date_now = 2026-09-19T22:05:20.614
└   estimated_finish_date = 2026-09-19T22:05:35.614
┌ Info: Progress
│   simulation_time = "8 hours, 32 minutes"
│   n_steps_completed = 256
│   wall_time_per_step = "28 milliseconds, 374 microseconds"
│   wall_time_total = "20 seconds, 429 milliseconds"
│   wall_time_remaining = "13 seconds, 165 milliseconds"
│   wall_time_spent = "7 seconds, 263 milliseconds"
│   percent_complete = "35.6%"
│   estimated_sypd = "11.579"
│   instantaneous_sypd = "26.637"
│   date_now = 2026-09-19T22:05:20.824
└   estimated_finish_date = 2026-09-19T22:05:34.824
┌ Info: Progress
│   simulation_time = "9 hours, 46 minutes"
│   n_steps_completed = 293
│   wall_time_per_step = "26 milliseconds, 387 microseconds"
│   wall_time_total = "18 seconds, 998 milliseconds"
│   wall_time_remaining = "11 seconds, 267 milliseconds"
│   wall_time_spent = "7 seconds, 731 milliseconds"
│   percent_complete = "40.7%"
│   estimated_sypd = "12.451"
│   instantaneous_sypd = "25.987"
│   date_now = 2026-09-19T22:05:21.292
└   estimated_finish_date = 2026-09-19T22:05:33.292
┌ Info: Progress
│   simulation_time = "11 hours"
│   n_steps_completed = 330
│   wall_time_per_step = "24 milliseconds, 624 microseconds"
│   wall_time_total = "17 seconds, 729 milliseconds"
│   wall_time_remaining = "9 seconds, 603 milliseconds"
│   wall_time_spent = "8 seconds, 125 milliseconds"
│   percent_complete = "45.8%"
│   estimated_sypd = "13.342"
│   instantaneous_sypd = "30.816"
│   date_now = 2026-09-19T22:05:21.686
└   estimated_finish_date = 2026-09-19T22:05:31.686
┌ Info: Progress
│   simulation_time = "12 hours, 14 minutes"
│   n_steps_completed = 367
│   wall_time_per_step = "23 milliseconds, 373 microseconds"
│   wall_time_total = "16 seconds, 829 milliseconds"
│   wall_time_remaining = "8 seconds, 251 milliseconds"
│   wall_time_spent = "8 seconds, 578 milliseconds"
│   percent_complete = "51.0%"
│   estimated_sypd = "14.056"
│   instantaneous_sypd = "26.878"
│   date_now = 2026-09-19T22:05:22.138
└   estimated_finish_date = 2026-09-19T22:05:31.138
┌ Info: Progress
│   simulation_time = "13 hours, 28 minutes"
│   n_steps_completed = 404
│   wall_time_per_step = "22 milliseconds, 398 microseconds"
│   wall_time_total = "16 seconds, 126 milliseconds"
│   wall_time_remaining = "7 seconds, 77 milliseconds"
│   wall_time_spent = "9 seconds, 49 milliseconds"
│   percent_complete = "56.1%"
│   estimated_sypd = "14.668"
│   instantaneous_sypd = "25.822"
│   date_now = 2026-09-19T22:05:22.609
└   estimated_finish_date = 2026-09-19T22:05:30.609
┌ Info: Progress
│   simulation_time = "14 hours, 42 minutes"
│   n_steps_completed = 441
│   wall_time_per_step = "21 milliseconds, 398 microseconds"
│   wall_time_total = "15 seconds, 406 milliseconds"
│   wall_time_remaining = "5 seconds, 970 milliseconds"
│   wall_time_spent = "9 seconds, 436 milliseconds"
│   percent_complete = "61.3%"
│   estimated_sypd = "15.354"
│   instantaneous_sypd = "31.362"
│   date_now = 2026-09-19T22:05:22.997
└   estimated_finish_date = 2026-09-19T22:05:28.997
┌ Info: Progress
│   simulation_time = "15 hours, 56 minutes"
│   n_steps_completed = 478
│   wall_time_per_step = "20 milliseconds, 695 microseconds"
│   wall_time_total = "14 seconds, 900 milliseconds"
│   wall_time_remaining = "5 seconds, 8 milliseconds"
│   wall_time_spent = "9 seconds, 892 milliseconds"
│   percent_complete = "66.4%"
│   estimated_sypd = "15.875"
│   instantaneous_sypd = "26.675"
│   date_now = 2026-09-19T22:05:23.452
└   estimated_finish_date = 2026-09-19T22:05:29.452
┌ Info: Progress
│   simulation_time = "17 hours, 4 minutes"
│   n_steps_completed = 512
│   wall_time_per_step = "20 milliseconds, 88 microseconds"
│   wall_time_total = "14 seconds, 463 milliseconds"
│   wall_time_remaining = "4 seconds, 178 milliseconds"
│   wall_time_spent = "10 seconds, 285 milliseconds"
│   percent_complete = "71.1%"
│   estimated_sypd = "16.355"
│   instantaneous_sypd = "28.431"
│   date_now = 2026-09-19T22:05:23.845
└   estimated_finish_date = 2026-09-19T22:05:28.845
┌ Info: Progress
│   simulation_time = "18 hours, 18 minutes"
│   n_steps_completed = 549
│   wall_time_per_step = "19 milliseconds, 454 microseconds"
│   wall_time_total = "14 seconds, 7 milliseconds"
│   wall_time_remaining = "3 seconds, 326 milliseconds"
│   wall_time_spent = "10 seconds, 680 milliseconds"
│   percent_complete = "76.2%"
│   estimated_sypd = "16.888"
│   instantaneous_sypd = "30.745"
│   date_now = 2026-09-19T22:05:24.241
└   estimated_finish_date = 2026-09-19T22:05:28.241
┌ Info: Progress
│   simulation_time = "19 hours, 32 minutes"
│   n_steps_completed = 586
│   wall_time_per_step = "19 milliseconds, 4 microseconds"
│   wall_time_total = "13 seconds, 683 milliseconds"
│   wall_time_remaining = "2 seconds, 546 milliseconds"
│   wall_time_spent = "11 seconds, 136 milliseconds"
│   percent_complete = "81.4%"
│   estimated_sypd = "17.288"
│   instantaneous_sypd = "26.659"
│   date_now = 2026-09-19T22:05:24.697
└   estimated_finish_date = 2026-09-19T22:05:27.697
┌ Info: Progress
│   simulation_time = "20 hours, 46 minutes"
│   n_steps_completed = 623
│   wall_time_per_step = "18 milliseconds, 496 microseconds"
│   wall_time_total = "13 seconds, 317 milliseconds"
│   wall_time_remaining = "1 second, 794 milliseconds"
│   wall_time_spent = "11 seconds, 523 milliseconds"
│   percent_complete = "86.5%"
│   estimated_sypd = "17.762"
│   instantaneous_sypd = "31.419"
│   date_now = 2026-09-19T22:05:25.084
└   estimated_finish_date = 2026-09-19T22:05:27.084
┌ Info: Progress
│   simulation_time = "22 hours"
│   n_steps_completed = 660
│   wall_time_per_step = "18 milliseconds, 63 microseconds"
│   wall_time_total = "13 seconds, 5 milliseconds"
│   wall_time_remaining = "1 second, 83 milliseconds"
│   wall_time_spent = "11 seconds, 921 milliseconds"
│   percent_complete = "91.7%"
│   estimated_sypd = "18.188"
│   instantaneous_sypd = "30.505"
│   date_now = 2026-09-19T22:05:25.482
└   estimated_finish_date = 2026-09-19T22:05:27.482
┌ Info: Progress
│   simulation_time = "23 hours, 14 minutes"
│   n_steps_completed = 697
│   wall_time_per_step = "17 milliseconds, 798 microseconds"
│   wall_time_total = "12 seconds, 814 milliseconds"
│   wall_time_remaining = "409 milliseconds, 359 microseconds"
│   wall_time_spent = "12 seconds, 405 milliseconds"
│   percent_complete = "96.8%"
│   estimated_sypd = "18.459"
│   instantaneous_sypd = "25.148"
│   date_now = 2026-09-19T22:05:25.966
└   estimated_finish_date = 2026-09-19T22:05:26.965
[ Info: solve! walltime = 12.673
[ Info: sypd: 18.679
[ Info: wall_time_per_timestep: 17 milliseconds, 600 microseconds
[ Info: Memory currently used (after solve!) by the process (RSS): 11.63 GiB
┌ Info: V3 finished
│   simulation.job_id = "v3_upd_default"
└   result.ret_code = :success
┌ Info: energy_source tag closure (25 rows)
│   columns: time,total,tagged,residual,relative,gross_residual,gross_relative,scale,nonpositive_fraction,residual_at_spin_up,residual_since_spin_up,relative_since_spin_up
│   first:   0.0,1.1298739844259547e8,1.1298739844259542e8,4.470348358154297e-8,3.9565017159196814e-16,3.488170169374527e-9,3.0872205373829646e-17,1.1298739844259547e8,0.0,NaN,NaN,NaN
│   last:    86400.0,1.1415999778238149e8,1.1415999843735173e8,-0.6549702435731888,-5.737300773443703e-9,267.0683130847049,2.3394211481486387e-6,1.1415999778238149e8,0.0,-84.69669850170612,84.04172825813293,7.361749289653827e-7
└   path = "output/v3_upd_default/output_0000/energy_source_tag_closure.csv"
