# run.log for twin_c1_limiter_off_no_sfc, trimmed from SLURM job 13385303's .out and .err on terrabyte.
# The job exits 1 by design when the twins differ by more than rounding.
# The runscript's header:
================================================================
ClimaAtmos tag-closure run
================================================================
Run (job_id):    twin_c1_limiter_off_no_sfc
Machine:         terrabyte
Configuration:   /dss/dsshome1/0D/di38kez/git/Clima/ClimaAtmosResiDyn.jl/experiments/tag_closure/configs/c1_sphere_shift.yml
SLURM job:       13385303
Partition:       hpda2_test
Nodes:           hpdar03c01s12
CPUs per task:   2
Repository:      /dss/dsshome1/0D/di38kez/git/Clima/ClimaAtmosResiDyn.jl
Commit:          9e796facacba3b3b50b799cd91bf0a9273106894 (from git-files)
Julia:           /dss/dsshome1/0D/di38kez/.juliaup/bin/julia +1.11
Project:         /dss/dsshome1/0D/di38kez/git/Clima/ClimaAtmosResiDyn.jl/.buildkite
Driver:          /dss/dsshome1/0D/di38kez/git/Clima/ClimaAtmosResiDyn.jl/experiments/tag_closure/run_c1_twin.jl
Depot:           /dss/dsstbyfs02/scratch/0D/di38kez/julia-depots/terrabyte-cpu
Run directory:   /dss/dsstbyfs02/scratch/0D/di38kez/tag_closure
Output base:     /dss/dsstbyfs02/scratch/0D/di38kez/tag_closure/output/twin_c1_limiter_off_no_sfc
Start time:      2026-09-10T16:22:31+02:00

Loaded modules:
Currently Loaded Modulefiles:
 1) stack/24.4.0{arch=auto}(default) <aL>   3) openmpi/4.1.8-gcc13(default)  
 2) gcc/13.2.0(default)                    

Key:
{variant=value}  (symbolic-version)  <module-tag>  <aL>=auto-loaded  

0.0                     0.0                     0.0                     0.0                     0.0                     5.54474068044277e-16    
400.0                   3.711736948062672e-8    4.4407531681837247e-10  1.7497047128950953e-7   4.667581068847166e-5    8.004728528649812e-8    
3600.0                  2.4466528122534434e-7   3.642488006728065e-9    2.207487367663771e-6    8.543119300804942e-5    8.318578245765866e-7    
7200.0                  5.125308556714497e-7    1.6961563896442404e-8   3.966561165080771e-6    7.56180062354881e-5     3.59617749855925e-6     

# Every distinct warning, first occurrence, first line only:
┌ Warning: `ρe_tot` is non-positive over 43.27600052941769% of the domain volume at initialization. The energy source tags divide by it to get each tag's donor share, so the shares are undefined there and `energy_source_fraction` returns zero rather than a meaningful number. Moist total energy has no physical zero, so this usually means the chosen thermodynamic or gravitational reference puts part of the domain below it. Tag values elsewhere are still computed, but they are conditional on that reference. A large enough `energy_source_tag_offset` gives the tags a positive total without moving the model's reference. Enable `energy_source_closure_check` to keep watching it during the run.
┌ Warning: energy_source tag parent is non-positive over 43.27600052941769% of the domain volume, and closure will not show it. Donor shares are undefined there, so the loss half of the attribution rule does not run. For moist total energy this usually means the chosen thermodynamic or gravitational reference puts part of the domain below zero.
┌ Warning: energy_source tag closure residual X exceeds the configured tolerance 1.0e-6. The tags no longer account for the field they partition; see /dss/dsstbyfs02/scratch/0D/di38kez/tag_closure/output/twin_c1_limiter_off_no_sfc/unshifted/output_0000/energy_source_tag_closure.csv.
┌ Warning: energy_source tag closure residual X exceeds the configured tolerance 1.0e-6. The tags no longer account for the field they partition; see /dss/dsstbyfs02/scratch/0D/di38kez/tag_closure/output/twin_c1_limiter_off_no_sfc/shifted/output_0000/energy_source_tag_closure.csv.

# The end of the run:
└ @ ClimaAtmos ~/git/Clima/ClimaAtmosResiDyn.jl/src/parameterized_tendencies/tagged_tracers/tagged_tracers.jl:791
┌ Warning: energy_source tag parent is non-positive over 43.27600052941769% of the domain volume at t = 21600.0 s, and closure will not show it. Donor shares are undefined there, so the loss half of the attribution rule does not run. For moist total energy this usually means the chosen thermodynamic or gravitational reference puts part of the domain below zero.
└ @ ClimaAtmos ~/git/Clima/ClimaAtmosResiDyn.jl/src/parameterized_tendencies/tagged_tracers/tagged_tracers.jl:800
┌ Warning: energy_source tag closure residual 0.0028283788671232043 exceeds the configured tolerance 1.0e-6 at t = 21600.0 s. The tags no longer account for the field they partition; see /dss/dsstbyfs02/scratch/0D/di38kez/tag_closure/output/twin_c1_limiter_off_no_sfc/shifted/output_0000/energy_source_tag_closure.csv.
└ @ ClimaAtmos ~/git/Clima/ClimaAtmosResiDyn.jl/src/parameterized_tendencies/tagged_tracers/tagged_tracers.jl:791
┌ Info: C1 twin test
│   table = "/dss/dsstbyfs02/scratch/0D/di38kez/tag_closure/output/twin_c1_limiter_off_no_sfc/twin_c1_limiter_off_no_sfc.csv"
│   worst = 0.00016613435314897262
└   tolerance = 1.0e-8
┌ Error: The twins differ by more than rounding. The shift changes the atmosphere, not only its energy reference.
│   worst = 0.00016613435314897262
└ @ Main ~/git/Clima/ClimaAtmosResiDyn.jl/experiments/tag_closure/run_c1_twin.jl:243


Wrote /dss/dsstbyfs02/scratch/0D/di38kez/tag_closure/output/twin_c1_limiter_off_no_sfc/provenance.txt
Driver exit status: 1
End time:           2026-09-10T16:31:41+02:00
