┌ Info: Making AtmosConfig with config files: 
│    /dss/dsshome1/0D/di38kez/git/Clima/ClimaAtmosResiDyn-c1c-opt1/src/config/../../config/default_configs/default_config.yml
└    /dss/dsshome1/0D/di38kez/git/Clima/ClimaAtmosResiDyn-c1c-opt1/experiments/tag_closure/configs/c1c_opt1_newton_d4_enthalpy.yml
┌ Info: numerics 
│               `energy_q_tot_upwinding`::`Val{:vanleer_limiter}`
│                     `tracer_upwinding`::`Val{:vanleer_limiter}`
│            `edmfx_mse_q_tot_upwinding`::`Val{:first_order}`
│              `edmfx_sgsflux_upwinding`::`Val{:none}`
│               `edmfx_tracer_upwinding`::`Val{:first_order}`
│              `test_dycore_consistency`::`Nothing`
│                 `reproducible_restart`::`Nothing`
│                              `limiter`::`Nothing`
│                            `diff_mode`::`ClimaAtmos.Implicit`
│                            `hyperdiff`::`ClimaAtmos.Hyperdiffusion{Float64}`
└     `vertical_water_borrowing_species`::`Nothing`
┌ Warning: `energy_source_tags` with `turbconv: prognostic_edmfx` and `energy_source_tag_transport: enthalpy`: the tags take their shares of the vertical eddy diffusion's energy flux. The horizontal eddy diffusion, when it is on, still moves them as passive tracers, and the difference goes to `e_src_res`.
└ @ ClimaAtmos ~/git/Clima/ClimaAtmosResiDyn-c1c-opt1/src/config/tracer_config.jl:1250
┌ Warning: `energy_source_tags` tag `mp` lists `microphysics`, which cannot contribute under NonEquilibriumMicrophysics1M. Only 0-moment microphysics changes `ρe_tot`. The other schemes move water between species, and the energy leaves with sedimentation, which the tags follow as transport. Note `moist` and `all` both expand to include `microphysics`.
└ @ ClimaAtmos ~/git/Clima/ClimaAtmosResiDyn-c1c-opt1/src/config/tracer_config.jl:630
┌ Warning: `energy_source_tags` tag `new_strat` lists `precipitation`, which cannot contribute to a source tag. It is the sedimentation of precipitating species, which moves energy between levels rather than adding it. Where water sediments, the tags follow it as transport instead, so nothing is credited to `precipitation`. The `energy_tracers` family does attribute it. Under 0-moment microphysics, rain leaves through `microphysics` instead. Note `moist` and `all` both expand to include `precipitation`.
└ @ ClimaAtmos ~/git/Clima/ClimaAtmosResiDyn-c1c-opt1/src/config/tracer_config.jl:617
┌ Warning: `energy_source_tags` tag `new_strat` lists `microphysics`, which cannot contribute under NonEquilibriumMicrophysics1M. Only 0-moment microphysics changes `ρe_tot`. The other schemes move water between species, and the energy leaves with sedimentation, which the tags follow as transport. Note `moist` and `all` both expand to include `microphysics`.
└ @ ClimaAtmos ~/git/Clima/ClimaAtmosResiDyn-c1c-opt1/src/config/tracer_config.jl:630
┌ Warning: `energy_source_tags` tag `new_tropo` lists `precipitation`, which cannot contribute to a source tag. It is the sedimentation of precipitating species, which moves energy between levels rather than adding it. Where water sediments, the tags follow it as transport instead, so nothing is credited to `precipitation`. The `energy_tracers` family does attribute it. Under 0-moment microphysics, rain leaves through `microphysics` instead. Note `moist` and `all` both expand to include `precipitation`.
└ @ ClimaAtmos ~/git/Clima/ClimaAtmosResiDyn-c1c-opt1/src/config/tracer_config.jl:617
┌ Warning: `energy_source_tags` tag `new_tropo` lists `microphysics`, which cannot contribute under NonEquilibriumMicrophysics1M. Only 0-moment microphysics changes `ρe_tot`. The other schemes move water between species, and the energy leaves with sedimentation, which the tags follow as transport. Note `moist` and `all` both expand to include `microphysics`.
└ @ ClimaAtmos ~/git/Clima/ClimaAtmosResiDyn-c1c-opt1/src/config/tracer_config.jl:630
┌ Warning: `energy_process_record` lists `microphysics`, which records nothing under NonEquilibriumMicrophysics1M. Only 0-moment microphysics changes `ρe_tot` and `ρq_tot`. The other schemes move water between species, so this record stays zero, which reads the same as a process that did nothing. Their rain-out is in the `precipitation` record.
└ @ ClimaAtmos ~/git/Clima/ClimaAtmosResiDyn-c1c-opt1/src/config/tracer_config.jl:1116
┌ Info: AtmosModel: 
│ 
│                             `water`::`ClimaAtmos.AtmosWater{ClimaAtmos.NonEquilibriumMicrophysics1M{CloudMicrophysics.Parameters.Microphysics1MOptions{CloudMicrophysics.Parameters.CloudLiquidFormation, CloudMicrophysics.Parameters.PrescribedIceNumber, CloudMicrophysics.Parameters.CloudIceMelt, CloudMicrophysics.Parameters.HomogeneousAndHeterogeneous, CloudMicrophysics.Parameters.Kessler1M, CloudMicrophysics.Parameters.NoSupersaturation, CloudMicrophysics.Parameters.RainEvaporation, CloudMicrophysics.Parameters.DepositionAndSublimation, CloudMicrophysics.Parameters.SnowMelt, CloudMicrophysics.Parameters.CloudLiquidRainAccretion, CloudMicrophysics.Parameters.CloudLiquidSnowAccretion, CloudMicrophysics.Parameters.CloudIceRainAccretion, CloudMicrophysics.Parameters.CloudIceSnowAccretion, CloudMicrophysics.Parameters.RainSnowAccretion}}, ClimaAtmos.QuadratureCloud, ClimaAtmos.Implicit, Nothing, ClimaAtmos.SGSQuadrature{3, StaticArraysCore.SVector{3, Float64}, StaticArraysCore.SVector{3, Float64}, ClimaAtmos.GaussianSGS, Float64}, ClimaAtmos.DiagnosticTerminalVelocity, ClimaAtmos.FixedTerminalVelocity, ClimaAtmos.DiagnosticTerminalVelocity, ClimaAtmos.FixedTerminalVelocity}`
│                         `scm_setup`::`ClimaAtmos.SCMSetup{ClimaAtmos.LargeScaleSubsidence{ClimaAtmos.Setups.var"#25#26"{Float64}}, Nothing, Nothing, Bool, @NamedTuple{prof_ug::Returns{Float64}, prof_vg::Returns{Float64}, coriolis_param::Float64}}`
│                         `radiation`::`ClimaAtmos.AtmosRadiation{ClimaAtmos.RadiationDYCOMS{Float64}, ClimaAtmos.IdealizedInsolation, Tuple{}, Tuple{}}`
│                          `turbconv`::`ClimaAtmos.AtmosTurbconv{ClimaAtmos.EDMFXModel{ClimaAtmos.InvZEntrainment, ClimaAtmos.BuoyancyVelocityDetrainment, Val{false}, Val{false}, ClimaAtmos.SmoothMinimumBlending}, ClimaAtmos.PrognosticEDMFX{1, true, Float64}, Nothing, Nothing, Nothing}`
│                   `prescribed_flow`::`Nothing`
│                      `gravity_wave`::`ClimaAtmos.AtmosGravityWave{Nothing, Nothing}`
│                `vertical_diffusion`::`Nothing`
│                            `sponge`::`ClimaAtmos.AtmosSponge{Nothing, Nothing}`
│                           `surface`::`ClimaAtmos.AtmosSurface{ClimaAtmos.SurfaceConditions.MoninObukhov{Float64, ClimaAtmos.SurfaceConditions.HeatFluxes{Float64, Float64}, Float64}, ClimaAtmos.SurfaceConditions.AnalyticTemperature{Returns{Float64}}, ClimaAtmos.SurfaceConditions.SurfaceBoundaryOverrides{Float64, Float64, Nothing, Nothing, Nothing, Nothing}, ClimaAtmos.ConstantAlbedo{Float64}}`
│                          `numerics`::`ClimaAtmos.AtmosNumerics{Val{:vanleer_limiter}, Val{:vanleer_limiter}, Val{:first_order}, Val{:none}, Val{:first_order}, Nothing, Nothing, Nothing, ClimaAtmos.Implicit, ClimaAtmos.Hyperdiffusion{Float64}, Nothing}`
│                         `chemistry`::`ClimaAtmos.AtmosChem{Nothing}`
│                           `tagging`::`ClimaAtmos.AtmosTagging{Nothing, Nothing, ClimaAtmos.EnergySourceTaggingModel{Tuple{ClimaAtmos.EnergySourceTag{:strat, ClimaAtmos.TanhAltitudeRegion{Float64}, Tuple{}}, ClimaAtmos.EnergySourceTag{:tropo, ClimaAtmos.TanhAltitudeRegion{Float64}, Tuple{}}, ClimaAtmos.EnergySourceTag{:rad, Nothing, Tuple{Symbol}}, ClimaAtmos.EnergySourceTag{:sfc, Nothing, Tuple{Symbol}}, ClimaAtmos.EnergySourceTag{:sub, Nothing, Tuple{Symbol}}, ClimaAtmos.EnergySourceTag{:mp, Nothing, Tuple{Symbol}}, ClimaAtmos.EnergySourceTag{:new_strat, ClimaAtmos.TanhAltitudeRegion{Float64}, NTuple{8, Symbol}}, ClimaAtmos.EnergySourceTag{:new_tropo, ClimaAtmos.TanhAltitudeRegion{Float64}, NTuple{8, Symbol}}}, Float64, ClimaAtmos.EnthalpyEnergySourceTransport}, ClimaAtmos.ProcessRecordModel{Tuple{ClimaAtmos.RecordedProcess{:radiation}, ClimaAtmos.RecordedProcess{:surface_flux}, ClimaAtmos.RecordedProcess{:subsidence}, ClimaAtmos.RecordedProcess{:microphysics}, ClimaAtmos.RecordedProcess{:precipitation}}}, Nothing}`
└                              `cosp`::`Nothing`
┌ Info: Microphysics settings: 
│                        `n_substeps`::`3`
│                   `n_substeps_quad`::`2`
│            `cloud_liquid_formation`::`CloudLiquidFormation`
│               `cloud_ice_formation`::`PrescribedIceNumber`
│                    `cloud_ice_melt`::`CloudIceMelt`
│             `cloud_liquid_freezing`::`HomogeneousAndHeterogeneous`
│               `rain_autoconversion`::`Kessler1M`
│               `snow_autoconversion`::`NoSupersaturation`
│     `rain_condensation_evaporation`::`RainEvaporation`
│       `snow_deposition_sublimation`::`DepositionAndSublimation`
│                         `snow_melt`::`SnowMelt`
│       `cloud_liquid_rain_accretion`::`CloudLiquidRainAccretion`
│       `cloud_liquid_snow_accretion`::`CloudLiquidSnowAccretion`
│          `cloud_ice_rain_accretion`::`CloudIceRainAccretion`
│          `cloud_ice_snow_accretion`::`CloudIceSnowAccretion`
└               `rain_snow_accretion`::`RainSnowAccretion`
[ Info: Single-process ClimaAtmos run on CPUSingleThreaded
[ Info: Using ODE config: `ClimaTimeSteppers.ARS222`
[ Info: Initialized state (67.689 μs, 7.76 KiB)
[ Info: Built cache (163.491 s, 30.01 GiB)
[ Info: Assembled callbacks (481.721 ms, 34.28 MiB)
┌ Info: Jacobian algorithm: ManualSparseJacobian(
│   approximate_solve_iters = 2,
└ )
[ Info: Jacobian derivative flags: topography_flag = IgnoreDerivative, diffusion_flag = UseDerivative
[ Info: Built tendency function (515.152 s, 20.1 GiB)
[ Info: Initialized integrator (155.388 s, 9.01 GiB)
[ Info: Added 24 user-provided YAML-style diagnostics
[ Info: Set up diagnostics (40.17 s, 369.32 MiB)
[ Info: Initialized 24 total diagnostics
┌ Info: Simulation info
│   job_id = "c1c_opt1_newton_d4_enthalpy"
└   output_dir = "output/c1c_opt1_newton_d4_enthalpy/output_0000"
┌ Info: Running
│   job_id = "c1c_opt1_newton_d4_enthalpy"
│   output_dir = "output/c1c_opt1_newton_d4_enthalpy/output_0000"
└   tspan = (0.0 seconds (2010-01-01T00:00:00) [counter = 0, period = 1 second, epoch = 2010-01-01T00:00:00], 43200.0 seconds (2010-01-01T12:00:00) [counter = 43200, period = 1 second, epoch = 2010-01-01T00:00:00])
┌ Info: Progress
│   simulation_time = "2 minutes"
│   n_steps_completed = 1
│   wall_time_per_step = "0 seconds"
│   wall_time_total = "0 seconds"
│   wall_time_remaining = "0 seconds"
│   wall_time_spent = "0 seconds"
│   percent_complete = "0.3%"
│   estimated_sypd = "Inf"
│   instantaneous_sypd = "0.0 (sdpd_estimate = 0.0)"
│   date_now = 2026-09-19T00:34:28.446
└   estimated_finish_date = 2026-09-19T00:34:28.446
┌ Info: Progress
│   simulation_time = "4 minutes"
│   n_steps_completed = 2
│   wall_time_per_step = "0 seconds"
│   wall_time_total = "0 seconds"
│   wall_time_remaining = "0 seconds"
│   wall_time_spent = "0 seconds"
│   percent_complete = "0.6%"
│   estimated_sypd = "Inf"
│   instantaneous_sypd = "0.072"
│   date_now = 2026-09-19T00:34:32.918
└   estimated_finish_date = 2026-09-19T00:34:32.918
┌ Info: Progress
│   simulation_time = "8 minutes"
│   n_steps_completed = 4
│   wall_time_per_step = "43 milliseconds, 817 microseconds"
│   wall_time_total = "15 seconds, 774 milliseconds"
│   wall_time_remaining = "15 seconds, 598 milliseconds"
│   wall_time_spent = "175 milliseconds, 268 microseconds"
│   percent_complete = "1.1%"
│   estimated_sypd = "7.498"
│   instantaneous_sypd = "7.498"
│   date_now = 2026-09-19T00:34:33.350
└   estimated_finish_date = 2026-09-19T00:34:49.350
┌ Info: Progress
│   simulation_time = "16 minutes"
│   n_steps_completed = 8
│   wall_time_per_step = "90 milliseconds, 496 microseconds"
│   wall_time_total = "32 seconds, 578 milliseconds"
│   wall_time_remaining = "31 seconds, 854 milliseconds"
│   wall_time_spent = "723 milliseconds, 975 microseconds"
│   percent_complete = "2.2%"
│   estimated_sypd = "3.63"
│   instantaneous_sypd = "2.395"
│   date_now = 2026-09-19T00:34:33.554
└   estimated_finish_date = 2026-09-19T00:35:05.554
┌ Info: Progress
│   simulation_time = "32 minutes"
│   n_steps_completed = 16
│   wall_time_per_step = "71 milliseconds, 419 microseconds"
│   wall_time_total = "25 seconds, 710 milliseconds"
│   wall_time_remaining = "24 seconds, 568 milliseconds"
│   wall_time_spent = "1 second, 142 milliseconds"
│   percent_complete = "4.4%"
│   estimated_sypd = "4.6"
│   instantaneous_sypd = "6.277"
│   date_now = 2026-09-19T00:34:33.973
└   estimated_finish_date = 2026-09-19T00:34:58.973
┌ Info: Progress
│   simulation_time = "1 hour, 4 minutes"
│   n_steps_completed = 32
│   wall_time_per_step = "141 milliseconds, 825 microseconds"
│   wall_time_total = "51 seconds, 57 milliseconds"
│   wall_time_remaining = "46 seconds, 518 milliseconds"
│   wall_time_spent = "4 seconds, 538 milliseconds"
│   percent_complete = "8.9%"
│   estimated_sypd = "2.317"
│   instantaneous_sypd = "1.548"
│   date_now = 2026-09-19T00:34:37.398
└   estimated_finish_date = 2026-09-19T00:35:24.398
┌ Info: Progress
│   simulation_time = "1 hour, 42 minutes"
│   n_steps_completed = 51
│   wall_time_per_step = "105 milliseconds, 497 microseconds"
│   wall_time_total = "37 seconds, 979 milliseconds"
│   wall_time_remaining = "32 seconds, 598 milliseconds"
│   wall_time_spent = "5 seconds, 380 milliseconds"
│   percent_complete = "14.2%"
│   estimated_sypd = "3.114"
│   instantaneous_sypd = "7.414"
│   date_now = 2026-09-19T00:34:38.210
└   estimated_finish_date = 2026-09-19T00:35:11.210
┌ Info: Progress
│   simulation_time = "2 hours, 8 minutes"
│   n_steps_completed = 64
│   wall_time_per_step = "95 milliseconds, 119 microseconds"
│   wall_time_total = "34 seconds, 243 milliseconds"
│   wall_time_remaining = "28 seconds, 155 milliseconds"
│   wall_time_spent = "6 seconds, 87 milliseconds"
│   percent_complete = "17.8%"
│   estimated_sypd = "3.454"
│   instantaneous_sypd = "6.039"
│   date_now = 2026-09-19T00:34:38.918
└   estimated_finish_date = 2026-09-19T00:35:07.918
┌ Info: Progress
│   simulation_time = "2 hours, 46 minutes"
│   n_steps_completed = 83
│   wall_time_per_step = "87 milliseconds, 249 microseconds"
│   wall_time_total = "31 seconds, 409 milliseconds"
│   wall_time_remaining = "24 seconds, 168 milliseconds"
│   wall_time_spent = "7 seconds, 241 milliseconds"
│   percent_complete = "23.1%"
│   estimated_sypd = "3.766"
│   instantaneous_sypd = "5.409"
│   date_now = 2026-09-19T00:34:40.072
└   estimated_finish_date = 2026-09-19T00:35:05.072
┌ Info: Progress
│   simulation_time = "3 hours, 24 minutes"
│   n_steps_completed = 102
│   wall_time_per_step = "82 milliseconds, 248 microseconds"
│   wall_time_total = "29 seconds, 609 milliseconds"
│   wall_time_remaining = "21 seconds, 219 milliseconds"
│   wall_time_spent = "8 seconds, 389 milliseconds"
│   percent_complete = "28.3%"
│   estimated_sypd = "3.995"
│   instantaneous_sypd = "5.44"
│   date_now = 2026-09-19T00:34:41.219
└   estimated_finish_date = 2026-09-19T00:35:03.219
┌ Info: Progress
│   simulation_time = "4 hours, 2 minutes"
│   n_steps_completed = 121
│   wall_time_per_step = "80 milliseconds, 385 microseconds"
│   wall_time_total = "28 seconds, 938 milliseconds"
│   wall_time_remaining = "19 seconds, 212 milliseconds"
│   wall_time_spent = "9 seconds, 726 milliseconds"
│   percent_complete = "33.6%"
│   estimated_sypd = "4.087"
│   instantaneous_sypd = "4.668"
│   date_now = 2026-09-19T00:34:42.557
└   estimated_finish_date = 2026-09-19T00:35:02.557
┌ Info: Progress
│   simulation_time = "4 hours, 16 minutes"
│   n_steps_completed = 128
│   wall_time_per_step = "79 milliseconds, 757 microseconds"
│   wall_time_total = "28 seconds, 712 milliseconds"
│   wall_time_remaining = "18 seconds, 503 milliseconds"
│   wall_time_spent = "10 seconds, 208 milliseconds"
│   percent_complete = "35.6%"
│   estimated_sypd = "4.119"
│   instantaneous_sypd = "4.769"
│   date_now = 2026-09-19T00:34:43.039
└   estimated_finish_date = 2026-09-19T00:35:02.039
┌ Info: Progress
│   simulation_time = "4 hours, 54 minutes"
│   n_steps_completed = 147
│   wall_time_per_step = "78 milliseconds, 465 microseconds"
│   wall_time_total = "28 seconds, 247 milliseconds"
│   wall_time_remaining = "16 seconds, 713 milliseconds"
│   wall_time_spent = "11 seconds, 534 milliseconds"
│   percent_complete = "40.8%"
│   estimated_sypd = "4.187"
│   instantaneous_sypd = "4.709"
│   date_now = 2026-09-19T00:34:44.365
└   estimated_finish_date = 2026-09-19T00:35:01.364
┌ Info: Progress
│   simulation_time = "5 hours, 32 minutes"
│   n_steps_completed = 166
│   wall_time_per_step = "78 milliseconds, 135 microseconds"
│   wall_time_total = "28 seconds, 128 milliseconds"
│   wall_time_remaining = "15 seconds, 158 milliseconds"
│   wall_time_spent = "12 seconds, 970 milliseconds"
│   percent_complete = "46.1%"
│   estimated_sypd = "4.205"
│   instantaneous_sypd = "4.347"
│   date_now = 2026-09-19T00:34:45.801
└   estimated_finish_date = 2026-09-19T00:35:01.801
┌ Info: Progress
│   simulation_time = "6 hours, 10 minutes"
│   n_steps_completed = 185
│   wall_time_per_step = "76 milliseconds, 963 microseconds"
│   wall_time_total = "27 seconds, 706 milliseconds"
│   wall_time_remaining = "13 seconds, 468 milliseconds"
│   wall_time_spent = "14 seconds, 238 milliseconds"
│   percent_complete = "51.4%"
│   estimated_sypd = "4.269"
│   instantaneous_sypd = "4.924"
│   date_now = 2026-09-19T00:34:47.069
└   estimated_finish_date = 2026-09-19T00:35:01.068
┌ Info: Progress
│   simulation_time = "6 hours, 48 minutes"
│   n_steps_completed = 204
│   wall_time_per_step = "76 milliseconds, 536 microseconds"
│   wall_time_total = "27 seconds, 553 milliseconds"
│   wall_time_remaining = "11 seconds, 939 milliseconds"
│   wall_time_spent = "15 seconds, 613 milliseconds"
│   percent_complete = "56.7%"
│   estimated_sypd = "4.293"
│   instantaneous_sypd = "4.539"
│   date_now = 2026-09-19T00:34:48.443
└   estimated_finish_date = 2026-09-19T00:35:00.443
┌ Info: Progress
│   simulation_time = "7 hours, 26 minutes"
│   n_steps_completed = 223
│   wall_time_per_step = "76 milliseconds, 642 microseconds"
│   wall_time_total = "27 seconds, 591 milliseconds"
│   wall_time_remaining = "10 seconds, 500 milliseconds"
│   wall_time_spent = "17 seconds, 91 milliseconds"
│   percent_complete = "61.9%"
│   estimated_sypd = "4.287"
│   instantaneous_sypd = "4.224"
│   date_now = 2026-09-19T00:34:49.921
└   estimated_finish_date = 2026-09-19T00:35:00.921
┌ Info: Progress
│   simulation_time = "8 hours, 4 minutes"
│   n_steps_completed = 242
│   wall_time_per_step = "76 milliseconds, 758 microseconds"
│   wall_time_total = "27 seconds, 633 milliseconds"
│   wall_time_remaining = "9 seconds, 57 milliseconds"
│   wall_time_spent = "18 seconds, 575 milliseconds"
│   percent_complete = "67.2%"
│   estimated_sypd = "4.28"
│   instantaneous_sypd = "4.206"
│   date_now = 2026-09-19T00:34:51.406
└   estimated_finish_date = 2026-09-19T00:35:01.406
┌ Info: Progress
│   simulation_time = "8 hours, 32 minutes"
│   n_steps_completed = 256
│   wall_time_per_step = "76 milliseconds, 556 microseconds"
│   wall_time_total = "27 seconds, 560 milliseconds"
│   wall_time_remaining = "7 seconds, 961 milliseconds"
│   wall_time_spent = "19 seconds, 598 milliseconds"
│   percent_complete = "71.1%"
│   estimated_sypd = "4.291"
│   instantaneous_sypd = "4.497"
│   date_now = 2026-09-19T00:34:52.429
└   estimated_finish_date = 2026-09-19T00:35:00.429
┌ Info: Progress
│   simulation_time = "9 hours, 10 minutes"
│   n_steps_completed = 275
│   wall_time_per_step = "76 milliseconds, 594 microseconds"
│   wall_time_total = "27 seconds, 574 milliseconds"
│   wall_time_remaining = "6 seconds, 510 milliseconds"
│   wall_time_spent = "21 seconds, 63 milliseconds"
│   percent_complete = "76.4%"
│   estimated_sypd = "4.289"
│   instantaneous_sypd = "4.261"
│   date_now = 2026-09-19T00:34:53.894
└   estimated_finish_date = 2026-09-19T00:35:00.894
┌ Info: Progress
│   simulation_time = "9 hours, 48 minutes"
│   n_steps_completed = 294
│   wall_time_per_step = "76 milliseconds, 531 microseconds"
│   wall_time_total = "27 seconds, 551 milliseconds"
│   wall_time_remaining = "5 seconds, 51 milliseconds"
│   wall_time_spent = "22 seconds, 500 milliseconds"
│   percent_complete = "81.7%"
│   estimated_sypd = "4.293"
│   instantaneous_sypd = "4.344"
│   date_now = 2026-09-19T00:34:55.330
└   estimated_finish_date = 2026-09-19T00:35:01.330
┌ Info: Progress
│   simulation_time = "10 hours, 26 minutes"
│   n_steps_completed = 313
│   wall_time_per_step = "76 milliseconds, 588 microseconds"
│   wall_time_total = "27 seconds, 571 milliseconds"
│   wall_time_remaining = "3 seconds, 599 milliseconds"
│   wall_time_spent = "23 seconds, 972 milliseconds"
│   percent_complete = "86.9%"
│   estimated_sypd = "4.29"
│   instantaneous_sypd = "4.241"
│   date_now = 2026-09-19T00:34:56.802
└   estimated_finish_date = 2026-09-19T00:35:00.802
┌ Info: Progress
│   simulation_time = "11 hours, 4 minutes"
│   n_steps_completed = 332
│   wall_time_per_step = "75 milliseconds, 444 microseconds"
│   wall_time_total = "27 seconds, 160 milliseconds"
│   wall_time_remaining = "2 seconds, 112 milliseconds"
│   wall_time_spent = "25 seconds, 47 milliseconds"
│   percent_complete = "92.2%"
│   estimated_sypd = "4.355"
│   instantaneous_sypd = "5.804"
│   date_now = 2026-09-19T00:34:57.878
└   estimated_finish_date = 2026-09-19T00:35:00.878
┌ Info: Progress
│   simulation_time = "11 hours, 42 minutes"
│   n_steps_completed = 351
│   wall_time_per_step = "73 milliseconds, 739 microseconds"
│   wall_time_total = "26 seconds, 546 milliseconds"
│   wall_time_remaining = "663 milliseconds, 651 microseconds"
│   wall_time_spent = "25 seconds, 882 milliseconds"
│   percent_complete = "97.5%"
│   estimated_sypd = "4.455"
│   instantaneous_sypd = "7.479"
│   date_now = 2026-09-19T00:34:58.712
└   estimated_finish_date = 2026-09-19T00:34:59.712
[ Info: solve! walltime = 26.376
[ Info: sypd: 4.487
[ Info: wall_time_per_timestep: 73 milliseconds, 267 microseconds
[ Info: Memory currently used (after solve!) by the process (RSS): 11.26 GiB
┌ Info: Tag-closure run finished
│   simulation.job_id = "c1c_opt1_newton_d4_enthalpy"
└   result.ret_code = :success
┌ Info: Where it went
│   config = "/dss/dsshome1/0D/di38kez/git/Clima/ClimaAtmosResiDyn-c1c-opt1/experiments/tag_closure/configs/c1c_opt1_newton_d4_enthalpy.yml"
└   simulation.output_dir = "output/c1c_opt1_newton_d4_enthalpy/output_0000"
┌ Info: energy_source tag closure (13 rows)
│   columns: time,total,tagged,residual,relative,gross_residual,gross_relative,scale,nonpositive_fraction,residual_at_spin_up,residual_since_spin_up,relative_since_spin_up
│   first:   0.0,1.1298739844259547e8,1.1298739844259542e8,4.470348358154297e-8,3.9565017159196814e-16,3.488170169374527e-9,3.0872205373829646e-17,1.1298739844259547e8,0.0,NaN,NaN,NaN
│   last:    43200.0,1.1376460216480128e8,1.1377038408963439e8,-5781.924833104014,-5.082358416485492e-5,231528.17540397818,0.0020351512772714894,1.1376460216480128e8,0.0,-861.0501076579094,-4920.874725446105,-4.3254884487862444e-5
└   path = "output/c1c_opt1_newton_d4_enthalpy/output_0000/energy_source_tag_closure.csv"
