┌ Info: Making AtmosConfig with config files: 
│    /dss/dsshome1/0D/di38kez/git/Clima/ClimaAtmosResiDyn-c2-val/src/config/../../config/default_configs/default_config.yml
└    /dss/dsshome1/0D/di38kez/git/Clima/ClimaAtmosResiDyn-c2-val/experiments/tag_closure/configs/v5_c5_restarted_notags.yml
┌ Info: numerics 
│        `energy_q_tot_upwinding`::`Val{:vanleer_limiter}`
│              `tracer_upwinding`::`Val{:vanleer_limiter}`
│     `edmfx_mse_q_tot_upwinding`::`Val{:first_order}`
│       `edmfx_sgsflux_upwinding`::`Val{:none}`
│        `edmfx_tracer_upwinding`::`Val{:first_order}`
│       `test_dycore_consistency`::`Nothing`
│          `reproducible_restart`::`ClimaAtmos.ReproducibleRestart`
│                       `limiter`::`Nothing`
│                     `diff_mode`::`ClimaAtmos.Explicit`
└                     `hyperdiff`::`ClimaAtmos.Hyperdiffusion{Float64}`
┌ Info: AtmosModel: 
│ 
│                             `water`::`ClimaAtmos.AtmosWater{ClimaAtmos.EquilibriumMicrophysics0M, ClimaAtmos.QuadratureCloud, ClimaAtmos.Implicit, Nothing, ClimaAtmos.SGSQuadrature{3, StaticArraysCore.SVector{3, Float64}, StaticArraysCore.SVector{3, Float64}, ClimaAtmos.GaussianSGS, Float64}, ClimaAtmos.FixedTerminalVelocity, ClimaAtmos.FixedTerminalVelocity, ClimaAtmos.DiagnosticTerminalVelocity, ClimaAtmos.FixedTerminalVelocity}`
│                         `scm_setup`::`ClimaAtmos.SCMSetup{ClimaAtmos.LargeScaleSubsidence{ClimaAtmos.Setups.var"#25#26"{Float64}}, Nothing, Nothing, Bool, @NamedTuple{prof_ug::Returns{Float64}, prof_vg::Returns{Float64}, coriolis_param::Float64}}`
│                         `radiation`::`ClimaAtmos.AtmosRadiation{ClimaAtmos.RadiationDYCOMS{Float64}, ClimaAtmos.IdealizedInsolation}`
│                          `turbconv`::`ClimaAtmos.AtmosTurbconv{ClimaAtmos.EDMFXModel{ClimaAtmos.InvZEntrainment, ClimaAtmos.BuoyancyVelocityDetrainment, Val{false}, Val{false}, Val{false}, Val{false}, Val{false}, Val{false}, Val{false}, ClimaAtmos.SmoothMinimumBlending}, Nothing, Nothing, Nothing, Nothing}`
│                   `prescribed_flow`::`Nothing`
│                      `gravity_wave`::`ClimaAtmos.AtmosGravityWave{Nothing, Nothing}`
│                `vertical_diffusion`::`Nothing`
│                            `sponge`::`ClimaAtmos.AtmosSponge{Nothing, Nothing}`
│                           `surface`::`ClimaAtmos.AtmosSurface{ClimaAtmos.SurfaceConditions.MoninObukhov{Float64, ClimaAtmos.SurfaceConditions.HeatFluxes{Float64, Float64}, Float64}, ClimaAtmos.SurfaceConditions.AnalyticTemperature{Returns{Float64}}, ClimaAtmos.SurfaceConditions.SurfaceBoundaryOverrides{Float64, Float64, Nothing, Nothing, Nothing, Nothing}, ClimaAtmos.ConstantAlbedo{Float64}}`
│                          `numerics`::`ClimaAtmos.AtmosNumerics{Val{:vanleer_limiter}, Val{:vanleer_limiter}, Val{:first_order}, Val{:none}, Val{:first_order}, Nothing, ClimaAtmos.ReproducibleRestart, Nothing, ClimaAtmos.Explicit, ClimaAtmos.Hyperdiffusion{Float64}}`
│                         `chemistry`::`ClimaAtmos.AtmosChem{Nothing}`
│                           `tagging`::`ClimaAtmos.AtmosTagging{Nothing, Nothing, Nothing, Nothing, Nothing}`
└                              `cosp`::`Nothing`
[ Info: Single-process ClimaAtmos run on CPUSingleThreaded
[ Info: Using ODE config: `ClimaTimeSteppers.ARS343`
┌ Info: Restarting simulation from file
│   restart_file = "/dss/dsstbyfs02/scratch/0D/di38kez/tag_closure/output/v5_c5_continuous_notags/output_active/day0.43200.hdf5"
└   restart_time = "12.0 hours (2010-01-01T12:00:00) [counter = 12, period = 1 hour, epoch = 2010-01-01T00:00:00]"
[ Info: Loaded restart file (6.771 s, 228.04 MiB)
[ Info: Built cache (33.006 s, 6.58 GiB)
[ Info: Assembled callbacks (164.129 ms, 16.05 MiB)
┌ Info: Jacobian algorithm: ManualSparseJacobian(
│   approximate_solve_iters = 1,
└ )
[ Info: Jacobian derivative flags: topography_flag = IgnoreDerivative, diffusion_flag = IgnoreDerivative
[ Info: Built tendency function (18.155 s, 901.55 MiB)
[ Info: Initialized integrator (10.027 s, 929.48 MiB)
[ Info: Set up diagnostics (6.314 s, 299.05 MiB)
┌ Info: Simulation info
│   job_id = "v5_c5_restarted_notags"
└   output_dir = "output/v5_c5_restarted_notags/output_0000"
┌ Info: Running
│   job_id = "v5_c5_restarted_notags"
│   output_dir = "output/v5_c5_restarted_notags/output_0000"
└   tspan = (43200.0 seconds (2010-01-01T12:00:00) [counter = 43200, period = 1 second, epoch = 2010-01-01T00:00:00], 86400.0 seconds (2010-01-02T00:00:00) [counter = 86400, period = 1 second, epoch = 2010-01-01T00:00:00])
┌ Info: Progress
│   simulation_time = "12 hours, 10 seconds"
│   n_steps_completed = 1
│   wall_time_per_step = "0 seconds"
│   wall_time_total = "0 seconds"
│   wall_time_remaining = "0 seconds"
│   wall_time_spent = "0 seconds"
│   percent_complete = "0.0%"
│   estimated_sypd = "Inf"
│   instantaneous_sypd = "0.0 (sdpd_estimate = 0.0)"
│   date_now = 2026-09-18T20:35:31.359
└   estimated_finish_date = 2026-09-18T20:35:31.359
┌ Info: Progress
│   simulation_time = "12 hours, 20 seconds"
│   n_steps_completed = 2
│   wall_time_per_step = "0 seconds"
│   wall_time_total = "0 seconds"
│   wall_time_remaining = "0 seconds"
│   wall_time_spent = "0 seconds"
│   percent_complete = "0.0%"
│   estimated_sypd = "Inf"
│   instantaneous_sypd = "0.026"
│   date_now = 2026-09-18T20:35:32.280
└   estimated_finish_date = 2026-09-18T20:35:32.280
┌ Info: Progress
│   simulation_time = "12 hours, 40 seconds"
│   n_steps_completed = 4
│   wall_time_per_step = "2 milliseconds, 535 microseconds"
│   wall_time_total = "10 seconds, 955 milliseconds"
│   wall_time_remaining = "10 seconds, 945 milliseconds"
│   wall_time_spent = "10 milliseconds, 143 microseconds"
│   percent_complete = "0.1%"
│   estimated_sypd = "10.796"
│   instantaneous_sypd = "10.796"
│   date_now = 2026-09-18T20:35:32.445
└   estimated_finish_date = 2026-09-18T20:35:43.445
┌ Info: Progress
│   simulation_time = "12 hours, 1 minute"
│   n_steps_completed = 8
│   wall_time_per_step = "22 milliseconds, 45 microseconds"
│   wall_time_total = "1 minute, 35 seconds"
│   wall_time_remaining = "1 minute, 35 seconds"
│   wall_time_spent = "176 milliseconds, 363 microseconds"
│   percent_complete = "0.2%"
│   estimated_sypd = "1.242"
│   instantaneous_sypd = "0.659"
│   date_now = 2026-09-18T20:35:32.499
└   estimated_finish_date = 2026-09-18T20:37:08.499
┌ Info: Progress
│   simulation_time = "12 hours, 2 minutes"
│   n_steps_completed = 16
│   wall_time_per_step = "14 milliseconds, 659 microseconds"
│   wall_time_total = "1 minute, 3 seconds"
│   wall_time_remaining = "1 minute, 3 seconds"
│   wall_time_spent = "234 milliseconds, 544 microseconds"
│   percent_complete = "0.4%"
│   estimated_sypd = "1.868"
│   instantaneous_sypd = "3.765"
│   date_now = 2026-09-18T20:35:32.509
└   estimated_finish_date = 2026-09-18T20:36:36.509
┌ Info: Progress
│   simulation_time = "12 hours, 5 minutes"
│   n_steps_completed = 32
│   wall_time_per_step = "7 milliseconds, 961 microseconds"
│   wall_time_total = "34 seconds, 393 milliseconds"
│   wall_time_remaining = "34 seconds, 139 milliseconds"
│   wall_time_spent = "254 milliseconds, 768 microseconds"
│   percent_complete = "0.7%"
│   estimated_sypd = "3.439"
│   instantaneous_sypd = "21.66"
│   date_now = 2026-09-18T20:35:32.529
└   estimated_finish_date = 2026-09-18T20:36:07.529
┌ Info: Progress
│   simulation_time = "12 hours, 10 minutes"
│   n_steps_completed = 64
│   wall_time_per_step = "4 milliseconds, 605 microseconds"
│   wall_time_total = "19 seconds, 894 milliseconds"
│   wall_time_remaining = "19 seconds, 599 milliseconds"
│   wall_time_spent = "294 milliseconds, 730 microseconds"
│   percent_complete = "1.5%"
│   estimated_sypd = "5.945"
│   instantaneous_sypd = "21.924"
│   date_now = 2026-09-18T20:35:32.569
└   estimated_finish_date = 2026-09-18T20:35:52.569
┌ Info: Progress
│   simulation_time = "12 hours, 21 minutes"
│   n_steps_completed = 128
│   wall_time_per_step = "2 milliseconds, 924 microseconds"
│   wall_time_total = "12 seconds, 632 milliseconds"
│   wall_time_remaining = "12 seconds, 257 milliseconds"
│   wall_time_spent = "374 milliseconds, 281 microseconds"
│   percent_complete = "3.0%"
│   estimated_sypd = "9.363"
│   instantaneous_sypd = "22.026"
│   date_now = 2026-09-18T20:35:32.649
└   estimated_finish_date = 2026-09-18T20:35:45.649
┌ Info: Progress
│   simulation_time = "12 hours, 42 minutes"
│   n_steps_completed = 256
│   wall_time_per_step = "2 milliseconds, 81 microseconds"
│   wall_time_total = "8 seconds, 991 milliseconds"
│   wall_time_remaining = "8 seconds, 458 milliseconds"
│   wall_time_spent = "532 milliseconds, 823 microseconds"
│   percent_complete = "5.9%"
│   estimated_sypd = "13.154"
│   instantaneous_sypd = "22.104"
│   date_now = 2026-09-18T20:35:32.807
└   estimated_finish_date = 2026-09-18T20:35:41.807
┌ Info: Progress
│   simulation_time = "13 hours, 18 minutes"
│   n_steps_completed = 473
│   wall_time_per_step = "1 millisecond, 698 microseconds"
│   wall_time_total = "7 seconds, 337 milliseconds"
│   wall_time_remaining = "6 seconds, 534 milliseconds"
│   wall_time_spent = "803 milliseconds, 408 microseconds"
│   percent_complete = "10.9%"
│   estimated_sypd = "16.119"
│   instantaneous_sypd = "21.957"
│   date_now = 2026-09-18T20:35:33.078
└   estimated_finish_date = 2026-09-18T20:35:40.078
┌ Info: Progress
│   simulation_time = "13 hours, 25 minutes"
│   n_steps_completed = 512
│   wall_time_per_step = "1 millisecond, 664 microseconds"
│   wall_time_total = "7 seconds, 189 milliseconds"
│   wall_time_remaining = "6 seconds, 337 milliseconds"
│   wall_time_spent = "852 milliseconds, 37 microseconds"
│   percent_complete = "11.9%"
│   estimated_sypd = "16.452"
│   instantaneous_sypd = "21.957"
│   date_now = 2026-09-18T20:35:33.127
└   estimated_finish_date = 2026-09-18T20:35:40.127
┌ Info: Progress
│   simulation_time = "14 hours, 1 minute"
│   n_steps_completed = 729
│   wall_time_per_step = "1 millisecond, 536 microseconds"
│   wall_time_total = "6 seconds, 638 milliseconds"
│   wall_time_remaining = "5 seconds, 518 milliseconds"
│   wall_time_spent = "1 second, 120 milliseconds"
│   percent_complete = "16.9%"
│   estimated_sypd = "17.816"
│   instantaneous_sypd = "22.149"
│   date_now = 2026-09-18T20:35:33.395
└   estimated_finish_date = 2026-09-18T20:35:39.395
┌ Info: Progress
│   simulation_time = "14 hours, 37 minutes"
│   n_steps_completed = 946
│   wall_time_per_step = "1 millisecond, 467 microseconds"
│   wall_time_total = "6 seconds, 341 milliseconds"
│   wall_time_remaining = "4 seconds, 952 milliseconds"
│   wall_time_spent = "1 second, 388 milliseconds"
│   percent_complete = "21.9%"
│   estimated_sypd = "18.651"
│   instantaneous_sypd = "22.134"
│   date_now = 2026-09-18T20:35:33.663
└   estimated_finish_date = 2026-09-18T20:35:38.663
┌ Info: Progress
│   simulation_time = "14 hours, 50 minutes"
│   n_steps_completed = 1024
│   wall_time_per_step = "1 millisecond, 450 microseconds"
│   wall_time_total = "6 seconds, 266 milliseconds"
│   wall_time_remaining = "4 seconds, 781 milliseconds"
│   wall_time_spent = "1 second, 485 milliseconds"
│   percent_complete = "23.7%"
│   estimated_sypd = "18.873"
│   instantaneous_sypd = "22.065"
│   date_now = 2026-09-18T20:35:33.760
└   estimated_finish_date = 2026-09-18T20:35:38.760
┌ Info: Progress
│   simulation_time = "15 hours, 26 minutes"
│   n_steps_completed = 1241
│   wall_time_per_step = "1 millisecond, 413 microseconds"
│   wall_time_total = "6 seconds, 106 milliseconds"
│   wall_time_remaining = "4 seconds, 352 milliseconds"
│   wall_time_spent = "1 second, 754 milliseconds"
│   percent_complete = "28.7%"
│   estimated_sypd = "19.368"
│   instantaneous_sypd = "22.107"
│   date_now = 2026-09-18T20:35:34.029
└   estimated_finish_date = 2026-09-18T20:35:39.029
┌ Info: Progress
│   simulation_time = "16 hours, 3 minutes"
│   n_steps_completed = 1458
│   wall_time_per_step = "1 millisecond, 387 microseconds"
│   wall_time_total = "5 seconds, 992 milliseconds"
│   wall_time_remaining = "3 seconds, 970 milliseconds"
│   wall_time_spent = "2 seconds, 22 milliseconds"
│   percent_complete = "33.8%"
│   estimated_sypd = "19.736"
│   instantaneous_sypd = "22.138"
│   date_now = 2026-09-18T20:35:34.297
└   estimated_finish_date = 2026-09-18T20:35:38.297
┌ Info: Progress
│   simulation_time = "16 hours, 39 minutes"
│   n_steps_completed = 1675
│   wall_time_per_step = "1 millisecond, 367 microseconds"
│   wall_time_total = "5 seconds, 908 milliseconds"
│   wall_time_remaining = "3 seconds, 617 milliseconds"
│   wall_time_spent = "2 seconds, 291 milliseconds"
│   percent_complete = "38.8%"
│   estimated_sypd = "20.017"
│   instantaneous_sypd = "22.133"
│   date_now = 2026-09-18T20:35:34.566
└   estimated_finish_date = 2026-09-18T20:35:38.566
┌ Info: Progress
│   simulation_time = "17 hours, 15 minutes"
│   n_steps_completed = 1892
│   wall_time_per_step = "1 millisecond, 352 microseconds"
│   wall_time_total = "5 seconds, 844 milliseconds"
│   wall_time_remaining = "3 seconds, 284 milliseconds"
│   wall_time_spent = "2 seconds, 559 milliseconds"
│   percent_complete = "43.8%"
│   estimated_sypd = "20.238"
│   instantaneous_sypd = "22.121"
│   date_now = 2026-09-18T20:35:34.834
└   estimated_finish_date = 2026-09-18T20:35:38.834
┌ Info: Progress
│   simulation_time = "17 hours, 41 minutes"
│   n_steps_completed = 2048
│   wall_time_per_step = "1 millisecond, 344 microseconds"
│   wall_time_total = "5 seconds, 806 milliseconds"
│   wall_time_remaining = "3 seconds, 54 milliseconds"
│   wall_time_spent = "2 seconds, 752 milliseconds"
│   percent_complete = "47.4%"
│   estimated_sypd = "20.368"
│   instantaneous_sypd = "22.09"
│   date_now = 2026-09-18T20:35:35.028
└   estimated_finish_date = 2026-09-18T20:35:39.028
┌ Info: Progress
│   simulation_time = "18 hours, 17 minutes"
│   n_steps_completed = 2265
│   wall_time_per_step = "1 millisecond, 333 microseconds"
│   wall_time_total = "5 seconds, 762 milliseconds"
│   wall_time_remaining = "2 seconds, 741 milliseconds"
│   wall_time_spent = "3 seconds, 21 milliseconds"
│   percent_complete = "52.4%"
│   estimated_sypd = "20.525"
│   instantaneous_sypd = "22.135"
│   date_now = 2026-09-18T20:35:35.296
└   estimated_finish_date = 2026-09-18T20:35:38.296
┌ Info: Progress
│   simulation_time = "18 hours, 53 minutes"
│   n_steps_completed = 2482
│   wall_time_per_step = "1 millisecond, 325 microseconds"
│   wall_time_total = "5 seconds, 726 milliseconds"
│   wall_time_remaining = "2 seconds, 436 milliseconds"
│   wall_time_spent = "3 seconds, 289 milliseconds"
│   percent_complete = "57.5%"
│   estimated_sypd = "20.655"
│   instantaneous_sypd = "22.125"
│   date_now = 2026-09-18T20:35:35.565
└   estimated_finish_date = 2026-09-18T20:35:38.565
┌ Info: Progress
│   simulation_time = "19 hours, 29 minutes"
│   n_steps_completed = 2699
│   wall_time_per_step = "1 millisecond, 318 microseconds"
│   wall_time_total = "5 seconds, 695 milliseconds"
│   wall_time_remaining = "2 seconds, 137 milliseconds"
│   wall_time_spent = "3 seconds, 558 milliseconds"
│   percent_complete = "62.5%"
│   estimated_sypd = "20.766"
│   instantaneous_sypd = "22.117"
│   date_now = 2026-09-18T20:35:35.833
└   estimated_finish_date = 2026-09-18T20:35:38.833
┌ Info: Progress
│   simulation_time = "20 hours, 6 minutes"
│   n_steps_completed = 2916
│   wall_time_per_step = "1 millisecond, 312 microseconds"
│   wall_time_total = "5 seconds, 670 milliseconds"
│   wall_time_remaining = "1 second, 842 milliseconds"
│   wall_time_spent = "3 seconds, 827 milliseconds"
│   percent_complete = "67.5%"
│   estimated_sypd = "20.86"
│   instantaneous_sypd = "22.104"
│   date_now = 2026-09-18T20:35:36.102
└   estimated_finish_date = 2026-09-18T20:35:38.102
┌ Info: Progress
│   simulation_time = "20 hours, 42 minutes"
│   n_steps_completed = 3133
│   wall_time_per_step = "1 millisecond, 307 microseconds"
│   wall_time_total = "5 seconds, 647 milliseconds"
│   wall_time_remaining = "1 second, 551 milliseconds"
│   wall_time_spent = "4 seconds, 95 milliseconds"
│   percent_complete = "72.5%"
│   estimated_sypd = "20.942"
│   instantaneous_sypd = "22.122"
│   date_now = 2026-09-18T20:35:36.371
└   estimated_finish_date = 2026-09-18T20:35:38.371
┌ Info: Progress
│   simulation_time = "21 hours, 18 minutes"
│   n_steps_completed = 3350
│   wall_time_per_step = "1 millisecond, 302 microseconds"
│   wall_time_total = "5 seconds, 628 milliseconds"
│   wall_time_remaining = "1 second, 263 milliseconds"
│   wall_time_spent = "4 seconds, 364 milliseconds"
│   percent_complete = "77.5%"
│   estimated_sypd = "21.015"
│   instantaneous_sypd = "22.12"
│   date_now = 2026-09-18T20:35:36.639
└   estimated_finish_date = 2026-09-18T20:35:38.639
┌ Info: Progress
│   simulation_time = "21 hours, 54 minutes"
│   n_steps_completed = 3567
│   wall_time_per_step = "1 millisecond, 298 microseconds"
│   wall_time_total = "5 seconds, 611 milliseconds"
│   wall_time_remaining = "978 milliseconds, 64 microseconds"
│   wall_time_spent = "4 seconds, 633 milliseconds"
│   percent_complete = "82.6%"
│   estimated_sypd = "21.078"
│   instantaneous_sypd = "22.111"
│   date_now = 2026-09-18T20:35:36.908
└   estimated_finish_date = 2026-09-18T20:35:37.908
┌ Info: Progress
│   simulation_time = "22 hours, 30 minutes"
│   n_steps_completed = 3784
│   wall_time_per_step = "1 millisecond, 295 microseconds"
│   wall_time_total = "5 seconds, 596 milliseconds"
│   wall_time_remaining = "694 milliseconds, 329 microseconds"
│   wall_time_spent = "4 seconds, 901 milliseconds"
│   percent_complete = "87.6%"
│   estimated_sypd = "21.135"
│   instantaneous_sypd = "22.117"
│   date_now = 2026-09-18T20:35:37.176
└   estimated_finish_date = 2026-09-18T20:35:38.176
┌ Info: Progress
│   simulation_time = "23 hours, 6 minutes"
│   n_steps_completed = 4001
│   wall_time_per_step = "1 millisecond, 292 microseconds"
│   wall_time_total = "5 seconds, 582 milliseconds"
│   wall_time_remaining = "412 milliseconds, 228 microseconds"
│   wall_time_spent = "5 seconds, 170 milliseconds"
│   percent_complete = "92.6%"
│   estimated_sypd = "21.187"
│   instantaneous_sypd = "22.124"
│   date_now = 2026-09-18T20:35:37.445
└   estimated_finish_date = 2026-09-18T20:35:38.445
┌ Info: Progress
│   simulation_time = "23 hours, 22 minutes"
│   n_steps_completed = 4096
│   wall_time_per_step = "1 millisecond, 291 microseconds"
│   wall_time_total = "5 seconds, 577 milliseconds"
│   wall_time_remaining = "289 milliseconds, 184 microseconds"
│   wall_time_spent = "5 seconds, 287 milliseconds"
│   percent_complete = "94.8%"
│   estimated_sypd = "21.207"
│   instantaneous_sypd = "22.107"
│   date_now = 2026-09-18T20:35:37.563
└   estimated_finish_date = 2026-09-18T20:35:38.563
┌ Info: Progress
│   simulation_time = "23 hours, 58 minutes"
│   n_steps_completed = 4313
│   wall_time_per_step = "1 millisecond, 288 microseconds"
│   wall_time_total = "5 seconds, 565 milliseconds"
│   wall_time_remaining = "9 milliseconds, 17 microseconds"
│   wall_time_spent = "5 seconds, 556 milliseconds"
│   percent_complete = "99.8%"
│   estimated_sypd = "21.253"
│   instantaneous_sypd = "22.151"
│   date_now = 2026-09-18T20:35:37.831
└   estimated_finish_date = 2026-09-18T20:35:38.831
[ Info: Saving state to HDF5 file on day 1 second 0
[ Info: solve! walltime = 6.517
[ Info: sypd: 18.161
[ Info: wall_time_per_timestep: 1 millisecond, 508 microseconds
[ Info: Memory currently used (after solve!) by the process (RSS): 4.21 GiB
┌ Info: Tag-closure run finished
│   simulation.job_id = "v5_c5_restarted_notags"
└   result.ret_code = :success
┌ Info: Where it went
│   config = "/dss/dsshome1/0D/di38kez/git/Clima/ClimaAtmosResiDyn-c2-val/experiments/tag_closure/configs/v5_c5_restarted_notags.yml"
└   simulation.output_dir = "output/v5_c5_restarted_notags/output_0000"
[ Info: No closure table was written. Expected when the run configures no closure check, and a symptom otherwise.
