================================================================
ClimaAtmos tag-closure run
================================================================
Run (job_id):    wp4aj_ref_dt30_n40
Machine:         terrabyte
Configuration:   /dss/dsshome1/0D/di38kez/git/Clima/ClimaAtmosResiDyn-wp4aj-run/experiments/tag_closure/configs/wp4aj_ref_dt30_n40.yml
SLURM job:       13999662
Partition:       hpda2_compute
Nodes:           hpdar03c05s12
CPUs per task:   2
Tasks:           1
Launch:          (direct)
Repository:      /dss/dsshome1/0D/di38kez/git/Clima/ClimaAtmosResiDyn-wp4aj-run
Commit:          727dba0afc67abafdceb803f8b786fa89ad6c347 (from git-files)
Julia:           /dss/dsshome1/0D/di38kez/.juliaup/bin/julia +1.11
Project:         /dss/dsshome1/0D/di38kez/git/Clima/ClimaAtmosResiDyn-wp4aj-run/.buildkite
Driver:          /dss/dsshome1/0D/di38kez/git/Clima/ClimaAtmosResiDyn-wp4aj-run/experiments/tag_closure/run_tag_closure.jl
Depot:           /dss/dsstbyfs02/scratch/0D/di38kez/julia-depots/terrabyte-cpu
Run directory:   /dss/dsstbyfs02/scratch/0D/di38kez/tag_closure
Output base:     /dss/dsstbyfs02/scratch/0D/di38kez/tag_closure/output/wp4aj_ref_dt30_n40
Start time:      2026-09-29T13:50:43+02:00

Loaded modules:
Currently Loaded Modulefiles:
 1) stack/24.4.0{arch=auto}(default) <aL>   3) gcc/13.2.0(default)           
 2) python/3.12                             4) openmpi/4.1.8-gcc13(default)  

Key:
{variant=value}  (symbolic-version)  <module-tag>  <aL>=auto-loaded  


Wrote /dss/dsstbyfs02/scratch/0D/di38kez/tag_closure/output/wp4aj_ref_dt30_n40/output_0000/provenance.txt
Driver exit status: 0
End time:           2026-09-29T14:04:04+02:00
--- warnings and errors from g3-wp4aj_ref_dt30_n40-13999662.err
┌ Warning: water tag closure residual 0.007884705161644946 exceeds the warning tolerance 1.0e-10 at t = 360.0 s: the residual has drifted past the level set for this check. A warning level is not an acceptance threshold; see output/wp4aj_ref_dt30_n40/output_0000/water_tag_closure.csv.
┌ Warning: water tag closure residual 0.00707723744080846 exceeds the warning tolerance 1.0e-10 at t = 720.0 s: the residual has drifted past the level set for this check. A warning level is not an acceptance threshold; see output/wp4aj_ref_dt30_n40/output_0000/water_tag_closure.csv.
┌ Warning: water tag closure residual 0.006544821140669234 exceeds the warning tolerance 1.0e-10 at t = 1080.0 s: the residual has drifted past the level set for this check. A warning level is not an acceptance threshold; see output/wp4aj_ref_dt30_n40/output_0000/water_tag_closure.csv.
┌ Warning: water tag closure residual 0.0061390568510239565 exceeds the warning tolerance 1.0e-10 at t = 1440.0 s: the residual has drifted past the level set for this check. A warning level is not an acceptance threshold; see output/wp4aj_ref_dt30_n40/output_0000/water_tag_closure.csv.
┌ Warning: water tag closure residual 0.005790629260457314 exceeds the warning tolerance 1.0e-10 at t = 1800.0 s: the residual has drifted past the level set for this check. A warning level is not an acceptance threshold; see output/wp4aj_ref_dt30_n40/output_0000/water_tag_closure.csv.
┌ Warning: water tag closure residual 0.005497192773029828 exceeds the warning tolerance 1.0e-10 at t = 2160.0 s: the residual has drifted past the level set for this check. A warning level is not an acceptance threshold; see output/wp4aj_ref_dt30_n40/output_0000/water_tag_closure.csv.
┌ Warning: water tag closure residual 0.005239245405339992 exceeds the warning tolerance 1.0e-10 at t = 2520.0 s: the residual has drifted past the level set for this check. A warning level is not an acceptance threshold; see output/wp4aj_ref_dt30_n40/output_0000/water_tag_closure.csv.
┌ Warning: water tag closure residual 0.004995314773505898 exceeds the warning tolerance 1.0e-10 at t = 2880.0 s: the residual has drifted past the level set for this check. A warning level is not an acceptance threshold; see output/wp4aj_ref_dt30_n40/output_0000/water_tag_closure.csv.
┌ Warning: water tag closure residual 0.004762706882717547 exceeds the warning tolerance 1.0e-10 at t = 3240.0 s: the residual has drifted past the level set for this check. A warning level is not an acceptance threshold; see output/wp4aj_ref_dt30_n40/output_0000/water_tag_closure.csv.
┌ Warning: water tag closure residual 0.004543537565849386 exceeds the warning tolerance 1.0e-10 at t = 3600.0 s: the residual has drifted past the level set for this check. A warning level is not an acceptance threshold; see output/wp4aj_ref_dt30_n40/output_0000/water_tag_closure.csv.
┌ Warning: water tag closure residual 0.004355728180135489 exceeds the warning tolerance 1.0e-10 at t = 3960.0 s: the residual has drifted past the level set for this check. A warning level is not an acceptance threshold; see output/wp4aj_ref_dt30_n40/output_0000/water_tag_closure.csv.
┌ Warning: water tag closure residual 0.004184737450292351 exceeds the warning tolerance 1.0e-10 at t = 4320.0 s: the residual has drifted past the level set for this check. A warning level is not an acceptance threshold; see output/wp4aj_ref_dt30_n40/output_0000/water_tag_closure.csv.
┌ Warning: water tag closure residual 0.004026681491631937 exceeds the warning tolerance 1.0e-10 at t = 4680.0 s: the residual has drifted past the level set for this check. A warning level is not an acceptance threshold; see output/wp4aj_ref_dt30_n40/output_0000/water_tag_closure.csv.
┌ Warning: water tag closure residual 0.003874773445138257 exceeds the warning tolerance 1.0e-10 at t = 5040.0 s: the residual has drifted past the level set for this check. A warning level is not an acceptance threshold; see output/wp4aj_ref_dt30_n40/output_0000/water_tag_closure.csv.
┌ Warning: water tag closure residual 0.0037290534928469217 exceeds the warning tolerance 1.0e-10 at t = 5400.0 s: the residual has drifted past the level set for this check. A warning level is not an acceptance threshold; see output/wp4aj_ref_dt30_n40/output_0000/water_tag_closure.csv.
┌ Warning: water tag closure residual 0.003589452521233709 exceeds the warning tolerance 1.0e-10 at t = 5760.0 s: the residual has drifted past the level set for this check. A warning level is not an acceptance threshold; see output/wp4aj_ref_dt30_n40/output_0000/water_tag_closure.csv.
┌ Warning: water tag closure residual 0.003458478045406171 exceeds the warning tolerance 1.0e-10 at t = 6120.0 s: the residual has drifted past the level set for this check. A warning level is not an acceptance threshold; see output/wp4aj_ref_dt30_n40/output_0000/water_tag_closure.csv.
┌ Warning: water tag closure residual 0.00333941765287471 exceeds the warning tolerance 1.0e-10 at t = 6480.0 s: the residual has drifted past the level set for this check. A warning level is not an acceptance threshold; see output/wp4aj_ref_dt30_n40/output_0000/water_tag_closure.csv.
┌ Warning: water tag closure residual 0.0032247312846537275 exceeds the warning tolerance 1.0e-10 at t = 6840.0 s: the residual has drifted past the level set for this check. A warning level is not an acceptance threshold; see output/wp4aj_ref_dt30_n40/output_0000/water_tag_closure.csv.
┌ Warning: water tag closure residual 0.0031143170718923555 exceeds the warning tolerance 1.0e-10 at t = 7200.0 s: the residual has drifted past the level set for this check. A warning level is not an acceptance threshold; see output/wp4aj_ref_dt30_n40/output_0000/water_tag_closure.csv.
