# run.log for c8_column_1m, trimmed from SLURM job 13401744's .out and .err on terrabyte.
# The runscript's header:
================================================================
ClimaAtmos tag-closure run
================================================================
Run (job_id):    c8_column_1m
Machine:         terrabyte
Configuration:   /dss/dsshome1/0D/di38kez/git/Clima/ClimaAtmosResiDyn.jl/experiments/tag_closure/configs/c8_column_1m.yml
SLURM job:       13401744
Partition:       hpda2_test
Nodes:           hpdar03c01s12
CPUs per task:   2
Repository:      /dss/dsshome1/0D/di38kez/git/Clima/ClimaAtmosResiDyn.jl
Commit:          c11d1d3b9b77b7ec3fe405fa15b9ed2ea0921355 (from git-files)
Julia:           /dss/dsshome1/0D/di38kez/.juliaup/bin/julia +1.11
Project:         /dss/dsshome1/0D/di38kez/git/Clima/ClimaAtmosResiDyn.jl/.buildkite
Driver:          /dss/dsshome1/0D/di38kez/git/Clima/ClimaAtmosResiDyn.jl/experiments/tag_closure/run_tag_closure.jl
Depot:           /dss/dsstbyfs02/scratch/0D/di38kez/julia-depots/terrabyte-cpu
Run directory:   /dss/dsstbyfs02/scratch/0D/di38kez/tag_closure
Output base:     /dss/dsstbyfs02/scratch/0D/di38kez/tag_closure/output/c8_column_1m
Start time:      2026-09-11T08:04:51+02:00

Loaded modules:
Currently Loaded Modulefiles:
 1) stack/24.4.0{arch=auto}(default) <aL>   3) openmpi/4.1.8-gcc13(default)  
 2) gcc/13.2.0(default)                    

Key:
{variant=value}  (symbolic-version)  <module-tag>  <aL>=auto-loaded  


Wrote /dss/dsstbyfs02/scratch/0D/di38kez/tag_closure/output/c8_column_1m/output_0000/provenance.txt
Driver exit status: 0
End time:           2026-09-11T08:30:34+02:00

# Every distinct warning, first occurrence, first line only:
┌ Warning: `energy_source_tags` tag `new_strat` lists `precipitation`, which cannot contribute to a source tag. It is the sedimentation of precipitating species, which moves energy between levels rather than adding it. Where water sediments, the tags follow it as transport instead, so nothing is credited to `precipitation`. The `energy_tracers` family does attribute it. Under 0-moment microphysics, rain leaves through `microphysics` instead. Note `moist` and `all` both expand to include `precipitation`.
┌ Warning: `energy_source_tags` tag `new_tropo` lists `precipitation`, which cannot contribute to a source tag. It is the sedimentation of precipitating species, which moves energy between levels rather than adding it. Where water sediments, the tags follow it as transport instead, so nothing is credited to `precipitation`. The `energy_tracers` family does attribute it. Under 0-moment microphysics, rain leaves through `microphysics` instead. Note `moist` and `all` both expand to include `precipitation`.
┌ Warning: `energy_process_record` lists `precipitation`, which records the sedimentation of precipitating species. Under 0-moment microphysics there is none, so its record stays zero there, which reads the same as a process that did nothing, and rain leaves through `microphysics` instead. Note `moist` and `all` both expand to include `precipitation`.
┌ Warning: energy_source tag closure residual 0.0015688090725577033 exceeds the configured tolerance 1.0e-6 at t = 3600.0 s. The tags no longer account for the field they partition; see output/c8_column_1m/output_0000/energy_source_tag_closure.csv.
┌ Warning: energy_source tag closure residual 0.002296134618439839 exceeds the configured tolerance 1.0e-6 at t = 7200.0 s. The tags no longer account for the field they partition; see output/c8_column_1m/output_0000/energy_source_tag_closure.csv.
┌ Warning: energy_source tag closure residual 0.0031442599644680934 exceeds the configured tolerance 1.0e-6 at t = 10800.0 s. The tags no longer account for the field they partition; see output/c8_column_1m/output_0000/energy_source_tag_closure.csv.
┌ Warning: energy_source tag closure residual 0.0038844396042421007 exceeds the configured tolerance 1.0e-6 at t = 14400.0 s. The tags no longer account for the field they partition; see output/c8_column_1m/output_0000/energy_source_tag_closure.csv.
┌ Warning: energy_source tag closure residual 0.004680785274173208 exceeds the configured tolerance 1.0e-6 at t = 18000.0 s. The tags no longer account for the field they partition; see output/c8_column_1m/output_0000/energy_source_tag_closure.csv.
┌ Warning: energy_source tag closure residual 0.005442121871042799 exceeds the configured tolerance 1.0e-6 at t = 21600.0 s. The tags no longer account for the field they partition; see output/c8_column_1m/output_0000/energy_source_tag_closure.csv.
┌ Warning: energy_source tag closure residual 0.006679242407567658 exceeds the configured tolerance 1.0e-6 at t = 25200.0 s. The tags no longer account for the field they partition; see output/c8_column_1m/output_0000/energy_source_tag_closure.csv.
┌ Warning: energy_source tag closure residual 0.007779327432220575 exceeds the configured tolerance 1.0e-6 at t = 28800.0 s. The tags no longer account for the field they partition; see output/c8_column_1m/output_0000/energy_source_tag_closure.csv.
┌ Warning: energy_source tag closure residual 0.008757060405580478 exceeds the configured tolerance 1.0e-6 at t = 32400.0 s. The tags no longer account for the field they partition; see output/c8_column_1m/output_0000/energy_source_tag_closure.csv.
┌ Warning: energy_source tag closure residual 0.009704702802612536 exceeds the configured tolerance 1.0e-6 at t = 36000.0 s. The tags no longer account for the field they partition; see output/c8_column_1m/output_0000/energy_source_tag_closure.csv.
┌ Warning: energy_source tag closure residual 0.010574799364820966 exceeds the configured tolerance 1.0e-6 at t = 39600.0 s. The tags no longer account for the field they partition; see output/c8_column_1m/output_0000/energy_source_tag_closure.csv.
┌ Warning: energy_source tag closure residual 0.011416286978358843 exceeds the configured tolerance 1.0e-6 at t = 43200.0 s. The tags no longer account for the field they partition; see output/c8_column_1m/output_0000/energy_source_tag_closure.csv.
┌ Warning: energy_source tag closure residual 0.012238759809612832 exceeds the configured tolerance 1.0e-6 at t = 46800.0 s. The tags no longer account for the field they partition; see output/c8_column_1m/output_0000/energy_source_tag_closure.csv.
┌ Warning: energy_source tag closure residual 0.012995912635208835 exceeds the configured tolerance 1.0e-6 at t = 50400.0 s. The tags no longer account for the field they partition; see output/c8_column_1m/output_0000/energy_source_tag_closure.csv.
┌ Warning: energy_source tag closure residual 0.013597066451959574 exceeds the configured tolerance 1.0e-6 at t = 54000.0 s. The tags no longer account for the field they partition; see output/c8_column_1m/output_0000/energy_source_tag_closure.csv.
┌ Warning: energy_source tag closure residual 0.0143462997679553 exceeds the configured tolerance 1.0e-6 at t = 57600.0 s. The tags no longer account for the field they partition; see output/c8_column_1m/output_0000/energy_source_tag_closure.csv.
┌ Warning: energy_source tag closure residual 0.015520398194909385 exceeds the configured tolerance 1.0e-6 at t = 61200.0 s. The tags no longer account for the field they partition; see output/c8_column_1m/output_0000/energy_source_tag_closure.csv.
┌ Warning: energy_source tag closure residual 0.01654339419244845 exceeds the configured tolerance 1.0e-6 at t = 64800.0 s. The tags no longer account for the field they partition; see output/c8_column_1m/output_0000/energy_source_tag_closure.csv.
┌ Warning: energy_source tag closure residual 0.01748674836908741 exceeds the configured tolerance 1.0e-6 at t = 68400.0 s. The tags no longer account for the field they partition; see output/c8_column_1m/output_0000/energy_source_tag_closure.csv.
┌ Warning: energy_source tag closure residual 0.018351731629879044 exceeds the configured tolerance 1.0e-6 at t = 72000.0 s. The tags no longer account for the field they partition; see output/c8_column_1m/output_0000/energy_source_tag_closure.csv.
┌ Warning: energy_source tag closure residual 0.01913016210133691 exceeds the configured tolerance 1.0e-6 at t = 75600.0 s. The tags no longer account for the field they partition; see output/c8_column_1m/output_0000/energy_source_tag_closure.csv.
┌ Warning: energy_source tag closure residual 0.019856048523739168 exceeds the configured tolerance 1.0e-6 at t = 79200.0 s. The tags no longer account for the field they partition; see output/c8_column_1m/output_0000/energy_source_tag_closure.csv.
┌ Warning: energy_source tag closure residual 0.02062191952074506 exceeds the configured tolerance 1.0e-6 at t = 82800.0 s. The tags no longer account for the field they partition; see output/c8_column_1m/output_0000/energy_source_tag_closure.csv.
┌ Warning: energy_source tag closure residual 0.021559923807741906 exceeds the configured tolerance 1.0e-6 at t = 86400.0 s. The tags no longer account for the field they partition; see output/c8_column_1m/output_0000/energy_source_tag_closure.csv.

# The end of the run:
[ Info: solve! walltime = 45.125
[ Info: sypd: 5.246
[ Info: wall_time_per_timestep: 5 milliseconds, 222 microseconds
Wrote /dss/dsstbyfs02/scratch/0D/di38kez/tag_closure/output/c8_column_1m/output_0000/provenance.txt
Driver exit status: 0
End time:           2026-09-11T08:30:34+02:00
