# run.log for a1_dt10, trimmed from its SLURM .out file(s) on Levante: the runscript's header and exit lines, without blank lines and without DKRZ's job summary box. The .err is committed beside it. The .out is no longer committed, as .gitignore intends.
# From tag-closure-a-27360071.out:
================================================================
ClimaAtmos tag-closure run
================================================================
Run (job_id):    a1_dt10
Configuration:   /home/b/b309159/git/ClimaAtmosResiDyn.jl/experiments/tag_closure/configs/a1_dt10.yml
SLURM job:       27360071
Partition:       shared
Nodes:           l40001
CPUs per task:   35
Repository:      /home/b/b309159/git/ClimaAtmosResiDyn.jl
Commit:          unknown
Julia:           /home/b/b309159/.juliaup/bin/julia +1.11
Project:         /home/b/b309159/git/ClimaAtmosResiDyn.jl/.buildkite
Driver:          /home/b/b309159/git/ClimaAtmosResiDyn.jl/experiments/tag_closure/run_tag_closure.jl
Output base:     /home/b/b309159/git/ClimaAtmosResiDyn.jl/output/a1_dt10
Start time:      2026-09-09T23:40:25+02:00
Loaded modules:
Currently Loaded Modulefiles:
 1) gcc/11.2.0-gcc-11.2.0   2) openmpi/4.1.2-gcc-11.2.0  
Wrote /home/b/b309159/git/ClimaAtmosResiDyn.jl/output/a1_dt10/output_0001/provenance.txt
Driver exit status: 0
End time:           2026-09-09T23:45:16+02:00
# From tag-closure-a-27360483.out:
================================================================
ClimaAtmos tag-closure run
================================================================
Run (job_id):    a1_dt10
Configuration:   /home/b/b309159/git/ClimaAtmosResiDyn.jl/experiments/tag_closure/configs/a1_dt10.yml
SLURM job:       27360483
Partition:       shared
Nodes:           l40002
CPUs per task:   35
Repository:      /home/b/b309159/git/ClimaAtmosResiDyn.jl
Commit:          3659746d1005b84d057c8ade3c59138b4c91fa6d (from git)
Julia:           /home/b/b309159/.juliaup/bin/julia +1.11
Project:         /home/b/b309159/git/ClimaAtmosResiDyn.jl/.buildkite
Driver:          /home/b/b309159/git/ClimaAtmosResiDyn.jl/experiments/tag_closure/run_tag_closure.jl
Output base:     /home/b/b309159/git/ClimaAtmosResiDyn.jl/output/a1_dt10
Start time:      2026-09-10T00:15:14+02:00
Loaded modules:
Currently Loaded Modulefiles:
 1) gcc/11.2.0-gcc-11.2.0   2) openmpi/4.1.2-gcc-11.2.0  
Wrote /home/b/b309159/git/ClimaAtmosResiDyn.jl/output/a1_dt10/output_0000/provenance.txt
Driver exit status: 0
End time:           2026-09-10T00:20:09+02:00
