================================================================
ClimaAtmos tag-closure run
================================================================
Run (job_id):    ic_miss_probe_s23
Machine:         terrabyte
Configuration:   /dss/dsshome1/0D/di38kez/git/Clima/ClimaAtmosResiDyn-ic-probe-run/experiments/tag_closure/configs/ic_miss_probe_s23.yml
SLURM job:       13987196
Partition:       hpda2_compute
Nodes:           hpdar07c05s04
CPUs per task:   2
Tasks:           1
Launch:          (direct)
Repository:      /dss/dsshome1/0D/di38kez/git/Clima/ClimaAtmosResiDyn-ic-probe-run
Commit:          49958c1b0e6abd463dfbacd0c6de9504968b4af0 (from git-files)
Julia:           /dss/dsshome1/0D/di38kez/.juliaup/bin/julia +1.11
Project:         /dss/dsshome1/0D/di38kez/git/Clima/ClimaAtmosResiDyn-ic-probe-run/.buildkite
Driver:          /dss/dsshome1/0D/di38kez/git/Clima/ClimaAtmosResiDyn-ic-probe-run/experiments/tag_closure/analysis/water/ic_miss_probe.jl
Depot:           /dss/dsstbyfs02/scratch/0D/di38kez/julia-depots/terrabyte-cpu
Run directory:   /dss/dsstbyfs02/scratch/0D/di38kez/tag_closure
Output base:     /dss/dsstbyfs02/scratch/0D/di38kez/tag_closure/output/ic_miss_probe_s23
Start time:      2026-09-25T17:04:06+02:00

Loaded modules:
Currently Loaded Modulefiles:
 1) stack/24.4.0{arch=auto}(default) <aL>   3) gcc/13.2.0(default)           
 2) python/3.12                             4) openmpi/4.1.8-gcc13(default)  

Key:
{variant=value}  (symbolic-version)  <module-tag>  <aL>=auto-loaded  

RESULT run=ic_miss_probe_s23 steps=13824 csv=output/ic_miss_probe_s23/output_0000/ic_miss_probe_s23_steps.csv

Wrote /dss/dsstbyfs02/scratch/0D/di38kez/tag_closure/output/ic_miss_probe_s23/output_0000/provenance.txt
Driver exit status: 0
End time:           2026-09-25T20:12:10+02:00
