Precompiling ClimaAtmos...
  41952.5 ms  ✓ ClimaAtmos
  1 dependency successfully precompiled in 66 seconds. 277 already precompiled.
┌ Info: Making AtmosConfig with config files: 
│    /dss/dsshome1/0D/di38kez/git/Clima/ClimaAtmosResiDyn-inc-run2/src/config/../../config/default_configs/default_config.yml
└    /dss/dsshome1/0D/di38kez/git/Clima/ClimaAtmosResiDyn-inc-run2/experiments/tag_closure/configs/g1_inc_newton_d4.yml
┌ Info: numerics 
│               `energy_q_tot_upwinding`::`Val{:vanleer_limiter}`
│                     `tracer_upwinding`::`Val{:vanleer_limiter}`
│            `edmfx_mse_q_tot_upwinding`::`Val{:first_order}`
│              `edmfx_sgsflux_upwinding`::`Val{:none}`
│               `edmfx_tracer_upwinding`::`Val{:first_order}`
│              `test_dycore_consistency`::`Nothing`
│                 `reproducible_restart`::`Nothing`
│                              `limiter`::`Nothing`
│                            `diff_mode`::`ClimaAtmos.Implicit`
│                            `hyperdiff`::`ClimaAtmos.Hyperdiffusion{Float64}`
└     `vertical_water_borrowing_species`::`Nothing`
┌ Warning: `energy_source_tags` with `turbconv: prognostic_edmfx`: the eddy diffusion moves the tags as passive tracers, while it moves `ρe_tot` in enthalpy form. The difference goes to `e_src_res`.
└ @ ClimaAtmos ~/git/Clima/ClimaAtmosResiDyn-inc-run2/src/config/tracer_config.jl:1244
┌ Warning: `energy_source_tags` tag `mp` lists `microphysics`, which cannot contribute under NonEquilibriumMicrophysics1M. Only 0-moment microphysics changes `ρe_tot`. The other schemes move water between species, and the energy leaves with sedimentation, which the tags follow as transport. Note `moist` and `all` both expand to include `microphysics`.
└ @ ClimaAtmos ~/git/Clima/ClimaAtmosResiDyn-inc-run2/src/config/tracer_config.jl:630
┌ Warning: `energy_source_tags` tag `new_strat` lists `precipitation`, which cannot contribute to a source tag. It is the sedimentation of precipitating species, which moves energy between levels rather than adding it. Where water sediments, the tags follow it as transport instead, so nothing is credited to `precipitation`. The `energy_tracers` family does attribute it. Under 0-moment microphysics, rain leaves through `microphysics` instead. Note `moist` and `all` both expand to include `precipitation`.
└ @ ClimaAtmos ~/git/Clima/ClimaAtmosResiDyn-inc-run2/src/config/tracer_config.jl:617
┌ Warning: `energy_source_tags` tag `new_strat` lists `microphysics`, which cannot contribute under NonEquilibriumMicrophysics1M. Only 0-moment microphysics changes `ρe_tot`. The other schemes move water between species, and the energy leaves with sedimentation, which the tags follow as transport. Note `moist` and `all` both expand to include `microphysics`.
└ @ ClimaAtmos ~/git/Clima/ClimaAtmosResiDyn-inc-run2/src/config/tracer_config.jl:630
┌ Warning: `energy_source_tags` tag `new_tropo` lists `precipitation`, which cannot contribute to a source tag. It is the sedimentation of precipitating species, which moves energy between levels rather than adding it. Where water sediments, the tags follow it as transport instead, so nothing is credited to `precipitation`. The `energy_tracers` family does attribute it. Under 0-moment microphysics, rain leaves through `microphysics` instead. Note `moist` and `all` both expand to include `precipitation`.
└ @ ClimaAtmos ~/git/Clima/ClimaAtmosResiDyn-inc-run2/src/config/tracer_config.jl:617
┌ Warning: `energy_source_tags` tag `new_tropo` lists `microphysics`, which cannot contribute under NonEquilibriumMicrophysics1M. Only 0-moment microphysics changes `ρe_tot`. The other schemes move water between species, and the energy leaves with sedimentation, which the tags follow as transport. Note `moist` and `all` both expand to include `microphysics`.
└ @ ClimaAtmos ~/git/Clima/ClimaAtmosResiDyn-inc-run2/src/config/tracer_config.jl:630
┌ Warning: `energy_process_record` lists `microphysics`, which records nothing under NonEquilibriumMicrophysics1M. Only 0-moment microphysics changes `ρe_tot` and `ρq_tot`. The other schemes move water between species, so this record stays zero, which reads the same as a process that did nothing. Their rain-out is in the `precipitation` record.
└ @ ClimaAtmos ~/git/Clima/ClimaAtmosResiDyn-inc-run2/src/config/tracer_config.jl:1116
┌ Info: AtmosModel: 
│ 
│                             `water`::`ClimaAtmos.AtmosWater{ClimaAtmos.NonEquilibriumMicrophysics1M{CloudMicrophysics.Parameters.Microphysics1MOptions{CloudMicrophysics.Parameters.CloudLiquidFormation, CloudMicrophysics.Parameters.PrescribedIceNumber, CloudMicrophysics.Parameters.CloudIceMelt, CloudMicrophysics.Parameters.HomogeneousAndHeterogeneous, CloudMicrophysics.Parameters.Kessler1M, CloudMicrophysics.Parameters.NoSupersaturation, CloudMicrophysics.Parameters.RainEvaporation, CloudMicrophysics.Parameters.DepositionAndSublimation, CloudMicrophysics.Parameters.SnowMelt, CloudMicrophysics.Parameters.CloudLiquidRainAccretion, CloudMicrophysics.Parameters.CloudLiquidSnowAccretion, CloudMicrophysics.Parameters.CloudIceRainAccretion, CloudMicrophysics.Parameters.CloudIceSnowAccretion, CloudMicrophysics.Parameters.RainSnowAccretion}}, ClimaAtmos.QuadratureCloud, ClimaAtmos.Implicit, Nothing, ClimaAtmos.SGSQuadrature{3, StaticArraysCore.SVector{3, Float64}, StaticArraysCore.SVector{3, Float64}, ClimaAtmos.GaussianSGS, Float64}, ClimaAtmos.DiagnosticTerminalVelocity, ClimaAtmos.FixedTerminalVelocity, ClimaAtmos.DiagnosticTerminalVelocity, ClimaAtmos.FixedTerminalVelocity}`
│                         `scm_setup`::`ClimaAtmos.SCMSetup{ClimaAtmos.LargeScaleSubsidence{ClimaAtmos.Setups.var"#25#26"{Float64}}, Nothing, Nothing, Bool, @NamedTuple{prof_ug::Returns{Float64}, prof_vg::Returns{Float64}, coriolis_param::Float64}}`
│                         `radiation`::`ClimaAtmos.AtmosRadiation{ClimaAtmos.RadiationDYCOMS{Float64}, ClimaAtmos.IdealizedInsolation, Tuple{}, Tuple{}}`
│                          `turbconv`::`ClimaAtmos.AtmosTurbconv{ClimaAtmos.EDMFXModel{ClimaAtmos.InvZEntrainment, ClimaAtmos.BuoyancyVelocityDetrainment, Val{false}, Val{false}, ClimaAtmos.SmoothMinimumBlending}, ClimaAtmos.PrognosticEDMFX{1, true, Float64}, Nothing, Nothing, Nothing}`
│                   `prescribed_flow`::`Nothing`
│                      `gravity_wave`::`ClimaAtmos.AtmosGravityWave{Nothing, Nothing}`
│                `vertical_diffusion`::`Nothing`
│                            `sponge`::`ClimaAtmos.AtmosSponge{Nothing, Nothing}`
│                           `surface`::`ClimaAtmos.AtmosSurface{ClimaAtmos.SurfaceConditions.MoninObukhov{Float64, ClimaAtmos.SurfaceConditions.HeatFluxes{Float64, Float64}, Float64}, ClimaAtmos.SurfaceConditions.AnalyticTemperature{Returns{Float64}}, ClimaAtmos.SurfaceConditions.SurfaceBoundaryOverrides{Float64, Float64, Nothing, Nothing, Nothing, Nothing}, ClimaAtmos.ConstantAlbedo{Float64}}`
│                          `numerics`::`ClimaAtmos.AtmosNumerics{Val{:vanleer_limiter}, Val{:vanleer_limiter}, Val{:first_order}, Val{:none}, Val{:first_order}, Nothing, Nothing, Nothing, ClimaAtmos.Implicit, ClimaAtmos.Hyperdiffusion{Float64}, Nothing}`
│                         `chemistry`::`ClimaAtmos.AtmosChem{Nothing}`
│                           `tagging`::`ClimaAtmos.AtmosTagging{Nothing, Nothing, ClimaAtmos.EnergySourceTaggingModel{Tuple{ClimaAtmos.EnergySourceTag{:strat, ClimaAtmos.TanhAltitudeRegion{Float64}, Tuple{}}, ClimaAtmos.EnergySourceTag{:tropo, ClimaAtmos.TanhAltitudeRegion{Float64}, Tuple{}}, ClimaAtmos.EnergySourceTag{:rad, Nothing, Tuple{Symbol}}, ClimaAtmos.EnergySourceTag{:sfc, Nothing, Tuple{Symbol}}, ClimaAtmos.EnergySourceTag{:sub, Nothing, Tuple{Symbol}}, ClimaAtmos.EnergySourceTag{:mp, Nothing, Tuple{Symbol}}, ClimaAtmos.EnergySourceTag{:new_strat, ClimaAtmos.TanhAltitudeRegion{Float64}, NTuple{8, Symbol}}, ClimaAtmos.EnergySourceTag{:new_tropo, ClimaAtmos.TanhAltitudeRegion{Float64}, NTuple{8, Symbol}}}, Float64, ClimaAtmos.EnthalpyIncrementEnergySourceTransport}, ClimaAtmos.ProcessRecordModel{Tuple{ClimaAtmos.RecordedProcess{:radiation}, ClimaAtmos.RecordedProcess{:surface_flux}, ClimaAtmos.RecordedProcess{:subsidence}, ClimaAtmos.RecordedProcess{:microphysics}, ClimaAtmos.RecordedProcess{:precipitation}}}, Nothing}`
└                              `cosp`::`Nothing`
┌ Info: Microphysics settings: 
│                        `n_substeps`::`3`
│                   `n_substeps_quad`::`2`
│            `cloud_liquid_formation`::`CloudLiquidFormation`
│               `cloud_ice_formation`::`PrescribedIceNumber`
│                    `cloud_ice_melt`::`CloudIceMelt`
│             `cloud_liquid_freezing`::`HomogeneousAndHeterogeneous`
│               `rain_autoconversion`::`Kessler1M`
│               `snow_autoconversion`::`NoSupersaturation`
│     `rain_condensation_evaporation`::`RainEvaporation`
│       `snow_deposition_sublimation`::`DepositionAndSublimation`
│                         `snow_melt`::`SnowMelt`
│       `cloud_liquid_rain_accretion`::`CloudLiquidRainAccretion`
│       `cloud_liquid_snow_accretion`::`CloudLiquidSnowAccretion`
│          `cloud_ice_rain_accretion`::`CloudIceRainAccretion`
│          `cloud_ice_snow_accretion`::`CloudIceSnowAccretion`
└               `rain_snow_accretion`::`RainSnowAccretion`
[ Info: Single-process ClimaAtmos run on CPUSingleThreaded
[ Info: Using ODE config: `ClimaTimeSteppers.ARS222`
[ Info: Initialized state (90.352 μs, 8.2 KiB)
[ Info: Built cache (170.26 s, 30.06 GiB)
[ Info: Assembled callbacks (501.459 ms, 34.73 MiB)
┌ Info: Jacobian algorithm: ManualSparseJacobian(
│   approximate_solve_iters = 2,
└ )
[ Info: Jacobian derivative flags: topography_flag = IgnoreDerivative, diffusion_flag = UseDerivative
[ Info: Built tendency function (421.935 s, 20.27 GiB)
[ Info: Initialized integrator (132.799 s, 9.11 GiB)
[ Info: Added 26 user-provided YAML-style diagnostics
[ Info: Set up diagnostics (32.165 s, 376.94 MiB)
[ Info: Initialized 26 total diagnostics
┌ Info: Simulation info
│   job_id = "g1_inc_newton_d4"
└   output_dir = "output/g1_inc_newton_d4/output_0000"
┌ Info: Running
│   job_id = "g1_inc_newton_d4"
│   output_dir = "output/g1_inc_newton_d4/output_0000"
└   tspan = (0.0 seconds (2010-01-01T00:00:00) [counter = 0, period = 1 second, epoch = 2010-01-01T00:00:00], 86400.0 seconds (2010-01-02T00:00:00) [counter = 86400, period = 1 second, epoch = 2010-01-01T00:00:00])
┌ Info: Progress
│   simulation_time = "2 minutes"
│   n_steps_completed = 1
│   wall_time_per_step = "0 seconds"
│   wall_time_total = "0 seconds"
│   wall_time_remaining = "0 seconds"
│   wall_time_spent = "0 seconds"
│   percent_complete = "0.1%"
│   estimated_sypd = "Inf"
│   instantaneous_sypd = "0.0 (sdpd_estimate = 0.0)"
│   date_now = 2026-09-19T01:57:48.531
└   estimated_finish_date = 2026-09-19T01:57:48.531
┌ Info: Progress
│   simulation_time = "4 minutes"
│   n_steps_completed = 2
│   wall_time_per_step = "0 seconds"
│   wall_time_total = "0 seconds"
│   wall_time_remaining = "0 seconds"
│   wall_time_spent = "0 seconds"
│   percent_complete = "0.3%"
│   estimated_sypd = "Inf"
│   instantaneous_sypd = "0.079"
│   date_now = 2026-09-19T01:57:52.586
└   estimated_finish_date = 2026-09-19T01:57:52.586
┌ Info: Progress
│   simulation_time = "8 minutes"
│   n_steps_completed = 4
│   wall_time_per_step = "25 milliseconds, 959 microseconds"
│   wall_time_total = "18 seconds, 691 milliseconds"
│   wall_time_remaining = "18 seconds, 587 milliseconds"
│   wall_time_spent = "103 milliseconds, 839 microseconds"
│   percent_complete = "0.6%"
│   estimated_sypd = "12.656"
│   instantaneous_sypd = "12.656"
│   date_now = 2026-09-19T01:57:52.872
└   estimated_finish_date = 2026-09-19T01:58:11.872
┌ Info: Progress
│   simulation_time = "16 minutes"
│   n_steps_completed = 8
│   wall_time_per_step = "57 milliseconds, 636 microseconds"
│   wall_time_total = "41 seconds, 498 milliseconds"
│   wall_time_remaining = "41 seconds, 37 milliseconds"
│   wall_time_spent = "461 milliseconds, 94 microseconds"
│   percent_complete = "1.1%"
│   estimated_sypd = "5.7"
│   instantaneous_sypd = "3.679"
│   date_now = 2026-09-19T01:57:52.995
└   estimated_finish_date = 2026-09-19T01:58:34.995
┌ Info: Progress
│   simulation_time = "32 minutes"
│   n_steps_completed = 16
│   wall_time_per_step = "44 milliseconds, 913 microseconds"
│   wall_time_total = "32 seconds, 337 milliseconds"
│   wall_time_remaining = "31 seconds, 619 milliseconds"
│   wall_time_spent = "718 milliseconds, 619 microseconds"
│   percent_complete = "2.2%"
│   estimated_sypd = "7.315"
│   instantaneous_sypd = "10.206"
│   date_now = 2026-09-19T01:57:53.252
└   estimated_finish_date = 2026-09-19T01:58:25.252
┌ Info: Progress
│   simulation_time = "1 hour, 4 minutes"
│   n_steps_completed = 32
│   wall_time_per_step = "121 milliseconds, 675 microseconds"
│   wall_time_total = "1 minute, 27 seconds"
│   wall_time_remaining = "1 minute, 23 seconds"
│   wall_time_spent = "3 seconds, 893 milliseconds"
│   percent_complete = "4.4%"
│   estimated_sypd = "2.7"
│   instantaneous_sypd = "1.656"
│   date_now = 2026-09-19T01:57:56.458
└   estimated_finish_date = 2026-09-19T01:59:20.457
┌ Info: Progress
│   simulation_time = "2 hours, 8 minutes"
│   n_steps_completed = 64
│   wall_time_per_step = "78 milliseconds, 693 microseconds"
│   wall_time_total = "56 seconds, 659 milliseconds"
│   wall_time_remaining = "51 seconds, 623 milliseconds"
│   wall_time_spent = "5 seconds, 36 milliseconds"
│   percent_complete = "8.9%"
│   estimated_sypd = "4.175"
│   instantaneous_sypd = "9.2"
│   date_now = 2026-09-19T01:57:57.570
└   estimated_finish_date = 2026-09-19T01:58:49.570
┌ Info: Progress
│   simulation_time = "3 hours, 22 minutes"
│   n_steps_completed = 101
│   wall_time_per_step = "62 milliseconds, 902 microseconds"
│   wall_time_total = "45 seconds, 290 milliseconds"
│   wall_time_remaining = "38 seconds, 936 milliseconds"
│   wall_time_spent = "6 seconds, 353 milliseconds"
│   percent_complete = "14.0%"
│   estimated_sypd = "5.223"
│   instantaneous_sypd = "9.232"
│   date_now = 2026-09-19T01:57:58.887
└   estimated_finish_date = 2026-09-19T01:58:37.887
┌ Info: Progress
│   simulation_time = "4 hours, 16 minutes"
│   n_steps_completed = 128
│   wall_time_per_step = "58 milliseconds, 107 microseconds"
│   wall_time_total = "41 seconds, 837 milliseconds"
│   wall_time_remaining = "34 seconds, 399 milliseconds"
│   wall_time_spent = "7 seconds, 437 milliseconds"
│   percent_complete = "17.8%"
│   estimated_sypd = "5.654"
│   instantaneous_sypd = "8.179"
│   date_now = 2026-09-19T01:57:59.972
└   estimated_finish_date = 2026-09-19T01:58:34.972
┌ Info: Progress
│   simulation_time = "5 hours, 30 minutes"
│   n_steps_completed = 165
│   wall_time_per_step = "53 milliseconds, 650 microseconds"
│   wall_time_total = "38 seconds, 627 milliseconds"
│   wall_time_remaining = "29 seconds, 775 milliseconds"
│   wall_time_spent = "8 seconds, 852 milliseconds"
│   percent_complete = "22.9%"
│   estimated_sypd = "6.124"
│   instantaneous_sypd = "8.594"
│   date_now = 2026-09-19T01:58:01.386
└   estimated_finish_date = 2026-09-19T01:58:31.386
┌ Info: Progress
│   simulation_time = "6 hours, 44 minutes"
│   n_steps_completed = 202
│   wall_time_per_step = "51 milliseconds, 131 microseconds"
│   wall_time_total = "36 seconds, 814 milliseconds"
│   wall_time_remaining = "26 seconds, 486 milliseconds"
│   wall_time_spent = "10 seconds, 328 milliseconds"
│   percent_complete = "28.1%"
│   estimated_sypd = "6.425"
│   instantaneous_sypd = "8.234"
│   date_now = 2026-09-19T01:58:02.862
└   estimated_finish_date = 2026-09-19T01:58:29.862
┌ Info: Progress
│   simulation_time = "7 hours, 58 minutes"
│   n_steps_completed = 239
│   wall_time_per_step = "50 milliseconds, 53 microseconds"
│   wall_time_total = "36 seconds, 38 milliseconds"
│   wall_time_remaining = "24 seconds, 75 milliseconds"
│   wall_time_spent = "11 seconds, 962 milliseconds"
│   percent_complete = "33.2%"
│   estimated_sypd = "6.564"
│   instantaneous_sypd = "7.438"
│   date_now = 2026-09-19T01:58:04.497
└   estimated_finish_date = 2026-09-19T01:58:29.497
┌ Info: Progress
│   simulation_time = "8 hours, 32 minutes"
│   n_steps_completed = 256
│   wall_time_per_step = "49 milliseconds, 746 microseconds"
│   wall_time_total = "35 seconds, 817 milliseconds"
│   wall_time_remaining = "23 seconds, 82 milliseconds"
│   wall_time_spent = "12 seconds, 734 milliseconds"
│   percent_complete = "35.6%"
│   estimated_sypd = "6.604"
│   instantaneous_sypd = "7.234"
│   date_now = 2026-09-19T01:58:05.269
└   estimated_finish_date = 2026-09-19T01:58:29.269
┌ Info: Progress
│   simulation_time = "9 hours, 46 minutes"
│   n_steps_completed = 293
│   wall_time_per_step = "49 milliseconds, 426 nanoseconds"
│   wall_time_total = "35 seconds, 280 milliseconds"
│   wall_time_remaining = "20 seconds, 923 milliseconds"
│   wall_time_spent = "14 seconds, 357 milliseconds"
│   percent_complete = "40.7%"
│   estimated_sypd = "6.705"
│   instantaneous_sypd = "7.494"
│   date_now = 2026-09-19T01:58:06.891
└   estimated_finish_date = 2026-09-19T01:58:27.891
┌ Info: Progress
│   simulation_time = "11 hours"
│   n_steps_completed = 330
│   wall_time_per_step = "48 milliseconds, 455 microseconds"
│   wall_time_total = "34 seconds, 887 milliseconds"
│   wall_time_remaining = "18 seconds, 897 milliseconds"
│   wall_time_spent = "15 seconds, 990 milliseconds"
│   percent_complete = "45.8%"
│   estimated_sypd = "6.78"
│   instantaneous_sypd = "7.444"
│   date_now = 2026-09-19T01:58:08.524
└   estimated_finish_date = 2026-09-19T01:58:27.524
┌ Info: Progress
│   simulation_time = "12 hours, 14 minutes"
│   n_steps_completed = 367
│   wall_time_per_step = "48 milliseconds, 172 microseconds"
│   wall_time_total = "34 seconds, 684 milliseconds"
│   wall_time_remaining = "17 seconds, 5 milliseconds"
│   wall_time_spent = "17 seconds, 679 milliseconds"
│   percent_complete = "51.0%"
│   estimated_sypd = "6.82"
│   instantaneous_sypd = "7.196"
│   date_now = 2026-09-19T01:58:10.213
└   estimated_finish_date = 2026-09-19T01:58:28.213
┌ Info: Progress
│   simulation_time = "13 hours, 28 minutes"
│   n_steps_completed = 404
│   wall_time_per_step = "47 milliseconds, 792 microseconds"
│   wall_time_total = "34 seconds, 410 milliseconds"
│   wall_time_remaining = "15 seconds, 102 milliseconds"
│   wall_time_spent = "19 seconds, 307 milliseconds"
│   percent_complete = "56.1%"
│   estimated_sypd = "6.874"
│   instantaneous_sypd = "7.464"
│   date_now = 2026-09-19T01:58:11.842
└   estimated_finish_date = 2026-09-19T01:58:27.842
┌ Info: Progress
│   simulation_time = "14 hours, 42 minutes"
│   n_steps_completed = 441
│   wall_time_per_step = "47 milliseconds, 463 microseconds"
│   wall_time_total = "34 seconds, 173 milliseconds"
│   wall_time_remaining = "13 seconds, 242 milliseconds"
│   wall_time_spent = "20 seconds, 931 milliseconds"
│   percent_complete = "61.3%"
│   estimated_sypd = "6.922"
│   instantaneous_sypd = "7.489"
│   date_now = 2026-09-19T01:58:13.465
└   estimated_finish_date = 2026-09-19T01:58:27.465
┌ Info: Progress
│   simulation_time = "15 hours, 56 minutes"
│   n_steps_completed = 478
│   wall_time_per_step = "47 milliseconds, 184 microseconds"
│   wall_time_total = "33 seconds, 972 milliseconds"
│   wall_time_remaining = "11 seconds, 418 milliseconds"
│   wall_time_spent = "22 seconds, 554 milliseconds"
│   percent_complete = "66.4%"
│   estimated_sypd = "6.963"
│   instantaneous_sypd = "7.491"
│   date_now = 2026-09-19T01:58:15.088
└   estimated_finish_date = 2026-09-19T01:58:27.088
┌ Info: Progress
│   simulation_time = "17 hours, 4 minutes"
│   n_steps_completed = 512
│   wall_time_per_step = "46 milliseconds, 963 microseconds"
│   wall_time_total = "33 seconds, 813 milliseconds"
│   wall_time_remaining = "9 seconds, 768 milliseconds"
│   wall_time_spent = "24 seconds, 45 milliseconds"
│   percent_complete = "71.1%"
│   estimated_sypd = "6.996"
│   instantaneous_sypd = "7.491"
│   date_now = 2026-09-19T01:58:16.579
└   estimated_finish_date = 2026-09-19T01:58:26.579
┌ Info: Progress
│   simulation_time = "18 hours, 18 minutes"
│   n_steps_completed = 549
│   wall_time_per_step = "46 milliseconds, 743 microseconds"
│   wall_time_total = "33 seconds, 655 milliseconds"
│   wall_time_remaining = "7 seconds, 993 milliseconds"
│   wall_time_spent = "25 seconds, 662 milliseconds"
│   percent_complete = "76.2%"
│   estimated_sypd = "7.029"
│   instantaneous_sypd = "7.518"
│   date_now = 2026-09-19T01:58:18.196
└   estimated_finish_date = 2026-09-19T01:58:26.196
┌ Info: Progress
│   simulation_time = "19 hours, 32 minutes"
│   n_steps_completed = 586
│   wall_time_per_step = "46 milliseconds, 569 microseconds"
│   wall_time_total = "33 seconds, 530 milliseconds"
│   wall_time_remaining = "6 seconds, 240 milliseconds"
│   wall_time_spent = "27 seconds, 289 milliseconds"
│   percent_complete = "81.4%"
│   estimated_sypd = "7.055"
│   instantaneous_sypd = "7.469"
│   date_now = 2026-09-19T01:58:19.824
└   estimated_finish_date = 2026-09-19T01:58:26.824
┌ Info: Progress
│   simulation_time = "20 hours, 46 minutes"
│   n_steps_completed = 623
│   wall_time_per_step = "46 milliseconds, 409 microseconds"
│   wall_time_total = "33 seconds, 414 milliseconds"
│   wall_time_remaining = "4 seconds, 501 milliseconds"
│   wall_time_spent = "28 seconds, 912 milliseconds"
│   percent_complete = "86.5%"
│   estimated_sypd = "7.079"
│   instantaneous_sypd = "7.489"
│   date_now = 2026-09-19T01:58:21.447
└   estimated_finish_date = 2026-09-19T01:58:26.447
┌ Info: Progress
│   simulation_time = "22 hours"
│   n_steps_completed = 660
│   wall_time_per_step = "46 milliseconds, 269 microseconds"
│   wall_time_total = "33 seconds, 314 milliseconds"
│   wall_time_remaining = "2 seconds, 776 milliseconds"
│   wall_time_spent = "30 seconds, 537 milliseconds"
│   percent_complete = "91.7%"
│   estimated_sypd = "7.101"
│   instantaneous_sypd = "7.481"
│   date_now = 2026-09-19T01:58:23.072
└   estimated_finish_date = 2026-09-19T01:58:26.072
┌ Info: Progress
│   simulation_time = "23 hours, 14 minutes"
│   n_steps_completed = 697
│   wall_time_per_step = "46 milliseconds, 182 microseconds"
│   wall_time_total = "33 seconds, 251 milliseconds"
│   wall_time_remaining = "1 second, 62 milliseconds"
│   wall_time_spent = "32 seconds, 189 milliseconds"
│   percent_complete = "96.8%"
│   estimated_sypd = "7.114"
│   instantaneous_sypd = "7.362"
│   date_now = 2026-09-19T01:58:24.723
└   estimated_finish_date = 2026-09-19T01:58:26.723
[ Info: solve! walltime = 33.246
[ Info: sypd: 7.12
[ Info: wall_time_per_timestep: 46 milliseconds, 175 microseconds
[ Info: Memory currently used (after solve!) by the process (RSS): 13.58 GiB
┌ Info: Tag-closure run finished
│   simulation.job_id = "g1_inc_newton_d4"
└   result.ret_code = :success
┌ Info: Where it went
│   config = "/dss/dsshome1/0D/di38kez/git/Clima/ClimaAtmosResiDyn-inc-run2/experiments/tag_closure/configs/g1_inc_newton_d4.yml"
└   simulation.output_dir = "output/g1_inc_newton_d4/output_0000"
┌ Info: energy_source tag closure (25 rows)
│   columns: time,total,tagged,residual,relative,gross_residual,gross_relative,scale,nonpositive_fraction,residual_at_spin_up,residual_since_spin_up,relative_since_spin_up
│   first:   0.0,1.1298739844259547e8,1.1298739844259542e8,4.470348358154297e-8,3.9565017159196814e-16,3.488170169374527e-9,3.0872205373829646e-17,1.1298739844259547e8,0.0,NaN,NaN,NaN
│   last:    86400.0,1.1416970613821371e8,1.1416970605819088e8,0.08002282679080963,7.009112092653903e-10,0.08002284917641433,7.009114053384596e-10,1.1416970613821371e8,0.0,0.09809599816799164,-0.018073171377182007,-1.5830093628604638e-10
└   path = "output/g1_inc_newton_d4/output_0000/energy_source_tag_closure.csv"
