Precompiling MPI...
Precompiling MPI...
Precompiling MPI...
Precompiling MPI...
Precompiling MPI...
Precompiling MPI...
Precompiling MPI...
Precompiling MPI...
Precompiling MPI...
Precompiling MPI...
Precompiling MPI...
Precompiling MPI...
Precompiling MPI...
Precompiling MPI...
Precompiling MPI...
Precompiling MPI...
Precompiling MPI...
Precompiling MPI...
Precompiling MPI...
Precompiling MPI...
Precompiling MPI...
Precompiling MPI...
Precompiling MPI...
    MPIABI_jll Being precompiled by another process (pid: 1706, pidfile: /dss/dsstbyfs02/scratch/0D/di38kez/julia-depots/terrabyte-cpu/compiled/v1.11/MPIABI_jll/4sp6G_nHqaE.ji.pidfile)
Precompiling MPI...
    MPIABI_jll Being precompiled by another process (pid: 1706, pidfile: /dss/dsstbyfs02/scratch/0D/di38kez/julia-depots/terrabyte-cpu/compiled/v1.11/MPIABI_jll/4sp6G_nHqaE.ji.pidfile)
    MPIABI_jll Being precompiled by another process (pid: 1706, pidfile: /dss/dsstbyfs02/scratch/0D/di38kez/julia-depots/terrabyte-cpu/compiled/v1.11/MPIABI_jll/4sp6G_nHqaE.ji.pidfile)
    MPIABI_jll Being precompiled by another process (pid: 1706, pidfile: /dss/dsstbyfs02/scratch/0D/di38kez/julia-depots/terrabyte-cpu/compiled/v1.11/MPIABI_jll/4sp6G_nHqaE.ji.pidfile)
    MPIABI_jll Being precompiled by another process (pid: 1706, pidfile: /dss/dsstbyfs02/scratch/0D/di38kez/julia-depots/terrabyte-cpu/compiled/v1.11/MPIABI_jll/4sp6G_nHqaE.ji.pidfile)
    MPIABI_jll Being precompiled by another process (pid: 1706, pidfile: /dss/dsstbyfs02/scratch/0D/di38kez/julia-depots/terrabyte-cpu/compiled/v1.11/MPIABI_jll/4sp6G_nHqaE.ji.pidfile)
    MPIABI_jll Being precompiled by another process (pid: 1706, pidfile: /dss/dsstbyfs02/scratch/0D/di38kez/julia-depots/terrabyte-cpu/compiled/v1.11/MPIABI_jll/4sp6G_nHqaE.ji.pidfile)
    MPIABI_jll Being precompiled by another process (pid: 1706, pidfile: /dss/dsstbyfs02/scratch/0D/di38kez/julia-depots/terrabyte-cpu/compiled/v1.11/MPIABI_jll/4sp6G_nHqaE.ji.pidfile)
    MPIABI_jll Being precompiled by another process (pid: 1706, pidfile: /dss/dsstbyfs02/scratch/0D/di38kez/julia-depots/terrabyte-cpu/compiled/v1.11/MPIABI_jll/4sp6G_nHqaE.ji.pidfile)
    MPIABI_jll Being precompiled by another process (pid: 1706, pidfile: /dss/dsstbyfs02/scratch/0D/di38kez/julia-depots/terrabyte-cpu/compiled/v1.11/MPIABI_jll/4sp6G_nHqaE.ji.pidfile)
    MPIABI_jll Being precompiled by another process (pid: 1706, pidfile: /dss/dsstbyfs02/scratch/0D/di38kez/julia-depots/terrabyte-cpu/compiled/v1.11/MPIABI_jll/4sp6G_nHqaE.ji.pidfile)
    MPIABI_jll Being precompiled by another process (pid: 1706, pidfile: /dss/dsstbyfs02/scratch/0D/di38kez/julia-depots/terrabyte-cpu/compiled/v1.11/MPIABI_jll/4sp6G_nHqaE.ji.pidfile)
    MPIABI_jll Being precompiled by another process (pid: 1706, pidfile: /dss/dsstbyfs02/scratch/0D/di38kez/julia-depots/terrabyte-cpu/compiled/v1.11/MPIABI_jll/4sp6G_nHqaE.ji.pidfile)
    MPIABI_jll Being precompiled by another process (pid: 1706, pidfile: /dss/dsstbyfs02/scratch/0D/di38kez/julia-depots/terrabyte-cpu/compiled/v1.11/MPIABI_jll/4sp6G_nHqaE.ji.pidfile)
    MPIABI_jll Being precompiled by another process (pid: 1706, pidfile: /dss/dsstbyfs02/scratch/0D/di38kez/julia-depots/terrabyte-cpu/compiled/v1.11/MPIABI_jll/4sp6G_nHqaE.ji.pidfile)
    MPIABI_jll Being precompiled by another process (pid: 1706, pidfile: /dss/dsstbyfs02/scratch/0D/di38kez/julia-depots/terrabyte-cpu/compiled/v1.11/MPIABI_jll/4sp6G_nHqaE.ji.pidfile)
    MPIABI_jll Being precompiled by another process (pid: 1706, pidfile: /dss/dsstbyfs02/scratch/0D/di38kez/julia-depots/terrabyte-cpu/compiled/v1.11/MPIABI_jll/4sp6G_nHqaE.ji.pidfile)
    MPIABI_jll Being precompiled by another process (pid: 1706, pidfile: /dss/dsstbyfs02/scratch/0D/di38kez/julia-depots/terrabyte-cpu/compiled/v1.11/MPIABI_jll/4sp6G_nHqaE.ji.pidfile)
    MPIABI_jll Being precompiled by another process (pid: 1706, pidfile: /dss/dsstbyfs02/scratch/0D/di38kez/julia-depots/terrabyte-cpu/compiled/v1.11/MPIABI_jll/4sp6G_nHqaE.ji.pidfile)
    MPIABI_jll Being precompiled by another process (pid: 1706, pidfile: /dss/dsstbyfs02/scratch/0D/di38kez/julia-depots/terrabyte-cpu/compiled/v1.11/MPIABI_jll/4sp6G_nHqaE.ji.pidfile)
    MPIABI_jll Being precompiled by another process (pid: 1706, pidfile: /dss/dsstbyfs02/scratch/0D/di38kez/julia-depots/terrabyte-cpu/compiled/v1.11/MPIABI_jll/4sp6G_nHqaE.ji.pidfile)
    MPIABI_jll Being precompiled by another process (pid: 1706, pidfile: /dss/dsstbyfs02/scratch/0D/di38kez/julia-depots/terrabyte-cpu/compiled/v1.11/MPIABI_jll/4sp6G_nHqaE.ji.pidfile)
    MPIABI_jll Being precompiled by another process (pid: 1706, pidfile: /dss/dsstbyfs02/scratch/0D/di38kez/julia-depots/terrabyte-cpu/compiled/v1.11/MPIABI_jll/4sp6G_nHqaE.ji.pidfile)
   2029.1 ms  ✓ MPIABI_jll
   2126.2 ms  ✓ MPIABI_jll
    MPI Being precompiled by another process (pid: 1706, pidfile: /dss/dsstbyfs02/scratch/0D/di38kez/julia-depots/terrabyte-cpu/compiled/v1.11/MPI/nO0XF_nHqaE.ji.pidfile)
   2222.1 ms  ✓ MPIABI_jll
    MPI Being precompiled by another process (pid: 1706, pidfile: /dss/dsstbyfs02/scratch/0D/di38kez/julia-depots/terrabyte-cpu/compiled/v1.11/MPI/nO0XF_nHqaE.ji.pidfile)
   2234.2 ms  ✓ MPIABI_jll
    MPI Being precompiled by another process (pid: 1706, pidfile: /dss/dsstbyfs02/scratch/0D/di38kez/julia-depots/terrabyte-cpu/compiled/v1.11/MPI/nO0XF_nHqaE.ji.pidfile)
   2322.6 ms  ✓ MPIABI_jll
    MPI Being precompiled by another process (pid: 1706, pidfile: /dss/dsstbyfs02/scratch/0D/di38kez/julia-depots/terrabyte-cpu/compiled/v1.11/MPI/nO0XF_nHqaE.ji.pidfile)
   2361.7 ms  ✓ MPIABI_jll
    MPI Being precompiled by another process (pid: 1706, pidfile: /dss/dsstbyfs02/scratch/0D/di38kez/julia-depots/terrabyte-cpu/compiled/v1.11/MPI/nO0XF_nHqaE.ji.pidfile)
   2408.3 ms  ✓ MPIABI_jll
    MPI Being precompiled by another process (pid: 1706, pidfile: /dss/dsstbyfs02/scratch/0D/di38kez/julia-depots/terrabyte-cpu/compiled/v1.11/MPI/nO0XF_nHqaE.ji.pidfile)
   2498.0 ms  ✓ MPIABI_jll
    MPI Being precompiled by another process (pid: 1706, pidfile: /dss/dsstbyfs02/scratch/0D/di38kez/julia-depots/terrabyte-cpu/compiled/v1.11/MPI/nO0XF_nHqaE.ji.pidfile)
   2561.1 ms  ✓ MPIABI_jll
    MPI Being precompiled by another process (pid: 1706, pidfile: /dss/dsstbyfs02/scratch/0D/di38kez/julia-depots/terrabyte-cpu/compiled/v1.11/MPI/nO0XF_nHqaE.ji.pidfile)
   2580.1 ms  ✓ MPIABI_jll
    MPI Being precompiled by another process (pid: 1706, pidfile: /dss/dsstbyfs02/scratch/0D/di38kez/julia-depots/terrabyte-cpu/compiled/v1.11/MPI/nO0XF_nHqaE.ji.pidfile)
   2583.7 ms  ✓ MPIABI_jll
    MPI Being precompiled by another process (pid: 1706, pidfile: /dss/dsstbyfs02/scratch/0D/di38kez/julia-depots/terrabyte-cpu/compiled/v1.11/MPI/nO0XF_nHqaE.ji.pidfile)
   2631.8 ms  ✓ MPIABI_jll
    MPI Being precompiled by another process (pid: 1706, pidfile: /dss/dsstbyfs02/scratch/0D/di38kez/julia-depots/terrabyte-cpu/compiled/v1.11/MPI/nO0XF_nHqaE.ji.pidfile)
   2756.0 ms  ✓ MPIABI_jll
    MPI Being precompiled by another process (pid: 1706, pidfile: /dss/dsstbyfs02/scratch/0D/di38kez/julia-depots/terrabyte-cpu/compiled/v1.11/MPI/nO0XF_nHqaE.ji.pidfile)
   2835.3 ms  ✓ MPIABI_jll
    MPI Being precompiled by another process (pid: 1706, pidfile: /dss/dsstbyfs02/scratch/0D/di38kez/julia-depots/terrabyte-cpu/compiled/v1.11/MPI/nO0XF_nHqaE.ji.pidfile)
   2865.2 ms  ✓ MPIABI_jll
    MPI Being precompiled by another process (pid: 1706, pidfile: /dss/dsstbyfs02/scratch/0D/di38kez/julia-depots/terrabyte-cpu/compiled/v1.11/MPI/nO0XF_nHqaE.ji.pidfile)
   2944.4 ms  ✓ MPIABI_jll
    MPI Being precompiled by another process (pid: 1706, pidfile: /dss/dsstbyfs02/scratch/0D/di38kez/julia-depots/terrabyte-cpu/compiled/v1.11/MPI/nO0XF_nHqaE.ji.pidfile)
   2929.8 ms  ✓ MPIABI_jll
    MPI Being precompiled by another process (pid: 1706, pidfile: /dss/dsstbyfs02/scratch/0D/di38kez/julia-depots/terrabyte-cpu/compiled/v1.11/MPI/nO0XF_nHqaE.ji.pidfile)
   3002.9 ms  ✓ MPIABI_jll
    MPI Being precompiled by another process (pid: 1706, pidfile: /dss/dsstbyfs02/scratch/0D/di38kez/julia-depots/terrabyte-cpu/compiled/v1.11/MPI/nO0XF_nHqaE.ji.pidfile)
   3055.3 ms  ✓ MPIABI_jll
    MPI Being precompiled by another process (pid: 1706, pidfile: /dss/dsstbyfs02/scratch/0D/di38kez/julia-depots/terrabyte-cpu/compiled/v1.11/MPI/nO0XF_nHqaE.ji.pidfile)
   3166.5 ms  ✓ MPIABI_jll
    MPI Being precompiled by another process (pid: 1706, pidfile: /dss/dsstbyfs02/scratch/0D/di38kez/julia-depots/terrabyte-cpu/compiled/v1.11/MPI/nO0XF_nHqaE.ji.pidfile)
   3181.8 ms  ✓ MPIABI_jll
    MPI Being precompiled by another process (pid: 1706, pidfile: /dss/dsstbyfs02/scratch/0D/di38kez/julia-depots/terrabyte-cpu/compiled/v1.11/MPI/nO0XF_nHqaE.ji.pidfile)
   3199.4 ms  ✓ MPIABI_jll
    MPI Being precompiled by another process (pid: 1706, pidfile: /dss/dsstbyfs02/scratch/0D/di38kez/julia-depots/terrabyte-cpu/compiled/v1.11/MPI/nO0XF_nHqaE.ji.pidfile)
   3335.8 ms  ✓ MPIABI_jll
    MPI Being precompiled by another process (pid: 1706, pidfile: /dss/dsstbyfs02/scratch/0D/di38kez/julia-depots/terrabyte-cpu/compiled/v1.11/MPI/nO0XF_nHqaE.ji.pidfile)
   3354.2 ms  ✓ MPIABI_jll
    MPI Being precompiled by another process (pid: 1706, pidfile: /dss/dsstbyfs02/scratch/0D/di38kez/julia-depots/terrabyte-cpu/compiled/v1.11/MPI/nO0XF_nHqaE.ji.pidfile)
   6079.7 ms  ✓ MPI
  2 dependencies successfully precompiled in 11 seconds. 41 already precompiled.
   6053.1 ms  ✓ MPI
  2 dependencies successfully precompiled in 11 seconds. 41 already precompiled.
   5042.3 ms  ✓ MPI
  2 dependencies successfully precompiled in 11 seconds. 41 already precompiled.
   5087.7 ms  ✓ MPI
  2 dependencies successfully precompiled in 11 seconds. 41 already precompiled.
   5762.7 ms  ✓ MPI
  2 dependencies successfully precompiled in 12 seconds. 41 already precompiled.
   5819.8 ms  ✓ MPI
  2 dependencies successfully precompiled in 12 seconds. 41 already precompiled.
   5831.0 ms  ✓ MPI
  2 dependencies successfully precompiled in 12 seconds. 41 already precompiled.
   5884.8 ms  ✓ MPI
  2 dependencies successfully precompiled in 12 seconds. 41 already precompiled.
   6219.5 ms  ✓ MPI
  2 dependencies successfully precompiled in 12 seconds. 41 already precompiled.
   6275.4 ms  ✓ MPI
  2 dependencies successfully precompiled in 12 seconds. 41 already precompiled.
   6504.0 ms  ✓ MPI
  2 dependencies successfully precompiled in 12 seconds. 41 already precompiled.
   6566.7 ms  ✓ MPI
  2 dependencies successfully precompiled in 12 seconds. 41 already precompiled.
   6008.3 ms  ✓ MPI
  2 dependencies successfully precompiled in 12 seconds. 41 already precompiled.
   6064.7 ms  ✓ MPI
  2 dependencies successfully precompiled in 12 seconds. 41 already precompiled.
   6288.6 ms  ✓ MPI
  2 dependencies successfully precompiled in 12 seconds. 41 already precompiled.
   6342.7 ms  ✓ MPI
  2 dependencies successfully precompiled in 12 seconds. 41 already precompiled.
   6574.3 ms  ✓ MPI
  2 dependencies successfully precompiled in 13 seconds. 41 already precompiled.
   6633.5 ms  ✓ MPI
  2 dependencies successfully precompiled in 13 seconds. 41 already precompiled.
   6308.7 ms  ✓ MPI
  2 dependencies successfully precompiled in 13 seconds. 41 already precompiled.
   6371.3 ms  ✓ MPI
  2 dependencies successfully precompiled in 13 seconds. 41 already precompiled.
   7608.2 ms  ✓ MPI
  2 dependencies successfully precompiled in 13 seconds. 41 already precompiled.
   7668.2 ms  ✓ MPI
  2 dependencies successfully precompiled in 13 seconds. 41 already precompiled.
   7680.0 ms  ✓ MPI
  2 dependencies successfully precompiled in 13 seconds. 41 already precompiled.
   7752.0 ms  ✓ MPI
  2 dependencies successfully precompiled in 13 seconds. 41 already precompiled.
Precompiling ClimaCommsMPIExt...
Precompiling ClimaCommsMPIExt...
    ClimaCommsMPIExt Being precompiled by another process (pid: 1706, pidfile: /dss/dsstbyfs02/scratch/0D/di38kez/julia-depots/terrabyte-cpu/compiled/v1.11/ClimaCommsMPIExt/b98f0_nHqaE.ji.pidfile)
Precompiling ClimaCommsMPIExt...
    ClimaCommsMPIExt Being precompiled by another process (pid: 1706, pidfile: /dss/dsstbyfs02/scratch/0D/di38kez/julia-depots/terrabyte-cpu/compiled/v1.11/ClimaCommsMPIExt/b98f0_nHqaE.ji.pidfile)
Precompiling ClimaCommsMPIExt...
    ClimaCommsMPIExt Being precompiled by another process (pid: 1706, pidfile: /dss/dsstbyfs02/scratch/0D/di38kez/julia-depots/terrabyte-cpu/compiled/v1.11/ClimaCommsMPIExt/b98f0_nHqaE.ji.pidfile)
Precompiling ClimaCommsMPIExt...
    ClimaCommsMPIExt Being precompiled by another process (pid: 1706, pidfile: /dss/dsstbyfs02/scratch/0D/di38kez/julia-depots/terrabyte-cpu/compiled/v1.11/ClimaCommsMPIExt/b98f0_nHqaE.ji.pidfile)
Precompiling ClimaCommsMPIExt...
    ClimaCommsMPIExt Being precompiled by another process (pid: 1706, pidfile: /dss/dsstbyfs02/scratch/0D/di38kez/julia-depots/terrabyte-cpu/compiled/v1.11/ClimaCommsMPIExt/b98f0_nHqaE.ji.pidfile)
Precompiling ClimaCommsMPIExt...
    ClimaCommsMPIExt Being precompiled by another process (pid: 1706, pidfile: /dss/dsstbyfs02/scratch/0D/di38kez/julia-depots/terrabyte-cpu/compiled/v1.11/ClimaCommsMPIExt/b98f0_nHqaE.ji.pidfile)
Precompiling ClimaCommsMPIExt...
    ClimaCommsMPIExt Being precompiled by another process (pid: 1706, pidfile: /dss/dsstbyfs02/scratch/0D/di38kez/julia-depots/terrabyte-cpu/compiled/v1.11/ClimaCommsMPIExt/b98f0_nHqaE.ji.pidfile)
Precompiling ClimaCommsMPIExt...
    ClimaCommsMPIExt Being precompiled by another process (pid: 1706, pidfile: /dss/dsstbyfs02/scratch/0D/di38kez/julia-depots/terrabyte-cpu/compiled/v1.11/ClimaCommsMPIExt/b98f0_nHqaE.ji.pidfile)
Precompiling ClimaCommsMPIExt...
    ClimaCommsMPIExt Being precompiled by another process (pid: 1706, pidfile: /dss/dsstbyfs02/scratch/0D/di38kez/julia-depots/terrabyte-cpu/compiled/v1.11/ClimaCommsMPIExt/b98f0_nHqaE.ji.pidfile)
Precompiling ClimaCommsMPIExt...
    ClimaCommsMPIExt Being precompiled by another process (pid: 1706, pidfile: /dss/dsstbyfs02/scratch/0D/di38kez/julia-depots/terrabyte-cpu/compiled/v1.11/ClimaCommsMPIExt/b98f0_nHqaE.ji.pidfile)
Precompiling ClimaCommsMPIExt...
    ClimaCommsMPIExt Being precompiled by another process (pid: 1706, pidfile: /dss/dsstbyfs02/scratch/0D/di38kez/julia-depots/terrabyte-cpu/compiled/v1.11/ClimaCommsMPIExt/b98f0_nHqaE.ji.pidfile)
Precompiling ClimaCommsMPIExt...
    ClimaCommsMPIExt Being precompiled by another process (pid: 1706, pidfile: /dss/dsstbyfs02/scratch/0D/di38kez/julia-depots/terrabyte-cpu/compiled/v1.11/ClimaCommsMPIExt/b98f0_nHqaE.ji.pidfile)
Precompiling ClimaCommsMPIExt...
    ClimaCommsMPIExt Being precompiled by another process (pid: 1706, pidfile: /dss/dsstbyfs02/scratch/0D/di38kez/julia-depots/terrabyte-cpu/compiled/v1.11/ClimaCommsMPIExt/b98f0_nHqaE.ji.pidfile)
Precompiling ClimaCommsMPIExt...
    ClimaCommsMPIExt Being precompiled by another process (pid: 1706, pidfile: /dss/dsstbyfs02/scratch/0D/di38kez/julia-depots/terrabyte-cpu/compiled/v1.11/ClimaCommsMPIExt/b98f0_nHqaE.ji.pidfile)
Precompiling ClimaCommsMPIExt...
    ClimaCommsMPIExt Being precompiled by another process (pid: 1706, pidfile: /dss/dsstbyfs02/scratch/0D/di38kez/julia-depots/terrabyte-cpu/compiled/v1.11/ClimaCommsMPIExt/b98f0_nHqaE.ji.pidfile)
Precompiling ClimaCommsMPIExt...
    ClimaCommsMPIExt Being precompiled by another process (pid: 1706, pidfile: /dss/dsstbyfs02/scratch/0D/di38kez/julia-depots/terrabyte-cpu/compiled/v1.11/ClimaCommsMPIExt/b98f0_nHqaE.ji.pidfile)
Precompiling ClimaCommsMPIExt...
    ClimaCommsMPIExt Being precompiled by another process (pid: 1706, pidfile: /dss/dsstbyfs02/scratch/0D/di38kez/julia-depots/terrabyte-cpu/compiled/v1.11/ClimaCommsMPIExt/b98f0_nHqaE.ji.pidfile)
   1653.4 ms  ✓ ClimaComms → ClimaCommsMPIExt
  1 dependency successfully precompiled in 2 seconds. 46 already precompiled.
   1572.2 ms  ✓ ClimaComms → ClimaCommsMPIExt
  1 dependency successfully precompiled in 2 seconds. 46 already precompiled.
Precompiling ClimaCommsMPIExt...
    ClimaCommsMPIExt Being precompiled by another process (pid: 1722, pidfile: /dss/dsstbyfs02/scratch/0D/di38kez/julia-depots/terrabyte-cpu/compiled/v1.11/ClimaCommsMPIExt/b98f0_nHqaE.ji.pidfile)
   1208.1 ms  ✓ ClimaComms → ClimaCommsMPIExt
  1 dependency successfully precompiled in 2 seconds. 46 already precompiled.
Precompiling ClimaCommsMPIExt...
    ClimaCommsMPIExt Being precompiled by another process (pid: 1710, pidfile: /dss/dsstbyfs02/scratch/0D/di38kez/julia-depots/terrabyte-cpu/compiled/v1.11/ClimaCommsMPIExt/b98f0_nHqaE.ji.pidfile)
Precompiling ClimaCommsMPIExt...
    ClimaCommsMPIExt Being precompiled by another process (pid: 1710, pidfile: /dss/dsstbyfs02/scratch/0D/di38kez/julia-depots/terrabyte-cpu/compiled/v1.11/ClimaCommsMPIExt/b98f0_nHqaE.ji.pidfile)
   1202.1 ms  ✓ ClimaComms → ClimaCommsMPIExt
  1 dependency successfully precompiled in 2 seconds. 46 already precompiled.
    405.8 ms  ✓ ClimaComms → ClimaCommsMPIExt
  1 dependency successfully precompiled in 1 seconds. 46 already precompiled.
Precompiling ClimaCommsMPIExt...
     61.8 ms  ✓ ClimaComms → ClimaCommsMPIExt
    ClimaCommsMPIExt Being precompiled by another process (pid: 1712, pidfile: /dss/dsstbyfs02/scratch/0D/di38kez/julia-depots/terrabyte-cpu/compiled/v1.11/ClimaCommsMPIExt/b98f0_nHqaE.ji.pidfile)
  1 dependency successfully precompiled in 1 seconds. 46 already precompiled.
     51.6 ms  ✓ ClimaComms → ClimaCommsMPIExt
  1 dependency successfully precompiled in 1 seconds. 46 already precompiled.
   1231.6 ms  ✓ ClimaComms → ClimaCommsMPIExt
  1 dependency successfully precompiled in 2 seconds. 46 already precompiled.
    499.2 ms  ✓ ClimaComms → ClimaCommsMPIExt
  1 dependency successfully precompiled in 1 seconds. 46 already precompiled.
   1221.0 ms  ✓ ClimaComms → ClimaCommsMPIExt
  1 dependency successfully precompiled in 2 seconds. 46 already precompiled.
   1838.9 ms  ✓ ClimaComms → ClimaCommsMPIExt
  1 dependency successfully precompiled in 3 seconds. 46 already precompiled.
   1834.2 ms  ✓ ClimaComms → ClimaCommsMPIExt
  1 dependency successfully precompiled in 2 seconds. 46 already precompiled.
   1649.8 ms  ✓ ClimaComms → ClimaCommsMPIExt
  1 dependency successfully precompiled in 2 seconds. 46 already precompiled.
   1640.7 ms  ✓ ClimaComms → ClimaCommsMPIExt
  1 dependency successfully precompiled in 2 seconds. 46 already precompiled.
    863.5 ms  ✓ ClimaComms → ClimaCommsMPIExt
  1 dependency successfully precompiled in 2 seconds. 46 already precompiled.
    850.7 ms  ✓ ClimaComms → ClimaCommsMPIExt
  1 dependency successfully precompiled in 1 seconds. 46 already precompiled.
   1292.5 ms  ✓ ClimaComms → ClimaCommsMPIExt
  1 dependency successfully precompiled in 2 seconds. 46 already precompiled.
   1300.7 ms  ✓ ClimaComms → ClimaCommsMPIExt
  1 dependency successfully precompiled in 2 seconds. 46 already precompiled.
   1201.0 ms  ✓ ClimaComms → ClimaCommsMPIExt
  1 dependency successfully precompiled in 2 seconds. 46 already precompiled.
   1205.3 ms  ✓ ClimaComms → ClimaCommsMPIExt
  1 dependency successfully precompiled in 2 seconds. 46 already precompiled.
    699.7 ms  ✓ ClimaComms → ClimaCommsMPIExt
  1 dependency successfully precompiled in 1 seconds. 46 already precompiled.
    683.7 ms  ✓ ClimaComms → ClimaCommsMPIExt
  1 dependency successfully precompiled in 1 seconds. 46 already precompiled.
Precompiling MPIExt...
    MPIExt Being precompiled by another machine (hostname: hpdar03c06s02, pid: 65758, pidfile: /dss/dsstbyfs02/scratch/0D/di38kez/julia-depots/terrabyte-cpu/compiled/v1.11/MPIExt/Iqqte_nHqaE.ji.pidfile)
Precompiling MPIExt...
Precompiling MPIExt...
    MPIExt Being precompiled by another machine (hostname: hpdar03c06s02, pid: 65758, pidfile: /dss/dsstbyfs02/scratch/0D/di38kez/julia-depots/terrabyte-cpu/compiled/v1.11/MPIExt/Iqqte_nHqaE.ji.pidfile)
    MPIExt Being precompiled by another machine (hostname: hpdar03c06s02, pid: 65758, pidfile: /dss/dsstbyfs02/scratch/0D/di38kez/julia-depots/terrabyte-cpu/compiled/v1.11/MPIExt/Iqqte_nHqaE.ji.pidfile)
Precompiling MPIExt...
Precompiling MPIExt...
    MPIExt Being precompiled by another machine (hostname: hpdar03c06s02, pid: 65758, pidfile: /dss/dsstbyfs02/scratch/0D/di38kez/julia-depots/terrabyte-cpu/compiled/v1.11/MPIExt/Iqqte_nHqaE.ji.pidfile)
    MPIExt Being precompiled by another machine (hostname: hpdar03c06s02, pid: 65758, pidfile: /dss/dsstbyfs02/scratch/0D/di38kez/julia-depots/terrabyte-cpu/compiled/v1.11/MPIExt/Iqqte_nHqaE.ji.pidfile)
Precompiling MPIExt...
    MPIExt Being precompiled by another machine (hostname: hpdar03c06s02, pid: 65758, pidfile: /dss/dsstbyfs02/scratch/0D/di38kez/julia-depots/terrabyte-cpu/compiled/v1.11/MPIExt/Iqqte_nHqaE.ji.pidfile)
Precompiling MPIExt...
    MPIExt Being precompiled by another machine (hostname: hpdar03c06s02, pid: 65758, pidfile: /dss/dsstbyfs02/scratch/0D/di38kez/julia-depots/terrabyte-cpu/compiled/v1.11/MPIExt/Iqqte_nHqaE.ji.pidfile)
Precompiling MPIExt...
    MPIExt Being precompiled by another machine (hostname: hpdar03c06s02, pid: 65758, pidfile: /dss/dsstbyfs02/scratch/0D/di38kez/julia-depots/terrabyte-cpu/compiled/v1.11/MPIExt/Iqqte_nHqaE.ji.pidfile)
Precompiling MPIExt...
    MPIExt Being precompiled by another machine (hostname: hpdar03c06s02, pid: 65758, pidfile: /dss/dsstbyfs02/scratch/0D/di38kez/julia-depots/terrabyte-cpu/compiled/v1.11/MPIExt/Iqqte_nHqaE.ji.pidfile)
Precompiling MPIExt...
Precompiling MPIExt...
    MPIExt Being precompiled by another machine (hostname: hpdar03c06s02, pid: 65758, pidfile: /dss/dsstbyfs02/scratch/0D/di38kez/julia-depots/terrabyte-cpu/compiled/v1.11/MPIExt/Iqqte_nHqaE.ji.pidfile)
Precompiling MPIExt...
    MPIExt Being precompiled by another machine (hostname: hpdar03c06s02, pid: 65758, pidfile: /dss/dsstbyfs02/scratch/0D/di38kez/julia-depots/terrabyte-cpu/compiled/v1.11/MPIExt/Iqqte_nHqaE.ji.pidfile)
Precompiling MPIExt...
    MPIExt Being precompiled by another machine (hostname: hpdar03c06s02, pid: 65758, pidfile: /dss/dsstbyfs02/scratch/0D/di38kez/julia-depots/terrabyte-cpu/compiled/v1.11/MPIExt/Iqqte_nHqaE.ji.pidfile)
Precompiling MPIExt...
    MPIExt Being precompiled by another machine (hostname: hpdar03c06s02, pid: 65758, pidfile: /dss/dsstbyfs02/scratch/0D/di38kez/julia-depots/terrabyte-cpu/compiled/v1.11/MPIExt/Iqqte_nHqaE.ji.pidfile)
Precompiling MPIExt...
    MPIExt Being precompiled by another machine (hostname: hpdar03c06s02, pid: 65758, pidfile: /dss/dsstbyfs02/scratch/0D/di38kez/julia-depots/terrabyte-cpu/compiled/v1.11/MPIExt/Iqqte_nHqaE.ji.pidfile)
Precompiling MPIExt...
Precompiling MPIExt...
    MPIExt Being precompiled by another machine (hostname: hpdar03c06s02, pid: 65758, pidfile: /dss/dsstbyfs02/scratch/0D/di38kez/julia-depots/terrabyte-cpu/compiled/v1.11/MPIExt/Iqqte_nHqaE.ji.pidfile)
Precompiling MPIExt...
    MPIExt Being precompiled by another machine (hostname: hpdar03c06s02, pid: 65758, pidfile: /dss/dsstbyfs02/scratch/0D/di38kez/julia-depots/terrabyte-cpu/compiled/v1.11/MPIExt/Iqqte_nHqaE.ji.pidfile)
Precompiling MPIExt...
    MPIExt Being precompiled by another machine (hostname: hpdar03c06s02, pid: 65758, pidfile: /dss/dsstbyfs02/scratch/0D/di38kez/julia-depots/terrabyte-cpu/compiled/v1.11/MPIExt/Iqqte_nHqaE.ji.pidfile)
Precompiling MPIExt...
    MPIExt Being precompiled by another machine (hostname: hpdar03c06s02, pid: 65758, pidfile: /dss/dsstbyfs02/scratch/0D/di38kez/julia-depots/terrabyte-cpu/compiled/v1.11/MPIExt/Iqqte_nHqaE.ji.pidfile)
    MPIExt Being precompiled by another machine (hostname: hpdar03c06s02, pid: 65758, pidfile: /dss/dsstbyfs02/scratch/0D/di38kez/julia-depots/terrabyte-cpu/compiled/v1.11/MPIExt/Iqqte_nHqaE.ji.pidfile)
Precompiling MPIExt...
    MPIExt Being precompiled by another machine (hostname: hpdar03c06s02, pid: 65758, pidfile: /dss/dsstbyfs02/scratch/0D/di38kez/julia-depots/terrabyte-cpu/compiled/v1.11/MPIExt/Iqqte_nHqaE.ji.pidfile)
Precompiling MPIExt...
    MPIExt Being precompiled by another machine (hostname: hpdar03c06s02, pid: 65758, pidfile: /dss/dsstbyfs02/scratch/0D/di38kez/julia-depots/terrabyte-cpu/compiled/v1.11/MPIExt/Iqqte_nHqaE.ji.pidfile)
Precompiling MPIExt...
    MPIExt Being precompiled by another machine (hostname: hpdar03c06s02, pid: 65758, pidfile: /dss/dsstbyfs02/scratch/0D/di38kez/julia-depots/terrabyte-cpu/compiled/v1.11/MPIExt/Iqqte_nHqaE.ji.pidfile)
Precompiling MPIExt...
    MPIExt Being precompiled by another machine (hostname: hpdar03c06s02, pid: 65758, pidfile: /dss/dsstbyfs02/scratch/0D/di38kez/julia-depots/terrabyte-cpu/compiled/v1.11/MPIExt/Iqqte_nHqaE.ji.pidfile)
    MPIExt Being precompiled by another machine (hostname: hpdar03c06s02, pid: 65758, pidfile: /dss/dsstbyfs02/scratch/0D/di38kez/julia-depots/terrabyte-cpu/compiled/v1.11/MPIExt/Iqqte_nHqaE.ji.pidfile)
Info Given MPIExt was explicitly requested, output will be shown live [0K
[0K┌ Warning: Module MPI with build ID fafbfcfd-2094-7216-276d-367a92d9f4cc is missing from the cache.
[0K│ This may mean MPI [da04e1cc-30fd-572f-bb4f-1f8673147195] does not support precompilation but is imported by a module that does.
[0K└ @ Base loading.jl:2541
   4636.7 ms  ✓ HDF5 → MPIExt
  1 dependency successfully precompiled in 6 seconds. 52 already precompiled.
  1 dependency had output during precompilation:
┌ HDF5 → MPIExt
│  [Output was shown above]
└  
Info Given MPIExt was explicitly requested, output will be shown live [0K
[0K┌ Warning: Module MPI with build ID fafbfcfd-2094-7216-276d-367a92d9f4cc is missing from the cache.
[0K│ This may mean MPI [da04e1cc-30fd-572f-bb4f-1f8673147195] does not support precompilation but is imported by a module that does.
[0K└ @ Base loading.jl:2541
   6014.8 ms  ✓ HDF5 → MPIExt
  1 dependency successfully precompiled in 7 seconds. 52 already precompiled.
  1 dependency had output during precompilation:
┌ HDF5 → MPIExt
│  [Output was shown above]
└  
Info Given MPIExt was explicitly requested, output will be shown live [0K
[0K┌ Warning: Module MPI with build ID fafbfcfd-2094-7216-276d-367a92d9f4cc is missing from the cache.
[0K│ This may mean MPI [da04e1cc-30fd-572f-bb4f-1f8673147195] does not support precompilation but is imported by a module that does.
[0K└ @ Base loading.jl:2541
   7474.7 ms  ✓ HDF5 → MPIExt
  1 dependency successfully precompiled in 9 seconds. 52 already precompiled.
  1 dependency had output during precompilation:
┌ HDF5 → MPIExt
│  [Output was shown above]
└  
Info Given MPIExt was explicitly requested, output will be shown live [0K
[0K┌ Warning: Module MPI with build ID fafbfcfd-2094-7216-276d-367a92d9f4cc is missing from the cache.
[0K│ This may mean MPI [da04e1cc-30fd-572f-bb4f-1f8673147195] does not support precompilation but is imported by a module that does.
[0K└ @ Base loading.jl:2541
   9108.1 ms  ✓ HDF5 → MPIExt
  1 dependency successfully precompiled in 10 seconds. 52 already precompiled.
  1 dependency had output during precompilation:
┌ HDF5 → MPIExt
│  [Output was shown above]
└  
Info Given MPIExt was explicitly requested, output will be shown live [0K
[0K┌ Warning: Module MPI with build ID fafbfcfd-2094-7216-276d-367a92d9f4cc is missing from the cache.
[0K│ This may mean MPI [da04e1cc-30fd-572f-bb4f-1f8673147195] does not support precompilation but is imported by a module that does.
[0K└ @ Base loading.jl:2541
  11165.6 ms  ✓ HDF5 → MPIExt
  1 dependency successfully precompiled in 12 seconds. 52 already precompiled.
  1 dependency had output during precompilation:
┌ HDF5 → MPIExt
│  [Output was shown above]
└  
Info Given MPIExt was explicitly requested, output will be shown live [0K
[0K┌ Warning: Module MPI with build ID fafbfcfd-2094-7216-276d-367a92d9f4cc is missing from the cache.
[0K│ This may mean MPI [da04e1cc-30fd-572f-bb4f-1f8673147195] does not support precompilation but is imported by a module that does.
[0K└ @ Base loading.jl:2541
  12712.1 ms  ✓ HDF5 → MPIExt
  1 dependency successfully precompiled in 14 seconds. 52 already precompiled.
  1 dependency had output during precompilation:
┌ HDF5 → MPIExt
│  [Output was shown above]
└  
Info Given MPIExt was explicitly requested, output will be shown live [0K
[0K┌ Warning: Module MPI with build ID fafbfcfd-2094-7216-276d-367a92d9f4cc is missing from the cache.
[0K│ This may mean MPI [da04e1cc-30fd-572f-bb4f-1f8673147195] does not support precompilation but is imported by a module that does.
[0K└ @ Base loading.jl:2541
  14832.8 ms  ✓ HDF5 → MPIExt
  1 dependency successfully precompiled in 16 seconds. 52 already precompiled.
  1 dependency had output during precompilation:
┌ HDF5 → MPIExt
│  [Output was shown above]
└  
Info Given MPIExt was explicitly requested, output will be shown live [0K
[0K┌ Warning: Module MPI with build ID fafbfcfd-2094-7216-276d-367a92d9f4cc is missing from the cache.
[0K│ This may mean MPI [da04e1cc-30fd-572f-bb4f-1f8673147195] does not support precompilation but is imported by a module that does.
[0K└ @ Base loading.jl:2541
  16346.0 ms  ✓ HDF5 → MPIExt
  1 dependency successfully precompiled in 18 seconds. 52 already precompiled.
  1 dependency had output during precompilation:
┌ HDF5 → MPIExt
│  [Output was shown above]
└  
Info Given MPIExt was explicitly requested, output will be shown live [0K
[0K┌ Warning: Module MPI with build ID fafbfcfd-2094-7216-276d-367a92d9f4cc is missing from the cache.
[0K│ This may mean MPI [da04e1cc-30fd-572f-bb4f-1f8673147195] does not support precompilation but is imported by a module that does.
[0K└ @ Base loading.jl:2541
  18525.2 ms  ✓ HDF5 → MPIExt
  1 dependency successfully precompiled in 20 seconds. 52 already precompiled.
  1 dependency had output during precompilation:
┌ HDF5 → MPIExt
│  [Output was shown above]
└  
Info Given MPIExt was explicitly requested, output will be shown live [0K
[0K┌ Warning: Module MPI with build ID fafbfcfd-2094-7216-276d-367a92d9f4cc is missing from the cache.
[0K│ This may mean MPI [da04e1cc-30fd-572f-bb4f-1f8673147195] does not support precompilation but is imported by a module that does.
[0K└ @ Base loading.jl:2541
  20061.0 ms  ✓ HDF5 → MPIExt
  1 dependency successfully precompiled in 21 seconds. 52 already precompiled.
  1 dependency had output during precompilation:
┌ HDF5 → MPIExt
│  [Output was shown above]
└  
Info Given MPIExt was explicitly requested, output will be shown live [0K
[0K┌ Warning: Module MPI with build ID fafbfcfd-2094-7216-276d-367a92d9f4cc is missing from the cache.
[0K│ This may mean MPI [da04e1cc-30fd-572f-bb4f-1f8673147195] does not support precompilation but is imported by a module that does.
[0K└ @ Base loading.jl:2541
  22356.8 ms  ✓ HDF5 → MPIExt
  1 dependency successfully precompiled in 23 seconds. 52 already precompiled.
  1 dependency had output during precompilation:
┌ HDF5 → MPIExt
│  [Output was shown above]
└  
Info Given MPIExt was explicitly requested, output will be shown live [0K
[0K┌ Warning: Module MPI with build ID fafbfcfd-2094-7216-276d-367a92d9f4cc is missing from the cache.
[0K│ This may mean MPI [da04e1cc-30fd-572f-bb4f-1f8673147195] does not support precompilation but is imported by a module that does.
[0K└ @ Base loading.jl:2541
  23890.6 ms  ✓ HDF5 → MPIExt
  1 dependency successfully precompiled in 25 seconds. 52 already precompiled.
  1 dependency had output during precompilation:
┌ HDF5 → MPIExt
│  [Output was shown above]
└  
Info Given MPIExt was explicitly requested, output will be shown live [0K
[0K┌ Warning: Module MPI with build ID fafbfcfd-2094-7216-276d-367a92d9f4cc is missing from the cache.
[0K│ This may mean MPI [da04e1cc-30fd-572f-bb4f-1f8673147195] does not support precompilation but is imported by a module that does.
[0K└ @ Base loading.jl:2541
  26073.7 ms  ✓ HDF5 → MPIExt
  1 dependency successfully precompiled in 27 seconds. 52 already precompiled.
  1 dependency had output during precompilation:
┌ HDF5 → MPIExt
│  [Output was shown above]
└  
Info Given MPIExt was explicitly requested, output will be shown live [0K
[0K┌ Warning: Module MPI with build ID fafbfcfd-2094-7216-276d-367a92d9f4cc is missing from the cache.
[0K│ This may mean MPI [da04e1cc-30fd-572f-bb4f-1f8673147195] does not support precompilation but is imported by a module that does.
[0K└ @ Base loading.jl:2541
  27498.8 ms  ✓ HDF5 → MPIExt
  1 dependency successfully precompiled in 29 seconds. 52 already precompiled.
  1 dependency had output during precompilation:
┌ HDF5 → MPIExt
│  [Output was shown above]
└  
Info Given MPIExt was explicitly requested, output will be shown live [0K
[0K┌ Warning: Module MPI with build ID fafbfcfd-2094-7216-276d-367a92d9f4cc is missing from the cache.
[0K│ This may mean MPI [da04e1cc-30fd-572f-bb4f-1f8673147195] does not support precompilation but is imported by a module that does.
[0K└ @ Base loading.jl:2541
  29162.3 ms  ✓ HDF5 → MPIExt
  1 dependency successfully precompiled in 30 seconds. 52 already precompiled.
  1 dependency had output during precompilation:
┌ HDF5 → MPIExt
│  [Output was shown above]
└  
┌ Warning: Module MPI with build ID fafbfcfd-2094-7216-276d-367a92d9f4cc is missing from the cache.
│ This may mean MPI [da04e1cc-30fd-572f-bb4f-1f8673147195] does not support precompilation but is imported by a module that does.
└ @ Base loading.jl:2541
Precompiling FluxMPIExt...
Info Given MPIExt was explicitly requested, output will be shown live [0K
[0K┌ Warning: Module MPI with build ID fafbfcfd-2094-7216-276d-367a92d9f4cc is missing from the cache.
[0K│ This may mean MPI [da04e1cc-30fd-572f-bb4f-1f8673147195] does not support precompilation but is imported by a module that does.
[0K└ @ Base loading.jl:2541
  31527.5 ms  ✓ HDF5 → MPIExt
  1 dependency successfully precompiled in 32 seconds. 52 already precompiled.
  1 dependency had output during precompilation:
┌ HDF5 → MPIExt
│  [Output was shown above]
└  
Info Given MPIExt was explicitly requested, output will be shown live [0K
[0K┌ Warning: Module MPI with build ID fafbfcfd-2094-7216-276d-367a92d9f4cc is missing from the cache.
[0K│ This may mean MPI [da04e1cc-30fd-572f-bb4f-1f8673147195] does not support precompilation but is imported by a module that does.
[0K└ @ Base loading.jl:2541
  32966.0 ms  ✓ HDF5 → MPIExt
  1 dependency successfully precompiled in 34 seconds. 52 already precompiled.
  1 dependency had output during precompilation:
┌ HDF5 → MPIExt
│  [Output was shown above]
└  
Info Given MPIExt was explicitly requested, output will be shown live [0K
[0K┌ Warning: Module MPI with build ID fafbfcfd-2094-7216-276d-367a92d9f4cc is missing from the cache.
[0K│ This may mean MPI [da04e1cc-30fd-572f-bb4f-1f8673147195] does not support precompilation but is imported by a module that does.
[0K└ @ Base loading.jl:2541
  35202.1 ms  ✓ HDF5 → MPIExt
  1 dependency successfully precompiled in 36 seconds. 52 already precompiled.
  1 dependency had output during precompilation:
┌ HDF5 → MPIExt
│  [Output was shown above]
└  
Info Given FluxMPIExt was explicitly requested, output will be shown live [0K
[0K┌ Warning: Module MPI with build ID fafbfcfd-2094-7216-276d-367a92d9f4cc is missing from the cache.
[0K│ This may mean MPI [da04e1cc-30fd-572f-bb4f-1f8673147195] does not support precompilation but is imported by a module that does.
[0K└ @ Base loading.jl:2541
   4319.3 ms  ? Flux → FluxMPIExt
Info Given MPIExt was explicitly requested, output will be shown live [0K
[0K┌ Warning: Module MPI with build ID fafbfcfd-2094-7216-276d-367a92d9f4cc is missing from the cache.
[0K│ This may mean MPI [da04e1cc-30fd-572f-bb4f-1f8673147195] does not support precompilation but is imported by a module that does.
[0K└ @ Base loading.jl:2541
  36680.7 ms  ✓ HDF5 → MPIExt
  1 dependency successfully precompiled in 38 seconds. 52 already precompiled.
  1 dependency had output during precompilation:
┌ HDF5 → MPIExt
│  [Output was shown above]
└  
Info Given MPIExt was explicitly requested, output will be shown live [0K
[0K┌ Warning: Module MPI with build ID fafbfcfd-2094-7216-276d-367a92d9f4cc is missing from the cache.
[0K│ This may mean MPI [da04e1cc-30fd-572f-bb4f-1f8673147195] does not support precompilation but is imported by a module that does.
[0K└ @ Base loading.jl:2541
  38165.3 ms  ✓ HDF5 → MPIExt
  1 dependency successfully precompiled in 39 seconds. 52 already precompiled.
  1 dependency had output during precompilation:
┌ HDF5 → MPIExt
│  [Output was shown above]
└  
┌ Warning: Module MPI with build ID fafbfcfd-2094-7216-276d-367a92d9f4cc is missing from the cache.
│ This may mean MPI [da04e1cc-30fd-572f-bb4f-1f8673147195] does not support precompilation but is imported by a module that does.
└ @ Base loading.jl:2541
Info Given MPIExt was explicitly requested, output will be shown live [0K
[0K┌ Warning: Module MPI with build ID fafbfcfd-2094-7216-276d-367a92d9f4cc is missing from the cache.
[0K│ This may mean MPI [da04e1cc-30fd-572f-bb4f-1f8673147195] does not support precompilation but is imported by a module that does.
[0K└ @ Base loading.jl:2541
  39753.9 ms  ✓ HDF5 → MPIExt
  1 dependency successfully precompiled in 41 seconds. 52 already precompiled.
  1 dependency had output during precompilation:
┌ HDF5 → MPIExt
│  [Output was shown above]
└  
┌ Warning: Module MPI with build ID fafbfcfd-2094-7216-276d-367a92d9f4cc is missing from the cache.
│ This may mean MPI [da04e1cc-30fd-572f-bb4f-1f8673147195] does not support precompilation but is imported by a module that does.
└ @ Base loading.jl:2541
Precompiling FluxMPIExt...
┌ Warning: Module MPI with build ID fafbfcfd-2094-7216-276d-367a92d9f4cc is missing from the cache.
│ This may mean MPI [da04e1cc-30fd-572f-bb4f-1f8673147195] does not support precompilation but is imported by a module that does.
└ @ Base loading.jl:2541
Precompiling FluxMPIExt...
    FluxMPIExt Being precompiled by another process (pid: 1717, pidfile: /dss/dsstbyfs02/scratch/0D/di38kez/julia-depots/terrabyte-cpu/compiled/v1.11/FluxMPIExt/4vYMq_nHqaE.ji.pidfile)
Info Given MPIExt was explicitly requested, output will be shown live [0K
[0K┌ Warning: Module MPI with build ID fafbfcfd-2094-7216-276d-367a92d9f4cc is missing from the cache.
[0K│ This may mean MPI [da04e1cc-30fd-572f-bb4f-1f8673147195] does not support precompilation but is imported by a module that does.
[0K└ @ Base loading.jl:2541
  43050.7 ms  ✓ HDF5 → MPIExt
  1 dependency successfully precompiled in 44 seconds. 52 already precompiled.
  1 dependency had output during precompilation:
┌ HDF5 → MPIExt
│  [Output was shown above]
└  
Info Given MPIExt was explicitly requested, output will be shown live [0K
[0K┌ Warning: Module MPI with build ID fafbfcfd-2094-7216-276d-367a92d9f4cc is missing from the cache.
[0K│ This may mean MPI [da04e1cc-30fd-572f-bb4f-1f8673147195] does not support precompilation but is imported by a module that does.
[0K└ @ Base loading.jl:2541
  44517.6 ms  ✓ HDF5 → MPIExt
  1 dependency successfully precompiled in 46 seconds. 52 already precompiled.
  1 dependency had output during precompilation:
┌ HDF5 → MPIExt
│  [Output was shown above]
└  
Info Given FluxMPIExt was explicitly requested, output will be shown live [0K
[0K┌ Warning: Module MPI with build ID fafbfcfd-2094-7216-276d-367a92d9f4cc is missing from the cache.
[0K│ This may mean MPI [da04e1cc-30fd-572f-bb4f-1f8673147195] does not support precompilation but is imported by a module that does.
[0K└ @ Base loading.jl:2541
   4363.5 ms  ? Flux → FluxMPIExt
Info Given MPIExt was explicitly requested, output will be shown live [0K
[0K┌ Warning: Module MPI with build ID fafbfcfd-2094-7216-276d-367a92d9f4cc is missing from the cache.
[0K│ This may mean MPI [da04e1cc-30fd-572f-bb4f-1f8673147195] does not support precompilation but is imported by a module that does.
[0K└ @ Base loading.jl:2541
  46086.8 ms  ✓ HDF5 → MPIExt
  1 dependency successfully precompiled in 47 seconds. 52 already precompiled.
  1 dependency had output during precompilation:
┌ HDF5 → MPIExt
│  [Output was shown above]
└  
┌ Warning: Module MPI with build ID fafbfcfd-2094-7216-276d-367a92d9f4cc is missing from the cache.
│ This may mean MPI [da04e1cc-30fd-572f-bb4f-1f8673147195] does not support precompilation but is imported by a module that does.
└ @ Base loading.jl:2541
Precompiling FluxMPIExt...
    FluxMPIExt Being precompiled by another process (pid: 1726, pidfile: /dss/dsstbyfs02/scratch/0D/di38kez/julia-depots/terrabyte-cpu/compiled/v1.11/FluxMPIExt/4vYMq_nHqaE.ji.pidfile)
┌ Warning: Module MPI with build ID fafbfcfd-2094-7216-276d-367a92d9f4cc is missing from the cache.
│ This may mean MPI [da04e1cc-30fd-572f-bb4f-1f8673147195] does not support precompilation but is imported by a module that does.
└ @ Base loading.jl:2541
Precompiling FluxMPIExt...
    FluxMPIExt Being precompiled by another process (pid: 1726, pidfile: /dss/dsstbyfs02/scratch/0D/di38kez/julia-depots/terrabyte-cpu/compiled/v1.11/FluxMPIExt/4vYMq_nHqaE.ji.pidfile)
Info Given FluxMPIExt was explicitly requested, output will be shown live [0K
[0K┌ Warning: Module MPI with build ID fafbfcfd-2094-7216-276d-367a92d9f4cc is missing from the cache.
[0K│ This may mean MPI [da04e1cc-30fd-572f-bb4f-1f8673147195] does not support precompilation but is imported by a module that does.
[0K└ @ Base loading.jl:2541
   7679.8 ms  ✓ Flux → FluxMPIExt
  1 dependency successfully precompiled in 8 seconds. 166 already precompiled.
  1 dependency had output during precompilation:
┌ Flux → FluxMPIExt
│  [Output was shown above]
└  
┌ Warning: Module MPI with build ID fafbfcfd-2094-7216-276d-367a92d9f4cc is missing from the cache.
│ This may mean MPI [da04e1cc-30fd-572f-bb4f-1f8673147195] does not support precompilation but is imported by a module that does.
└ @ Base loading.jl:2541
┌ Warning: Module MPI with build ID fafbfcfd-2094-7216-276d-367a92d9f4cc is missing from the cache.
│ This may mean MPI [da04e1cc-30fd-572f-bb4f-1f8673147195] does not support precompilation but is imported by a module that does.
└ @ Base loading.jl:2541
Precompiling FluxMPIExt...
    FluxMPIExt Being precompiled by another process (pid: 1722, pidfile: /dss/dsstbyfs02/scratch/0D/di38kez/julia-depots/terrabyte-cpu/compiled/v1.11/FluxMPIExt/4vYMq_nHqaE.ji.pidfile)
┌ Warning: Module MPI with build ID fafbfcfd-2094-7216-276d-367a92d9f4cc is missing from the cache.
│ This may mean MPI [da04e1cc-30fd-572f-bb4f-1f8673147195] does not support precompilation but is imported by a module that does.
└ @ Base loading.jl:2541
Precompiling FluxMPIExt...
    FluxMPIExt Being precompiled by another process (pid: 1722, pidfile: /dss/dsstbyfs02/scratch/0D/di38kez/julia-depots/terrabyte-cpu/compiled/v1.11/FluxMPIExt/4vYMq_nHqaE.ji.pidfile)
Precompiling FluxMPIExt...
    FluxMPIExt Being precompiled by another process (pid: 1722, pidfile: /dss/dsstbyfs02/scratch/0D/di38kez/julia-depots/terrabyte-cpu/compiled/v1.11/FluxMPIExt/4vYMq_nHqaE.ji.pidfile)
┌ Warning: Module MPI with build ID fafbfcfd-2094-7216-276d-367a92d9f4cc is missing from the cache.
│ This may mean MPI [da04e1cc-30fd-572f-bb4f-1f8673147195] does not support precompilation but is imported by a module that does.
└ @ Base loading.jl:2541
Info Given FluxMPIExt was explicitly requested, output will be shown live [0K
[0K┌ Warning: Module MPI with build ID fafbfcfd-2094-7216-276d-367a92d9f4cc is missing from the cache.
[0K│ This may mean MPI [da04e1cc-30fd-572f-bb4f-1f8673147195] does not support precompilation but is imported by a module that does.
[0K└ @ Base loading.jl:2541
   5534.0 ms  ✓ Flux → FluxMPIExt
  1 dependency successfully precompiled in 7 seconds. 166 already precompiled.
  1 dependency had output during precompilation:
┌ Flux → FluxMPIExt
│  [Output was shown above]
└  
Precompiling FluxMPIExt...
    FluxMPIExt Being precompiled by another process (pid: 1710, pidfile: /dss/dsstbyfs02/scratch/0D/di38kez/julia-depots/terrabyte-cpu/compiled/v1.11/FluxMPIExt/4vYMq_nHqaE.ji.pidfile)
┌ Warning: Module MPI with build ID fafbfcfd-2094-7216-276d-367a92d9f4cc is missing from the cache.
│ This may mean MPI [da04e1cc-30fd-572f-bb4f-1f8673147195] does not support precompilation but is imported by a module that does.
└ @ Base loading.jl:2541
Precompiling FluxMPIExt...
    FluxMPIExt Being precompiled by another process (pid: 1710, pidfile: /dss/dsstbyfs02/scratch/0D/di38kez/julia-depots/terrabyte-cpu/compiled/v1.11/FluxMPIExt/4vYMq_nHqaE.ji.pidfile)
┌ Warning: Module MPI with build ID fafbfcfd-2094-7216-276d-367a92d9f4cc is missing from the cache.
│ This may mean MPI [da04e1cc-30fd-572f-bb4f-1f8673147195] does not support precompilation but is imported by a module that does.
└ @ Base loading.jl:2541
Precompiling FluxMPIExt...
    FluxMPIExt Being precompiled by another process (pid: 1710, pidfile: /dss/dsstbyfs02/scratch/0D/di38kez/julia-depots/terrabyte-cpu/compiled/v1.11/FluxMPIExt/4vYMq_nHqaE.ji.pidfile)
┌ Warning: Module MPI with build ID fafbfcfd-2094-7216-276d-367a92d9f4cc is missing from the cache.
│ This may mean MPI [da04e1cc-30fd-572f-bb4f-1f8673147195] does not support precompilation but is imported by a module that does.
└ @ Base loading.jl:2541
Precompiling FluxMPIExt...
    FluxMPIExt Being precompiled by another process (pid: 1710, pidfile: /dss/dsstbyfs02/scratch/0D/di38kez/julia-depots/terrabyte-cpu/compiled/v1.11/FluxMPIExt/4vYMq_nHqaE.ji.pidfile)
┌ Warning: Module MPI with build ID fafbfcfd-2094-7216-276d-367a92d9f4cc is missing from the cache.
│ This may mean MPI [da04e1cc-30fd-572f-bb4f-1f8673147195] does not support precompilation but is imported by a module that does.
└ @ Base loading.jl:2541
Info Given FluxMPIExt was explicitly requested, output will be shown live [0K
[0K┌ Warning: Module MPI with build ID fafbfcfd-2094-7216-276d-367a92d9f4cc is missing from the cache.
[0K│ This may mean MPI [da04e1cc-30fd-572f-bb4f-1f8673147195] does not support precompilation but is imported by a module that does.
[0K└ @ Base loading.jl:2541
   8897.8 ms  ✓ Flux → FluxMPIExt
  1 dependency successfully precompiled in 10 seconds. 166 already precompiled.
  1 dependency had output during precompilation:
┌ Flux → FluxMPIExt
│  [Output was shown above]
└  
Precompiling FluxMPIExt...
    FluxMPIExt Being precompiled by another process (pid: 1724, pidfile: /dss/dsstbyfs02/scratch/0D/di38kez/julia-depots/terrabyte-cpu/compiled/v1.11/FluxMPIExt/4vYMq_nHqaE.ji.pidfile)
┌ Warning: Module MPI with build ID fafbfcfd-2094-7216-276d-367a92d9f4cc is missing from the cache.
│ This may mean MPI [da04e1cc-30fd-572f-bb4f-1f8673147195] does not support precompilation but is imported by a module that does.
└ @ Base loading.jl:2541
Precompiling FluxMPIExt...
    FluxMPIExt Being precompiled by another process (pid: 1724, pidfile: /dss/dsstbyfs02/scratch/0D/di38kez/julia-depots/terrabyte-cpu/compiled/v1.11/FluxMPIExt/4vYMq_nHqaE.ji.pidfile)
┌ Warning: Module MPI with build ID fafbfcfd-2094-7216-276d-367a92d9f4cc is missing from the cache.
│ This may mean MPI [da04e1cc-30fd-572f-bb4f-1f8673147195] does not support precompilation but is imported by a module that does.
└ @ Base loading.jl:2541
┌ Warning: Module MPI with build ID fafbfcfd-2094-7216-276d-367a92d9f4cc is missing from the cache.
│ This may mean MPI [da04e1cc-30fd-572f-bb4f-1f8673147195] does not support precompilation but is imported by a module that does.
└ @ Base loading.jl:2541
Precompiling FluxMPIExt...
    FluxMPIExt Being precompiled by another process (pid: 1724, pidfile: /dss/dsstbyfs02/scratch/0D/di38kez/julia-depots/terrabyte-cpu/compiled/v1.11/FluxMPIExt/4vYMq_nHqaE.ji.pidfile)
Precompiling FluxMPIExt...
    FluxMPIExt Being precompiled by another process (pid: 1724, pidfile: /dss/dsstbyfs02/scratch/0D/di38kez/julia-depots/terrabyte-cpu/compiled/v1.11/FluxMPIExt/4vYMq_nHqaE.ji.pidfile)
┌ Warning: Module MPI with build ID fafbfcfd-2094-7216-276d-367a92d9f4cc is missing from the cache.
│ This may mean MPI [da04e1cc-30fd-572f-bb4f-1f8673147195] does not support precompilation but is imported by a module that does.
└ @ Base loading.jl:2541
Precompiling FluxMPIExt...
    FluxMPIExt Being precompiled by another process (pid: 1724, pidfile: /dss/dsstbyfs02/scratch/0D/di38kez/julia-depots/terrabyte-cpu/compiled/v1.11/FluxMPIExt/4vYMq_nHqaE.ji.pidfile)
┌ Warning: Module MPI with build ID fafbfcfd-2094-7216-276d-367a92d9f4cc is missing from the cache.
│ This may mean MPI [da04e1cc-30fd-572f-bb4f-1f8673147195] does not support precompilation but is imported by a module that does.
└ @ Base loading.jl:2541
Precompiling FluxMPIExt...
    FluxMPIExt Being precompiled by another process (pid: 1724, pidfile: /dss/dsstbyfs02/scratch/0D/di38kez/julia-depots/terrabyte-cpu/compiled/v1.11/FluxMPIExt/4vYMq_nHqaE.ji.pidfile)
┌ Warning: Module MPI with build ID fafbfcfd-2094-7216-276d-367a92d9f4cc is missing from the cache.
│ This may mean MPI [da04e1cc-30fd-572f-bb4f-1f8673147195] does not support precompilation but is imported by a module that does.
└ @ Base loading.jl:2541
Precompiling FluxMPIExt...
    FluxMPIExt Being precompiled by another process (pid: 1724, pidfile: /dss/dsstbyfs02/scratch/0D/di38kez/julia-depots/terrabyte-cpu/compiled/v1.11/FluxMPIExt/4vYMq_nHqaE.ji.pidfile)
┌ Warning: Module MPI with build ID fafbfcfd-2094-7216-276d-367a92d9f4cc is missing from the cache.
│ This may mean MPI [da04e1cc-30fd-572f-bb4f-1f8673147195] does not support precompilation but is imported by a module that does.
└ @ Base loading.jl:2541
Precompiling FluxMPIExt...
    FluxMPIExt Being precompiled by another process (pid: 1724, pidfile: /dss/dsstbyfs02/scratch/0D/di38kez/julia-depots/terrabyte-cpu/compiled/v1.11/FluxMPIExt/4vYMq_nHqaE.ji.pidfile)
┌ Warning: Module MPI with build ID fafbfcfd-2094-7216-276d-367a92d9f4cc is missing from the cache.
│ This may mean MPI [da04e1cc-30fd-572f-bb4f-1f8673147195] does not support precompilation but is imported by a module that does.
└ @ Base loading.jl:2541
Info Given FluxMPIExt was explicitly requested, output will be shown live [0K
[0K┌ Warning: Module MPI with build ID fafbfcfd-2094-7216-276d-367a92d9f4cc is missing from the cache.
[0K│ This may mean MPI [da04e1cc-30fd-572f-bb4f-1f8673147195] does not support precompilation but is imported by a module that does.
[0K└ @ Base loading.jl:2541
  14695.9 ms  ✓ Flux → FluxMPIExt
  1 dependency successfully precompiled in 16 seconds. 166 already precompiled.
  1 dependency had output during precompilation:
┌ Flux → FluxMPIExt
│  [Output was shown above]
└  
┌ Warning: Module MPI with build ID fafbfcfd-2094-7216-276d-367a92d9f4cc is missing from the cache.
│ This may mean MPI [da04e1cc-30fd-572f-bb4f-1f8673147195] does not support precompilation but is imported by a module that does.
└ @ Base loading.jl:2541
Precompiling FluxMPIExt...
    FluxMPIExt Being precompiled by another process (pid: 1720, pidfile: /dss/dsstbyfs02/scratch/0D/di38kez/julia-depots/terrabyte-cpu/compiled/v1.11/FluxMPIExt/4vYMq_nHqaE.ji.pidfile)
Precompiling FluxMPIExt...
    FluxMPIExt Being precompiled by another process (pid: 1720, pidfile: /dss/dsstbyfs02/scratch/0D/di38kez/julia-depots/terrabyte-cpu/compiled/v1.11/FluxMPIExt/4vYMq_nHqaE.ji.pidfile)
┌ Warning: Module MPI with build ID fafbfcfd-2094-7216-276d-367a92d9f4cc is missing from the cache.
│ This may mean MPI [da04e1cc-30fd-572f-bb4f-1f8673147195] does not support precompilation but is imported by a module that does.
└ @ Base loading.jl:2541
Precompiling FluxMPIExt...
    FluxMPIExt Being precompiled by another process (pid: 1720, pidfile: /dss/dsstbyfs02/scratch/0D/di38kez/julia-depots/terrabyte-cpu/compiled/v1.11/FluxMPIExt/4vYMq_nHqaE.ji.pidfile)
Info Given FluxMPIExt was explicitly requested, output will be shown live [0K
[0K┌ Warning: Module MPI with build ID fafbfcfd-2094-7216-276d-367a92d9f4cc is missing from the cache.
[0K│ This may mean MPI [da04e1cc-30fd-572f-bb4f-1f8673147195] does not support precompilation but is imported by a module that does.
[0K└ @ Base loading.jl:2541
  14498.1 ms  ✓ Flux → FluxMPIExt
  1 dependency successfully precompiled in 15 seconds. 166 already precompiled.
  1 dependency had output during precompilation:
┌ Flux → FluxMPIExt
│  [Output was shown above]
└  
┌ Warning: Module MPI with build ID fafbfcfd-2094-7216-276d-367a92d9f4cc is missing from the cache.
│ This may mean MPI [da04e1cc-30fd-572f-bb4f-1f8673147195] does not support precompilation but is imported by a module that does.
└ @ Base loading.jl:2541
Precompiling FluxMPIExt...
    FluxMPIExt Being precompiled by another process (pid: 1708, pidfile: /dss/dsstbyfs02/scratch/0D/di38kez/julia-depots/terrabyte-cpu/compiled/v1.11/FluxMPIExt/4vYMq_nHqaE.ji.pidfile)
Info Given FluxMPIExt was explicitly requested, output will be shown live [0K
[0K┌ Warning: Module MPI with build ID fafbfcfd-2094-7216-276d-367a92d9f4cc is missing from the cache.
[0K│ This may mean MPI [da04e1cc-30fd-572f-bb4f-1f8673147195] does not support precompilation but is imported by a module that does.
[0K└ @ Base loading.jl:2541
   8220.1 ms  ✓ Flux → FluxMPIExt
  1 dependency successfully precompiled in 9 seconds. 166 already precompiled.
  1 dependency had output during precompilation:
┌ Flux → FluxMPIExt
│  [Output was shown above]
└  
Info Given FluxMPIExt was explicitly requested, output will be shown live [0K
[0K┌ Warning: Module MPI with build ID fafbfcfd-2094-7216-276d-367a92d9f4cc is missing from the cache.
[0K│ This may mean MPI [da04e1cc-30fd-572f-bb4f-1f8673147195] does not support precompilation but is imported by a module that does.
[0K└ @ Base loading.jl:2541
  26706.4 ms  ✓ Flux → FluxMPIExt
  1 dependency successfully precompiled in 27 seconds. 166 already precompiled.
  1 dependency had output during precompilation:
┌ Flux → FluxMPIExt
│  [Output was shown above]
└  
Info Given FluxMPIExt was explicitly requested, output will be shown live [0K
[0K┌ Warning: Module MPI with build ID fafbfcfd-2094-7216-276d-367a92d9f4cc is missing from the cache.
[0K│ This may mean MPI [da04e1cc-30fd-572f-bb4f-1f8673147195] does not support precompilation but is imported by a module that does.
[0K└ @ Base loading.jl:2541
  16179.1 ms  ✓ Flux → FluxMPIExt
  1 dependency successfully precompiled in 17 seconds. 166 already precompiled.
  1 dependency had output during precompilation:
┌ Flux → FluxMPIExt
│  [Output was shown above]
└  
Info Given FluxMPIExt was explicitly requested, output will be shown live [0K
[0K┌ Warning: Module MPI with build ID fafbfcfd-2094-7216-276d-367a92d9f4cc is missing from the cache.
[0K│ This may mean MPI [da04e1cc-30fd-572f-bb4f-1f8673147195] does not support precompilation but is imported by a module that does.
[0K└ @ Base loading.jl:2541
  33464.6 ms  ✓ Flux → FluxMPIExt
  1 dependency successfully precompiled in 34 seconds. 166 already precompiled.
  1 dependency had output during precompilation:
┌ Flux → FluxMPIExt
│  [Output was shown above]
└  
Info Given FluxMPIExt was explicitly requested, output will be shown live [0K
[0K┌ Warning: Module MPI with build ID fafbfcfd-2094-7216-276d-367a92d9f4cc is missing from the cache.
[0K│ This may mean MPI [da04e1cc-30fd-572f-bb4f-1f8673147195] does not support precompilation but is imported by a module that does.
[0K└ @ Base loading.jl:2541
  26426.6 ms  ✓ Flux → FluxMPIExt
  1 dependency successfully precompiled in 27 seconds. 166 already precompiled.
  1 dependency had output during precompilation:
┌ Flux → FluxMPIExt
│  [Output was shown above]
└  
Info Given FluxMPIExt was explicitly requested, output will be shown live [0K
[0K┌ Warning: Module MPI with build ID fafbfcfd-2094-7216-276d-367a92d9f4cc is missing from the cache.
[0K│ This may mean MPI [da04e1cc-30fd-572f-bb4f-1f8673147195] does not support precompilation but is imported by a module that does.
[0K└ @ Base loading.jl:2541
  42809.3 ms  ✓ Flux → FluxMPIExt
  1 dependency successfully precompiled in 43 seconds. 166 already precompiled.
  1 dependency had output during precompilation:
┌ Flux → FluxMPIExt
│  [Output was shown above]
└  
Info Given FluxMPIExt was explicitly requested, output will be shown live [0K
[0K┌ Warning: Module MPI with build ID fafbfcfd-2094-7216-276d-367a92d9f4cc is missing from the cache.
[0K│ This may mean MPI [da04e1cc-30fd-572f-bb4f-1f8673147195] does not support precompilation but is imported by a module that does.
[0K└ @ Base loading.jl:2541
  26879.2 ms  ✓ Flux → FluxMPIExt
  1 dependency successfully precompiled in 28 seconds. 166 already precompiled.
  1 dependency had output during precompilation:
┌ Flux → FluxMPIExt
│  [Output was shown above]
└  
┌ Warning: Module MPI with build ID fafbfcfd-2094-7216-276d-367a92d9f4cc is missing from the cache.
│ This may mean MPI [da04e1cc-30fd-572f-bb4f-1f8673147195] does not support precompilation but is imported by a module that does.
└ @ Base loading.jl:2541
┌ Warning: Module MPI with build ID fafbfcfd-2094-7216-276d-367a92d9f4cc is missing from the cache.
│ This may mean MPI [da04e1cc-30fd-572f-bb4f-1f8673147195] does not support precompilation but is imported by a module that does.
└ @ Base loading.jl:2541
┌ Warning: Module MPI with build ID fafbfcfd-2094-7216-276d-367a92d9f4cc is missing from the cache.
│ This may mean MPI [da04e1cc-30fd-572f-bb4f-1f8673147195] does not support precompilation but is imported by a module that does.
└ @ Base loading.jl:2541
Info Given FluxMPIExt was explicitly requested, output will be shown live [0K
[0K┌ Warning: Module MPI with build ID fafbfcfd-2094-7216-276d-367a92d9f4cc is missing from the cache.
[0K│ This may mean MPI [da04e1cc-30fd-572f-bb4f-1f8673147195] does not support precompilation but is imported by a module that does.
[0K└ @ Base loading.jl:2541
  70531.8 ms  ✓ Flux → FluxMPIExt
  1 dependency successfully precompiled in 71 seconds. 166 already precompiled.
  1 dependency had output during precompilation:
┌ Flux → FluxMPIExt
│  [Output was shown above]
└  
Info Given FluxMPIExt was explicitly requested, output will be shown live [0K
[0K┌ Warning: Module MPI with build ID fafbfcfd-2094-7216-276d-367a92d9f4cc is missing from the cache.
[0K│ This may mean MPI [da04e1cc-30fd-572f-bb4f-1f8673147195] does not support precompilation but is imported by a module that does.
[0K└ @ Base loading.jl:2541
  62779.0 ms  ✓ Flux → FluxMPIExt
  1 dependency successfully precompiled in 63 seconds. 166 already precompiled.
  1 dependency had output during precompilation:
┌ Flux → FluxMPIExt
│  [Output was shown above]
└  
Info Given FluxMPIExt was explicitly requested, output will be shown live [0K
[0K┌ Warning: Module MPI with build ID fafbfcfd-2094-7216-276d-367a92d9f4cc is missing from the cache.
[0K│ This may mean MPI [da04e1cc-30fd-572f-bb4f-1f8673147195] does not support precompilation but is imported by a module that does.
[0K└ @ Base loading.jl:2541
  72654.9 ms  ✓ Flux → FluxMPIExt
  1 dependency successfully precompiled in 74 seconds. 166 already precompiled.
  1 dependency had output during precompilation:
┌ Flux → FluxMPIExt
│  [Output was shown above]
└  
Info Given FluxMPIExt was explicitly requested, output will be shown live [0K
[0K┌ Warning: Module MPI with build ID fafbfcfd-2094-7216-276d-367a92d9f4cc is missing from the cache.
[0K│ This may mean MPI [da04e1cc-30fd-572f-bb4f-1f8673147195] does not support precompilation but is imported by a module that does.
[0K└ @ Base loading.jl:2541
  76077.5 ms  ✓ Flux → FluxMPIExt
  1 dependency successfully precompiled in 77 seconds. 166 already precompiled.
  1 dependency had output during precompilation:
┌ Flux → FluxMPIExt
│  [Output was shown above]
└  
┌ Warning: Module MPI with build ID fafbfcfd-2094-7216-276d-367a92d9f4cc is missing from the cache.
│ This may mean MPI [da04e1cc-30fd-572f-bb4f-1f8673147195] does not support precompilation but is imported by a module that does.
└ @ Base loading.jl:2541
Info Given FluxMPIExt was explicitly requested, output will be shown live [0K
[0K┌ Warning: Module MPI with build ID fafbfcfd-2094-7216-276d-367a92d9f4cc is missing from the cache.
[0K│ This may mean MPI [da04e1cc-30fd-572f-bb4f-1f8673147195] does not support precompilation but is imported by a module that does.
[0K└ @ Base loading.jl:2541
  79140.6 ms  ✓ Flux → FluxMPIExt
  1 dependency successfully precompiled in 80 seconds. 166 already precompiled.
  1 dependency had output during precompilation:
┌ Flux → FluxMPIExt
│  [Output was shown above]
└  
Info Given FluxMPIExt was explicitly requested, output will be shown live [0K
[0K┌ Warning: Module MPI with build ID fafbfcfd-2094-7216-276d-367a92d9f4cc is missing from the cache.
[0K│ This may mean MPI [da04e1cc-30fd-572f-bb4f-1f8673147195] does not support precompilation but is imported by a module that does.
[0K└ @ Base loading.jl:2541
  86228.1 ms  ✓ Flux → FluxMPIExt
  1 dependency successfully precompiled in 87 seconds. 166 already precompiled.
  1 dependency had output during precompilation:
┌ Flux → FluxMPIExt
│  [Output was shown above]
└  
Info Given FluxMPIExt was explicitly requested, output will be shown live [0K
[0K┌ Warning: Module MPI with build ID fafbfcfd-2094-7216-276d-367a92d9f4cc is missing from the cache.
[0K│ This may mean MPI [da04e1cc-30fd-572f-bb4f-1f8673147195] does not support precompilation but is imported by a module that does.
[0K└ @ Base loading.jl:2541
  91519.2 ms  ✓ Flux → FluxMPIExt
  1 dependency successfully precompiled in 93 seconds. 166 already precompiled.
  1 dependency had output during precompilation:
┌ Flux → FluxMPIExt
│  [Output was shown above]
└  
Info Given FluxMPIExt was explicitly requested, output will be shown live [0K
[0K┌ Warning: Module MPI with build ID fafbfcfd-2094-7216-276d-367a92d9f4cc is missing from the cache.
[0K│ This may mean MPI [da04e1cc-30fd-572f-bb4f-1f8673147195] does not support precompilation but is imported by a module that does.
[0K└ @ Base loading.jl:2541
 101459.3 ms  ✓ Flux → FluxMPIExt
  1 dependency successfully precompiled in 102 seconds. 166 already precompiled.
  1 dependency had output during precompilation:
┌ Flux → FluxMPIExt
│  [Output was shown above]
└  
┌ Warning: Module MPI with build ID fafbfcfd-2094-7216-276d-367a92d9f4cc is missing from the cache.
│ This may mean MPI [da04e1cc-30fd-572f-bb4f-1f8673147195] does not support precompilation but is imported by a module that does.
└ @ Base loading.jl:2541
┌ Warning: Module MPI with build ID fafbfcfd-2094-7216-276d-367a92d9f4cc is missing from the cache.
│ This may mean MPI [da04e1cc-30fd-572f-bb4f-1f8673147195] does not support precompilation but is imported by a module that does.
└ @ Base loading.jl:2541
Info Given FluxMPIExt was explicitly requested, output will be shown live [0K
[0K┌ Warning: Module MPI with build ID fafbfcfd-2094-7216-276d-367a92d9f4cc is missing from the cache.
[0K│ This may mean MPI [da04e1cc-30fd-572f-bb4f-1f8673147195] does not support precompilation but is imported by a module that does.
[0K└ @ Base loading.jl:2541
 103929.1 ms  ✓ Flux → FluxMPIExt
  1 dependency successfully precompiled in 105 seconds. 166 already precompiled.
  1 dependency had output during precompilation:
┌ Flux → FluxMPIExt
│  [Output was shown above]
└  
┌ Warning: Module MPI with build ID fafbfcfd-2094-7216-276d-367a92d9f4cc is missing from the cache.
│ This may mean MPI [da04e1cc-30fd-572f-bb4f-1f8673147195] does not support precompilation but is imported by a module that does.
└ @ Base loading.jl:2541
┌ Warning: Module MPI with build ID fafbfcfd-2094-7216-276d-367a92d9f4cc is missing from the cache.
│ This may mean MPI [da04e1cc-30fd-572f-bb4f-1f8673147195] does not support precompilation but is imported by a module that does.
└ @ Base loading.jl:2541
Info Given FluxMPIExt was explicitly requested, output will be shown live [0K
[0K┌ Warning: Module MPI with build ID fafbfcfd-2094-7216-276d-367a92d9f4cc is missing from the cache.
[0K│ This may mean MPI [da04e1cc-30fd-572f-bb4f-1f8673147195] does not support precompilation but is imported by a module that does.
[0K└ @ Base loading.jl:2541
 129116.7 ms  ✓ Flux → FluxMPIExt
  1 dependency successfully precompiled in 130 seconds. 166 already precompiled.
  1 dependency had output during precompilation:
┌ Flux → FluxMPIExt
│  [Output was shown above]
└  
┌ Warning: Module MPI with build ID fafbfcfd-2094-7216-276d-367a92d9f4cc is missing from the cache.
│ This may mean MPI [da04e1cc-30fd-572f-bb4f-1f8673147195] does not support precompilation but is imported by a module that does.
└ @ Base loading.jl:2541
┌ Warning: Module MPI with build ID fafbfcfd-2094-7216-276d-367a92d9f4cc is missing from the cache.
│ This may mean MPI [da04e1cc-30fd-572f-bb4f-1f8673147195] does not support precompilation but is imported by a module that does.
└ @ Base loading.jl:2541
┌ Warning: Module MPI with build ID fafbfcfd-2094-7216-276d-367a92d9f4cc is missing from the cache.
│ This may mean MPI [da04e1cc-30fd-572f-bb4f-1f8673147195] does not support precompilation but is imported by a module that does.
└ @ Base loading.jl:2541
┌ Warning: Module MPI with build ID fafbfcfd-2094-7216-276d-367a92d9f4cc is missing from the cache.
│ This may mean MPI [da04e1cc-30fd-572f-bb4f-1f8673147195] does not support precompilation but is imported by a module that does.
└ @ Base loading.jl:2541
┌ Warning: Module MPI with build ID fafbfcfd-2094-7216-276d-367a92d9f4cc is missing from the cache.
│ This may mean MPI [da04e1cc-30fd-572f-bb4f-1f8673147195] does not support precompilation but is imported by a module that does.
└ @ Base loading.jl:2541
┌ Warning: Module MPI with build ID fafbfcfd-2094-7216-276d-367a92d9f4cc is missing from the cache.
│ This may mean MPI [da04e1cc-30fd-572f-bb4f-1f8673147195] does not support precompilation but is imported by a module that does.
└ @ Base loading.jl:2541
┌ Warning: Module MPI with build ID fafbfcfd-2094-7216-276d-367a92d9f4cc is missing from the cache.
│ This may mean MPI [da04e1cc-30fd-572f-bb4f-1f8673147195] does not support precompilation but is imported by a module that does.
└ @ Base loading.jl:2541
┌ Warning: Module MPI with build ID fafbfcfd-2094-7216-276d-367a92d9f4cc is missing from the cache.
│ This may mean MPI [da04e1cc-30fd-572f-bb4f-1f8673147195] does not support precompilation but is imported by a module that does.
└ @ Base loading.jl:2541
┌ Warning: Module MPI with build ID fafbfcfd-2094-7216-276d-367a92d9f4cc is missing from the cache.
│ This may mean MPI [da04e1cc-30fd-572f-bb4f-1f8673147195] does not support precompilation but is imported by a module that does.
└ @ Base loading.jl:2541
┌ Warning: Module MPI with build ID fafbfcfd-2094-7216-276d-367a92d9f4cc is missing from the cache.
│ This may mean MPI [da04e1cc-30fd-572f-bb4f-1f8673147195] does not support precompilation but is imported by a module that does.
└ @ Base loading.jl:2541
┌ Warning: Module MPI with build ID fafbfcfd-2094-7216-276d-367a92d9f4cc is missing from the cache.
│ This may mean MPI [da04e1cc-30fd-572f-bb4f-1f8673147195] does not support precompilation but is imported by a module that does.
└ @ Base loading.jl:2541
┌ Warning: Module MPI with build ID fafbfcfd-2094-7216-276d-367a92d9f4cc is missing from the cache.
│ This may mean MPI [da04e1cc-30fd-572f-bb4f-1f8673147195] does not support precompilation but is imported by a module that does.
└ @ Base loading.jl:2541
┌ Warning: Module MPI with build ID fafbfcfd-2094-7216-276d-367a92d9f4cc is missing from the cache.
│ This may mean MPI [da04e1cc-30fd-572f-bb4f-1f8673147195] does not support precompilation but is imported by a module that does.
└ @ Base loading.jl:2541
┌ Warning: Module MPI with build ID fafbfcfd-2094-7216-276d-367a92d9f4cc is missing from the cache.
│ This may mean MPI [da04e1cc-30fd-572f-bb4f-1f8673147195] does not support precompilation but is imported by a module that does.
└ @ Base loading.jl:2541
┌ Warning: Module MPI with build ID fafbfcfd-2094-7216-276d-367a92d9f4cc is missing from the cache.
│ This may mean MPI [da04e1cc-30fd-572f-bb4f-1f8673147195] does not support precompilation but is imported by a module that does.
└ @ Base loading.jl:2541
┌ Info: Making AtmosConfig with config files: 
│    /dss/dsshome1/0D/di38kez/git/Clima/ClimaAtmosResiDyn-inc-run3/src/config/../../config/default_configs/default_config.yml
└    /dss/dsshome1/0D/di38kez/git/Clima/ClimaAtmosResiDyn-inc-run3/experiments/tag_closure/configs/g2_v2_sphere.yml
[ Info: Using DCMIP200Topography orography
┌ Info: numerics 
│               `energy_q_tot_upwinding`::`Val{:vanleer_limiter}`
│                     `tracer_upwinding`::`Val{:vanleer_limiter}`
│            `edmfx_mse_q_tot_upwinding`::`Val{:first_order}`
│              `edmfx_sgsflux_upwinding`::`Val{:none}`
│               `edmfx_tracer_upwinding`::`Val{:first_order}`
│              `test_dycore_consistency`::`Nothing`
│                 `reproducible_restart`::`Nothing`
│                              `limiter`::`Nothing`
│                            `diff_mode`::`ClimaAtmos.Implicit`
│                            `hyperdiff`::`ClimaAtmos.Hyperdiffusion{Float32}`
└     `vertical_water_borrowing_species`::`Nothing`
┌ Warning: `energy_source_tags` with `turbconv: prognostic_edmfx`: the eddy diffusion moves the tags as passive tracers, while it moves `ρe_tot` in enthalpy form. The difference goes to `e_src_res`.
└ @ ClimaAtmos ~/git/Clima/ClimaAtmosResiDyn-inc-run3/src/config/tracer_config.jl:1244
┌ Warning: `energy_source_tags` tag `mp` lists `microphysics`, which cannot contribute under NonEquilibriumMicrophysics1M. Only 0-moment microphysics changes `ρe_tot`. The other schemes move water between species, and the energy leaves with sedimentation, which the tags follow as transport. Note `moist` and `all` both expand to include `microphysics`.
└ @ ClimaAtmos ~/git/Clima/ClimaAtmosResiDyn-inc-run3/src/config/tracer_config.jl:630
┌ Warning: `energy_source_tags` tag `new_tropics` lists `precipitation`, which cannot contribute to a source tag. It is the sedimentation of precipitating species, which moves energy between levels rather than adding it. Where water sediments, the tags follow it as transport instead, so nothing is credited to `precipitation`. The `energy_tracers` family does attribute it. Under 0-moment microphysics, rain leaves through `microphysics` instead. Note `moist` and `all` both expand to include `precipitation`.
└ @ ClimaAtmos ~/git/Clima/ClimaAtmosResiDyn-inc-run3/src/config/tracer_config.jl:617
┌ Warning: `energy_source_tags` tag `new_tropics` lists `microphysics`, which cannot contribute under NonEquilibriumMicrophysics1M. Only 0-moment microphysics changes `ρe_tot`. The other schemes move water between species, and the energy leaves with sedimentation, which the tags follow as transport. Note `moist` and `all` both expand to include `microphysics`.
└ @ ClimaAtmos ~/git/Clima/ClimaAtmosResiDyn-inc-run3/src/config/tracer_config.jl:630
┌ Warning: `energy_source_tags` tag `new_extratropics` lists `precipitation`, which cannot contribute to a source tag. It is the sedimentation of precipitating species, which moves energy between levels rather than adding it. Where water sediments, the tags follow it as transport instead, so nothing is credited to `precipitation`. The `energy_tracers` family does attribute it. Under 0-moment microphysics, rain leaves through `microphysics` instead. Note `moist` and `all` both expand to include `precipitation`.
└ @ ClimaAtmos ~/git/Clima/ClimaAtmosResiDyn-inc-run3/src/config/tracer_config.jl:617
┌ Warning: `energy_source_tags` tag `new_extratropics` lists `microphysics`, which cannot contribute under NonEquilibriumMicrophysics1M. Only 0-moment microphysics changes `ρe_tot`. The other schemes move water between species, and the energy leaves with sedimentation, which the tags follow as transport. Note `moist` and `all` both expand to include `microphysics`.
└ @ ClimaAtmos ~/git/Clima/ClimaAtmosResiDyn-inc-run3/src/config/tracer_config.jl:630
┌ Warning: `energy_process_record` lists `microphysics`, which records nothing under NonEquilibriumMicrophysics1M. Only 0-moment microphysics changes `ρe_tot` and `ρq_tot`. The other schemes move water between species, so this record stays zero, which reads the same as a process that did nothing. Their rain-out is in the `precipitation` record.
└ @ ClimaAtmos ~/git/Clima/ClimaAtmosResiDyn-inc-run3/src/config/tracer_config.jl:1116
┌ Info: AtmosModel: 
│ 
│                             `water`::`ClimaAtmos.AtmosWater{ClimaAtmos.NonEquilibriumMicrophysics1M{CloudMicrophysics.Parameters.Microphysics1MOptions{CloudMicrophysics.Parameters.CloudLiquidFormation, CloudMicrophysics.Parameters.PrescribedIceNumber, CloudMicrophysics.Parameters.CloudIceMelt, CloudMicrophysics.Parameters.HomogeneousAndHeterogeneous, CloudMicrophysics.Parameters.Kessler1M, CloudMicrophysics.Parameters.NoSupersaturation, CloudMicrophysics.Parameters.RainEvaporation, CloudMicrophysics.Parameters.DepositionAndSublimation, CloudMicrophysics.Parameters.SnowMelt, CloudMicrophysics.Parameters.CloudLiquidRainAccretion, CloudMicrophysics.Parameters.CloudLiquidSnowAccretion, CloudMicrophysics.Parameters.CloudIceRainAccretion, CloudMicrophysics.Parameters.CloudIceSnowAccretion, CloudMicrophysics.Parameters.RainSnowAccretion}}, ClimaAtmos.QuadratureCloud, ClimaAtmos.Implicit, Nothing, ClimaAtmos.SGSQuadrature{3, StaticArraysCore.SVector{3, Float32}, StaticArraysCore.SVector{3, Float32}, ClimaAtmos.GaussianSGS, Float32}, ClimaAtmos.DiagnosticTerminalVelocity, ClimaAtmos.FixedTerminalVelocity, ClimaAtmos.DiagnosticTerminalVelocity, ClimaAtmos.FixedTerminalVelocity}`
│                         `scm_setup`::`ClimaAtmos.SCMSetup{Nothing, Nothing, Nothing, Bool, Nothing}`
│                         `radiation`::`ClimaAtmos.AtmosRadiation{ClimaAtmos.RRTMGPInterface.ClearSkyRadiation, ClimaAtmos.IdealizedInsolation, Tuple{}, Tuple{}}`
│                          `turbconv`::`ClimaAtmos.AtmosTurbconv{ClimaAtmos.EDMFXModel{ClimaAtmos.InvZEntrainment, ClimaAtmos.BuoyancyVelocityDetrainment, Val{false}, Val{false}, ClimaAtmos.SmoothMinimumBlending}, ClimaAtmos.PrognosticEDMFX{1, true, Float32}, Nothing, Nothing, Nothing}`
│                   `prescribed_flow`::`Nothing`
│                      `gravity_wave`::`ClimaAtmos.AtmosGravityWave{Nothing, Nothing}`
│                `vertical_diffusion`::`Nothing`
│                            `sponge`::`ClimaAtmos.AtmosSponge{ClimaAtmos.ViscousSponge{Float32}, ClimaAtmos.RayleighSponge{Float32}}`
│                           `surface`::`ClimaAtmos.AtmosSurface{ClimaAtmos.SurfaceConditions.MoninObukhov{Float32, Nothing, Nothing}, ClimaAtmos.SurfaceConditions.AnalyticTemperature{typeof(ClimaAtmos.Setups.zonally_symmetric_temperature)}, ClimaAtmos.SurfaceConditions.SurfaceBoundaryOverrides{Nothing, Nothing, Nothing, Nothing, Nothing, Nothing}, ClimaAtmos.ConstantAlbedo{Float32}}`
│                          `numerics`::`ClimaAtmos.AtmosNumerics{Val{:vanleer_limiter}, Val{:vanleer_limiter}, Val{:first_order}, Val{:none}, Val{:first_order}, Nothing, Nothing, Nothing, ClimaAtmos.Implicit, ClimaAtmos.Hyperdiffusion{Float32}, Nothing}`
│                         `chemistry`::`ClimaAtmos.AtmosChem{Nothing}`
│                           `tagging`::`ClimaAtmos.AtmosTagging{Nothing, Nothing, ClimaAtmos.EnergySourceTaggingModel{Tuple{ClimaAtmos.EnergySourceTag{:tropics, ClimaAtmos.TanhLatitudeRegion{Float32}, Tuple{}}, ClimaAtmos.EnergySourceTag{:extratropics, ClimaAtmos.TanhLatitudeRegion{Float32}, Tuple{}}, ClimaAtmos.EnergySourceTag{:sfc, Nothing, Tuple{Symbol}}, ClimaAtmos.EnergySourceTag{:rad, Nothing, Tuple{Symbol}}, ClimaAtmos.EnergySourceTag{:mp, Nothing, Tuple{Symbol}}, ClimaAtmos.EnergySourceTag{:new_tropics, ClimaAtmos.TanhLatitudeRegion{Float32}, NTuple{8, Symbol}}, ClimaAtmos.EnergySourceTag{:new_extratropics, ClimaAtmos.TanhLatitudeRegion{Float32}, NTuple{8, Symbol}}}, Float32, ClimaAtmos.EnthalpyIncrementEnergySourceTransport}, ClimaAtmos.ProcessRecordModel{Tuple{ClimaAtmos.RecordedProcess{:radiation}, ClimaAtmos.RecordedProcess{:surface_flux}, ClimaAtmos.RecordedProcess{:microphysics}, ClimaAtmos.RecordedProcess{:precipitation}}}, Nothing}`
└                              `cosp`::`Nothing`
┌ Info: Microphysics settings: 
│                        `n_substeps`::`3`
│                   `n_substeps_quad`::`2`
│            `cloud_liquid_formation`::`CloudLiquidFormation`
│               `cloud_ice_formation`::`PrescribedIceNumber`
│                    `cloud_ice_melt`::`CloudIceMelt`
│             `cloud_liquid_freezing`::`HomogeneousAndHeterogeneous`
│               `rain_autoconversion`::`Kessler1M`
│               `snow_autoconversion`::`NoSupersaturation`
│     `rain_condensation_evaporation`::`RainEvaporation`
│       `snow_deposition_sublimation`::`DepositionAndSublimation`
│                         `snow_melt`::`SnowMelt`
│       `cloud_liquid_rain_accretion`::`CloudLiquidRainAccretion`
│       `cloud_liquid_snow_accretion`::`CloudLiquidSnowAccretion`
│          `cloud_ice_rain_accretion`::`CloudIceRainAccretion`
│          `cloud_ice_snow_accretion`::`CloudIceSnowAccretion`
└               `rain_snow_accretion`::`RainSnowAccretion`
┌ Info: Distributed ClimaAtmos run
│   device = :CPUSingleThreaded
└   nprocs = 24
[ Info: Using ODE config: `ClimaTimeSteppers.ARS222`
[ Info: Initialized state (134.936 ms, 804.89 KiB)
[ Info: Built cache (540.465 s, 44.16 GiB)
[ Info: Assembled callbacks (1.484 s, 49.02 MiB)
┌ Info: Jacobian algorithm: ManualSparseJacobian(
│   approximate_solve_iters = 2,
└ )
[ Info: Jacobian derivative flags: topography_flag = UseDerivative, diffusion_flag = UseDerivative
[ Info: Built tendency function (1042.765 s, 20.46 GiB)
[ Info: Initialized integrator (378.289 s, 14.96 GiB)
[ Info: Added 16 user-provided YAML-style diagnostics
[ Info: Set up diagnostics (201.532 s, 560.15 MiB)
[ Info: Initialized 16 total diagnostics
┌ Info: Simulation info
│   job_id = "g2_v2_sphere"
└   output_dir = "output/g2_v2_sphere/output_0000"
┌ Info: Running
│   job_id = "g2_v2_sphere"
│   output_dir = "output/g2_v2_sphere/output_0000"
└   tspan = (0.0 seconds (2010-01-01T00:00:00) [counter = 0, period = 1 second, epoch = 2010-01-01T00:00:00], 864000.0 seconds (2010-01-11T00:00:00) [counter = 864000, period = 1 second, epoch = 2010-01-01T00:00:00])
┌ Info: Progress
│   simulation_time = "20 seconds"
│   n_steps_completed = 1
│   wall_time_per_step = "0 seconds"
│   wall_time_total = "0 seconds"
│   wall_time_remaining = "0 seconds"
│   wall_time_spent = "0 seconds"
│   percent_complete = "0.0%"
│   estimated_sypd = "Inf"
│   instantaneous_sypd = "0.0 (sdpd_estimate = 0.0)"
│   date_now = 2026-09-19T06:03:37.627
└   estimated_finish_date = 2026-09-19T06:03:37.627
┌ Info: Progress
│   simulation_time = "40 seconds"
│   n_steps_completed = 2
│   wall_time_per_step = "0 seconds"
│   wall_time_total = "0 seconds"
│   wall_time_remaining = "0 seconds"
│   wall_time_spent = "0 seconds"
│   percent_complete = "0.0%"
│   estimated_sypd = "Inf"
│   instantaneous_sypd = "0.004 (sdpd_estimate = 1.628)"
│   date_now = 2026-09-19T06:03:49.761
└   estimated_finish_date = 2026-09-19T06:03:49.761
┌ Info: Progress
│   simulation_time = "1 minute, 20 seconds"
│   n_steps_completed = 4
│   wall_time_per_step = "676 milliseconds, 700 microseconds"
│   wall_time_total = "8 hours, 7 minutes"
│   wall_time_remaining = "8 hours, 7 minutes"
│   wall_time_spent = "2 seconds, 706 milliseconds"
│   percent_complete = "0.0%"
│   estimated_sypd = "0.081"
│   instantaneous_sypd = "0.081"
│   date_now = 2026-09-19T06:03:51.747
└   estimated_finish_date = 2026-09-19T14:11:02.747
┌ Info: Progress
│   simulation_time = "2 minutes, 40 seconds"
│   n_steps_completed = 8
│   wall_time_per_step = "746 milliseconds, 427 microseconds"
│   wall_time_total = "8 hours, 57 minutes"
│   wall_time_remaining = "8 hours, 57 minutes"
│   wall_time_spent = "5 seconds, 971 milliseconds"
│   percent_complete = "0.0%"
│   estimated_sypd = "0.073"
│   instantaneous_sypd = "0.067"
│   date_now = 2026-09-19T06:03:54.379
└   estimated_finish_date = 2026-09-19T15:01:14.379
┌ Info: Progress
│   simulation_time = "5 minutes, 20 seconds"
│   n_steps_completed = 16
│   wall_time_per_step = "700 milliseconds, 352 microseconds"
│   wall_time_total = "8 hours, 24 minutes"
│   wall_time_remaining = "8 hours, 24 minutes"
│   wall_time_spent = "11 seconds, 205 milliseconds"
│   percent_complete = "0.0%"
│   estimated_sypd = "0.078"
│   instantaneous_sypd = "0.084"
│   date_now = 2026-09-19T06:03:59.614
└   estimated_finish_date = 2026-09-19T14:28:04.614
┌ Info: Progress
│   simulation_time = "10 minutes, 40 seconds"
│   n_steps_completed = 32
│   wall_time_per_step = "676 milliseconds, 659 microseconds"
│   wall_time_total = "8 hours, 7 minutes"
│   wall_time_remaining = "8 hours, 6 minutes"
│   wall_time_spent = "21 seconds, 653 milliseconds"
│   percent_complete = "0.1%"
│   estimated_sypd = "0.081"
│   instantaneous_sypd = "0.084"
│   date_now = 2026-09-19T06:04:10.061
└   estimated_finish_date = 2026-09-19T14:11:01.061
┌ Info: Progress
│   simulation_time = "21 minutes, 20 seconds"
│   n_steps_completed = 64
│   wall_time_per_step = "684 milliseconds, 253 microseconds"
│   wall_time_total = "8 hours, 12 minutes"
│   wall_time_remaining = "8 hours, 11 minutes"
│   wall_time_spent = "43 seconds, 792 milliseconds"
│   percent_complete = "0.1%"
│   estimated_sypd = "0.08"
│   instantaneous_sypd = "0.079"
│   date_now = 2026-09-19T06:04:32.200
└   estimated_finish_date = 2026-09-19T14:16:28.200
┌ Info: Progress
│   simulation_time = "42 minutes, 40 seconds"
│   n_steps_completed = 128
│   wall_time_per_step = "713 milliseconds, 907 microseconds"
│   wall_time_total = "8 hours, 34 minutes"
│   wall_time_remaining = "8 hours, 32 minutes"
│   wall_time_spent = "1 minute, 31 seconds"
│   percent_complete = "0.3%"
│   estimated_sypd = "0.077"
│   instantaneous_sypd = "0.074"
│   date_now = 2026-09-19T06:05:19.788
└   estimated_finish_date = 2026-09-19T14:37:49.788
┌ Info: Progress
│   simulation_time = "1 hour, 25 minutes"
│   n_steps_completed = 256
│   wall_time_per_step = "759 milliseconds, 454 microseconds"
│   wall_time_total = "9 hours, 6 minutes"
│   wall_time_remaining = "9 hours, 3 minutes"
│   wall_time_spent = "3 minutes, 14 seconds"
│   percent_complete = "0.6%"
│   estimated_sypd = "0.072"
│   instantaneous_sypd = "0.068"
│   date_now = 2026-09-19T06:07:02.828
└   estimated_finish_date = 2026-09-19T15:10:37.828
┌ Info: Progress
│   simulation_time = "2 hours, 50 minutes"
│   n_steps_completed = 512
│   wall_time_per_step = "732 milliseconds, 987 microseconds"
│   wall_time_total = "8 hours, 47 minutes"
│   wall_time_remaining = "8 hours, 41 minutes"
│   wall_time_spent = "6 minutes, 15 seconds"
│   percent_complete = "1.2%"
│   estimated_sypd = "0.075"
│   instantaneous_sypd = "0.078"
│   date_now = 2026-09-19T06:10:03.718
└   estimated_finish_date = 2026-09-19T14:51:33.718
┌ Info: Progress
│   simulation_time = "5 hours, 41 minutes"
│   n_steps_completed = 1024
│   wall_time_per_step = "712 milliseconds, 672 microseconds"
│   wall_time_total = "8 hours, 33 minutes"
│   wall_time_remaining = "8 hours, 20 minutes"
│   wall_time_spent = "12 minutes, 9 seconds"
│   percent_complete = "2.4%"
│   estimated_sypd = "0.077"
│   instantaneous_sypd = "0.079"
│   date_now = 2026-09-19T06:15:58.184
└   estimated_finish_date = 2026-09-19T14:36:56.184
┌ Info: Progress
│   simulation_time = "11 hours, 22 minutes"
│   n_steps_completed = 2048
│   wall_time_per_step = "704 milliseconds, 463 microseconds"
│   wall_time_total = "8 hours, 27 minutes"
│   wall_time_remaining = "8 hours, 3 minutes"
│   wall_time_spent = "24 minutes, 2 seconds"
│   percent_complete = "4.7%"
│   estimated_sypd = "0.078"
│   instantaneous_sypd = "0.079"
│   date_now = 2026-09-19T06:27:51.150
└   estimated_finish_date = 2026-09-19T14:31:02.150
┌ Info: Progress
│   simulation_time = "22 hours, 45 minutes"
│   n_steps_completed = 4096
│   wall_time_per_step = "703 milliseconds, 31 microseconds"
│   wall_time_total = "8 hours, 26 minutes"
│   wall_time_remaining = "7 hours, 38 minutes"
│   wall_time_spent = "47 minutes, 59 seconds"
│   percent_complete = "9.5%"
│   estimated_sypd = "0.078"
│   instantaneous_sypd = "0.078"
│   date_now = 2026-09-19T06:51:48.024
└   estimated_finish_date = 2026-09-19T14:30:00.024
[ Info: Saving state to HDF5 file on day 1 second 0
┌ Info: Progress
│   simulation_time = "1 day, 10 hours"
│   n_steps_completed = 6257
│   wall_time_per_step = "707 milliseconds, 501 microseconds"
│   wall_time_total = "8 hours, 29 minutes"
│   wall_time_remaining = "7 hours, 15 minutes"
│   wall_time_spent = "1 hour, 13 minutes"
│   percent_complete = "14.5%"
│   estimated_sypd = "0.077"
│   instantaneous_sypd = "0.076"
│   date_now = 2026-09-19T07:17:35.389
└   estimated_finish_date = 2026-09-19T14:33:13.389
┌ Info: Progress
│   simulation_time = "1 day, 21 hours"
│   n_steps_completed = 8192
│   wall_time_per_step = "706 milliseconds, 928 microseconds"
│   wall_time_total = "8 hours, 28 minutes"
│   wall_time_remaining = "6 hours, 52 minutes"
│   wall_time_spent = "1 hour, 36 minutes"
│   percent_complete = "19.0%"
│   estimated_sypd = "0.077"
│   instantaneous_sypd = "0.078"
│   date_now = 2026-09-19T07:40:19.565
└   estimated_finish_date = 2026-09-19T14:32:48.565
[ Info: Saving state to HDF5 file on day 2 second 0
┌ Info: Progress
│   simulation_time = "2 days, 9 hours"
│   n_steps_completed = 10353
│   wall_time_per_step = "706 milliseconds, 405 microseconds"
│   wall_time_total = "8 hours, 28 minutes"
│   wall_time_remaining = "6 hours, 26 minutes"
│   wall_time_spent = "2 hours, 1 minute"
│   percent_complete = "24.0%"
│   estimated_sypd = "0.078"
│   instantaneous_sypd = "0.078"
│   date_now = 2026-09-19T08:05:41.827
└   estimated_finish_date = 2026-09-19T14:32:25.827
┌ Info: Progress
│   simulation_time = "2 days, 21 hours"
│   n_steps_completed = 12514
│   wall_time_per_step = "707 milliseconds, 131 microseconds"
│   wall_time_total = "8 hours, 29 minutes"
│   wall_time_remaining = "6 hours, 1 minute"
│   wall_time_spent = "2 hours, 27 minutes"
│   percent_complete = "29.0%"
│   estimated_sypd = "0.077"
│   instantaneous_sypd = "0.077"
│   date_now = 2026-09-19T08:31:17.455
└   estimated_finish_date = 2026-09-19T14:32:57.455
[ Info: Saving state to HDF5 file on day 3 second 0
┌ Info: Progress
│   simulation_time = "3 days, 9 hours"
│   n_steps_completed = 14675
│   wall_time_per_step = "707 milliseconds, 961 microseconds"
│   wall_time_total = "8 hours, 29 minutes"
│   wall_time_remaining = "5 hours, 36 minutes"
│   wall_time_spent = "2 hours, 53 minutes"
│   percent_complete = "34.0%"
│   estimated_sypd = "0.077"
│   instantaneous_sypd = "0.077"
│   date_now = 2026-09-19T08:56:57.746
└   estimated_finish_date = 2026-09-19T14:33:32.746
┌ Info: Progress
│   simulation_time = "3 days, 19 hours"
│   n_steps_completed = 16384
│   wall_time_per_step = "707 milliseconds, 924 microseconds"
│   wall_time_total = "8 hours, 29 minutes"
│   wall_time_remaining = "5 hours, 16 minutes"
│   wall_time_spent = "3 hours, 13 minutes"
│   percent_complete = "37.9%"
│   estimated_sypd = "0.077"
│   instantaneous_sypd = "0.077"
│   date_now = 2026-09-19T09:17:07.050
└   estimated_finish_date = 2026-09-19T14:33:31.050
[ Info: Saving state to HDF5 file on day 4 second 0
┌ Info: Progress
│   simulation_time = "4 days, 7 hours"
│   n_steps_completed = 18545
│   wall_time_per_step = "708 milliseconds, 93 microseconds"
│   wall_time_total = "8 hours, 29 minutes"
│   wall_time_remaining = "4 hours, 50 minutes"
│   wall_time_spent = "3 hours, 38 minutes"
│   percent_complete = "42.9%"
│   estimated_sypd = "0.077"
│   instantaneous_sypd = "0.077"
│   date_now = 2026-09-19T09:42:40.003
└   estimated_finish_date = 2026-09-19T14:33:39.003
┌ Info: Progress
│   simulation_time = "4 days, 19 hours"
│   n_steps_completed = 20706
│   wall_time_per_step = "708 milliseconds, 130 microseconds"
│   wall_time_total = "8 hours, 29 minutes"
│   wall_time_remaining = "4 hours, 25 minutes"
│   wall_time_spent = "4 hours, 4 minutes"
│   percent_complete = "47.9%"
│   estimated_sypd = "0.077"
│   instantaneous_sypd = "0.077"
│   date_now = 2026-09-19T10:08:10.957
└   estimated_finish_date = 2026-09-19T14:33:39.957
[ Info: Saving state to HDF5 file on day 5 second 0
┌ Info: Progress
│   simulation_time = "5 days, 7 hours"
│   n_steps_completed = 22867
│   wall_time_per_step = "708 milliseconds, 121 microseconds"
│   wall_time_total = "8 hours, 29 minutes"
│   wall_time_remaining = "3 hours, 59 minutes"
│   wall_time_spent = "4 hours, 29 minutes"
│   percent_complete = "52.9%"
│   estimated_sypd = "0.077"
│   instantaneous_sypd = "0.077"
│   date_now = 2026-09-19T10:33:41.026
└   estimated_finish_date = 2026-09-19T14:33:40.026
┌ Info: Progress
│   simulation_time = "5 days, 19 hours"
│   n_steps_completed = 25028
│   wall_time_per_step = "708 milliseconds, 37 microseconds"
│   wall_time_total = "8 hours, 29 minutes"
│   wall_time_remaining = "3 hours, 34 minutes"
│   wall_time_spent = "4 hours, 55 minutes"
│   percent_complete = "57.9%"
│   estimated_sypd = "0.077"
│   instantaneous_sypd = "0.077"
│   date_now = 2026-09-19T10:59:09.170
└   estimated_finish_date = 2026-09-19T14:33:36.170
[ Info: Saving state to HDF5 file on day 6 second 0
┌ Info: Progress
│   simulation_time = "6 days, 7 hours"
│   n_steps_completed = 27189
│   wall_time_per_step = "708 milliseconds, 76 microseconds"
│   wall_time_total = "8 hours, 29 minutes"
│   wall_time_remaining = "3 hours, 8 minutes"
│   wall_time_spent = "5 hours, 20 minutes"
│   percent_complete = "62.9%"
│   estimated_sypd = "0.077"
│   instantaneous_sypd = "0.077"
│   date_now = 2026-09-19T11:24:40.311
└   estimated_finish_date = 2026-09-19T14:33:38.311
┌ Info: Progress
│   simulation_time = "6 days, 19 hours"
│   n_steps_completed = 29350
│   wall_time_per_step = "708 milliseconds, 131 microseconds"
│   wall_time_total = "8 hours, 29 minutes"
│   wall_time_remaining = "2 hours, 43 minutes"
│   wall_time_spent = "5 hours, 46 minutes"
│   percent_complete = "67.9%"
│   estimated_sypd = "0.077"
│   instantaneous_sypd = "0.077"
│   date_now = 2026-09-19T11:50:12.078
└   estimated_finish_date = 2026-09-19T14:33:40.078
[ Info: Saving state to HDF5 file on day 7 second 0
┌ Info: Progress
│   simulation_time = "1 week, 7 hours"
│   n_steps_completed = 31511
│   wall_time_per_step = "708 milliseconds, 200 microseconds"
│   wall_time_total = "8 hours, 29 minutes"
│   wall_time_remaining = "2 hours, 17 minutes"
│   wall_time_spent = "6 hours, 11 minutes"
│   percent_complete = "72.9%"
│   estimated_sypd = "0.077"
│   instantaneous_sypd = "0.077"
│   date_now = 2026-09-19T12:15:44.658
└   estimated_finish_date = 2026-09-19T14:33:43.658
┌ Info: Progress
│   simulation_time = "1 week, 14 hours"
│   n_steps_completed = 32768
│   wall_time_per_step = "708 milliseconds, 545 microseconds"
│   wall_time_total = "8 hours, 30 minutes"
│   wall_time_remaining = "2 hours, 3 minutes"
│   wall_time_spent = "6 hours, 26 minutes"
│   percent_complete = "75.9%"
│   estimated_sypd = "0.077"
│   instantaneous_sypd = "0.076"
│   date_now = 2026-09-19T12:30:46.031
└   estimated_finish_date = 2026-09-19T14:33:58.031
[ Info: Saving state to HDF5 file on day 8 second 0
┌ Info: Progress
│   simulation_time = "1 week, 1 day"
│   n_steps_completed = 34929
│   wall_time_per_step = "708 milliseconds, 749 microseconds"
│   wall_time_total = "8 hours, 30 minutes"
│   wall_time_remaining = "1 hour, 37 minutes"
│   wall_time_spent = "6 hours, 52 minutes"
│   percent_complete = "80.9%"
│   estimated_sypd = "0.077"
│   instantaneous_sypd = "0.077"
│   date_now = 2026-09-19T12:56:24.315
└   estimated_finish_date = 2026-09-19T14:34:07.315
┌ Info: Progress
│   simulation_time = "1 week, 1 day"
│   n_steps_completed = 37090
│   wall_time_per_step = "709 milliseconds, 12 microseconds"
│   wall_time_total = "8 hours, 30 minutes"
│   wall_time_remaining = "1 hour, 12 minutes"
│   wall_time_spent = "7 hours, 18 minutes"
│   percent_complete = "85.9%"
│   estimated_sypd = "0.077"
│   instantaneous_sypd = "0.077"
│   date_now = 2026-09-19T13:22:05.679
└   estimated_finish_date = 2026-09-19T14:34:18.679
[ Info: Saving state to HDF5 file on day 9 second 0
┌ Info: Progress
│   simulation_time = "1 week, 2 days"
│   n_steps_completed = 39251
│   wall_time_per_step = "709 milliseconds, 193 microseconds"
│   wall_time_total = "8 hours, 30 minutes"
│   wall_time_remaining = "46 minutes, 40 seconds"
│   wall_time_spent = "7 hours, 43 minutes"
│   percent_complete = "90.9%"
│   estimated_sypd = "0.077"
│   instantaneous_sypd = "0.077"
│   date_now = 2026-09-19T13:47:44.974
└   estimated_finish_date = 2026-09-19T14:34:25.974
┌ Info: Progress
│   simulation_time = "1 week, 2 days"
│   n_steps_completed = 41412
│   wall_time_per_step = "709 milliseconds, 398 microseconds"
│   wall_time_total = "8 hours, 30 minutes"
│   wall_time_remaining = "21 minutes, 8 seconds"
│   wall_time_spent = "8 hours, 9 minutes"
│   percent_complete = "95.9%"
│   estimated_sypd = "0.077"
│   instantaneous_sypd = "0.077"
│   date_now = 2026-09-19T14:13:26.050
└   estimated_finish_date = 2026-09-19T14:34:35.050
[ Info: Saving state to HDF5 file on day 10 second 0
[ Info: solve! walltime = 30651.214
[ Info: sypd: 0.077
[ Info: wall_time_per_timestep: 709 milliseconds, 518 microseconds
[ Info: Memory currently used (after solve!) by the process (RSS): 16.51 GiB
┌ Info: Tag-closure run finished
│   simulation.job_id = "g2_v2_sphere"
└   result.ret_code = :success
┌ Info: Where it went
│   config = "/dss/dsshome1/0D/di38kez/git/Clima/ClimaAtmosResiDyn-inc-run3/experiments/tag_closure/configs/g2_v2_sphere.yml"
└   simulation.output_dir = "output/g2_v2_sphere/output_0000"
┌ Info: energy_source tag closure (241 rows)
│   columns: time,total,tagged,residual,relative,gross_residual,gross_relative,scale,nonpositive_fraction,residual_at_spin_up,residual_since_spin_up,relative_since_spin_up
│   first:   0.0,4.319811e23,4.3198102e23,7.2057594e16,1.6680728e-7,4.505382e15,1.0429582e-8,4.319811e23,0.0,NaN,NaN,NaN
│   last:    864000.0,4.3829536e23,4.383022e23,-6.8454714e18,-1.5618398e-5,6.9170593e19,0.00015781731,4.3829536e23,0.0,0.0,-6.8454714e18,-1.5618398e-5
└   path = "output/g2_v2_sphere/output_0000/energy_source_tag_closure.csv"
