Precompiling ClimaAtmos...
    ClimaAtmos Being precompiled by another process (pid: 161333, pidfile: /dss/dsstbyfs02/scratch/0D/di38kez/julia-depots/terrabyte-cpu/compiled/v1.11/ClimaAtmos/4EXdy_nHqaE.ji.pidfile)
  43437.2 ms  ✓ ClimaAtmos
  1 dependency successfully precompiled in 68 seconds. 277 already precompiled.
┌ Info: Making AtmosConfig with config files: 
│    /dss/dsshome1/0D/di38kez/git/Clima/ClimaAtmosResiDyn-inc-run2/src/config/../../config/default_configs/default_config.yml
└    /dss/dsshome1/0D/di38kez/git/Clima/ClimaAtmosResiDyn-inc-run2/experiments/tag_closure/configs/g1_inc_d4_float32.yml
┌ Info: numerics 
│               `energy_q_tot_upwinding`::`Val{:vanleer_limiter}`
│                     `tracer_upwinding`::`Val{:vanleer_limiter}`
│            `edmfx_mse_q_tot_upwinding`::`Val{:first_order}`
│              `edmfx_sgsflux_upwinding`::`Val{:none}`
│               `edmfx_tracer_upwinding`::`Val{:first_order}`
│              `test_dycore_consistency`::`Nothing`
│                 `reproducible_restart`::`Nothing`
│                              `limiter`::`Nothing`
│                            `diff_mode`::`ClimaAtmos.Implicit`
│                            `hyperdiff`::`ClimaAtmos.Hyperdiffusion{Float32}`
└     `vertical_water_borrowing_species`::`Nothing`
┌ Warning: `energy_source_tags` with `turbconv: prognostic_edmfx`: the eddy diffusion moves the tags as passive tracers, while it moves `ρe_tot` in enthalpy form. The difference goes to `e_src_res`.
└ @ ClimaAtmos ~/git/Clima/ClimaAtmosResiDyn-inc-run2/src/config/tracer_config.jl:1244
┌ Warning: `energy_source_tags` tag `mp` lists `microphysics`, which cannot contribute under NonEquilibriumMicrophysics1M. Only 0-moment microphysics changes `ρe_tot`. The other schemes move water between species, and the energy leaves with sedimentation, which the tags follow as transport. Note `moist` and `all` both expand to include `microphysics`.
└ @ ClimaAtmos ~/git/Clima/ClimaAtmosResiDyn-inc-run2/src/config/tracer_config.jl:630
┌ Warning: `energy_source_tags` tag `new_strat` lists `precipitation`, which cannot contribute to a source tag. It is the sedimentation of precipitating species, which moves energy between levels rather than adding it. Where water sediments, the tags follow it as transport instead, so nothing is credited to `precipitation`. The `energy_tracers` family does attribute it. Under 0-moment microphysics, rain leaves through `microphysics` instead. Note `moist` and `all` both expand to include `precipitation`.
└ @ ClimaAtmos ~/git/Clima/ClimaAtmosResiDyn-inc-run2/src/config/tracer_config.jl:617
┌ Warning: `energy_source_tags` tag `new_strat` lists `microphysics`, which cannot contribute under NonEquilibriumMicrophysics1M. Only 0-moment microphysics changes `ρe_tot`. The other schemes move water between species, and the energy leaves with sedimentation, which the tags follow as transport. Note `moist` and `all` both expand to include `microphysics`.
└ @ ClimaAtmos ~/git/Clima/ClimaAtmosResiDyn-inc-run2/src/config/tracer_config.jl:630
┌ Warning: `energy_source_tags` tag `new_tropo` lists `precipitation`, which cannot contribute to a source tag. It is the sedimentation of precipitating species, which moves energy between levels rather than adding it. Where water sediments, the tags follow it as transport instead, so nothing is credited to `precipitation`. The `energy_tracers` family does attribute it. Under 0-moment microphysics, rain leaves through `microphysics` instead. Note `moist` and `all` both expand to include `precipitation`.
└ @ ClimaAtmos ~/git/Clima/ClimaAtmosResiDyn-inc-run2/src/config/tracer_config.jl:617
┌ Warning: `energy_source_tags` tag `new_tropo` lists `microphysics`, which cannot contribute under NonEquilibriumMicrophysics1M. Only 0-moment microphysics changes `ρe_tot`. The other schemes move water between species, and the energy leaves with sedimentation, which the tags follow as transport. Note `moist` and `all` both expand to include `microphysics`.
└ @ ClimaAtmos ~/git/Clima/ClimaAtmosResiDyn-inc-run2/src/config/tracer_config.jl:630
┌ Warning: `energy_process_record` lists `microphysics`, which records nothing under NonEquilibriumMicrophysics1M. Only 0-moment microphysics changes `ρe_tot` and `ρq_tot`. The other schemes move water between species, so this record stays zero, which reads the same as a process that did nothing. Their rain-out is in the `precipitation` record.
└ @ ClimaAtmos ~/git/Clima/ClimaAtmosResiDyn-inc-run2/src/config/tracer_config.jl:1116
┌ Info: AtmosModel: 
│ 
│                             `water`::`ClimaAtmos.AtmosWater{ClimaAtmos.NonEquilibriumMicrophysics1M{CloudMicrophysics.Parameters.Microphysics1MOptions{CloudMicrophysics.Parameters.CloudLiquidFormation, CloudMicrophysics.Parameters.PrescribedIceNumber, CloudMicrophysics.Parameters.CloudIceMelt, CloudMicrophysics.Parameters.HomogeneousAndHeterogeneous, CloudMicrophysics.Parameters.Kessler1M, CloudMicrophysics.Parameters.NoSupersaturation, CloudMicrophysics.Parameters.RainEvaporation, CloudMicrophysics.Parameters.DepositionAndSublimation, CloudMicrophysics.Parameters.SnowMelt, CloudMicrophysics.Parameters.CloudLiquidRainAccretion, CloudMicrophysics.Parameters.CloudLiquidSnowAccretion, CloudMicrophysics.Parameters.CloudIceRainAccretion, CloudMicrophysics.Parameters.CloudIceSnowAccretion, CloudMicrophysics.Parameters.RainSnowAccretion}}, ClimaAtmos.QuadratureCloud, ClimaAtmos.Implicit, Nothing, ClimaAtmos.SGSQuadrature{3, StaticArraysCore.SVector{3, Float32}, StaticArraysCore.SVector{3, Float32}, ClimaAtmos.GaussianSGS, Float32}, ClimaAtmos.DiagnosticTerminalVelocity, ClimaAtmos.FixedTerminalVelocity, ClimaAtmos.DiagnosticTerminalVelocity, ClimaAtmos.FixedTerminalVelocity}`
│                         `scm_setup`::`ClimaAtmos.SCMSetup{ClimaAtmos.LargeScaleSubsidence{ClimaAtmos.Setups.var"#25#26"{Float32}}, Nothing, Nothing, Bool, @NamedTuple{prof_ug::Returns{Float32}, prof_vg::Returns{Float32}, coriolis_param::Float32}}`
│                         `radiation`::`ClimaAtmos.AtmosRadiation{ClimaAtmos.RadiationDYCOMS{Float32}, ClimaAtmos.IdealizedInsolation, Tuple{}, Tuple{}}`
│                          `turbconv`::`ClimaAtmos.AtmosTurbconv{ClimaAtmos.EDMFXModel{ClimaAtmos.InvZEntrainment, ClimaAtmos.BuoyancyVelocityDetrainment, Val{false}, Val{false}, ClimaAtmos.SmoothMinimumBlending}, ClimaAtmos.PrognosticEDMFX{1, true, Float32}, Nothing, Nothing, Nothing}`
│                   `prescribed_flow`::`Nothing`
│                      `gravity_wave`::`ClimaAtmos.AtmosGravityWave{Nothing, Nothing}`
│                `vertical_diffusion`::`Nothing`
│                            `sponge`::`ClimaAtmos.AtmosSponge{Nothing, Nothing}`
│                           `surface`::`ClimaAtmos.AtmosSurface{ClimaAtmos.SurfaceConditions.MoninObukhov{Float32, ClimaAtmos.SurfaceConditions.HeatFluxes{Float32, Float32}, Float32}, ClimaAtmos.SurfaceConditions.AnalyticTemperature{Returns{Float32}}, ClimaAtmos.SurfaceConditions.SurfaceBoundaryOverrides{Float32, Float32, Nothing, Nothing, Nothing, Nothing}, ClimaAtmos.ConstantAlbedo{Float32}}`
│                          `numerics`::`ClimaAtmos.AtmosNumerics{Val{:vanleer_limiter}, Val{:vanleer_limiter}, Val{:first_order}, Val{:none}, Val{:first_order}, Nothing, Nothing, Nothing, ClimaAtmos.Implicit, ClimaAtmos.Hyperdiffusion{Float32}, Nothing}`
│                         `chemistry`::`ClimaAtmos.AtmosChem{Nothing}`
│                           `tagging`::`ClimaAtmos.AtmosTagging{Nothing, Nothing, ClimaAtmos.EnergySourceTaggingModel{Tuple{ClimaAtmos.EnergySourceTag{:strat, ClimaAtmos.TanhAltitudeRegion{Float32}, Tuple{}}, ClimaAtmos.EnergySourceTag{:tropo, ClimaAtmos.TanhAltitudeRegion{Float32}, Tuple{}}, ClimaAtmos.EnergySourceTag{:rad, Nothing, Tuple{Symbol}}, ClimaAtmos.EnergySourceTag{:sfc, Nothing, Tuple{Symbol}}, ClimaAtmos.EnergySourceTag{:sub, Nothing, Tuple{Symbol}}, ClimaAtmos.EnergySourceTag{:mp, Nothing, Tuple{Symbol}}, ClimaAtmos.EnergySourceTag{:new_strat, ClimaAtmos.TanhAltitudeRegion{Float32}, NTuple{8, Symbol}}, ClimaAtmos.EnergySourceTag{:new_tropo, ClimaAtmos.TanhAltitudeRegion{Float32}, NTuple{8, Symbol}}}, Float32, ClimaAtmos.EnthalpyIncrementEnergySourceTransport}, ClimaAtmos.ProcessRecordModel{Tuple{ClimaAtmos.RecordedProcess{:radiation}, ClimaAtmos.RecordedProcess{:surface_flux}, ClimaAtmos.RecordedProcess{:subsidence}, ClimaAtmos.RecordedProcess{:microphysics}, ClimaAtmos.RecordedProcess{:precipitation}}}, Nothing}`
└                              `cosp`::`Nothing`
┌ Info: Microphysics settings: 
│                        `n_substeps`::`3`
│                   `n_substeps_quad`::`2`
│            `cloud_liquid_formation`::`CloudLiquidFormation`
│               `cloud_ice_formation`::`PrescribedIceNumber`
│                    `cloud_ice_melt`::`CloudIceMelt`
│             `cloud_liquid_freezing`::`HomogeneousAndHeterogeneous`
│               `rain_autoconversion`::`Kessler1M`
│               `snow_autoconversion`::`NoSupersaturation`
│     `rain_condensation_evaporation`::`RainEvaporation`
│       `snow_deposition_sublimation`::`DepositionAndSublimation`
│                         `snow_melt`::`SnowMelt`
│       `cloud_liquid_rain_accretion`::`CloudLiquidRainAccretion`
│       `cloud_liquid_snow_accretion`::`CloudLiquidSnowAccretion`
│          `cloud_ice_rain_accretion`::`CloudIceRainAccretion`
│          `cloud_ice_snow_accretion`::`CloudIceSnowAccretion`
└               `rain_snow_accretion`::`RainSnowAccretion`
[ Info: Single-process ClimaAtmos run on CPUSingleThreaded
[ Info: Using ODE config: `ClimaTimeSteppers.ARS222`
[ Info: Initialized state (104.635 μs, 4.18 KiB)
[ Info: Built cache (156.592 s, 30.11 GiB)
[ Info: Assembled callbacks (484.085 ms, 34.69 MiB)
┌ Info: Jacobian algorithm: ManualSparseJacobian(
│   approximate_solve_iters = 2,
└ )
[ Info: Jacobian derivative flags: topography_flag = IgnoreDerivative, diffusion_flag = UseDerivative
[ Info: Built tendency function (410.161 s, 20.27 GiB)
[ Info: Initialized integrator (106.844 s, 9.13 GiB)
[ Info: Added 26 user-provided YAML-style diagnostics
[ Info: Set up diagnostics (20.305 s, 364.88 MiB)
[ Info: Initialized 26 total diagnostics
┌ Info: Simulation info
│   job_id = "g1_inc_d4_float32"
└   output_dir = "output/g1_inc_d4_float32/output_0000"
┌ Info: Running
│   job_id = "g1_inc_d4_float32"
│   output_dir = "output/g1_inc_d4_float32/output_0000"
└   tspan = (0.0 seconds (2010-01-01T00:00:00) [counter = 0, period = 1 second, epoch = 2010-01-01T00:00:00], 86400.0 seconds (2010-01-02T00:00:00) [counter = 86400, period = 1 second, epoch = 2010-01-01T00:00:00])
┌ Info: Progress
│   simulation_time = "2 minutes"
│   n_steps_completed = 1
│   wall_time_per_step = "0 seconds"
│   wall_time_total = "0 seconds"
│   wall_time_remaining = "0 seconds"
│   wall_time_spent = "0 seconds"
│   percent_complete = "0.1%"
│   estimated_sypd = "Inf"
│   instantaneous_sypd = "0.0 (sdpd_estimate = 0.0)"
│   date_now = 2026-09-19T01:54:40.409
└   estimated_finish_date = 2026-09-19T01:54:40.409
┌ Info: Progress
│   simulation_time = "4 minutes"
│   n_steps_completed = 2
│   wall_time_per_step = "0 seconds"
│   wall_time_total = "0 seconds"
│   wall_time_remaining = "0 seconds"
│   wall_time_spent = "0 seconds"
│   percent_complete = "0.3%"
│   estimated_sypd = "Inf"
│   instantaneous_sypd = "0.106"
│   date_now = 2026-09-19T01:54:43.438
└   estimated_finish_date = 2026-09-19T01:54:43.438
┌ Info: Progress
│   simulation_time = "8 minutes"
│   n_steps_completed = 4
│   wall_time_per_step = "8 milliseconds, 576 microseconds"
│   wall_time_total = "6 seconds, 175 milliseconds"
│   wall_time_remaining = "6 seconds, 140 milliseconds"
│   wall_time_spent = "34 milliseconds, 306 microseconds"
│   percent_complete = "0.6%"
│   estimated_sypd = "38.307"
│   instantaneous_sypd = "38.307"
│   date_now = 2026-09-19T01:54:43.695
└   estimated_finish_date = 2026-09-19T01:54:50.695
┌ Info: Progress
│   simulation_time = "16 minutes"
│   n_steps_completed = 8
│   wall_time_per_step = "38 milliseconds, 512 microseconds"
│   wall_time_total = "27 seconds, 728 milliseconds"
│   wall_time_remaining = "27 seconds, 420 milliseconds"
│   wall_time_spent = "308 milliseconds, 96 microseconds"
│   percent_complete = "1.1%"
│   estimated_sypd = "8.531"
│   instantaneous_sypd = "4.8"
│   date_now = 2026-09-19T01:54:43.729
└   estimated_finish_date = 2026-09-19T01:55:11.729
┌ Info: Progress
│   simulation_time = "32 minutes"
│   n_steps_completed = 16
│   wall_time_per_step = "23 milliseconds, 8 microseconds"
│   wall_time_total = "16 seconds, 566 milliseconds"
│   wall_time_remaining = "16 seconds, 198 milliseconds"
│   wall_time_spent = "368 milliseconds, 140 microseconds"
│   percent_complete = "2.2%"
│   estimated_sypd = "14.279"
│   instantaneous_sypd = "43.773"
│   date_now = 2026-09-19T01:54:43.789
└   estimated_finish_date = 2026-09-19T01:55:00.789
┌ Info: Progress
│   simulation_time = "1 hour, 4 minutes"
│   n_steps_completed = 32
│   wall_time_per_step = "99 milliseconds, 573 microseconds"
│   wall_time_total = "1 minute, 11 seconds"
│   wall_time_remaining = "1 minute, 8 seconds"
│   wall_time_spent = "3 seconds, 186 milliseconds"
│   percent_complete = "4.4%"
│   estimated_sypd = "3.299"
│   instantaneous_sypd = "1.865"
│   date_now = 2026-09-19T01:54:46.637
└   estimated_finish_date = 2026-09-19T01:55:55.637
┌ Info: Progress
│   simulation_time = "2 hours, 8 minutes"
│   n_steps_completed = 64
│   wall_time_per_step = "54 milliseconds, 697 microseconds"
│   wall_time_total = "39 seconds, 381 milliseconds"
│   wall_time_remaining = "35 seconds, 881 milliseconds"
│   wall_time_spent = "3 seconds, 500 milliseconds"
│   percent_complete = "8.9%"
│   estimated_sypd = "6.007"
│   instantaneous_sypd = "33.455"
│   date_now = 2026-09-19T01:54:46.921
└   estimated_finish_date = 2026-09-19T01:55:22.921
┌ Info: Progress
│   simulation_time = "3 hours, 22 minutes"
│   n_steps_completed = 101
│   wall_time_per_step = "37 milliseconds, 822 microseconds"
│   wall_time_total = "27 seconds, 231 milliseconds"
│   wall_time_remaining = "23 seconds, 411 milliseconds"
│   wall_time_spent = "3 seconds, 820 milliseconds"
│   percent_complete = "14.0%"
│   estimated_sypd = "8.687"
│   instantaneous_sypd = "38.058"
│   date_now = 2026-09-19T01:54:47.241
└   estimated_finish_date = 2026-09-19T01:55:11.241
┌ Info: Progress
│   simulation_time = "4 hours, 16 minutes"
│   n_steps_completed = 128
│   wall_time_per_step = "31 milliseconds, 733 microseconds"
│   wall_time_total = "22 seconds, 848 milliseconds"
│   wall_time_remaining = "18 seconds, 786 milliseconds"
│   wall_time_spent = "4 seconds, 61 milliseconds"
│   percent_complete = "17.8%"
│   estimated_sypd = "10.353"
│   instantaneous_sypd = "36.68"
│   date_now = 2026-09-19T01:54:47.482
└   estimated_finish_date = 2026-09-19T01:55:06.482
┌ Info: Progress
│   simulation_time = "5 hours, 30 minutes"
│   n_steps_completed = 165
│   wall_time_per_step = "26 milliseconds, 598 microseconds"
│   wall_time_total = "19 seconds, 150 milliseconds"
│   wall_time_remaining = "14 seconds, 762 milliseconds"
│   wall_time_spent = "4 seconds, 388 milliseconds"
│   percent_complete = "22.9%"
│   estimated_sypd = "12.352"
│   instantaneous_sypd = "37.193"
│   date_now = 2026-09-19T01:54:47.809
└   estimated_finish_date = 2026-09-19T01:55:02.809
┌ Info: Progress
│   simulation_time = "6 hours, 44 minutes"
│   n_steps_completed = 202
│   wall_time_per_step = "23 milliseconds, 373 microseconds"
│   wall_time_total = "16 seconds, 829 milliseconds"
│   wall_time_remaining = "12 seconds, 107 milliseconds"
│   wall_time_spent = "4 seconds, 721 milliseconds"
│   percent_complete = "28.1%"
│   estimated_sypd = "14.056"
│   instantaneous_sypd = "36.526"
│   date_now = 2026-09-19T01:54:48.142
└   estimated_finish_date = 2026-09-19T01:55:01.142
┌ Info: Progress
│   simulation_time = "7 hours, 58 minutes"
│   n_steps_completed = 239
│   wall_time_per_step = "21 milliseconds, 774 microseconds"
│   wall_time_total = "15 seconds, 677 milliseconds"
│   wall_time_remaining = "10 seconds, 473 milliseconds"
│   wall_time_spent = "5 seconds, 204 milliseconds"
│   percent_complete = "33.2%"
│   estimated_sypd = "15.088"
│   instantaneous_sypd = "25.186"
│   date_now = 2026-09-19T01:54:48.625
└   estimated_finish_date = 2026-09-19T01:54:59.625
┌ Info: Progress
│   simulation_time = "8 hours, 32 minutes"
│   n_steps_completed = 256
│   wall_time_per_step = "20 milliseconds, 947 microseconds"
│   wall_time_total = "15 seconds, 82 milliseconds"
│   wall_time_remaining = "9 seconds, 719 milliseconds"
│   wall_time_spent = "5 seconds, 362 milliseconds"
│   percent_complete = "35.6%"
│   estimated_sypd = "15.684"
│   instantaneous_sypd = "35.259"
│   date_now = 2026-09-19T01:54:48.783
└   estimated_finish_date = 2026-09-19T01:54:58.783
┌ Info: Progress
│   simulation_time = "9 hours, 46 minutes"
│   n_steps_completed = 293
│   wall_time_per_step = "19 milliseconds, 364 microseconds"
│   wall_time_total = "13 seconds, 942 milliseconds"
│   wall_time_remaining = "8 seconds, 268 milliseconds"
│   wall_time_spent = "5 seconds, 673 milliseconds"
│   percent_complete = "40.7%"
│   estimated_sypd = "16.966"
│   instantaneous_sypd = "39.062"
│   date_now = 2026-09-19T01:54:49.094
└   estimated_finish_date = 2026-09-19T01:54:58.094
┌ Info: Progress
│   simulation_time = "11 hours"
│   n_steps_completed = 330
│   wall_time_per_step = "18 milliseconds, 142 microseconds"
│   wall_time_total = "13 seconds, 62 milliseconds"
│   wall_time_remaining = "7 seconds, 75 milliseconds"
│   wall_time_spent = "5 seconds, 986 milliseconds"
│   percent_complete = "45.8%"
│   estimated_sypd = "18.109"
│   instantaneous_sypd = "38.815"
│   date_now = 2026-09-19T01:54:49.407
└   estimated_finish_date = 2026-09-19T01:54:57.407
┌ Info: Progress
│   simulation_time = "12 hours, 14 minutes"
│   n_steps_completed = 367
│   wall_time_per_step = "17 milliseconds, 256 microseconds"
│   wall_time_total = "12 seconds, 424 milliseconds"
│   wall_time_remaining = "6 seconds, 91 milliseconds"
│   wall_time_spent = "6 seconds, 333 milliseconds"
│   percent_complete = "51.0%"
│   estimated_sypd = "19.038"
│   instantaneous_sypd = "35.102"
│   date_now = 2026-09-19T01:54:49.754
└   estimated_finish_date = 2026-09-19T01:54:56.754
┌ Info: Progress
│   simulation_time = "13 hours, 28 minutes"
│   n_steps_completed = 404
│   wall_time_per_step = "16 milliseconds, 783 microseconds"
│   wall_time_total = "12 seconds, 83 milliseconds"
│   wall_time_remaining = "5 seconds, 303 milliseconds"
│   wall_time_spent = "6 seconds, 780 milliseconds"
│   percent_complete = "56.1%"
│   estimated_sypd = "19.576"
│   instantaneous_sypd = "27.19"
│   date_now = 2026-09-19T01:54:50.201
└   estimated_finish_date = 2026-09-19T01:54:56.201
┌ Info: Progress
│   simulation_time = "14 hours, 42 minutes"
│   n_steps_completed = 441
│   wall_time_per_step = "16 milliseconds, 83 microseconds"
│   wall_time_total = "11 seconds, 580 milliseconds"
│   wall_time_remaining = "4 seconds, 487 milliseconds"
│   wall_time_spent = "7 seconds, 92 milliseconds"
│   percent_complete = "61.3%"
│   estimated_sypd = "20.427"
│   instantaneous_sypd = "38.887"
│   date_now = 2026-09-19T01:54:50.513
└   estimated_finish_date = 2026-09-19T01:54:55.513
┌ Info: Progress
│   simulation_time = "15 hours, 56 minutes"
│   n_steps_completed = 478
│   wall_time_per_step = "15 milliseconds, 490 microseconds"
│   wall_time_total = "11 seconds, 153 milliseconds"
│   wall_time_remaining = "3 seconds, 748 milliseconds"
│   wall_time_spent = "7 seconds, 404 milliseconds"
│   percent_complete = "66.4%"
│   estimated_sypd = "21.209"
│   instantaneous_sypd = "39.029"
│   date_now = 2026-09-19T01:54:50.825
└   estimated_finish_date = 2026-09-19T01:54:54.825
┌ Info: Progress
│   simulation_time = "17 hours, 4 minutes"
│   n_steps_completed = 512
│   wall_time_per_step = "15 milliseconds, 93 microseconds"
│   wall_time_total = "10 seconds, 867 milliseconds"
│   wall_time_remaining = "3 seconds, 139 milliseconds"
│   wall_time_spent = "7 seconds, 727 milliseconds"
│   percent_complete = "71.1%"
│   estimated_sypd = "21.767"
│   instantaneous_sypd = "34.54"
│   date_now = 2026-09-19T01:54:51.148
└   estimated_finish_date = 2026-09-19T01:54:55.148
┌ Info: Progress
│   simulation_time = "18 hours, 18 minutes"
│   n_steps_completed = 549
│   wall_time_per_step = "14 milliseconds, 641 microseconds"
│   wall_time_total = "10 seconds, 541 milliseconds"
│   wall_time_remaining = "2 seconds, 503 milliseconds"
│   wall_time_spent = "8 seconds, 38 milliseconds"
│   percent_complete = "76.2%"
│   estimated_sypd = "22.439"
│   instantaneous_sypd = "39.17"
│   date_now = 2026-09-19T01:54:51.459
└   estimated_finish_date = 2026-09-19T01:54:54.459
┌ Info: Progress
│   simulation_time = "19 hours, 32 minutes"
│   n_steps_completed = 586
│   wall_time_per_step = "14 milliseconds, 337 microseconds"
│   wall_time_total = "10 seconds, 323 milliseconds"
│   wall_time_remaining = "1 second, 921 milliseconds"
│   wall_time_spent = "8 seconds, 402 milliseconds"
│   percent_complete = "81.4%"
│   estimated_sypd = "22.914"
│   instantaneous_sypd = "33.408"
│   date_now = 2026-09-19T01:54:51.823
└   estimated_finish_date = 2026-09-19T01:54:53.822
┌ Info: Progress
│   simulation_time = "20 hours, 46 minutes"
│   n_steps_completed = 623
│   wall_time_per_step = "13 milliseconds, 991 microseconds"
│   wall_time_total = "10 seconds, 74 milliseconds"
│   wall_time_remaining = "1 second, 357 milliseconds"
│   wall_time_spent = "8 seconds, 716 milliseconds"
│   percent_complete = "86.5%"
│   estimated_sypd = "23.481"
│   instantaneous_sypd = "38.608"
│   date_now = 2026-09-19T01:54:52.137
└   estimated_finish_date = 2026-09-19T01:54:54.137
┌ Info: Progress
│   simulation_time = "22 hours"
│   n_steps_completed = 660
│   wall_time_per_step = "13 milliseconds, 682 microseconds"
│   wall_time_total = "9 seconds, 851 milliseconds"
│   wall_time_remaining = "820 milliseconds, 925 microseconds"
│   wall_time_spent = "9 seconds, 30 milliseconds"
│   percent_complete = "91.7%"
│   estimated_sypd = "24.013"
│   instantaneous_sypd = "38.8"
│   date_now = 2026-09-19T01:54:52.451
└   estimated_finish_date = 2026-09-19T01:54:53.451
┌ Info: Progress
│   simulation_time = "23 hours, 14 minutes"
│   n_steps_completed = 697
│   wall_time_per_step = "13 milliseconds, 465 microseconds"
│   wall_time_total = "9 seconds, 695 milliseconds"
│   wall_time_remaining = "309 milliseconds, 711 microseconds"
│   wall_time_spent = "9 seconds, 385 milliseconds"
│   percent_complete = "96.8%"
│   estimated_sypd = "24.398"
│   instantaneous_sypd = "34.2"
│   date_now = 2026-09-19T01:54:52.806
└   estimated_finish_date = 2026-09-19T01:54:53.806
[ Info: solve! walltime = 9.61
[ Info: sypd: 24.632
[ Info: wall_time_per_timestep: 13 milliseconds, 347 microseconds
[ Info: Memory currently used (after solve!) by the process (RSS): 11.81 GiB
┌ Info: Tag-closure run finished
│   simulation.job_id = "g1_inc_d4_float32"
└   result.ret_code = :success
┌ Info: Where it went
│   config = "/dss/dsshome1/0D/di38kez/git/Clima/ClimaAtmosResiDyn-inc-run2/experiments/tag_closure/configs/g1_inc_d4_float32.yml"
└   simulation.output_dir = "output/g1_inc_d4_float32/output_0000"
┌ Info: energy_source tag closure (25 rows)
│   columns: time,total,tagged,residual,relative,gross_residual,gross_relative,scale,nonpositive_fraction,residual_at_spin_up,residual_since_spin_up,relative_since_spin_up
│   first:   0.0,1.1298741e8,1.12987416e8,-8.0,-7.080435e-8,2.1541002,1.9064958e-8,1.1298741e8,0.0,NaN,NaN,NaN
│   last:    86400.0,1.1413832e8,1.1413862e8,-304.0,-2.663435e-6,607.2599,5.3203858e-6,1.1413832e8,0.0,-88.0,-216.0,-1.8924407e-6
└   path = "output/g1_inc_d4_float32/output_0000/energy_source_tag_closure.csv"
