# run.log for p4_edmf_tags, trimmed from SLURM job 13415604's .out and .err on terrabyte.
# The runscript's header:
================================================================
ClimaAtmos tag-closure run
================================================================
Run (job_id):    p4_edmf_tags
Machine:         terrabyte
Configuration:   /dss/dsshome1/0D/di38kez/git/Clima/ClimaAtmosResiDyn.jl/experiments/tag_closure/configs/p4_edmf_tags.yml
SLURM job:       13415604
Partition:       hpda2_test
Nodes:           hpdar03c01s12
CPUs per task:   2
Repository:      /dss/dsshome1/0D/di38kez/git/Clima/ClimaAtmosResiDyn-p4
Commit:          unknown (from none)
Julia:           /dss/dsshome1/0D/di38kez/.juliaup/bin/julia +1.11
Project:         /dss/dsshome1/0D/di38kez/git/Clima/ClimaAtmosResiDyn-p4/.buildkite
Driver:          /dss/dsshome1/0D/di38kez/git/Clima/ClimaAtmosResiDyn-p4/experiments/tag_closure/run_tag_closure.jl
Depot:           /dss/dsstbyfs02/scratch/0D/di38kez/julia-depots/terrabyte-cpu
Run directory:   /dss/dsstbyfs02/scratch/0D/di38kez/tag_closure
Output base:     /dss/dsstbyfs02/scratch/0D/di38kez/tag_closure/output/p4_edmf_tags
Start time:      2026-09-11T14:46:21+02:00
Loaded modules:
Currently Loaded Modulefiles:
 1) stack/24.4.0{arch=auto}(default) <aL>   3) gcc/13.2.0(default)           
 2) python/3.12                             4) openmpi/4.1.8-gcc13(default)  
Wrote /dss/dsstbyfs02/scratch/0D/di38kez/tag_closure/output/p4_edmf_tags/output_0000/provenance.txt
Driver exit status: 0
End time:           2026-09-11T15:46:06+02:00
# The .err, without the model's type listing:
WARNING: could not determine the commit: git is not on PATH
The analysis refuses a run whose provenance has no commit.
┌ Info: Making AtmosConfig with config files: 
└    /dss/dsshome1/0D/di38kez/git/Clima/ClimaAtmosResiDyn.jl/experiments/tag_closure/configs/p4_edmf_tags.yml
┌ Info: numerics 
└                     `hyperdiff`::`ClimaAtmos.Hyperdiffusion{Float64}`
┌ Warning: `energy_source_tags` tag `new_strat` lists `precipitation`, which cannot contribute to a source tag. It is the sedimentation of precipitating species, which moves energy between levels rather than adding it. Where water sediments, the tags follow it as transport instead, so nothing is credited to `precipitation`. The `energy_tracers` family does attribute it. Under 0-moment microphysics, rain leaves through `microphysics` instead. Note `moist` and `all` both expand to include `precipitation`.
└ @ ClimaAtmos ~/git/Clima/ClimaAtmosResiDyn-p4/src/config/tracer_config.jl:540
┌ Warning: `energy_source_tags` tag `new_tropo` lists `precipitation`, which cannot contribute to a source tag. It is the sedimentation of precipitating species, which moves energy between levels rather than adding it. Where water sediments, the tags follow it as transport instead, so nothing is credited to `precipitation`. The `energy_tracers` family does attribute it. Under 0-moment microphysics, rain leaves through `microphysics` instead. Note `moist` and `all` both expand to include `precipitation`.
└ @ ClimaAtmos ~/git/Clima/ClimaAtmosResiDyn-p4/src/config/tracer_config.jl:540
┌ Info: AtmosModel: 
└                              `cosp`::`Nothing`
┌ Info: Microphysics settings: 
└               `rain_snow_accretion`::`RainSnowAccretion`
[ Info: Single-process ClimaAtmos run on CPUSingleThreaded
[ Info: Using ODE config: `ClimaTimeSteppers.ARS222`
[ Info: Initialized state (66.318 μs, 6.57 KiB)
[ Info: Built cache (144.877 s, 29.12 GiB)
[ Info: Assembled callbacks (155.451 ms, 15.03 MiB)
┌ Info: Jacobian algorithm: ManualSparseJacobian(
└ )
[ Info: Jacobian derivative flags: topography_flag = IgnoreDerivative, diffusion_flag = UseDerivative
[ Info: Built tendency function (668.051 s, 13.54 GiB)
[ Info: Initialized integrator (62.876 s, 6.96 GiB)
[ Info: Set up diagnostics (14.459 s, 294.92 MiB)
┌ Info: Simulation info
└   output_dir = "output/p4_edmf_tags/output_0000"
┌ Info: Running
└   tspan = (0.0 seconds (2010-01-01T00:00:00) [counter = 0, period = 1 second, epoch = 2010-01-01T00:00:00], 3600.0 seconds (2010-01-01T01:00:00) [counter = 3600, period = 1 second, epoch = 2010-01-01T00:00:00])
┌ Info: Progress
└   estimated_finish_date = 2026-09-11T15:45:54.784
┌ Info: Progress
└   estimated_finish_date = 2026-09-11T15:46:04.005
┌ Info: Progress
└   estimated_finish_date = 2026-09-11T15:46:05.228
┌ Info: Progress
└   estimated_finish_date = 2026-09-11T15:46:05.307
┌ Info: Progress
└   estimated_finish_date = 2026-09-11T15:46:05.314
┌ Info: Progress
└   estimated_finish_date = 2026-09-11T15:46:05.332
┌ Info: Progress
└   estimated_finish_date = 2026-09-11T15:46:05.349
┌ Info: Progress
└   estimated_finish_date = 2026-09-11T15:46:05.360
┌ Info: Progress
└   estimated_finish_date = 2026-09-11T15:46:05.378
┌ Info: Progress
└   estimated_finish_date = 2026-09-11T15:46:05.395
┌ Info: Progress
└   estimated_finish_date = 2026-09-11T15:46:05.412
┌ Info: Progress
└   estimated_finish_date = 2026-09-11T15:46:05.429
[ Info: solve! walltime = 0.532
[ Info: sypd: 18.543
[ Info: wall_time_per_timestep: 17 milliseconds, 730 microseconds
[ Info: Memory currently used (after solve!) by the process (RSS): 14.22 GiB
┌ Info: Tag-closure run finished
└   result.ret_code = :success
┌ Info: Where it went
└   simulation.output_dir = "output/p4_edmf_tags/output_0000"
[ Info: No closure table was written. Expected when the run configures no closure check, and a symptom otherwise.
