================================================================
ClimaAtmos tag-closure run
================================================================
Run (job_id):    wp4aj_ref_dt60_n40
Machine:         terrabyte
Configuration:   /dss/dsshome1/0D/di38kez/git/Clima/ClimaAtmosResiDyn-wp4aj-run/experiments/tag_closure/configs/wp4aj_ref_dt60_n40.yml
SLURM job:       13999664
Partition:       hpda2_compute
Nodes:           hpdar03c05s12
CPUs per task:   2
Tasks:           1
Launch:          (direct)
Repository:      /dss/dsshome1/0D/di38kez/git/Clima/ClimaAtmosResiDyn-wp4aj-run
Commit:          727dba0afc67abafdceb803f8b786fa89ad6c347 (from git-files)
Julia:           /dss/dsshome1/0D/di38kez/.juliaup/bin/julia +1.11
Project:         /dss/dsshome1/0D/di38kez/git/Clima/ClimaAtmosResiDyn-wp4aj-run/.buildkite
Driver:          /dss/dsshome1/0D/di38kez/git/Clima/ClimaAtmosResiDyn-wp4aj-run/experiments/tag_closure/run_tag_closure.jl
Depot:           /dss/dsstbyfs02/scratch/0D/di38kez/julia-depots/terrabyte-cpu
Run directory:   /dss/dsstbyfs02/scratch/0D/di38kez/tag_closure
Output base:     /dss/dsstbyfs02/scratch/0D/di38kez/tag_closure/output/wp4aj_ref_dt60_n40
Start time:      2026-09-29T13:50:46+02:00

Loaded modules:
Currently Loaded Modulefiles:
 1) stack/24.4.0{arch=auto}(default) <aL>   3) gcc/13.2.0(default)           
 2) python/3.12                             4) openmpi/4.1.8-gcc13(default)  

Key:
{variant=value}  (symbolic-version)  <module-tag>  <aL>=auto-loaded  


Wrote /dss/dsstbyfs02/scratch/0D/di38kez/tag_closure/output/wp4aj_ref_dt60_n40/output_0000/provenance.txt
Driver exit status: 0
End time:           2026-09-29T14:04:05+02:00
--- warnings and errors from g3-wp4aj_ref_dt60_n40-13999664.err
┌ Warning: water tag closure residual 0.008372499434700384 exceeds the warning tolerance 1.0e-10 at t = 360.0 s: the residual has drifted past the level set for this check. A warning level is not an acceptance threshold; see output/wp4aj_ref_dt60_n40/output_0000/water_tag_closure.csv.
┌ Warning: water tag closure residual 0.0074311875799599235 exceeds the warning tolerance 1.0e-10 at t = 720.0 s: the residual has drifted past the level set for this check. A warning level is not an acceptance threshold; see output/wp4aj_ref_dt60_n40/output_0000/water_tag_closure.csv.
┌ Warning: water tag closure residual 0.006814762060240772 exceeds the warning tolerance 1.0e-10 at t = 1080.0 s: the residual has drifted past the level set for this check. A warning level is not an acceptance threshold; see output/wp4aj_ref_dt60_n40/output_0000/water_tag_closure.csv.
┌ Warning: water tag closure residual 0.006406604246375988 exceeds the warning tolerance 1.0e-10 at t = 1440.0 s: the residual has drifted past the level set for this check. A warning level is not an acceptance threshold; see output/wp4aj_ref_dt60_n40/output_0000/water_tag_closure.csv.
┌ Warning: water tag closure residual 0.006043888048326921 exceeds the warning tolerance 1.0e-10 at t = 1800.0 s: the residual has drifted past the level set for this check. A warning level is not an acceptance threshold; see output/wp4aj_ref_dt60_n40/output_0000/water_tag_closure.csv.
┌ Warning: water tag closure residual 0.0057055299505532515 exceeds the warning tolerance 1.0e-10 at t = 2160.0 s: the residual has drifted past the level set for this check. A warning level is not an acceptance threshold; see output/wp4aj_ref_dt60_n40/output_0000/water_tag_closure.csv.
┌ Warning: water tag closure residual 0.005438739673363013 exceeds the warning tolerance 1.0e-10 at t = 2520.0 s: the residual has drifted past the level set for this check. A warning level is not an acceptance threshold; see output/wp4aj_ref_dt60_n40/output_0000/water_tag_closure.csv.
┌ Warning: water tag closure residual 0.005180759023294013 exceeds the warning tolerance 1.0e-10 at t = 2880.0 s: the residual has drifted past the level set for this check. A warning level is not an acceptance threshold; see output/wp4aj_ref_dt60_n40/output_0000/water_tag_closure.csv.
┌ Warning: water tag closure residual 0.004934394409907248 exceeds the warning tolerance 1.0e-10 at t = 3240.0 s: the residual has drifted past the level set for this check. A warning level is not an acceptance threshold; see output/wp4aj_ref_dt60_n40/output_0000/water_tag_closure.csv.
┌ Warning: water tag closure residual 0.0047034956869415525 exceeds the warning tolerance 1.0e-10 at t = 3600.0 s: the residual has drifted past the level set for this check. A warning level is not an acceptance threshold; see output/wp4aj_ref_dt60_n40/output_0000/water_tag_closure.csv.
┌ Warning: water tag closure residual 0.004506414457369684 exceeds the warning tolerance 1.0e-10 at t = 3960.0 s: the residual has drifted past the level set for this check. A warning level is not an acceptance threshold; see output/wp4aj_ref_dt60_n40/output_0000/water_tag_closure.csv.
┌ Warning: water tag closure residual 0.004337162576674949 exceeds the warning tolerance 1.0e-10 at t = 4320.0 s: the residual has drifted past the level set for this check. A warning level is not an acceptance threshold; see output/wp4aj_ref_dt60_n40/output_0000/water_tag_closure.csv.
┌ Warning: water tag closure residual 0.004174135803628743 exceeds the warning tolerance 1.0e-10 at t = 4680.0 s: the residual has drifted past the level set for this check. A warning level is not an acceptance threshold; see output/wp4aj_ref_dt60_n40/output_0000/water_tag_closure.csv.
┌ Warning: water tag closure residual 0.004017490440596705 exceeds the warning tolerance 1.0e-10 at t = 5040.0 s: the residual has drifted past the level set for this check. A warning level is not an acceptance threshold; see output/wp4aj_ref_dt60_n40/output_0000/water_tag_closure.csv.
┌ Warning: water tag closure residual 0.0038672349460557847 exceeds the warning tolerance 1.0e-10 at t = 5400.0 s: the residual has drifted past the level set for this check. A warning level is not an acceptance threshold; see output/wp4aj_ref_dt60_n40/output_0000/water_tag_closure.csv.
┌ Warning: water tag closure residual 0.003723283592461587 exceeds the warning tolerance 1.0e-10 at t = 5760.0 s: the residual has drifted past the level set for this check. A warning level is not an acceptance threshold; see output/wp4aj_ref_dt60_n40/output_0000/water_tag_closure.csv.
┌ Warning: water tag closure residual 0.003585447825700258 exceeds the warning tolerance 1.0e-10 at t = 6120.0 s: the residual has drifted past the level set for this check. A warning level is not an acceptance threshold; see output/wp4aj_ref_dt60_n40/output_0000/water_tag_closure.csv.
┌ Warning: water tag closure residual 0.003453604380106991 exceeds the warning tolerance 1.0e-10 at t = 6480.0 s: the residual has drifted past the level set for this check. A warning level is not an acceptance threshold; see output/wp4aj_ref_dt60_n40/output_0000/water_tag_closure.csv.
┌ Warning: water tag closure residual 0.0033336277816969104 exceeds the warning tolerance 1.0e-10 at t = 6840.0 s: the residual has drifted past the level set for this check. A warning level is not an acceptance threshold; see output/wp4aj_ref_dt60_n40/output_0000/water_tag_closure.csv.
┌ Warning: water tag closure residual 0.003220089387164016 exceeds the warning tolerance 1.0e-10 at t = 7200.0 s: the residual has drifted past the level set for this check. A warning level is not an acceptance threshold; see output/wp4aj_ref_dt60_n40/output_0000/water_tag_closure.csv.
