# run.log for d1_column_1m_ice_no_vdiff, trimmed from SLURM job 13412243's .out and .err on terrabyte.
# The runscript's header:
================================================================
ClimaAtmos tag-closure run
================================================================
Run (job_id):    d1_column_1m_ice_no_vdiff
Machine:         terrabyte
Configuration:   /dss/dsshome1/0D/di38kez/git/Clima/ClimaAtmosResiDyn.jl/experiments/tag_closure/configs/d1_column_1m_ice_no_vdiff.yml
SLURM job:       13412243
Partition:       hpda2_test
Nodes:           hpdar03c01s12
CPUs per task:   2
Repository:      /dss/dsshome1/0D/di38kez/git/Clima/ClimaAtmosResiDyn.jl
Commit:          cf1e9c7c516528fdcc8126687ac15823170e1d70 (from git-files)
Julia:           /dss/dsshome1/0D/di38kez/.juliaup/bin/julia +1.11
Project:         /dss/dsshome1/0D/di38kez/git/Clima/ClimaAtmosResiDyn.jl/.buildkite
Driver:          /dss/dsshome1/0D/di38kez/git/Clima/ClimaAtmosResiDyn.jl/experiments/tag_closure/run_tag_closure.jl
Depot:           /dss/dsstbyfs02/scratch/0D/di38kez/julia-depots/terrabyte-cpu
Run directory:   /dss/dsstbyfs02/scratch/0D/di38kez/tag_closure
Output base:     /dss/dsstbyfs02/scratch/0D/di38kez/tag_closure/output/d1_column_1m_ice_no_vdiff
Start time:      2026-09-11T13:21:12+02:00
Loaded modules:
Currently Loaded Modulefiles:
 1) stack/24.4.0{arch=auto}(default) <aL>   3) gcc/13.2.0(default)           
 2) python/3.12                             4) openmpi/4.1.8-gcc13(default)  
Wrote /dss/dsstbyfs02/scratch/0D/di38kez/tag_closure/output/d1_column_1m_ice_no_vdiff/output_0000/provenance.txt
Driver exit status: 0
End time:           2026-09-11T13:37:09+02:00
# The .err, without the model's type listing:
┌ Info: Making AtmosConfig with config files: 
└    /dss/dsshome1/0D/di38kez/git/Clima/ClimaAtmosResiDyn.jl/experiments/tag_closure/configs/d1_column_1m_ice_no_vdiff.yml
┌ Info: numerics 
└                     `hyperdiff`::`ClimaAtmos.Hyperdiffusion{Float64}`
┌ Warning: `energy_source_tags` tag `new_upper` lists `precipitation`, which cannot contribute to a source tag. It is the sedimentation of precipitating species, which moves energy between levels rather than adding it. Where water sediments, the tags follow it as transport instead, so nothing is credited to `precipitation`. The `energy_tracers` family does attribute it. Under 0-moment microphysics, rain leaves through `microphysics` instead. Note `moist` and `all` both expand to include `precipitation`.
└ @ ClimaAtmos ~/git/Clima/ClimaAtmosResiDyn.jl/src/config/tracer_config.jl:540
┌ Warning: `energy_source_tags` tag `new_lower` lists `precipitation`, which cannot contribute to a source tag. It is the sedimentation of precipitating species, which moves energy between levels rather than adding it. Where water sediments, the tags follow it as transport instead, so nothing is credited to `precipitation`. The `energy_tracers` family does attribute it. Under 0-moment microphysics, rain leaves through `microphysics` instead. Note `moist` and `all` both expand to include `precipitation`.
└ @ ClimaAtmos ~/git/Clima/ClimaAtmosResiDyn.jl/src/config/tracer_config.jl:540
┌ Warning: `energy_process_record` lists `precipitation`, which records the sedimentation of precipitating species. Under 0-moment microphysics there is none, so its record stays zero there, which reads the same as a process that did nothing, and rain leaves through `microphysics` instead. Note `moist` and `all` both expand to include `precipitation`.
└ @ ClimaAtmos ~/git/Clima/ClimaAtmosResiDyn.jl/src/config/tracer_config.jl:760
┌ Info: AtmosModel: 
└                              `cosp`::`Nothing`
┌ Info: Microphysics settings: 
└               `rain_snow_accretion`::`RainSnowAccretion`
[ Info: Single-process ClimaAtmos run on CPUSingleThreaded
[ Info: Using ODE config: `ClimaTimeSteppers.ARS343`
[ Info: Initialized state (177.924 μs, 29.88 KiB)
[ Info: Built cache (59.359 s, 10.37 GiB)
[ Info: Assembled callbacks (434.789 ms, 32.5 MiB)
┌ Info: Jacobian algorithm: ManualSparseJacobian(
└ )
[ Info: Jacobian derivative flags: topography_flag = IgnoreDerivative, diffusion_flag = IgnoreDerivative
[ Info: Built tendency function (228.359 s, 5.17 GiB)
[ Info: Initialized integrator (34.472 s, 3.08 GiB)
[ Info: Added 18 user-provided YAML-style diagnostics
[ Info: Set up diagnostics (9.88 s, 379.55 MiB)
[ Info: Initialized 18 total diagnostics
┌ Info: Simulation info
└   output_dir = "output/d1_column_1m_ice_no_vdiff/output_0000"
┌ Info: Running
└   tspan = (0.0 seconds (2010-01-01T00:00:00) [counter = 0, period = 1 second, epoch = 2010-01-01T00:00:00], 3600.0 seconds (2010-01-01T01:00:00) [counter = 3600, period = 1 second, epoch = 2010-01-01T00:00:00])
┌ Info: Progress
└   estimated_finish_date = 2026-09-11T13:36:54.389
┌ Info: Progress
└   estimated_finish_date = 2026-09-11T13:36:57.975
┌ Info: Progress
└   estimated_finish_date = 2026-09-11T13:37:05.220
┌ Warning: energy_source tag closure residual 0.0017568496360917468 exceeds the configured tolerance 1.0e-6 at t = 60.0 s. The tags no longer account for the field they partition; see output/d1_column_1m_ice_no_vdiff/output_0000/energy_source_tag_closure.csv.
└ @ ClimaAtmos ~/git/Clima/ClimaAtmosResiDyn.jl/src/parameterized_tendencies/tagged_tracers/tagged_tracers.jl:797
┌ Info: Progress
└   estimated_finish_date = 2026-09-11T13:38:29.992
┌ Warning: energy_source tag closure residual 0.002301605254118927 exceeds the configured tolerance 1.0e-6 at t = 120.0 s. The tags no longer account for the field they partition; see output/d1_column_1m_ice_no_vdiff/output_0000/energy_source_tag_closure.csv.
└ @ ClimaAtmos ~/git/Clima/ClimaAtmosResiDyn.jl/src/parameterized_tendencies/tagged_tracers/tagged_tracers.jl:797
┌ Info: Progress
└   estimated_finish_date = 2026-09-11T13:37:48.161
┌ Warning: energy_source tag closure residual 0.0021248365509498757 exceeds the configured tolerance 1.0e-6 at t = 180.0 s. The tags no longer account for the field they partition; see output/d1_column_1m_ice_no_vdiff/output_0000/energy_source_tag_closure.csv.
└ @ ClimaAtmos ~/git/Clima/ClimaAtmosResiDyn.jl/src/parameterized_tendencies/tagged_tracers/tagged_tracers.jl:797
┌ Warning: energy_source tag closure residual 0.0020959796208264037 exceeds the configured tolerance 1.0e-6 at t = 240.0 s. The tags no longer account for the field they partition; see output/d1_column_1m_ice_no_vdiff/output_0000/energy_source_tag_closure.csv.
└ @ ClimaAtmos ~/git/Clima/ClimaAtmosResiDyn.jl/src/parameterized_tendencies/tagged_tracers/tagged_tracers.jl:797
┌ Warning: energy_source tag closure residual 0.0022771185253832146 exceeds the configured tolerance 1.0e-6 at t = 300.0 s. The tags no longer account for the field they partition; see output/d1_column_1m_ice_no_vdiff/output_0000/energy_source_tag_closure.csv.
└ @ ClimaAtmos ~/git/Clima/ClimaAtmosResiDyn.jl/src/parameterized_tendencies/tagged_tracers/tagged_tracers.jl:797
┌ Info: Progress
└   estimated_finish_date = 2026-09-11T13:37:27.516
┌ Warning: energy_source tag closure residual 0.0024599823075131914 exceeds the configured tolerance 1.0e-6 at t = 360.0 s. The tags no longer account for the field they partition; see output/d1_column_1m_ice_no_vdiff/output_0000/energy_source_tag_closure.csv.
└ @ ClimaAtmos ~/git/Clima/ClimaAtmosResiDyn.jl/src/parameterized_tendencies/tagged_tracers/tagged_tracers.jl:797
┌ Warning: energy_source tag closure residual 0.00262355925615131 exceeds the configured tolerance 1.0e-6 at t = 420.0 s. The tags no longer account for the field they partition; see output/d1_column_1m_ice_no_vdiff/output_0000/energy_source_tag_closure.csv.
└ @ ClimaAtmos ~/git/Clima/ClimaAtmosResiDyn.jl/src/parameterized_tendencies/tagged_tracers/tagged_tracers.jl:797
┌ Warning: energy_source tag closure residual 0.002766969807230661 exceeds the configured tolerance 1.0e-6 at t = 480.0 s. The tags no longer account for the field they partition; see output/d1_column_1m_ice_no_vdiff/output_0000/energy_source_tag_closure.csv.
└ @ ClimaAtmos ~/git/Clima/ClimaAtmosResiDyn.jl/src/parameterized_tendencies/tagged_tracers/tagged_tracers.jl:797
┌ Info: Progress
└   estimated_finish_date = 2026-09-11T13:37:19.929
┌ Warning: energy_source tag closure residual 0.0028939075572835425 exceeds the configured tolerance 1.0e-6 at t = 540.0 s. The tags no longer account for the field they partition; see output/d1_column_1m_ice_no_vdiff/output_0000/energy_source_tag_closure.csv.
└ @ ClimaAtmos ~/git/Clima/ClimaAtmosResiDyn.jl/src/parameterized_tendencies/tagged_tracers/tagged_tracers.jl:797
┌ Warning: energy_source tag closure residual 0.003006428118703697 exceeds the configured tolerance 1.0e-6 at t = 600.0 s. The tags no longer account for the field they partition; see output/d1_column_1m_ice_no_vdiff/output_0000/energy_source_tag_closure.csv.
└ @ ClimaAtmos ~/git/Clima/ClimaAtmosResiDyn.jl/src/parameterized_tendencies/tagged_tracers/tagged_tracers.jl:797
┌ Info: Progress
└   estimated_finish_date = 2026-09-11T13:37:17.213
┌ Warning: energy_source tag closure residual 0.0031060201500706422 exceeds the configured tolerance 1.0e-6 at t = 660.0 s. The tags no longer account for the field they partition; see output/d1_column_1m_ice_no_vdiff/output_0000/energy_source_tag_closure.csv.
└ @ ClimaAtmos ~/git/Clima/ClimaAtmosResiDyn.jl/src/parameterized_tendencies/tagged_tracers/tagged_tracers.jl:797
┌ Warning: energy_source tag closure residual 0.003193204446088496 exceeds the configured tolerance 1.0e-6 at t = 720.0 s. The tags no longer account for the field they partition; see output/d1_column_1m_ice_no_vdiff/output_0000/energy_source_tag_closure.csv.
└ @ ClimaAtmos ~/git/Clima/ClimaAtmosResiDyn.jl/src/parameterized_tendencies/tagged_tracers/tagged_tracers.jl:797
┌ Warning: energy_source tag closure residual 0.003269475174161919 exceeds the configured tolerance 1.0e-6 at t = 780.0 s. The tags no longer account for the field they partition; see output/d1_column_1m_ice_no_vdiff/output_0000/energy_source_tag_closure.csv.
└ @ ClimaAtmos ~/git/Clima/ClimaAtmosResiDyn.jl/src/parameterized_tendencies/tagged_tracers/tagged_tracers.jl:797
┌ Info: Progress
└   estimated_finish_date = 2026-09-11T13:37:14.630
┌ Warning: energy_source tag closure residual 0.0033354636793418023 exceeds the configured tolerance 1.0e-6 at t = 840.0 s. The tags no longer account for the field they partition; see output/d1_column_1m_ice_no_vdiff/output_0000/energy_source_tag_closure.csv.
└ @ ClimaAtmos ~/git/Clima/ClimaAtmosResiDyn.jl/src/parameterized_tendencies/tagged_tracers/tagged_tracers.jl:797
┌ Warning: energy_source tag closure residual 0.0033928385906492973 exceeds the configured tolerance 1.0e-6 at t = 900.0 s. The tags no longer account for the field they partition; see output/d1_column_1m_ice_no_vdiff/output_0000/energy_source_tag_closure.csv.
└ @ ClimaAtmos ~/git/Clima/ClimaAtmosResiDyn.jl/src/parameterized_tendencies/tagged_tracers/tagged_tracers.jl:797
┌ Warning: energy_source tag closure residual 0.003442336404988911 exceeds the configured tolerance 1.0e-6 at t = 960.0 s. The tags no longer account for the field they partition; see output/d1_column_1m_ice_no_vdiff/output_0000/energy_source_tag_closure.csv.
└ @ ClimaAtmos ~/git/Clima/ClimaAtmosResiDyn.jl/src/parameterized_tendencies/tagged_tracers/tagged_tracers.jl:797
┌ Warning: energy_source tag closure residual 0.003484725340214812 exceeds the configured tolerance 1.0e-6 at t = 1020.0 s. The tags no longer account for the field they partition; see output/d1_column_1m_ice_no_vdiff/output_0000/energy_source_tag_closure.csv.
└ @ ClimaAtmos ~/git/Clima/ClimaAtmosResiDyn.jl/src/parameterized_tendencies/tagged_tracers/tagged_tracers.jl:797
┌ Info: Progress
└   estimated_finish_date = 2026-09-11T13:37:13.051
┌ Warning: energy_source tag closure residual 0.0035208909115587287 exceeds the configured tolerance 1.0e-6 at t = 1080.0 s. The tags no longer account for the field they partition; see output/d1_column_1m_ice_no_vdiff/output_0000/energy_source_tag_closure.csv.
└ @ ClimaAtmos ~/git/Clima/ClimaAtmosResiDyn.jl/src/parameterized_tendencies/tagged_tracers/tagged_tracers.jl:797
┌ Warning: energy_source tag closure residual 0.0035516264171388916 exceeds the configured tolerance 1.0e-6 at t = 1140.0 s. The tags no longer account for the field they partition; see output/d1_column_1m_ice_no_vdiff/output_0000/energy_source_tag_closure.csv.
└ @ ClimaAtmos ~/git/Clima/ClimaAtmosResiDyn.jl/src/parameterized_tendencies/tagged_tracers/tagged_tracers.jl:797
┌ Warning: energy_source tag closure residual 0.0035778364609949393 exceeds the configured tolerance 1.0e-6 at t = 1200.0 s. The tags no longer account for the field they partition; see output/d1_column_1m_ice_no_vdiff/output_0000/energy_source_tag_closure.csv.
└ @ ClimaAtmos ~/git/Clima/ClimaAtmosResiDyn.jl/src/parameterized_tendencies/tagged_tracers/tagged_tracers.jl:797
┌ Info: Progress
└   estimated_finish_date = 2026-09-11T13:37:11.489
┌ Warning: energy_source tag closure residual 0.003600007046660077 exceeds the configured tolerance 1.0e-6 at t = 1260.0 s. The tags no longer account for the field they partition; see output/d1_column_1m_ice_no_vdiff/output_0000/energy_source_tag_closure.csv.
└ @ ClimaAtmos ~/git/Clima/ClimaAtmosResiDyn.jl/src/parameterized_tendencies/tagged_tracers/tagged_tracers.jl:797
┌ Info: Progress
└   estimated_finish_date = 2026-09-11T13:37:11.642
┌ Warning: energy_source tag closure residual 0.003618598978534873 exceeds the configured tolerance 1.0e-6 at t = 1320.0 s. The tags no longer account for the field they partition; see output/d1_column_1m_ice_no_vdiff/output_0000/energy_source_tag_closure.csv.
└ @ ClimaAtmos ~/git/Clima/ClimaAtmosResiDyn.jl/src/parameterized_tendencies/tagged_tracers/tagged_tracers.jl:797
┌ Warning: energy_source tag closure residual 0.003634108844634105 exceeds the configured tolerance 1.0e-6 at t = 1380.0 s. The tags no longer account for the field they partition; see output/d1_column_1m_ice_no_vdiff/output_0000/energy_source_tag_closure.csv.
└ @ ClimaAtmos ~/git/Clima/ClimaAtmosResiDyn.jl/src/parameterized_tendencies/tagged_tracers/tagged_tracers.jl:797
┌ Warning: energy_source tag closure residual 0.0036469734260464615 exceeds the configured tolerance 1.0e-6 at t = 1440.0 s. The tags no longer account for the field they partition; see output/d1_column_1m_ice_no_vdiff/output_0000/energy_source_tag_closure.csv.
└ @ ClimaAtmos ~/git/Clima/ClimaAtmosResiDyn.jl/src/parameterized_tendencies/tagged_tracers/tagged_tracers.jl:797
┌ Info: Progress
└   estimated_finish_date = 2026-09-11T13:37:11.061
┌ Warning: energy_source tag closure residual 0.0036575756959871183 exceeds the configured tolerance 1.0e-6 at t = 1500.0 s. The tags no longer account for the field they partition; see output/d1_column_1m_ice_no_vdiff/output_0000/energy_source_tag_closure.csv.
└ @ ClimaAtmos ~/git/Clima/ClimaAtmosResiDyn.jl/src/parameterized_tendencies/tagged_tracers/tagged_tracers.jl:797
┌ Warning: energy_source tag closure residual 0.0036662504074005792 exceeds the configured tolerance 1.0e-6 at t = 1560.0 s. The tags no longer account for the field they partition; see output/d1_column_1m_ice_no_vdiff/output_0000/energy_source_tag_closure.csv.
└ @ ClimaAtmos ~/git/Clima/ClimaAtmosResiDyn.jl/src/parameterized_tendencies/tagged_tracers/tagged_tracers.jl:797
┌ Warning: energy_source tag closure residual 0.003673289262391975 exceeds the configured tolerance 1.0e-6 at t = 1620.0 s. The tags no longer account for the field they partition; see output/d1_column_1m_ice_no_vdiff/output_0000/energy_source_tag_closure.csv.
└ @ ClimaAtmos ~/git/Clima/ClimaAtmosResiDyn.jl/src/parameterized_tendencies/tagged_tracers/tagged_tracers.jl:797
┌ Info: Progress
└   estimated_finish_date = 2026-09-11T13:37:10.484
┌ Warning: energy_source tag closure residual 0.0036789456622251964 exceeds the configured tolerance 1.0e-6 at t = 1680.0 s. The tags no longer account for the field they partition; see output/d1_column_1m_ice_no_vdiff/output_0000/energy_source_tag_closure.csv.
└ @ ClimaAtmos ~/git/Clima/ClimaAtmosResiDyn.jl/src/parameterized_tendencies/tagged_tracers/tagged_tracers.jl:797
┌ Warning: energy_source tag closure residual 0.0036834390544195537 exceeds the configured tolerance 1.0e-6 at t = 1740.0 s. The tags no longer account for the field they partition; see output/d1_column_1m_ice_no_vdiff/output_0000/energy_source_tag_closure.csv.
└ @ ClimaAtmos ~/git/Clima/ClimaAtmosResiDyn.jl/src/parameterized_tendencies/tagged_tracers/tagged_tracers.jl:797
┌ Warning: energy_source tag closure residual 0.003686958862609028 exceeds the configured tolerance 1.0e-6 at t = 1800.0 s. The tags no longer account for the field they partition; see output/d1_column_1m_ice_no_vdiff/output_0000/energy_source_tag_closure.csv.
└ @ ClimaAtmos ~/git/Clima/ClimaAtmosResiDyn.jl/src/parameterized_tendencies/tagged_tracers/tagged_tracers.jl:797
┌ Info: Progress
└   estimated_finish_date = 2026-09-11T13:37:09.903
┌ Warning: energy_source tag closure residual 0.003689668055929007 exceeds the configured tolerance 1.0e-6 at t = 1860.0 s. The tags no longer account for the field they partition; see output/d1_column_1m_ice_no_vdiff/output_0000/energy_source_tag_closure.csv.
└ @ ClimaAtmos ~/git/Clima/ClimaAtmosResiDyn.jl/src/parameterized_tendencies/tagged_tracers/tagged_tracers.jl:797
┌ Warning: energy_source tag closure residual 0.0036917063719890436 exceeds the configured tolerance 1.0e-6 at t = 1920.0 s. The tags no longer account for the field they partition; see output/d1_column_1m_ice_no_vdiff/output_0000/energy_source_tag_closure.csv.
└ @ ClimaAtmos ~/git/Clima/ClimaAtmosResiDyn.jl/src/parameterized_tendencies/tagged_tracers/tagged_tracers.jl:797
┌ Warning: energy_source tag closure residual 0.003693193201567917 exceeds the configured tolerance 1.0e-6 at t = 1980.0 s. The tags no longer account for the field they partition; see output/d1_column_1m_ice_no_vdiff/output_0000/energy_source_tag_closure.csv.
└ @ ClimaAtmos ~/git/Clima/ClimaAtmosResiDyn.jl/src/parameterized_tendencies/tagged_tracers/tagged_tracers.jl:797
┌ Warning: energy_source tag closure residual 0.0036942301681387 exceeds the configured tolerance 1.0e-6 at t = 2040.0 s. The tags no longer account for the field they partition; see output/d1_column_1m_ice_no_vdiff/output_0000/energy_source_tag_closure.csv.
└ @ ClimaAtmos ~/git/Clima/ClimaAtmosResiDyn.jl/src/parameterized_tendencies/tagged_tracers/tagged_tracers.jl:797
┌ Info: Progress
└   estimated_finish_date = 2026-09-11T13:37:09.324
┌ Warning: energy_source tag closure residual 0.0036949034309458283 exceeds the configured tolerance 1.0e-6 at t = 2100.0 s. The tags no longer account for the field they partition; see output/d1_column_1m_ice_no_vdiff/output_0000/energy_source_tag_closure.csv.
└ @ ClimaAtmos ~/git/Clima/ClimaAtmosResiDyn.jl/src/parameterized_tendencies/tagged_tracers/tagged_tracers.jl:797
┌ Warning: energy_source tag closure residual 0.0036952857301941525 exceeds the configured tolerance 1.0e-6 at t = 2160.0 s. The tags no longer account for the field they partition; see output/d1_column_1m_ice_no_vdiff/output_0000/energy_source_tag_closure.csv.
└ @ ClimaAtmos ~/git/Clima/ClimaAtmosResiDyn.jl/src/parameterized_tendencies/tagged_tracers/tagged_tracers.jl:797
┌ Warning: energy_source tag closure residual 0.003695438194097511 exceeds the configured tolerance 1.0e-6 at t = 2220.0 s. The tags no longer account for the field they partition; see output/d1_column_1m_ice_no_vdiff/output_0000/energy_source_tag_closure.csv.
└ @ ClimaAtmos ~/git/Clima/ClimaAtmosResiDyn.jl/src/parameterized_tendencies/tagged_tracers/tagged_tracers.jl:797
┌ Info: Progress
└   estimated_finish_date = 2026-09-11T13:37:09.762
┌ Warning: energy_source tag closure residual 0.0036954119364872888 exceeds the configured tolerance 1.0e-6 at t = 2280.0 s. The tags no longer account for the field they partition; see output/d1_column_1m_ice_no_vdiff/output_0000/energy_source_tag_closure.csv.
└ @ ClimaAtmos ~/git/Clima/ClimaAtmosResiDyn.jl/src/parameterized_tendencies/tagged_tracers/tagged_tracers.jl:797
┌ Warning: energy_source tag closure residual 0.003695249462927013 exceeds the configured tolerance 1.0e-6 at t = 2340.0 s. The tags no longer account for the field they partition; see output/d1_column_1m_ice_no_vdiff/output_0000/energy_source_tag_closure.csv.
└ @ ClimaAtmos ~/git/Clima/ClimaAtmosResiDyn.jl/src/parameterized_tendencies/tagged_tracers/tagged_tracers.jl:797
┌ Warning: energy_source tag closure residual 0.0036949859044775805 exceeds the configured tolerance 1.0e-6 at t = 2400.0 s. The tags no longer account for the field they partition; see output/d1_column_1m_ice_no_vdiff/output_0000/energy_source_tag_closure.csv.
└ @ ClimaAtmos ~/git/Clima/ClimaAtmosResiDyn.jl/src/parameterized_tendencies/tagged_tracers/tagged_tracers.jl:797
┌ Info: Progress
└   estimated_finish_date = 2026-09-11T13:37:09.179
┌ Warning: energy_source tag closure residual 0.0036946500974627838 exceeds the configured tolerance 1.0e-6 at t = 2460.0 s. The tags no longer account for the field they partition; see output/d1_column_1m_ice_no_vdiff/output_0000/energy_source_tag_closure.csv.
└ @ ClimaAtmos ~/git/Clima/ClimaAtmosResiDyn.jl/src/parameterized_tendencies/tagged_tracers/tagged_tracers.jl:797
┌ Warning: energy_source tag closure residual 0.003694265523462221 exceeds the configured tolerance 1.0e-6 at t = 2520.0 s. The tags no longer account for the field they partition; see output/d1_column_1m_ice_no_vdiff/output_0000/energy_source_tag_closure.csv.
└ @ ClimaAtmos ~/git/Clima/ClimaAtmosResiDyn.jl/src/parameterized_tendencies/tagged_tracers/tagged_tracers.jl:797
┌ Info: Progress
└   estimated_finish_date = 2026-09-11T13:37:09.481
┌ Warning: energy_source tag closure residual 0.0036938511292248263 exceeds the configured tolerance 1.0e-6 at t = 2580.0 s. The tags no longer account for the field they partition; see output/d1_column_1m_ice_no_vdiff/output_0000/energy_source_tag_closure.csv.
└ @ ClimaAtmos ~/git/Clima/ClimaAtmosResiDyn.jl/src/parameterized_tendencies/tagged_tracers/tagged_tracers.jl:797
┌ Warning: energy_source tag closure residual 0.003693422036671163 exceeds the configured tolerance 1.0e-6 at t = 2640.0 s. The tags no longer account for the field they partition; see output/d1_column_1m_ice_no_vdiff/output_0000/energy_source_tag_closure.csv.
└ @ ClimaAtmos ~/git/Clima/ClimaAtmosResiDyn.jl/src/parameterized_tendencies/tagged_tracers/tagged_tracers.jl:797
┌ Warning: energy_source tag closure residual 0.003692990156692843 exceeds the configured tolerance 1.0e-6 at t = 2700.0 s. The tags no longer account for the field they partition; see output/d1_column_1m_ice_no_vdiff/output_0000/energy_source_tag_closure.csv.
└ @ ClimaAtmos ~/git/Clima/ClimaAtmosResiDyn.jl/src/parameterized_tendencies/tagged_tracers/tagged_tracers.jl:797
┌ Info: Progress
└   estimated_finish_date = 2026-09-11T13:37:08.898
┌ Warning: energy_source tag closure residual 0.0036925647181384894 exceeds the configured tolerance 1.0e-6 at t = 2760.0 s. The tags no longer account for the field they partition; see output/d1_column_1m_ice_no_vdiff/output_0000/energy_source_tag_closure.csv.
└ @ ClimaAtmos ~/git/Clima/ClimaAtmosResiDyn.jl/src/parameterized_tendencies/tagged_tracers/tagged_tracers.jl:797
┌ Warning: energy_source tag closure residual 0.0036921527221635583 exceeds the configured tolerance 1.0e-6 at t = 2820.0 s. The tags no longer account for the field they partition; see output/d1_column_1m_ice_no_vdiff/output_0000/energy_source_tag_closure.csv.
└ @ ClimaAtmos ~/git/Clima/ClimaAtmosResiDyn.jl/src/parameterized_tendencies/tagged_tracers/tagged_tracers.jl:797
┌ Warning: energy_source tag closure residual 0.003691759331214642 exceeds the configured tolerance 1.0e-6 at t = 2880.0 s. The tags no longer account for the field they partition; see output/d1_column_1m_ice_no_vdiff/output_0000/energy_source_tag_closure.csv.
└ @ ClimaAtmos ~/git/Clima/ClimaAtmosResiDyn.jl/src/parameterized_tendencies/tagged_tracers/tagged_tracers.jl:797
┌ Warning: energy_source tag closure residual 0.0036913882011035833 exceeds the configured tolerance 1.0e-6 at t = 2940.0 s. The tags no longer account for the field they partition; see output/d1_column_1m_ice_no_vdiff/output_0000/energy_source_tag_closure.csv.
└ @ ClimaAtmos ~/git/Clima/ClimaAtmosResiDyn.jl/src/parameterized_tendencies/tagged_tracers/tagged_tracers.jl:797
┌ Info: Progress
└   estimated_finish_date = 2026-09-11T13:37:08.316
┌ Warning: energy_source tag closure residual 0.003691041761992642 exceeds the configured tolerance 1.0e-6 at t = 3000.0 s. The tags no longer account for the field they partition; see output/d1_column_1m_ice_no_vdiff/output_0000/energy_source_tag_closure.csv.
└ @ ClimaAtmos ~/git/Clima/ClimaAtmosResiDyn.jl/src/parameterized_tendencies/tagged_tracers/tagged_tracers.jl:797
┌ Warning: energy_source tag closure residual 0.0036907214572581277 exceeds the configured tolerance 1.0e-6 at t = 3060.0 s. The tags no longer account for the field they partition; see output/d1_column_1m_ice_no_vdiff/output_0000/energy_source_tag_closure.csv.
└ @ ClimaAtmos ~/git/Clima/ClimaAtmosResiDyn.jl/src/parameterized_tendencies/tagged_tracers/tagged_tracers.jl:797
┌ Warning: energy_source tag closure residual 0.003690427944563477 exceeds the configured tolerance 1.0e-6 at t = 3120.0 s. The tags no longer account for the field they partition; see output/d1_column_1m_ice_no_vdiff/output_0000/energy_source_tag_closure.csv.
└ @ ClimaAtmos ~/git/Clima/ClimaAtmosResiDyn.jl/src/parameterized_tendencies/tagged_tracers/tagged_tracers.jl:797
┌ Info: Progress
└   estimated_finish_date = 2026-09-11T13:37:08.753
┌ Warning: energy_source tag closure residual 0.003690161264504984 exceeds the configured tolerance 1.0e-6 at t = 3180.0 s. The tags no longer account for the field they partition; see output/d1_column_1m_ice_no_vdiff/output_0000/energy_source_tag_closure.csv.
└ @ ClimaAtmos ~/git/Clima/ClimaAtmosResiDyn.jl/src/parameterized_tendencies/tagged_tracers/tagged_tracers.jl:797
┌ Warning: energy_source tag closure residual 0.003689920981205417 exceeds the configured tolerance 1.0e-6 at t = 3240.0 s. The tags no longer account for the field they partition; see output/d1_column_1m_ice_no_vdiff/output_0000/energy_source_tag_closure.csv.
└ @ ClimaAtmos ~/git/Clima/ClimaAtmosResiDyn.jl/src/parameterized_tendencies/tagged_tracers/tagged_tracers.jl:797
┌ Warning: energy_source tag closure residual 0.003689706299244532 exceeds the configured tolerance 1.0e-6 at t = 3300.0 s. The tags no longer account for the field they partition; see output/d1_column_1m_ice_no_vdiff/output_0000/energy_source_tag_closure.csv.
└ @ ClimaAtmos ~/git/Clima/ClimaAtmosResiDyn.jl/src/parameterized_tendencies/tagged_tracers/tagged_tracers.jl:797
┌ Info: Progress
└   estimated_finish_date = 2026-09-11T13:37:08.176
┌ Warning: energy_source tag closure residual 0.0036895161597566293 exceeds the configured tolerance 1.0e-6 at t = 3360.0 s. The tags no longer account for the field they partition; see output/d1_column_1m_ice_no_vdiff/output_0000/energy_source_tag_closure.csv.
└ @ ClimaAtmos ~/git/Clima/ClimaAtmosResiDyn.jl/src/parameterized_tendencies/tagged_tracers/tagged_tracers.jl:797
┌ Warning: energy_source tag closure residual 0.0036893493191466602 exceeds the configured tolerance 1.0e-6 at t = 3420.0 s. The tags no longer account for the field they partition; see output/d1_column_1m_ice_no_vdiff/output_0000/energy_source_tag_closure.csv.
└ @ ClimaAtmos ~/git/Clima/ClimaAtmosResiDyn.jl/src/parameterized_tendencies/tagged_tracers/tagged_tracers.jl:797
┌ Warning: energy_source tag closure residual 0.0036892044129549083 exceeds the configured tolerance 1.0e-6 at t = 3480.0 s. The tags no longer account for the field they partition; see output/d1_column_1m_ice_no_vdiff/output_0000/energy_source_tag_closure.csv.
└ @ ClimaAtmos ~/git/Clima/ClimaAtmosResiDyn.jl/src/parameterized_tendencies/tagged_tracers/tagged_tracers.jl:797
┌ Info: Progress
└   estimated_finish_date = 2026-09-11T13:37:08.594
┌ Warning: energy_source tag closure residual 0.0036890800071968997 exceeds the configured tolerance 1.0e-6 at t = 3540.0 s. The tags no longer account for the field they partition; see output/d1_column_1m_ice_no_vdiff/output_0000/energy_source_tag_closure.csv.
└ @ ClimaAtmos ~/git/Clima/ClimaAtmosResiDyn.jl/src/parameterized_tendencies/tagged_tracers/tagged_tracers.jl:797
┌ Warning: energy_source tag closure residual 0.0036889746391890136 exceeds the configured tolerance 1.0e-6 at t = 3600.0 s. The tags no longer account for the field they partition; see output/d1_column_1m_ice_no_vdiff/output_0000/energy_source_tag_closure.csv.
└ @ ClimaAtmos ~/git/Clima/ClimaAtmosResiDyn.jl/src/parameterized_tendencies/tagged_tracers/tagged_tracers.jl:797
[ Info: solve! walltime = 9.868
[ Info: sypd: 1.0
[ Info: wall_time_per_timestep: 27 milliseconds, 409 microseconds
[ Info: Memory currently used (after solve!) by the process (RSS): 6.93 GiB
┌ Info: Tag-closure run finished
└   result.ret_code = :success
┌ Info: Where it went
└   simulation.output_dir = "output/d1_column_1m_ice_no_vdiff/output_0000"
┌ Info: energy_source tag closure (61 rows)
└   path = "output/d1_column_1m_ice_no_vdiff/output_0000/energy_source_tag_closure.csv"
