Precompiling ClimaAtmos...
    ClimaAtmos Being precompiled by another process (pid: 161333, pidfile: /dss/dsstbyfs02/scratch/0D/di38kez/julia-depots/terrabyte-cpu/compiled/v1.11/ClimaAtmos/4EXdy_nHqaE.ji.pidfile)
  42688.9 ms  ✓ ClimaAtmos
  1 dependency successfully precompiled in 67 seconds. 277 already precompiled.
┌ Info: Making AtmosConfig with config files: 
│    /dss/dsshome1/0D/di38kez/git/Clima/ClimaAtmosResiDyn-inc-run2/src/config/../../config/default_configs/default_config.yml
└    /dss/dsshome1/0D/di38kez/git/Clima/ClimaAtmosResiDyn-inc-run2/experiments/tag_closure/configs/g1_inc_d4.yml
┌ Info: numerics 
│               `energy_q_tot_upwinding`::`Val{:vanleer_limiter}`
│                     `tracer_upwinding`::`Val{:vanleer_limiter}`
│            `edmfx_mse_q_tot_upwinding`::`Val{:first_order}`
│              `edmfx_sgsflux_upwinding`::`Val{:none}`
│               `edmfx_tracer_upwinding`::`Val{:first_order}`
│              `test_dycore_consistency`::`Nothing`
│                 `reproducible_restart`::`Nothing`
│                              `limiter`::`Nothing`
│                            `diff_mode`::`ClimaAtmos.Implicit`
│                            `hyperdiff`::`ClimaAtmos.Hyperdiffusion{Float64}`
└     `vertical_water_borrowing_species`::`Nothing`
┌ Warning: `energy_source_tags` with `turbconv: prognostic_edmfx`: the eddy diffusion moves the tags as passive tracers, while it moves `ρe_tot` in enthalpy form. The difference goes to `e_src_res`.
└ @ ClimaAtmos ~/git/Clima/ClimaAtmosResiDyn-inc-run2/src/config/tracer_config.jl:1244
┌ Warning: `energy_source_tags` tag `mp` lists `microphysics`, which cannot contribute under NonEquilibriumMicrophysics1M. Only 0-moment microphysics changes `ρe_tot`. The other schemes move water between species, and the energy leaves with sedimentation, which the tags follow as transport. Note `moist` and `all` both expand to include `microphysics`.
└ @ ClimaAtmos ~/git/Clima/ClimaAtmosResiDyn-inc-run2/src/config/tracer_config.jl:630
┌ Warning: `energy_source_tags` tag `new_strat` lists `precipitation`, which cannot contribute to a source tag. It is the sedimentation of precipitating species, which moves energy between levels rather than adding it. Where water sediments, the tags follow it as transport instead, so nothing is credited to `precipitation`. The `energy_tracers` family does attribute it. Under 0-moment microphysics, rain leaves through `microphysics` instead. Note `moist` and `all` both expand to include `precipitation`.
└ @ ClimaAtmos ~/git/Clima/ClimaAtmosResiDyn-inc-run2/src/config/tracer_config.jl:617
┌ Warning: `energy_source_tags` tag `new_strat` lists `microphysics`, which cannot contribute under NonEquilibriumMicrophysics1M. Only 0-moment microphysics changes `ρe_tot`. The other schemes move water between species, and the energy leaves with sedimentation, which the tags follow as transport. Note `moist` and `all` both expand to include `microphysics`.
└ @ ClimaAtmos ~/git/Clima/ClimaAtmosResiDyn-inc-run2/src/config/tracer_config.jl:630
┌ Warning: `energy_source_tags` tag `new_tropo` lists `precipitation`, which cannot contribute to a source tag. It is the sedimentation of precipitating species, which moves energy between levels rather than adding it. Where water sediments, the tags follow it as transport instead, so nothing is credited to `precipitation`. The `energy_tracers` family does attribute it. Under 0-moment microphysics, rain leaves through `microphysics` instead. Note `moist` and `all` both expand to include `precipitation`.
└ @ ClimaAtmos ~/git/Clima/ClimaAtmosResiDyn-inc-run2/src/config/tracer_config.jl:617
┌ Warning: `energy_source_tags` tag `new_tropo` lists `microphysics`, which cannot contribute under NonEquilibriumMicrophysics1M. Only 0-moment microphysics changes `ρe_tot`. The other schemes move water between species, and the energy leaves with sedimentation, which the tags follow as transport. Note `moist` and `all` both expand to include `microphysics`.
└ @ ClimaAtmos ~/git/Clima/ClimaAtmosResiDyn-inc-run2/src/config/tracer_config.jl:630
┌ Warning: `energy_process_record` lists `microphysics`, which records nothing under NonEquilibriumMicrophysics1M. Only 0-moment microphysics changes `ρe_tot` and `ρq_tot`. The other schemes move water between species, so this record stays zero, which reads the same as a process that did nothing. Their rain-out is in the `precipitation` record.
└ @ ClimaAtmos ~/git/Clima/ClimaAtmosResiDyn-inc-run2/src/config/tracer_config.jl:1116
┌ Info: AtmosModel: 
│ 
│                             `water`::`ClimaAtmos.AtmosWater{ClimaAtmos.NonEquilibriumMicrophysics1M{CloudMicrophysics.Parameters.Microphysics1MOptions{CloudMicrophysics.Parameters.CloudLiquidFormation, CloudMicrophysics.Parameters.PrescribedIceNumber, CloudMicrophysics.Parameters.CloudIceMelt, CloudMicrophysics.Parameters.HomogeneousAndHeterogeneous, CloudMicrophysics.Parameters.Kessler1M, CloudMicrophysics.Parameters.NoSupersaturation, CloudMicrophysics.Parameters.RainEvaporation, CloudMicrophysics.Parameters.DepositionAndSublimation, CloudMicrophysics.Parameters.SnowMelt, CloudMicrophysics.Parameters.CloudLiquidRainAccretion, CloudMicrophysics.Parameters.CloudLiquidSnowAccretion, CloudMicrophysics.Parameters.CloudIceRainAccretion, CloudMicrophysics.Parameters.CloudIceSnowAccretion, CloudMicrophysics.Parameters.RainSnowAccretion}}, ClimaAtmos.QuadratureCloud, ClimaAtmos.Implicit, Nothing, ClimaAtmos.SGSQuadrature{3, StaticArraysCore.SVector{3, Float64}, StaticArraysCore.SVector{3, Float64}, ClimaAtmos.GaussianSGS, Float64}, ClimaAtmos.DiagnosticTerminalVelocity, ClimaAtmos.FixedTerminalVelocity, ClimaAtmos.DiagnosticTerminalVelocity, ClimaAtmos.FixedTerminalVelocity}`
│                         `scm_setup`::`ClimaAtmos.SCMSetup{ClimaAtmos.LargeScaleSubsidence{ClimaAtmos.Setups.var"#25#26"{Float64}}, Nothing, Nothing, Bool, @NamedTuple{prof_ug::Returns{Float64}, prof_vg::Returns{Float64}, coriolis_param::Float64}}`
│                         `radiation`::`ClimaAtmos.AtmosRadiation{ClimaAtmos.RadiationDYCOMS{Float64}, ClimaAtmos.IdealizedInsolation, Tuple{}, Tuple{}}`
│                          `turbconv`::`ClimaAtmos.AtmosTurbconv{ClimaAtmos.EDMFXModel{ClimaAtmos.InvZEntrainment, ClimaAtmos.BuoyancyVelocityDetrainment, Val{false}, Val{false}, ClimaAtmos.SmoothMinimumBlending}, ClimaAtmos.PrognosticEDMFX{1, true, Float64}, Nothing, Nothing, Nothing}`
│                   `prescribed_flow`::`Nothing`
│                      `gravity_wave`::`ClimaAtmos.AtmosGravityWave{Nothing, Nothing}`
│                `vertical_diffusion`::`Nothing`
│                            `sponge`::`ClimaAtmos.AtmosSponge{Nothing, Nothing}`
│                           `surface`::`ClimaAtmos.AtmosSurface{ClimaAtmos.SurfaceConditions.MoninObukhov{Float64, ClimaAtmos.SurfaceConditions.HeatFluxes{Float64, Float64}, Float64}, ClimaAtmos.SurfaceConditions.AnalyticTemperature{Returns{Float64}}, ClimaAtmos.SurfaceConditions.SurfaceBoundaryOverrides{Float64, Float64, Nothing, Nothing, Nothing, Nothing}, ClimaAtmos.ConstantAlbedo{Float64}}`
│                          `numerics`::`ClimaAtmos.AtmosNumerics{Val{:vanleer_limiter}, Val{:vanleer_limiter}, Val{:first_order}, Val{:none}, Val{:first_order}, Nothing, Nothing, Nothing, ClimaAtmos.Implicit, ClimaAtmos.Hyperdiffusion{Float64}, Nothing}`
│                         `chemistry`::`ClimaAtmos.AtmosChem{Nothing}`
│                           `tagging`::`ClimaAtmos.AtmosTagging{Nothing, Nothing, ClimaAtmos.EnergySourceTaggingModel{Tuple{ClimaAtmos.EnergySourceTag{:strat, ClimaAtmos.TanhAltitudeRegion{Float64}, Tuple{}}, ClimaAtmos.EnergySourceTag{:tropo, ClimaAtmos.TanhAltitudeRegion{Float64}, Tuple{}}, ClimaAtmos.EnergySourceTag{:rad, Nothing, Tuple{Symbol}}, ClimaAtmos.EnergySourceTag{:sfc, Nothing, Tuple{Symbol}}, ClimaAtmos.EnergySourceTag{:sub, Nothing, Tuple{Symbol}}, ClimaAtmos.EnergySourceTag{:mp, Nothing, Tuple{Symbol}}, ClimaAtmos.EnergySourceTag{:new_strat, ClimaAtmos.TanhAltitudeRegion{Float64}, NTuple{8, Symbol}}, ClimaAtmos.EnergySourceTag{:new_tropo, ClimaAtmos.TanhAltitudeRegion{Float64}, NTuple{8, Symbol}}}, Float64, ClimaAtmos.EnthalpyIncrementEnergySourceTransport}, ClimaAtmos.ProcessRecordModel{Tuple{ClimaAtmos.RecordedProcess{:radiation}, ClimaAtmos.RecordedProcess{:surface_flux}, ClimaAtmos.RecordedProcess{:subsidence}, ClimaAtmos.RecordedProcess{:microphysics}, ClimaAtmos.RecordedProcess{:precipitation}}}, Nothing}`
└                              `cosp`::`Nothing`
┌ Info: Microphysics settings: 
│                        `n_substeps`::`3`
│                   `n_substeps_quad`::`2`
│            `cloud_liquid_formation`::`CloudLiquidFormation`
│               `cloud_ice_formation`::`PrescribedIceNumber`
│                    `cloud_ice_melt`::`CloudIceMelt`
│             `cloud_liquid_freezing`::`HomogeneousAndHeterogeneous`
│               `rain_autoconversion`::`Kessler1M`
│               `snow_autoconversion`::`NoSupersaturation`
│     `rain_condensation_evaporation`::`RainEvaporation`
│       `snow_deposition_sublimation`::`DepositionAndSublimation`
│                         `snow_melt`::`SnowMelt`
│       `cloud_liquid_rain_accretion`::`CloudLiquidRainAccretion`
│       `cloud_liquid_snow_accretion`::`CloudLiquidSnowAccretion`
│          `cloud_ice_rain_accretion`::`CloudIceRainAccretion`
│          `cloud_ice_snow_accretion`::`CloudIceSnowAccretion`
└               `rain_snow_accretion`::`RainSnowAccretion`
[ Info: Single-process ClimaAtmos run on CPUSingleThreaded
[ Info: Using ODE config: `ClimaTimeSteppers.ARS222`
[ Info: Initialized state (74.592 μs, 8.2 KiB)
[ Info: Built cache (166.246 s, 30.06 GiB)
[ Info: Assembled callbacks (489.023 ms, 34.73 MiB)
┌ Info: Jacobian algorithm: ManualSparseJacobian(
│   approximate_solve_iters = 2,
└ )
[ Info: Jacobian derivative flags: topography_flag = IgnoreDerivative, diffusion_flag = UseDerivative
[ Info: Built tendency function (423.776 s, 20.27 GiB)
[ Info: Initialized integrator (131.714 s, 9.11 GiB)
[ Info: Added 26 user-provided YAML-style diagnostics
[ Info: Set up diagnostics (32.784 s, 376.92 MiB)
[ Info: Initialized 26 total diagnostics
┌ Info: Simulation info
│   job_id = "g1_inc_d4"
└   output_dir = "output/g1_inc_d4/output_0000"
┌ Info: Running
│   job_id = "g1_inc_d4"
│   output_dir = "output/g1_inc_d4/output_0000"
└   tspan = (0.0 seconds (2010-01-01T00:00:00) [counter = 0, period = 1 second, epoch = 2010-01-01T00:00:00], 86400.0 seconds (2010-01-02T00:00:00) [counter = 86400, period = 1 second, epoch = 2010-01-01T00:00:00])
┌ Info: Progress
│   simulation_time = "2 minutes"
│   n_steps_completed = 1
│   wall_time_per_step = "0 seconds"
│   wall_time_total = "0 seconds"
│   wall_time_remaining = "0 seconds"
│   wall_time_spent = "0 seconds"
│   percent_complete = "0.1%"
│   estimated_sypd = "Inf"
│   instantaneous_sypd = "0.0 (sdpd_estimate = 0.0)"
│   date_now = 2026-09-19T01:57:37.845
└   estimated_finish_date = 2026-09-19T01:57:37.845
┌ Info: Progress
│   simulation_time = "4 minutes"
│   n_steps_completed = 2
│   wall_time_per_step = "0 seconds"
│   wall_time_total = "0 seconds"
│   wall_time_remaining = "0 seconds"
│   wall_time_spent = "0 seconds"
│   percent_complete = "0.3%"
│   estimated_sypd = "Inf"
│   instantaneous_sypd = "0.075"
│   date_now = 2026-09-19T01:57:42.165
└   estimated_finish_date = 2026-09-19T01:57:42.165
┌ Info: Progress
│   simulation_time = "8 minutes"
│   n_steps_completed = 4
│   wall_time_per_step = "8 milliseconds, 240 microseconds"
│   wall_time_total = "5 seconds, 933 milliseconds"
│   wall_time_remaining = "5 seconds, 900 milliseconds"
│   wall_time_spent = "32 milliseconds, 962 microseconds"
│   percent_complete = "0.6%"
│   estimated_sypd = "39.869"
│   instantaneous_sypd = "39.869"
│   date_now = 2026-09-19T01:57:42.420
└   estimated_finish_date = 2026-09-19T01:57:48.420
┌ Info: Progress
│   simulation_time = "16 minutes"
│   n_steps_completed = 8
│   wall_time_per_step = "38 milliseconds, 84 microseconds"
│   wall_time_total = "27 seconds, 420 milliseconds"
│   wall_time_remaining = "27 seconds, 115 milliseconds"
│   wall_time_spent = "304 milliseconds, 673 microseconds"
│   percent_complete = "1.1%"
│   estimated_sypd = "8.627"
│   instantaneous_sypd = "4.837"
│   date_now = 2026-09-19T01:57:42.454
└   estimated_finish_date = 2026-09-19T01:58:10.454
┌ Info: Progress
│   simulation_time = "32 minutes"
│   n_steps_completed = 16
│   wall_time_per_step = "22 milliseconds, 905 microseconds"
│   wall_time_total = "16 seconds, 492 milliseconds"
│   wall_time_remaining = "16 seconds, 125 milliseconds"
│   wall_time_spent = "366 milliseconds, 490 microseconds"
│   percent_complete = "2.2%"
│   estimated_sypd = "14.343"
│   instantaneous_sypd = "42.518"
│   date_now = 2026-09-19T01:57:42.516
└   estimated_finish_date = 2026-09-19T01:57:59.516
┌ Info: Progress
│   simulation_time = "1 hour, 4 minutes"
│   n_steps_completed = 32
│   wall_time_per_step = "94 milliseconds, 144 microseconds"
│   wall_time_total = "1 minute, 7 seconds"
│   wall_time_remaining = "1 minute, 4 seconds"
│   wall_time_spent = "3 seconds, 12 milliseconds"
│   percent_complete = "4.4%"
│   estimated_sypd = "3.49"
│   instantaneous_sypd = "1.987"
│   date_now = 2026-09-19T01:57:45.193
└   estimated_finish_date = 2026-09-19T01:58:50.193
┌ Info: Progress
│   simulation_time = "2 hours, 8 minutes"
│   n_steps_completed = 64
│   wall_time_per_step = "51 milliseconds, 908 microseconds"
│   wall_time_total = "37 seconds, 374 milliseconds"
│   wall_time_remaining = "34 seconds, 52 milliseconds"
│   wall_time_spent = "3 seconds, 322 milliseconds"
│   percent_complete = "8.9%"
│   estimated_sypd = "6.329"
│   instantaneous_sypd = "33.964"
│   date_now = 2026-09-19T01:57:45.471
└   estimated_finish_date = 2026-09-19T01:58:20.471
┌ Info: Progress
│   simulation_time = "3 hours, 22 minutes"
│   n_steps_completed = 101
│   wall_time_per_step = "37 milliseconds, 662 microseconds"
│   wall_time_total = "27 seconds, 117 milliseconds"
│   wall_time_remaining = "23 seconds, 313 milliseconds"
│   wall_time_spent = "3 seconds, 803 milliseconds"
│   percent_complete = "14.0%"
│   estimated_sypd = "8.723"
│   instantaneous_sypd = "25.233"
│   date_now = 2026-09-19T01:57:45.953
└   estimated_finish_date = 2026-09-19T01:58:09.953
┌ Info: Progress
│   simulation_time = "4 hours, 16 minutes"
│   n_steps_completed = 128
│   wall_time_per_step = "31 milliseconds, 480 microseconds"
│   wall_time_total = "22 seconds, 665 milliseconds"
│   wall_time_remaining = "18 seconds, 636 milliseconds"
│   wall_time_spent = "4 seconds, 29 milliseconds"
│   percent_complete = "17.8%"
│   estimated_sypd = "10.436"
│   instantaneous_sypd = "39.325"
│   date_now = 2026-09-19T01:57:46.179
└   estimated_finish_date = 2026-09-19T01:58:05.179
┌ Info: Progress
│   simulation_time = "5 hours, 30 minutes"
│   n_steps_completed = 165
│   wall_time_per_step = "26 milliseconds, 252 microseconds"
│   wall_time_total = "18 seconds, 901 milliseconds"
│   wall_time_remaining = "14 seconds, 569 milliseconds"
│   wall_time_spent = "4 seconds, 331 milliseconds"
│   percent_complete = "22.9%"
│   estimated_sypd = "12.515"
│   instantaneous_sypd = "40.239"
│   date_now = 2026-09-19T01:57:46.481
└   estimated_finish_date = 2026-09-19T01:58:01.481
┌ Info: Progress
│   simulation_time = "6 hours, 44 minutes"
│   n_steps_completed = 202
│   wall_time_per_step = "22 milliseconds, 957 microseconds"
│   wall_time_total = "16 seconds, 529 milliseconds"
│   wall_time_remaining = "11 seconds, 892 milliseconds"
│   wall_time_spent = "4 seconds, 637 milliseconds"
│   percent_complete = "28.1%"
│   estimated_sypd = "14.311"
│   instantaneous_sypd = "39.737"
│   date_now = 2026-09-19T01:57:46.787
└   estimated_finish_date = 2026-09-19T01:57:58.787
┌ Info: Progress
│   simulation_time = "7 hours, 58 minutes"
│   n_steps_completed = 239
│   wall_time_per_step = "21 milliseconds, 219 microseconds"
│   wall_time_total = "15 seconds, 278 milliseconds"
│   wall_time_remaining = "10 seconds, 206 milliseconds"
│   wall_time_spent = "5 seconds, 71 milliseconds"
│   percent_complete = "33.2%"
│   estimated_sypd = "15.483"
│   instantaneous_sypd = "28.004"
│   date_now = 2026-09-19T01:57:47.221
└   estimated_finish_date = 2026-09-19T01:57:58.221
┌ Info: Progress
│   simulation_time = "8 hours, 32 minutes"
│   n_steps_completed = 256
│   wall_time_per_step = "20 milliseconds, 410 microseconds"
│   wall_time_total = "14 seconds, 695 milliseconds"
│   wall_time_remaining = "9 seconds, 470 milliseconds"
│   wall_time_spent = "5 seconds, 225 milliseconds"
│   percent_complete = "35.6%"
│   estimated_sypd = "16.097"
│   instantaneous_sypd = "36.392"
│   date_now = 2026-09-19T01:57:47.374
└   estimated_finish_date = 2026-09-19T01:57:57.374
┌ Info: Progress
│   simulation_time = "9 hours, 46 minutes"
│   n_steps_completed = 293
│   wall_time_per_step = "18 milliseconds, 842 microseconds"
│   wall_time_total = "13 seconds, 566 milliseconds"
│   wall_time_remaining = "8 seconds, 45 milliseconds"
│   wall_time_spent = "5 seconds, 520 milliseconds"
│   percent_complete = "40.7%"
│   estimated_sypd = "17.437"
│   instantaneous_sypd = "41.112"
│   date_now = 2026-09-19T01:57:47.670
└   estimated_finish_date = 2026-09-19T01:57:56.670
┌ Info: Progress
│   simulation_time = "11 hours"
│   n_steps_completed = 330
│   wall_time_per_step = "17 milliseconds, 627 microseconds"
│   wall_time_total = "12 seconds, 691 milliseconds"
│   wall_time_remaining = "6 seconds, 874 milliseconds"
│   wall_time_spent = "5 seconds, 817 milliseconds"
│   percent_complete = "45.8%"
│   estimated_sypd = "18.638"
│   instantaneous_sypd = "41.013"
│   date_now = 2026-09-19T01:57:47.966
└   estimated_finish_date = 2026-09-19T01:57:54.966
┌ Info: Progress
│   simulation_time = "12 hours, 14 minutes"
│   n_steps_completed = 367
│   wall_time_per_step = "16 milliseconds, 754 microseconds"
│   wall_time_total = "12 seconds, 63 milliseconds"
│   wall_time_remaining = "5 seconds, 914 milliseconds"
│   wall_time_spent = "6 seconds, 148 milliseconds"
│   percent_complete = "51.0%"
│   estimated_sypd = "19.609"
│   instantaneous_sypd = "36.638"
│   date_now = 2026-09-19T01:57:48.298
└   estimated_finish_date = 2026-09-19T01:57:54.298
┌ Info: Progress
│   simulation_time = "13 hours, 28 minutes"
│   n_steps_completed = 404
│   wall_time_per_step = "16 milliseconds, 101 microseconds"
│   wall_time_total = "11 seconds, 593 milliseconds"
│   wall_time_remaining = "5 seconds, 88 milliseconds"
│   wall_time_spent = "6 seconds, 505 milliseconds"
│   percent_complete = "56.1%"
│   estimated_sypd = "20.404"
│   instantaneous_sypd = "34.136"
│   date_now = 2026-09-19T01:57:48.654
└   estimated_finish_date = 2026-09-19T01:57:54.654
┌ Info: Progress
│   simulation_time = "14 hours, 42 minutes"
│   n_steps_completed = 441
│   wall_time_per_step = "15 milliseconds, 426 microseconds"
│   wall_time_total = "11 seconds, 106 milliseconds"
│   wall_time_remaining = "4 seconds, 303 milliseconds"
│   wall_time_spent = "6 seconds, 802 milliseconds"
│   percent_complete = "61.3%"
│   estimated_sypd = "21.298"
│   instantaneous_sypd = "40.799"
│   date_now = 2026-09-19T01:57:48.952
└   estimated_finish_date = 2026-09-19T01:57:53.952
┌ Info: Progress
│   simulation_time = "15 hours, 56 minutes"
│   n_steps_completed = 478
│   wall_time_per_step = "14 milliseconds, 875 microseconds"
│   wall_time_total = "10 seconds, 710 milliseconds"
│   wall_time_remaining = "3 seconds, 599 milliseconds"
│   wall_time_spent = "7 seconds, 110 milliseconds"
│   percent_complete = "66.4%"
│   estimated_sypd = "22.086"
│   instantaneous_sypd = "39.514"
│   date_now = 2026-09-19T01:57:49.260
└   estimated_finish_date = 2026-09-19T01:57:53.260
┌ Info: Progress
│   simulation_time = "17 hours, 4 minutes"
│   n_steps_completed = 512
│   wall_time_per_step = "14 milliseconds, 647 microseconds"
│   wall_time_total = "10 seconds, 546 milliseconds"
│   wall_time_remaining = "3 seconds, 46 milliseconds"
│   wall_time_spent = "7 seconds, 499 milliseconds"
│   percent_complete = "71.1%"
│   estimated_sypd = "22.43"
│   instantaneous_sypd = "28.714"
│   date_now = 2026-09-19T01:57:49.649
└   estimated_finish_date = 2026-09-19T01:57:53.649
┌ Info: Progress
│   simulation_time = "18 hours, 18 minutes"
│   n_steps_completed = 549
│   wall_time_per_step = "14 milliseconds, 217 microseconds"
│   wall_time_total = "10 seconds, 236 milliseconds"
│   wall_time_remaining = "2 seconds, 431 milliseconds"
│   wall_time_spent = "7 seconds, 805 milliseconds"
│   percent_complete = "76.2%"
│   estimated_sypd = "23.108"
│   instantaneous_sypd = "39.738"
│   date_now = 2026-09-19T01:57:49.955
└   estimated_finish_date = 2026-09-19T01:57:52.955
┌ Info: Progress
│   simulation_time = "19 hours, 32 minutes"
│   n_steps_completed = 586
│   wall_time_per_step = "13 milliseconds, 825 microseconds"
│   wall_time_total = "9 seconds, 954 milliseconds"
│   wall_time_remaining = "1 second, 852 milliseconds"
│   wall_time_spent = "8 seconds, 101 milliseconds"
│   percent_complete = "81.4%"
│   estimated_sypd = "23.764"
│   instantaneous_sypd = "41.045"
│   date_now = 2026-09-19T01:57:50.251
└   estimated_finish_date = 2026-09-19T01:57:52.251
┌ Info: Progress
│   simulation_time = "20 hours, 46 minutes"
│   n_steps_completed = 623
│   wall_time_per_step = "13 milliseconds, 481 microseconds"
│   wall_time_total = "9 seconds, 707 milliseconds"
│   wall_time_remaining = "1 second, 307 milliseconds"
│   wall_time_spent = "8 seconds, 399 milliseconds"
│   percent_complete = "86.5%"
│   estimated_sypd = "24.369"
│   instantaneous_sypd = "40.857"
│   date_now = 2026-09-19T01:57:50.548
└   estimated_finish_date = 2026-09-19T01:57:52.548
┌ Info: Progress
│   simulation_time = "22 hours"
│   n_steps_completed = 660
│   wall_time_per_step = "13 milliseconds, 259 microseconds"
│   wall_time_total = "9 seconds, 547 milliseconds"
│   wall_time_remaining = "795 milliseconds, 590 microseconds"
│   wall_time_spent = "8 seconds, 751 milliseconds"
│   percent_complete = "91.7%"
│   estimated_sypd = "24.777"
│   instantaneous_sypd = "34.511"
│   date_now = 2026-09-19T01:57:50.901
└   estimated_finish_date = 2026-09-19T01:57:51.901
┌ Info: Progress
│   simulation_time = "23 hours, 14 minutes"
│   n_steps_completed = 697
│   wall_time_per_step = "13 milliseconds, 26 microseconds"
│   wall_time_total = "9 seconds, 378 milliseconds"
│   wall_time_remaining = "299 milliseconds, 605 microseconds"
│   wall_time_spent = "9 seconds, 79 milliseconds"
│   percent_complete = "96.8%"
│   estimated_sypd = "25.221"
│   instantaneous_sypd = "37.076"
│   date_now = 2026-09-19T01:57:51.228
└   estimated_finish_date = 2026-09-19T01:57:52.228
[ Info: solve! walltime = 9.336
[ Info: sypd: 25.354
[ Info: wall_time_per_timestep: 12 milliseconds, 967 microseconds
[ Info: Memory currently used (after solve!) by the process (RSS): 13.31 GiB
┌ Info: Tag-closure run finished
│   simulation.job_id = "g1_inc_d4"
└   result.ret_code = :success
┌ Info: Where it went
│   config = "/dss/dsshome1/0D/di38kez/git/Clima/ClimaAtmosResiDyn-inc-run2/experiments/tag_closure/configs/g1_inc_d4.yml"
└   simulation.output_dir = "output/g1_inc_d4/output_0000"
┌ Info: energy_source tag closure (25 rows)
│   columns: time,total,tagged,residual,relative,gross_residual,gross_relative,scale,nonpositive_fraction,residual_at_spin_up,residual_since_spin_up,relative_since_spin_up
│   first:   0.0,1.1298739844259547e8,1.1298739844259542e8,4.470348358154297e-8,3.9565017159196814e-16,3.488170169374527e-9,3.0872205373829646e-17,1.1298739844259547e8,0.0,NaN,NaN,NaN
│   last:    86400.0,1.1415999778238149e8,1.1415999831114388e8,-0.5287623852491379,-4.631765903299121e-9,266.9424075906699,2.3383182618795355e-6,1.1415999778238149e8,0.0,-84.65531457960606,84.12655219435692,7.369179557512247e-7
└   path = "output/g1_inc_d4/output_0000/energy_source_tag_closure.csv"
