# run.log for c0_column_notags, trimmed from its SLURM .out file(s) on Levante: the runscript's header and exit lines, without blank lines and without DKRZ's job summary box. The .err is committed beside it. The .out is no longer committed, as .gitignore intends.
# From tag-closure-a-27368587.out:
================================================================
ClimaAtmos tag-closure run
================================================================
Run (job_id):    c0_column_notags
Configuration:   /home/b/b309159/git/ClimaAtmosResiDyn.jl/experiments/tag_closure/configs/c0_column_notags.yml
SLURM job:       27368587
Partition:       shared
Nodes:           l40007
CPUs per task:   35
Repository:      /home/b/b309159/git/ClimaAtmosResiDyn.jl
Commit:          54c776af5630654d594ecb836d084023477d7038 (from git)
Julia:           /home/b/b309159/.juliaup/bin/julia +1.11
Project:         /home/b/b309159/git/ClimaAtmosResiDyn.jl/.buildkite
Driver:          /home/b/b309159/git/ClimaAtmosResiDyn.jl/experiments/tag_closure/run_tag_closure.jl
Output base:     /home/b/b309159/git/ClimaAtmosResiDyn.jl/output/c0_column_notags
Start time:      2026-09-10T10:41:19+02:00
Loaded modules:
Currently Loaded Modulefiles:
 1) gcc/11.2.0-gcc-11.2.0   2) openmpi/4.1.2-gcc-11.2.0  
Wrote /home/b/b309159/git/ClimaAtmosResiDyn.jl/output/c0_column_notags/output_0001/provenance.txt
Driver exit status: 0
End time:           2026-09-10T10:45:23+02:00
