# run.log for c0_sphere_deep, trimmed from its SLURM .out file(s) on Levante: the runscript's header and exit lines, without blank lines and without DKRZ's job summary box. The .err is committed beside it. The .out is no longer committed, as .gitignore intends.
# From tag-closure-a-27369030.out:
================================================================
ClimaAtmos tag-closure run
================================================================
Run (job_id):    c0_sphere_deep
Configuration:   /home/b/b309159/git/ClimaAtmosResiDyn.jl/experiments/tag_closure/configs/c0_sphere_deep.yml
SLURM job:       27369030
Partition:       shared
Nodes:           l40003
CPUs per task:   35
Repository:      /home/b/b309159/git/ClimaAtmosResiDyn.jl
Commit:          ce76919465ee8c8df1cf1dc27040cbbd131859f4 (from git)
Julia:           /home/b/b309159/.juliaup/bin/julia +1.11
Project:         /home/b/b309159/git/ClimaAtmosResiDyn.jl/.buildkite
Driver:          /home/b/b309159/git/ClimaAtmosResiDyn.jl/experiments/tag_closure/run_tag_closure.jl
Output base:     /home/b/b309159/git/ClimaAtmosResiDyn.jl/output/c0_sphere_deep
Start time:      2026-09-10T11:10:09+02:00
Loaded modules:
Currently Loaded Modulefiles:
 1) gcc/11.2.0-gcc-11.2.0   2) openmpi/4.1.2-gcc-11.2.0  
Wrote /home/b/b309159/git/ClimaAtmosResiDyn.jl/phase_c0_deep/provenance.txt
Driver exit status: 1
End time:           2026-09-10T11:11:03+02:00
