================================================================
ClimaAtmos tag-closure run
================================================================
Run (job_id):    wp4aj_dt120_n2_on
Machine:         terrabyte
Configuration:   /dss/dsshome1/0D/di38kez/git/Clima/ClimaAtmosResiDyn-wp4aj-run/experiments/tag_closure/configs/wp4aj_dt120_n2_on.yml
SLURM job:       13999654
Partition:       hpda2_compute
Nodes:           hpdar03c05s12
CPUs per task:   2
Tasks:           1
Launch:          (direct)
Repository:      /dss/dsshome1/0D/di38kez/git/Clima/ClimaAtmosResiDyn-wp4aj-run
Commit:          727dba0afc67abafdceb803f8b786fa89ad6c347 (from git-files)
Julia:           /dss/dsshome1/0D/di38kez/.juliaup/bin/julia +1.11
Project:         /dss/dsshome1/0D/di38kez/git/Clima/ClimaAtmosResiDyn-wp4aj-run/.buildkite
Driver:          /dss/dsshome1/0D/di38kez/git/Clima/ClimaAtmosResiDyn-wp4aj-run/experiments/tag_closure/run_tag_closure.jl
Depot:           /dss/dsstbyfs02/scratch/0D/di38kez/julia-depots/terrabyte-cpu
Run directory:   /dss/dsstbyfs02/scratch/0D/di38kez/tag_closure
Output base:     /dss/dsstbyfs02/scratch/0D/di38kez/tag_closure/output/wp4aj_dt120_n2_on
Start time:      2026-09-29T13:50:36+02:00

Loaded modules:
Currently Loaded Modulefiles:
 1) stack/24.4.0{arch=auto}(default) <aL>   3) gcc/13.2.0(default)           
 2) python/3.12                             4) openmpi/4.1.8-gcc13(default)  

Key:
{variant=value}  (symbolic-version)  <module-tag>  <aL>=auto-loaded  


Wrote /dss/dsstbyfs02/scratch/0D/di38kez/tag_closure/output/wp4aj_dt120_n2_on/output_0000/provenance.txt
Driver exit status: 0
End time:           2026-09-29T14:04:36+02:00
--- warnings and errors from g3-wp4aj_dt120_n2_on-13999654.err
┌ Warning: water tag closure residual 0.008804725626020186 exceeds the warning tolerance 1.0e-10 at t = 360.0 s: the residual has drifted past the level set for this check. A warning level is not an acceptance threshold; see output/wp4aj_dt120_n2_on/output_0000/water_tag_closure.csv.
┌ Warning: water tag closure residual 0.007677803035047336 exceeds the warning tolerance 1.0e-10 at t = 720.0 s: the residual has drifted past the level set for this check. A warning level is not an acceptance threshold; see output/wp4aj_dt120_n2_on/output_0000/water_tag_closure.csv.
┌ Warning: water tag closure residual 0.006979300547905378 exceeds the warning tolerance 1.0e-10 at t = 1080.0 s: the residual has drifted past the level set for this check. A warning level is not an acceptance threshold; see output/wp4aj_dt120_n2_on/output_0000/water_tag_closure.csv.
┌ Warning: water tag closure residual 0.00657845384449686 exceeds the warning tolerance 1.0e-10 at t = 1440.0 s: the residual has drifted past the level set for this check. A warning level is not an acceptance threshold; see output/wp4aj_dt120_n2_on/output_0000/water_tag_closure.csv.
┌ Warning: water tag closure residual 0.006202491577340146 exceeds the warning tolerance 1.0e-10 at t = 1800.0 s: the residual has drifted past the level set for this check. A warning level is not an acceptance threshold; see output/wp4aj_dt120_n2_on/output_0000/water_tag_closure.csv.
┌ Warning: water tag closure residual 0.005848106661862458 exceeds the warning tolerance 1.0e-10 at t = 2160.0 s: the residual has drifted past the level set for this check. A warning level is not an acceptance threshold; see output/wp4aj_dt120_n2_on/output_0000/water_tag_closure.csv.
┌ Warning: water tag closure residual 0.005552878654294722 exceeds the warning tolerance 1.0e-10 at t = 2520.0 s: the residual has drifted past the level set for this check. A warning level is not an acceptance threshold; see output/wp4aj_dt120_n2_on/output_0000/water_tag_closure.csv.
┌ Warning: water tag closure residual 0.005286455870215205 exceeds the warning tolerance 1.0e-10 at t = 2880.0 s: the residual has drifted past the level set for this check. A warning level is not an acceptance threshold; see output/wp4aj_dt120_n2_on/output_0000/water_tag_closure.csv.
┌ Warning: water tag closure residual 0.005031624758139929 exceeds the warning tolerance 1.0e-10 at t = 3240.0 s: the residual has drifted past the level set for this check. A warning level is not an acceptance threshold; see output/wp4aj_dt120_n2_on/output_0000/water_tag_closure.csv.
┌ Warning: water tag closure residual 0.004808541955152732 exceeds the warning tolerance 1.0e-10 at t = 3600.0 s: the residual has drifted past the level set for this check. A warning level is not an acceptance threshold; see output/wp4aj_dt120_n2_on/output_0000/water_tag_closure.csv.
┌ Warning: water tag closure residual 0.004605484698573078 exceeds the warning tolerance 1.0e-10 at t = 3960.0 s: the residual has drifted past the level set for this check. A warning level is not an acceptance threshold; see output/wp4aj_dt120_n2_on/output_0000/water_tag_closure.csv.
┌ Warning: water tag closure residual 0.0044221555807565024 exceeds the warning tolerance 1.0e-10 at t = 4320.0 s: the residual has drifted past the level set for this check. A warning level is not an acceptance threshold; see output/wp4aj_dt120_n2_on/output_0000/water_tag_closure.csv.
┌ Warning: water tag closure residual 0.004256086748087764 exceeds the warning tolerance 1.0e-10 at t = 4680.0 s: the residual has drifted past the level set for this check. A warning level is not an acceptance threshold; see output/wp4aj_dt120_n2_on/output_0000/water_tag_closure.csv.
┌ Warning: water tag closure residual 0.004096462234099845 exceeds the warning tolerance 1.0e-10 at t = 5040.0 s: the residual has drifted past the level set for this check. A warning level is not an acceptance threshold; see output/wp4aj_dt120_n2_on/output_0000/water_tag_closure.csv.
┌ Warning: water tag closure residual 0.003943324799196114 exceeds the warning tolerance 1.0e-10 at t = 5400.0 s: the residual has drifted past the level set for this check. A warning level is not an acceptance threshold; see output/wp4aj_dt120_n2_on/output_0000/water_tag_closure.csv.
┌ Warning: water tag closure residual 0.0037966036345511954 exceeds the warning tolerance 1.0e-10 at t = 5760.0 s: the residual has drifted past the level set for this check. A warning level is not an acceptance threshold; see output/wp4aj_dt120_n2_on/output_0000/water_tag_closure.csv.
┌ Warning: water tag closure residual 0.0036560827146740454 exceeds the warning tolerance 1.0e-10 at t = 6120.0 s: the residual has drifted past the level set for this check. A warning level is not an acceptance threshold; see output/wp4aj_dt120_n2_on/output_0000/water_tag_closure.csv.
┌ Warning: water tag closure residual 0.0035216995266295244 exceeds the warning tolerance 1.0e-10 at t = 6480.0 s: the residual has drifted past the level set for this check. A warning level is not an acceptance threshold; see output/wp4aj_dt120_n2_on/output_0000/water_tag_closure.csv.
┌ Warning: water tag closure residual 0.0033931581076110276 exceeds the warning tolerance 1.0e-10 at t = 6840.0 s: the residual has drifted past the level set for this check. A warning level is not an acceptance threshold; see output/wp4aj_dt120_n2_on/output_0000/water_tag_closure.csv.
┌ Warning: water tag closure residual 0.0032762791862414754 exceeds the warning tolerance 1.0e-10 at t = 7200.0 s: the residual has drifted past the level set for this check. A warning level is not an acceptance threshold; see output/wp4aj_dt120_n2_on/output_0000/water_tag_closure.csv.
