================================================================
ClimaAtmos tag-closure run
================================================================
Run (job_id):    f32fl_d4w_copies_z60_c_n10_f32
Machine:         terrabyte
Configuration:   /dss/dsshome1/0D/di38kez/git/Clima/ClimaAtmosResiDyn-rec-f32/experiments/tag_closure/configs/f32fl_d4w_copies_z60_c_n10_f32.yml
SLURM job:       14126810
Partition:       hpda2_compute
Nodes:           hpdar07c02s06
CPUs per task:   2
Tasks:           1
Launch:          (direct)
Repository:      /dss/dsshome1/0D/di38kez/git/Clima/ClimaAtmosResiDyn-rec-f32
Commit:          6a23493484fb07f021e468cdf498c85ea944e5fb (from git-files)
Model commit:    d3c5e42f54515729f53216ae6b8ba268bea8262f (/dss/dsshome1/0D/di38kez/git/Clima/ClimaAtmosResiDyn-f32-run)
Julia:           /dss/dsshome1/0D/di38kez/.juliaup/bin/julia +1.11
Project:         /dss/dsshome1/0D/di38kez/git/Clima/ClimaAtmosResiDyn-f32-run/.buildkite
Driver:          /dss/dsshome1/0D/di38kez/git/Clima/ClimaAtmosResiDyn-rec-f32/experiments/tag_closure/analysis/water/d4w_driver.jl
Depot:           /dss/dsstbyfs02/scratch/0D/di38kez/julia-depots/terrabyte-cpu
Run directory:   /dss/dsstbyfs02/scratch/0D/di38kez/tag_closure
Output base:     /dss/dsstbyfs02/scratch/0D/di38kez/tag_closure/output/f32fl_d4w_copies_z60_c_n10_f32
Start time:      2026-10-02T20:46:47+02:00

Loaded modules:
Currently Loaded Modulefiles:
 1) stack/24.4.0{arch=auto}(default) <aL>   3) gcc/13.2.0(default)           
 2) python/3.12                             4) openmpi/4.1.8-gcc13(default)  

Key:
{variant=value}  (symbolic-version)  <module-tag>  <aL>=auto-loaded  


Wrote /dss/dsstbyfs02/scratch/0D/di38kez/tag_closure/output/f32fl_d4w_copies_z60_c_n10_f32/output_0000/provenance.txt
Driver exit status: 0
End time:           2026-10-02T21:38:36+02:00
