================================================================
ClimaAtmos tag-closure run
================================================================
Run (job_id):    wp4aj_ref_dt60_n20
Machine:         terrabyte
Configuration:   /dss/dsshome1/0D/di38kez/git/Clima/ClimaAtmosResiDyn-wp4aj-run/experiments/tag_closure/configs/wp4aj_ref_dt60_n20.yml
SLURM job:       13999663
Partition:       hpda2_compute
Nodes:           hpdar03c05s12
CPUs per task:   2
Tasks:           1
Launch:          (direct)
Repository:      /dss/dsshome1/0D/di38kez/git/Clima/ClimaAtmosResiDyn-wp4aj-run
Commit:          727dba0afc67abafdceb803f8b786fa89ad6c347 (from git-files)
Julia:           /dss/dsshome1/0D/di38kez/.juliaup/bin/julia +1.11
Project:         /dss/dsshome1/0D/di38kez/git/Clima/ClimaAtmosResiDyn-wp4aj-run/.buildkite
Driver:          /dss/dsshome1/0D/di38kez/git/Clima/ClimaAtmosResiDyn-wp4aj-run/experiments/tag_closure/run_tag_closure.jl
Depot:           /dss/dsstbyfs02/scratch/0D/di38kez/julia-depots/terrabyte-cpu
Run directory:   /dss/dsstbyfs02/scratch/0D/di38kez/tag_closure
Output base:     /dss/dsstbyfs02/scratch/0D/di38kez/tag_closure/output/wp4aj_ref_dt60_n20
Start time:      2026-09-29T13:50:43+02:00

Loaded modules:
Currently Loaded Modulefiles:
 1) stack/24.4.0{arch=auto}(default) <aL>   3) gcc/13.2.0(default)           
 2) python/3.12                             4) openmpi/4.1.8-gcc13(default)  

Key:
{variant=value}  (symbolic-version)  <module-tag>  <aL>=auto-loaded  


Wrote /dss/dsstbyfs02/scratch/0D/di38kez/tag_closure/output/wp4aj_ref_dt60_n20/output_0000/provenance.txt
Driver exit status: 0
End time:           2026-09-29T14:04:03+02:00
--- warnings and errors from g3-wp4aj_ref_dt60_n20-13999663.err
┌ Warning: water tag closure residual 0.008372499434699409 exceeds the warning tolerance 1.0e-10 at t = 360.0 s: the residual has drifted past the level set for this check. A warning level is not an acceptance threshold; see output/wp4aj_ref_dt60_n20/output_0000/water_tag_closure.csv.
┌ Warning: water tag closure residual 0.00743118757995821 exceeds the warning tolerance 1.0e-10 at t = 720.0 s: the residual has drifted past the level set for this check. A warning level is not an acceptance threshold; see output/wp4aj_ref_dt60_n20/output_0000/water_tag_closure.csv.
┌ Warning: water tag closure residual 0.0068147620602402115 exceeds the warning tolerance 1.0e-10 at t = 1080.0 s: the residual has drifted past the level set for this check. A warning level is not an acceptance threshold; see output/wp4aj_ref_dt60_n20/output_0000/water_tag_closure.csv.
┌ Warning: water tag closure residual 0.006406604246375198 exceeds the warning tolerance 1.0e-10 at t = 1440.0 s: the residual has drifted past the level set for this check. A warning level is not an acceptance threshold; see output/wp4aj_ref_dt60_n20/output_0000/water_tag_closure.csv.
┌ Warning: water tag closure residual 0.0060438880483256255 exceeds the warning tolerance 1.0e-10 at t = 1800.0 s: the residual has drifted past the level set for this check. A warning level is not an acceptance threshold; see output/wp4aj_ref_dt60_n20/output_0000/water_tag_closure.csv.
┌ Warning: water tag closure residual 0.005705529950552058 exceeds the warning tolerance 1.0e-10 at t = 2160.0 s: the residual has drifted past the level set for this check. A warning level is not an acceptance threshold; see output/wp4aj_ref_dt60_n20/output_0000/water_tag_closure.csv.
┌ Warning: water tag closure residual 0.0054387396733627654 exceeds the warning tolerance 1.0e-10 at t = 2520.0 s: the residual has drifted past the level set for this check. A warning level is not an acceptance threshold; see output/wp4aj_ref_dt60_n20/output_0000/water_tag_closure.csv.
┌ Warning: water tag closure residual 0.005180759023293858 exceeds the warning tolerance 1.0e-10 at t = 2880.0 s: the residual has drifted past the level set for this check. A warning level is not an acceptance threshold; see output/wp4aj_ref_dt60_n20/output_0000/water_tag_closure.csv.
┌ Warning: water tag closure residual 0.004934394409908925 exceeds the warning tolerance 1.0e-10 at t = 3240.0 s: the residual has drifted past the level set for this check. A warning level is not an acceptance threshold; see output/wp4aj_ref_dt60_n20/output_0000/water_tag_closure.csv.
┌ Warning: water tag closure residual 0.00470349568694216 exceeds the warning tolerance 1.0e-10 at t = 3600.0 s: the residual has drifted past the level set for this check. A warning level is not an acceptance threshold; see output/wp4aj_ref_dt60_n20/output_0000/water_tag_closure.csv.
┌ Warning: water tag closure residual 0.004506414457369395 exceeds the warning tolerance 1.0e-10 at t = 3960.0 s: the residual has drifted past the level set for this check. A warning level is not an acceptance threshold; see output/wp4aj_ref_dt60_n20/output_0000/water_tag_closure.csv.
┌ Warning: water tag closure residual 0.004337162576676195 exceeds the warning tolerance 1.0e-10 at t = 4320.0 s: the residual has drifted past the level set for this check. A warning level is not an acceptance threshold; see output/wp4aj_ref_dt60_n20/output_0000/water_tag_closure.csv.
┌ Warning: water tag closure residual 0.0041741358036307945 exceeds the warning tolerance 1.0e-10 at t = 4680.0 s: the residual has drifted past the level set for this check. A warning level is not an acceptance threshold; see output/wp4aj_ref_dt60_n20/output_0000/water_tag_closure.csv.
┌ Warning: water tag closure residual 0.004017490440596552 exceeds the warning tolerance 1.0e-10 at t = 5040.0 s: the residual has drifted past the level set for this check. A warning level is not an acceptance threshold; see output/wp4aj_ref_dt60_n20/output_0000/water_tag_closure.csv.
┌ Warning: water tag closure residual 0.0038672349460540005 exceeds the warning tolerance 1.0e-10 at t = 5400.0 s: the residual has drifted past the level set for this check. A warning level is not an acceptance threshold; see output/wp4aj_ref_dt60_n20/output_0000/water_tag_closure.csv.
┌ Warning: water tag closure residual 0.003723283592464169 exceeds the warning tolerance 1.0e-10 at t = 5760.0 s: the residual has drifted past the level set for this check. A warning level is not an acceptance threshold; see output/wp4aj_ref_dt60_n20/output_0000/water_tag_closure.csv.
┌ Warning: water tag closure residual 0.003585447825703578 exceeds the warning tolerance 1.0e-10 at t = 6120.0 s: the residual has drifted past the level set for this check. A warning level is not an acceptance threshold; see output/wp4aj_ref_dt60_n20/output_0000/water_tag_closure.csv.
┌ Warning: water tag closure residual 0.003453604380109759 exceeds the warning tolerance 1.0e-10 at t = 6480.0 s: the residual has drifted past the level set for this check. A warning level is not an acceptance threshold; see output/wp4aj_ref_dt60_n20/output_0000/water_tag_closure.csv.
┌ Warning: water tag closure residual 0.003333627781700976 exceeds the warning tolerance 1.0e-10 at t = 6840.0 s: the residual has drifted past the level set for this check. A warning level is not an acceptance threshold; see output/wp4aj_ref_dt60_n20/output_0000/water_tag_closure.csv.
┌ Warning: water tag closure residual 0.0032200893871662767 exceeds the warning tolerance 1.0e-10 at t = 7200.0 s: the residual has drifted past the level set for this check. A warning level is not an acceptance threshold; see output/wp4aj_ref_dt60_n20/output_0000/water_tag_closure.csv.
