================================================================
ClimaAtmos tag-closure run
================================================================
Run (job_id):    wp4aj_dt30_n1_off
Machine:         terrabyte
Configuration:   /dss/dsshome1/0D/di38kez/git/Clima/ClimaAtmosResiDyn-wp4aj-run/experiments/tag_closure/configs/wp4aj_dt30_n1_off.yml
SLURM job:       13999655
Partition:       hpda2_compute
Nodes:           hpdar03c05s12
CPUs per task:   2
Tasks:           1
Launch:          (direct)
Repository:      /dss/dsshome1/0D/di38kez/git/Clima/ClimaAtmosResiDyn-wp4aj-run
Commit:          727dba0afc67abafdceb803f8b786fa89ad6c347 (from git-files)
Julia:           /dss/dsshome1/0D/di38kez/.juliaup/bin/julia +1.11
Project:         /dss/dsshome1/0D/di38kez/git/Clima/ClimaAtmosResiDyn-wp4aj-run/.buildkite
Driver:          /dss/dsshome1/0D/di38kez/git/Clima/ClimaAtmosResiDyn-wp4aj-run/experiments/tag_closure/run_tag_closure.jl
Depot:           /dss/dsstbyfs02/scratch/0D/di38kez/julia-depots/terrabyte-cpu
Run directory:   /dss/dsstbyfs02/scratch/0D/di38kez/tag_closure
Output base:     /dss/dsstbyfs02/scratch/0D/di38kez/tag_closure/output/wp4aj_dt30_n1_off
Start time:      2026-09-29T13:50:36+02:00

Loaded modules:
Currently Loaded Modulefiles:
 1) stack/24.4.0{arch=auto}(default) <aL>   3) gcc/13.2.0(default)           
 2) python/3.12                             4) openmpi/4.1.8-gcc13(default)  

Key:
{variant=value}  (symbolic-version)  <module-tag>  <aL>=auto-loaded  


Wrote /dss/dsstbyfs02/scratch/0D/di38kez/tag_closure/output/wp4aj_dt30_n1_off/output_0000/provenance.txt
Driver exit status: 0
End time:           2026-09-29T14:04:09+02:00
--- warnings and errors from g3-wp4aj_dt30_n1_off-13999655.err
┌ Warning: water tag closure residual 0.005890549572917206 exceeds the warning tolerance 1.0e-10 at t = 360.0 s: the residual has drifted past the level set for this check. A warning level is not an acceptance threshold; see output/wp4aj_dt30_n1_off/output_0000/water_tag_closure.csv.
┌ Warning: water tag closure residual 0.005281148910887986 exceeds the warning tolerance 1.0e-10 at t = 720.0 s: the residual has drifted past the level set for this check. A warning level is not an acceptance threshold; see output/wp4aj_dt30_n1_off/output_0000/water_tag_closure.csv.
┌ Warning: water tag closure residual 0.004860935900357245 exceeds the warning tolerance 1.0e-10 at t = 1080.0 s: the residual has drifted past the level set for this check. A warning level is not an acceptance threshold; see output/wp4aj_dt30_n1_off/output_0000/water_tag_closure.csv.
┌ Warning: water tag closure residual 0.004587412392785098 exceeds the warning tolerance 1.0e-10 at t = 1440.0 s: the residual has drifted past the level set for this check. A warning level is not an acceptance threshold; see output/wp4aj_dt30_n1_off/output_0000/water_tag_closure.csv.
┌ Warning: water tag closure residual 0.004326667311351713 exceeds the warning tolerance 1.0e-10 at t = 1800.0 s: the residual has drifted past the level set for this check. A warning level is not an acceptance threshold; see output/wp4aj_dt30_n1_off/output_0000/water_tag_closure.csv.
┌ Warning: water tag closure residual 0.004091612301462156 exceeds the warning tolerance 1.0e-10 at t = 2160.0 s: the residual has drifted past the level set for this check. A warning level is not an acceptance threshold; see output/wp4aj_dt30_n1_off/output_0000/water_tag_closure.csv.
┌ Warning: water tag closure residual 0.0038912020670974702 exceeds the warning tolerance 1.0e-10 at t = 2520.0 s: the residual has drifted past the level set for this check. A warning level is not an acceptance threshold; see output/wp4aj_dt30_n1_off/output_0000/water_tag_closure.csv.
┌ Warning: water tag closure residual 0.003708649522759291 exceeds the warning tolerance 1.0e-10 at t = 2880.0 s: the residual has drifted past the level set for this check. A warning level is not an acceptance threshold; see output/wp4aj_dt30_n1_off/output_0000/water_tag_closure.csv.
┌ Warning: water tag closure residual 0.003537612154014242 exceeds the warning tolerance 1.0e-10 at t = 3240.0 s: the residual has drifted past the level set for this check. A warning level is not an acceptance threshold; see output/wp4aj_dt30_n1_off/output_0000/water_tag_closure.csv.
┌ Warning: water tag closure residual 0.00338565047042925 exceeds the warning tolerance 1.0e-10 at t = 3600.0 s: the residual has drifted past the level set for this check. A warning level is not an acceptance threshold; see output/wp4aj_dt30_n1_off/output_0000/water_tag_closure.csv.
┌ Warning: water tag closure residual 0.003242820289153675 exceeds the warning tolerance 1.0e-10 at t = 3960.0 s: the residual has drifted past the level set for this check. A warning level is not an acceptance threshold; see output/wp4aj_dt30_n1_off/output_0000/water_tag_closure.csv.
┌ Warning: water tag closure residual 0.0031143825853170146 exceeds the warning tolerance 1.0e-10 at t = 4320.0 s: the residual has drifted past the level set for this check. A warning level is not an acceptance threshold; see output/wp4aj_dt30_n1_off/output_0000/water_tag_closure.csv.
┌ Warning: water tag closure residual 0.0029966961692063586 exceeds the warning tolerance 1.0e-10 at t = 4680.0 s: the residual has drifted past the level set for this check. A warning level is not an acceptance threshold; see output/wp4aj_dt30_n1_off/output_0000/water_tag_closure.csv.
┌ Warning: water tag closure residual 0.002883655716932754 exceeds the warning tolerance 1.0e-10 at t = 5040.0 s: the residual has drifted past the level set for this check. A warning level is not an acceptance threshold; see output/wp4aj_dt30_n1_off/output_0000/water_tag_closure.csv.
┌ Warning: water tag closure residual 0.002775259468787134 exceeds the warning tolerance 1.0e-10 at t = 5400.0 s: the residual has drifted past the level set for this check. A warning level is not an acceptance threshold; see output/wp4aj_dt30_n1_off/output_0000/water_tag_closure.csv.
┌ Warning: water tag closure residual 0.0026714375241851866 exceeds the warning tolerance 1.0e-10 at t = 5760.0 s: the residual has drifted past the level set for this check. A warning level is not an acceptance threshold; see output/wp4aj_dt30_n1_off/output_0000/water_tag_closure.csv.
┌ Warning: water tag closure residual 0.002572049845948522 exceeds the warning tolerance 1.0e-10 at t = 6120.0 s: the residual has drifted past the level set for this check. A warning level is not an acceptance threshold; see output/wp4aj_dt30_n1_off/output_0000/water_tag_closure.csv.
┌ Warning: water tag closure residual 0.0024769982843115806 exceeds the warning tolerance 1.0e-10 at t = 6480.0 s: the residual has drifted past the level set for this check. A warning level is not an acceptance threshold; see output/wp4aj_dt30_n1_off/output_0000/water_tag_closure.csv.
┌ Warning: water tag closure residual 0.0023867637859742072 exceeds the warning tolerance 1.0e-10 at t = 6840.0 s: the residual has drifted past the level set for this check. A warning level is not an acceptance threshold; see output/wp4aj_dt30_n1_off/output_0000/water_tag_closure.csv.
┌ Warning: water tag closure residual 0.0023050970489171528 exceeds the warning tolerance 1.0e-10 at t = 7200.0 s: the residual has drifted past the level set for this check. A warning level is not an acceptance threshold; see output/wp4aj_dt30_n1_off/output_0000/water_tag_closure.csv.
